[2026-07-12 09:10:12] [PIPELINE] [INFO] ============================================================
[2026-07-12 09:10:12] [PIPELINE] [INFO] VN30 Stock Prediction Pipeline
[2026-07-12 09:10:12] [PIPELINE] [INFO] Step: data | Force: False | Smoke Test: False
[2026-07-12 09:10:12] [PIPELINE] [INFO] ============================================================
[2026-07-12 09:10:12] [PIPELINE] [INFO] Configuration loaded and validated from C:\Users\User\AppData\Local\Temp\pytest-of-User\pytest-384\test_task_failure_exits_nonzer0\config.yaml
[2026-07-12 09:10:12] [PIPELINE] [INFO] Tasks to execute: TASK_1
[2026-07-12 09:10:12] [PIPELINE] [INFO] ============================================================
[2026-07-12 09:10:12] [PIPELINE] [INFO] VN30 Stock Prediction Pipeline
[2026-07-12 09:10:12] [PIPELINE] [INFO] Step: data | Force: False | Smoke Test: False
[2026-07-12 09:10:12] [PIPELINE] [INFO] ============================================================
[2026-07-12 09:10:12] [PIPELINE] [INFO] Configuration loaded and validated from C:\Users\User\AppData\Local\Temp\pytest-of-User\pytest-384\test_task_failure_prints_error0\config.yaml
[2026-07-12 09:10:12] [PIPELINE] [INFO] Tasks to execute: TASK_1
[2026-07-12 09:10:12] [PIPELINE] [INFO] ============================================================
[2026-07-12 09:10:12] [PIPELINE] [INFO] VN30 Stock Prediction Pipeline
[2026-07-12 09:10:12] [PIPELINE] [INFO] Step: all | Force: False | Smoke Test: True
[2026-07-12 09:10:12] [PIPELINE] [INFO] ============================================================
[2026-07-12 09:10:12] [PIPELINE] [INFO] Configuration loaded and validated from C:\Users\User\AppData\Local\Temp\pytest-of-User\pytest-384\test_smoke_test_restricts_tick0\config.yaml
[2026-07-12 09:10:12] [PIPELINE] [INFO] SMOKE TEST mode: restricted to tickers=['VNM', 'VCB', 'FPT'], end_date=2022-12-31
[2026-07-12 09:10:12] [PIPELINE] [INFO] Tasks to execute: TASK_1, TASK_2, TASK_3, TASK_2B, TASK_4, TASK_5, TASK_6, TASK_7, TASK_8, TASK_9, TASK_10, TASK_11
[2026-07-12 09:10:12] [PIPELINE] [INFO] ✓ TASK_1 completed in 0.0 seconds
[2026-07-12 09:10:12] [PIPELINE] [INFO] ✓ TASK_2 completed in 0.0 seconds
[2026-07-12 09:10:12] [PIPELINE] [INFO] ✓ TASK_3 completed in 0.0 seconds
[2026-07-12 09:10:12] [PIPELINE] [INFO] ✓ TASK_2B completed in 0.0 seconds
[2026-07-12 09:10:16] [PIPELINE] [INFO] ✓ TASK_4 completed in 0.0 seconds
[2026-07-12 09:10:22] [PIPELINE] [INFO] ✓ TASK_5 completed in 0.0 seconds
[2026-07-12 09:10:23] [PIPELINE] [INFO] ✓ TASK_6 completed in 0.0 seconds
[2026-07-12 09:10:23] [PIPELINE] [INFO] ✓ TASK_7 completed in 0.0 seconds
[2026-07-12 09:10:29] [PIPELINE] [INFO] ✓ TASK_8 completed in 0.0 seconds
[2026-07-12 09:10:31] [PIPELINE] [INFO] ✓ TASK_9 completed in 0.0 seconds
[2026-07-12 09:10:32] [PIPELINE] [INFO] ✓ TASK_10 completed in 0.0 seconds
[2026-07-12 09:10:32] [PIPELINE] [INFO] ✓ TASK_11 completed in 0.0 seconds
[2026-07-12 09:10:32] [PIPELINE] [INFO] Smoke test PASSED — all verifications successful.
[2026-07-12 09:10:32] [PIPELINE] [INFO] Pipeline completed successfully in 20.2 seconds.
[2026-07-12 09:10:32] [PIPELINE] [INFO] ============================================================
[2026-07-12 09:10:32] [PIPELINE] [INFO] VN30 Stock Prediction Pipeline
[2026-07-12 09:10:32] [PIPELINE] [INFO] Step: all | Force: False | Smoke Test: True
[2026-07-12 09:10:32] [PIPELINE] [INFO] ============================================================
[2026-07-12 09:10:32] [PIPELINE] [INFO] Configuration loaded and validated from C:\Users\User\AppData\Local\Temp\pytest-of-User\pytest-384\test_smoke_test_runs_all_11_ta0\config.yaml
[2026-07-12 09:10:32] [PIPELINE] [INFO] SMOKE TEST mode: restricted to tickers=['VNM', 'VCB', 'FPT'], end_date=2022-12-31
[2026-07-12 09:10:32] [PIPELINE] [INFO] Tasks to execute: TASK_1, TASK_2, TASK_3, TASK_2B, TASK_4, TASK_5, TASK_6, TASK_7, TASK_8, TASK_9, TASK_10, TASK_11
[2026-07-12 09:10:32] [PIPELINE] [INFO] ✓ TASK_1 completed in 0.0 seconds
[2026-07-12 09:10:32] [PIPELINE] [INFO] ✓ TASK_2 completed in 0.0 seconds
[2026-07-12 09:10:32] [PIPELINE] [INFO] ✓ TASK_3 completed in 0.0 seconds
[2026-07-12 09:10:32] [PIPELINE] [INFO] ✓ TASK_2B completed in 0.0 seconds
[2026-07-12 09:10:36] [PIPELINE] [INFO] ✓ TASK_4 completed in 0.0 seconds
[2026-07-12 09:10:42] [PIPELINE] [INFO] ✓ TASK_5 completed in 0.0 seconds
[2026-07-12 09:10:43] [PIPELINE] [INFO] ✓ TASK_6 completed in 0.0 seconds
[2026-07-12 09:10:43] [PIPELINE] [INFO] ✓ TASK_7 completed in 0.0 seconds
[2026-07-12 09:10:49] [PIPELINE] [INFO] ✓ TASK_8 completed in 0.0 seconds
[2026-07-12 09:10:52] [PIPELINE] [INFO] ✓ TASK_9 completed in 0.0 seconds
[2026-07-12 09:10:53] [PIPELINE] [INFO] ✓ TASK_10 completed in 0.0 seconds
[2026-07-12 09:10:53] [PIPELINE] [INFO] ✓ TASK_11 completed in 0.0 seconds
[2026-07-12 09:10:53] [PIPELINE] [INFO] Smoke test PASSED — all verifications successful.
[2026-07-12 09:10:53] [PIPELINE] [INFO] Pipeline completed successfully in 20.8 seconds.
[2026-07-12 09:10:53] [PIPELINE] [INFO] ============================================================
[2026-07-12 09:10:53] [PIPELINE] [INFO] VN30 Stock Prediction Pipeline
[2026-07-12 09:10:53] [PIPELINE] [INFO] Step: enrich_news | Force: True | Smoke Test: False
[2026-07-12 09:10:53] [PIPELINE] [INFO] ============================================================
[2026-07-12 09:10:53] [PIPELINE] [INFO] Configuration loaded and validated from C:\Users\User\AppData\Local\Temp\pytest-of-User\pytest-384\test_force_reaches_task_2b_exe0\config.yaml
[2026-07-12 09:10:53] [PIPELINE] [INFO] Tasks to execute: TASK_2B
[2026-07-12 09:10:53] [PIPELINE] [INFO] ✓ TASK_2B completed in 0.0 seconds
[2026-07-12 09:10:53] [PIPELINE] [INFO] Pipeline completed successfully in 0.1 seconds.
