[2026-07-08 21:53:24] [PIPELINE] [INFO] ============================================================
[2026-07-08 21:53:24] [PIPELINE] [INFO] VN30 Stock Prediction Pipeline
[2026-07-08 21:53:24] [PIPELINE] [INFO] Step: data | Force: False | Smoke Test: False
[2026-07-08 21:53:24] [PIPELINE] [INFO] ============================================================
[2026-07-08 21:53:24] [PIPELINE] [INFO] Configuration loaded and validated from C:\Users\User\AppData\Local\Temp\pytest-of-User\pytest-349\test_task_failure_exits_nonzer0\config.yaml
[2026-07-08 21:53:24] [PIPELINE] [INFO] Tasks to execute: TASK_1
[2026-07-08 21:53:24] [PIPELINE] [INFO] ============================================================
[2026-07-08 21:53:24] [PIPELINE] [INFO] VN30 Stock Prediction Pipeline
[2026-07-08 21:53:24] [PIPELINE] [INFO] Step: data | Force: False | Smoke Test: False
[2026-07-08 21:53:24] [PIPELINE] [INFO] ============================================================
[2026-07-08 21:53:24] [PIPELINE] [INFO] Configuration loaded and validated from C:\Users\User\AppData\Local\Temp\pytest-of-User\pytest-349\test_task_failure_prints_error0\config.yaml
[2026-07-08 21:53:24] [PIPELINE] [INFO] Tasks to execute: TASK_1
[2026-07-08 21:53:24] [PIPELINE] [INFO] ============================================================
[2026-07-08 21:53:24] [PIPELINE] [INFO] VN30 Stock Prediction Pipeline
[2026-07-08 21:53:24] [PIPELINE] [INFO] Step: all | Force: False | Smoke Test: True
[2026-07-08 21:53:24] [PIPELINE] [INFO] ============================================================
[2026-07-08 21:53:24] [PIPELINE] [INFO] Configuration loaded and validated from C:\Users\User\AppData\Local\Temp\pytest-of-User\pytest-349\test_smoke_test_restricts_tick0\config.yaml
[2026-07-08 21:53:24] [PIPELINE] [INFO] SMOKE TEST mode: restricted to tickers=['VNM', 'VCB', 'FPT'], end_date=2022-12-31
[2026-07-08 21:53:24] [PIPELINE] [INFO] Tasks to execute: TASK_1, TASK_2, TASK_3, TASK_2B, TASK_4, TASK_5, TASK_6, TASK_7, TASK_8, TASK_9, TASK_10, TASK_11
[2026-07-08 21:53:24] [PIPELINE] [INFO] ✓ TASK_1 completed in 0.0 seconds
[2026-07-08 21:53:24] [PIPELINE] [INFO] ✓ TASK_2 completed in 0.0 seconds
[2026-07-08 21:53:24] [PIPELINE] [INFO] ✓ TASK_3 completed in 0.0 seconds
[2026-07-08 21:53:24] [PIPELINE] [INFO] ✓ TASK_2B completed in 0.0 seconds
[2026-07-08 21:53:27] [PIPELINE] [INFO] ✓ TASK_4 completed in 0.0 seconds
[2026-07-08 21:53:32] [PIPELINE] [INFO] ✓ TASK_5 completed in 0.0 seconds
[2026-07-08 21:53:34] [PIPELINE] [INFO] ✓ TASK_6 completed in 0.0 seconds
[2026-07-08 21:53:34] [PIPELINE] [INFO] ✓ TASK_7 completed in 0.0 seconds
[2026-07-08 21:53:39] [PIPELINE] [INFO] ✓ TASK_8 completed in 0.0 seconds
[2026-07-08 21:53:40] [PIPELINE] [INFO] ✓ TASK_9 completed in 0.0 seconds
[2026-07-08 21:53:42] [PIPELINE] [INFO] ✓ TASK_10 completed in 0.0 seconds
[2026-07-08 21:53:42] [PIPELINE] [INFO] ✓ TASK_11 completed in 0.0 seconds
[2026-07-08 21:53:42] [PIPELINE] [INFO] Smoke test PASSED — all verifications successful.
[2026-07-08 21:53:42] [PIPELINE] [INFO] Pipeline completed successfully in 18.1 seconds.
[2026-07-08 21:53:42] [PIPELINE] [INFO] ============================================================
[2026-07-08 21:53:42] [PIPELINE] [INFO] VN30 Stock Prediction Pipeline
[2026-07-08 21:53:42] [PIPELINE] [INFO] Step: all | Force: False | Smoke Test: True
[2026-07-08 21:53:42] [PIPELINE] [INFO] ============================================================
[2026-07-08 21:53:42] [PIPELINE] [INFO] Configuration loaded and validated from C:\Users\User\AppData\Local\Temp\pytest-of-User\pytest-349\test_smoke_test_runs_all_11_ta0\config.yaml
[2026-07-08 21:53:42] [PIPELINE] [INFO] SMOKE TEST mode: restricted to tickers=['VNM', 'VCB', 'FPT'], end_date=2022-12-31
[2026-07-08 21:53:42] [PIPELINE] [INFO] Tasks to execute: TASK_1, TASK_2, TASK_3, TASK_2B, TASK_4, TASK_5, TASK_6, TASK_7, TASK_8, TASK_9, TASK_10, TASK_11
[2026-07-08 21:53:42] [PIPELINE] [INFO] ✓ TASK_1 completed in 0.0 seconds
[2026-07-08 21:53:42] [PIPELINE] [INFO] ✓ TASK_2 completed in 0.0 seconds
[2026-07-08 21:53:42] [PIPELINE] [INFO] ✓ TASK_3 completed in 0.0 seconds
[2026-07-08 21:53:42] [PIPELINE] [INFO] ✓ TASK_2B completed in 0.0 seconds
[2026-07-08 21:53:45] [PIPELINE] [INFO] ✓ TASK_4 completed in 0.0 seconds
[2026-07-08 21:53:50] [PIPELINE] [INFO] ✓ TASK_5 completed in 0.0 seconds
[2026-07-08 21:53:51] [PIPELINE] [INFO] ✓ TASK_6 completed in 0.0 seconds
[2026-07-08 21:53:51] [PIPELINE] [INFO] ✓ TASK_7 completed in 0.0 seconds
[2026-07-08 21:53:56] [PIPELINE] [INFO] ✓ TASK_8 completed in 0.0 seconds
[2026-07-08 21:53:58] [PIPELINE] [INFO] ✓ TASK_9 completed in 0.0 seconds
[2026-07-08 21:53:59] [PIPELINE] [INFO] ✓ TASK_10 completed in 0.0 seconds
[2026-07-08 21:53:59] [PIPELINE] [INFO] ✓ TASK_11 completed in 0.0 seconds
[2026-07-08 21:53:59] [PIPELINE] [INFO] Smoke test PASSED — all verifications successful.
[2026-07-08 21:53:59] [PIPELINE] [INFO] Pipeline completed successfully in 17.3 seconds.
[2026-07-08 21:53:59] [PIPELINE] [INFO] ============================================================
[2026-07-08 21:53:59] [PIPELINE] [INFO] VN30 Stock Prediction Pipeline
[2026-07-08 21:53:59] [PIPELINE] [INFO] Step: enrich_news | Force: True | Smoke Test: False
[2026-07-08 21:53:59] [PIPELINE] [INFO] ============================================================
[2026-07-08 21:53:59] [PIPELINE] [INFO] Configuration loaded and validated from C:\Users\User\AppData\Local\Temp\pytest-of-User\pytest-349\test_force_reaches_task_2b_exe0\config.yaml
[2026-07-08 21:53:59] [PIPELINE] [INFO] Tasks to execute: TASK_2B
[2026-07-08 21:53:59] [PIPELINE] [INFO] ✓ TASK_2B completed in 0.0 seconds
[2026-07-08 21:53:59] [PIPELINE] [INFO] Pipeline completed successfully in 0.1 seconds.
[2026-07-08 21:56:17] [PIPELINE] [INFO] ============================================================
[2026-07-08 21:56:17] [PIPELINE] [INFO] VN30 Stock Prediction Pipeline
[2026-07-08 21:56:17] [PIPELINE] [INFO] Step: data | Force: False | Smoke Test: False
[2026-07-08 21:56:17] [PIPELINE] [INFO] ============================================================
[2026-07-08 21:56:17] [PIPELINE] [INFO] Configuration loaded and validated from C:\Users\User\AppData\Local\Temp\pytest-of-User\pytest-351\test_task_failure_exits_nonzer0\config.yaml
[2026-07-08 21:56:17] [PIPELINE] [INFO] Tasks to execute: TASK_1
[2026-07-08 21:56:17] [PIPELINE] [INFO] ============================================================
[2026-07-08 21:56:17] [PIPELINE] [INFO] VN30 Stock Prediction Pipeline
[2026-07-08 21:56:17] [PIPELINE] [INFO] Step: data | Force: False | Smoke Test: False
[2026-07-08 21:56:17] [PIPELINE] [INFO] ============================================================
[2026-07-08 21:56:17] [PIPELINE] [INFO] Configuration loaded and validated from C:\Users\User\AppData\Local\Temp\pytest-of-User\pytest-351\test_task_failure_prints_error0\config.yaml
[2026-07-08 21:56:17] [PIPELINE] [INFO] Tasks to execute: TASK_1
[2026-07-08 21:56:17] [PIPELINE] [INFO] ============================================================
[2026-07-08 21:56:17] [PIPELINE] [INFO] VN30 Stock Prediction Pipeline
[2026-07-08 21:56:17] [PIPELINE] [INFO] Step: all | Force: False | Smoke Test: True
[2026-07-08 21:56:17] [PIPELINE] [INFO] ============================================================
[2026-07-08 21:56:17] [PIPELINE] [INFO] Configuration loaded and validated from C:\Users\User\AppData\Local\Temp\pytest-of-User\pytest-351\test_smoke_test_restricts_tick0\config.yaml
[2026-07-08 21:56:17] [PIPELINE] [INFO] SMOKE TEST mode: restricted to tickers=['VNM', 'VCB', 'FPT'], end_date=2022-12-31
[2026-07-08 21:56:17] [PIPELINE] [INFO] Tasks to execute: TASK_1, TASK_2, TASK_3, TASK_2B, TASK_4, TASK_5, TASK_6, TASK_7, TASK_8, TASK_9, TASK_10, TASK_11
[2026-07-08 21:56:17] [PIPELINE] [INFO] ✓ TASK_1 completed in 0.0 seconds
[2026-07-08 21:56:17] [PIPELINE] [INFO] ✓ TASK_2 completed in 0.0 seconds
[2026-07-08 21:56:17] [PIPELINE] [INFO] ✓ TASK_3 completed in 0.0 seconds
[2026-07-08 21:56:17] [PIPELINE] [INFO] ✓ TASK_2B completed in 0.0 seconds
[2026-07-08 21:56:20] [PIPELINE] [INFO] ✓ TASK_4 completed in 0.0 seconds
[2026-07-08 21:56:25] [PIPELINE] [INFO] ✓ TASK_5 completed in 0.0 seconds
[2026-07-08 21:56:27] [PIPELINE] [INFO] ✓ TASK_6 completed in 0.0 seconds
[2026-07-08 21:56:27] [PIPELINE] [INFO] ✓ TASK_7 completed in 0.0 seconds
[2026-07-08 21:56:32] [PIPELINE] [INFO] ✓ TASK_8 completed in 0.0 seconds
[2026-07-08 21:56:33] [PIPELINE] [INFO] ✓ TASK_9 completed in 0.0 seconds
[2026-07-08 21:56:34] [PIPELINE] [INFO] ✓ TASK_10 completed in 0.0 seconds
[2026-07-08 21:56:34] [PIPELINE] [INFO] ✓ TASK_11 completed in 0.0 seconds
[2026-07-08 21:56:34] [PIPELINE] [INFO] Smoke test PASSED — all verifications successful.
[2026-07-08 21:56:34] [PIPELINE] [INFO] Pipeline completed successfully in 17.3 seconds.
[2026-07-08 21:56:34] [PIPELINE] [INFO] ============================================================
[2026-07-08 21:56:34] [PIPELINE] [INFO] VN30 Stock Prediction Pipeline
[2026-07-08 21:56:34] [PIPELINE] [INFO] Step: all | Force: False | Smoke Test: True
[2026-07-08 21:56:34] [PIPELINE] [INFO] ============================================================
[2026-07-08 21:56:34] [PIPELINE] [INFO] Configuration loaded and validated from C:\Users\User\AppData\Local\Temp\pytest-of-User\pytest-351\test_smoke_test_runs_all_11_ta0\config.yaml
[2026-07-08 21:56:34] [PIPELINE] [INFO] SMOKE TEST mode: restricted to tickers=['VNM', 'VCB', 'FPT'], end_date=2022-12-31
[2026-07-08 21:56:34] [PIPELINE] [INFO] Tasks to execute: TASK_1, TASK_2, TASK_3, TASK_2B, TASK_4, TASK_5, TASK_6, TASK_7, TASK_8, TASK_9, TASK_10, TASK_11
[2026-07-08 21:56:34] [PIPELINE] [INFO] ✓ TASK_1 completed in 0.0 seconds
[2026-07-08 21:56:34] [PIPELINE] [INFO] ✓ TASK_2 completed in 0.0 seconds
[2026-07-08 21:56:34] [PIPELINE] [INFO] ✓ TASK_3 completed in 0.0 seconds
[2026-07-08 21:56:35] [PIPELINE] [INFO] ✓ TASK_2B completed in 0.0 seconds
[2026-07-08 21:56:38] [PIPELINE] [INFO] ✓ TASK_4 completed in 0.0 seconds
[2026-07-08 21:56:43] [PIPELINE] [INFO] ✓ TASK_5 completed in 0.0 seconds
[2026-07-08 21:56:44] [PIPELINE] [INFO] ✓ TASK_6 completed in 0.0 seconds
[2026-07-08 21:56:44] [PIPELINE] [INFO] ✓ TASK_7 completed in 0.0 seconds
[2026-07-08 21:56:49] [PIPELINE] [INFO] ✓ TASK_8 completed in 0.0 seconds
[2026-07-08 21:56:51] [PIPELINE] [INFO] ✓ TASK_9 completed in 0.0 seconds
[2026-07-08 21:56:52] [PIPELINE] [INFO] ✓ TASK_10 completed in 0.0 seconds
[2026-07-08 21:56:52] [PIPELINE] [INFO] ✓ TASK_11 completed in 0.0 seconds
[2026-07-08 21:56:52] [PIPELINE] [INFO] Smoke test PASSED — all verifications successful.
[2026-07-08 21:56:52] [PIPELINE] [INFO] Pipeline completed successfully in 17.7 seconds.
[2026-07-08 21:56:52] [PIPELINE] [INFO] ============================================================
[2026-07-08 21:56:52] [PIPELINE] [INFO] VN30 Stock Prediction Pipeline
[2026-07-08 21:56:52] [PIPELINE] [INFO] Step: enrich_news | Force: True | Smoke Test: False
[2026-07-08 21:56:52] [PIPELINE] [INFO] ============================================================
[2026-07-08 21:56:52] [PIPELINE] [INFO] Configuration loaded and validated from C:\Users\User\AppData\Local\Temp\pytest-of-User\pytest-351\test_force_reaches_task_2b_exe0\config.yaml
[2026-07-08 21:56:52] [PIPELINE] [INFO] Tasks to execute: TASK_2B
[2026-07-08 21:56:52] [PIPELINE] [INFO] ✓ TASK_2B completed in 0.0 seconds
[2026-07-08 21:56:52] [PIPELINE] [INFO] Pipeline completed successfully in 0.1 seconds.
[2026-07-08 21:58:46] [PIPELINE] [INFO] ============================================================
[2026-07-08 21:58:46] [PIPELINE] [INFO] VN30 Stock Prediction Pipeline
[2026-07-08 21:58:46] [PIPELINE] [INFO] Step: data | Force: False | Smoke Test: False
[2026-07-08 21:58:46] [PIPELINE] [INFO] ============================================================
[2026-07-08 21:58:46] [PIPELINE] [INFO] Configuration loaded and validated from C:\Users\User\AppData\Local\Temp\pytest-of-User\pytest-352\test_task_failure_exits_nonzer0\config.yaml
[2026-07-08 21:58:46] [PIPELINE] [INFO] Tasks to execute: TASK_1
[2026-07-08 21:58:46] [PIPELINE] [INFO] ============================================================
[2026-07-08 21:58:46] [PIPELINE] [INFO] VN30 Stock Prediction Pipeline
[2026-07-08 21:58:46] [PIPELINE] [INFO] Step: data | Force: False | Smoke Test: False
[2026-07-08 21:58:46] [PIPELINE] [INFO] ============================================================
[2026-07-08 21:58:46] [PIPELINE] [INFO] Configuration loaded and validated from C:\Users\User\AppData\Local\Temp\pytest-of-User\pytest-352\test_task_failure_prints_error0\config.yaml
[2026-07-08 21:58:46] [PIPELINE] [INFO] Tasks to execute: TASK_1
[2026-07-08 21:58:46] [PIPELINE] [INFO] ============================================================
[2026-07-08 21:58:46] [PIPELINE] [INFO] VN30 Stock Prediction Pipeline
[2026-07-08 21:58:46] [PIPELINE] [INFO] Step: all | Force: False | Smoke Test: True
[2026-07-08 21:58:46] [PIPELINE] [INFO] ============================================================
[2026-07-08 21:58:46] [PIPELINE] [INFO] Configuration loaded and validated from C:\Users\User\AppData\Local\Temp\pytest-of-User\pytest-352\test_smoke_test_restricts_tick0\config.yaml
[2026-07-08 21:58:46] [PIPELINE] [INFO] SMOKE TEST mode: restricted to tickers=['VNM', 'VCB', 'FPT'], end_date=2022-12-31
[2026-07-08 21:58:46] [PIPELINE] [INFO] Tasks to execute: TASK_1, TASK_2, TASK_3, TASK_2B, TASK_4, TASK_5, TASK_6, TASK_7, TASK_8, TASK_9, TASK_10, TASK_11
[2026-07-08 21:58:46] [PIPELINE] [INFO] ✓ TASK_1 completed in 0.0 seconds
[2026-07-08 21:58:46] [PIPELINE] [INFO] ✓ TASK_2 completed in 0.0 seconds
[2026-07-08 21:58:46] [PIPELINE] [INFO] ✓ TASK_3 completed in 0.0 seconds
[2026-07-08 21:58:46] [PIPELINE] [INFO] ✓ TASK_2B completed in 0.0 seconds
[2026-07-08 21:58:50] [PIPELINE] [INFO] ✓ TASK_4 completed in 0.0 seconds
[2026-07-08 21:58:56] [PIPELINE] [INFO] ✓ TASK_5 completed in 0.0 seconds
[2026-07-08 21:58:57] [PIPELINE] [INFO] ✓ TASK_6 completed in 0.0 seconds
[2026-07-08 21:58:58] [PIPELINE] [INFO] ✓ TASK_7 completed in 0.0 seconds
[2026-07-08 21:59:04] [PIPELINE] [INFO] ✓ TASK_8 completed in 0.0 seconds
[2026-07-08 21:59:05] [PIPELINE] [INFO] ✓ TASK_9 completed in 0.0 seconds
[2026-07-08 21:59:07] [PIPELINE] [INFO] ✓ TASK_10 completed in 0.0 seconds
[2026-07-08 21:59:07] [PIPELINE] [INFO] ✓ TASK_11 completed in 0.0 seconds
[2026-07-08 21:59:07] [PIPELINE] [INFO] Smoke test PASSED — all verifications successful.
[2026-07-08 21:59:07] [PIPELINE] [INFO] Pipeline completed successfully in 20.4 seconds.
[2026-07-08 21:59:07] [PIPELINE] [INFO] ============================================================
[2026-07-08 21:59:07] [PIPELINE] [INFO] VN30 Stock Prediction Pipeline
[2026-07-08 21:59:07] [PIPELINE] [INFO] Step: all | Force: False | Smoke Test: True
[2026-07-08 21:59:07] [PIPELINE] [INFO] ============================================================
[2026-07-08 21:59:07] [PIPELINE] [INFO] Configuration loaded and validated from C:\Users\User\AppData\Local\Temp\pytest-of-User\pytest-352\test_smoke_test_runs_all_11_ta0\config.yaml
[2026-07-08 21:59:07] [PIPELINE] [INFO] SMOKE TEST mode: restricted to tickers=['VNM', 'VCB', 'FPT'], end_date=2022-12-31
[2026-07-08 21:59:07] [PIPELINE] [INFO] Tasks to execute: TASK_1, TASK_2, TASK_3, TASK_2B, TASK_4, TASK_5, TASK_6, TASK_7, TASK_8, TASK_9, TASK_10, TASK_11
[2026-07-08 21:59:07] [PIPELINE] [INFO] ✓ TASK_1 completed in 0.0 seconds
[2026-07-08 21:59:07] [PIPELINE] [INFO] ✓ TASK_2 completed in 0.0 seconds
[2026-07-08 21:59:07] [PIPELINE] [INFO] ✓ TASK_3 completed in 0.0 seconds
[2026-07-08 21:59:07] [PIPELINE] [INFO] ✓ TASK_2B completed in 0.0 seconds
[2026-07-08 21:59:11] [PIPELINE] [INFO] ✓ TASK_4 completed in 0.0 seconds
[2026-07-08 21:59:16] [PIPELINE] [INFO] ✓ TASK_5 completed in 0.0 seconds
[2026-07-08 21:59:17] [PIPELINE] [INFO] ✓ TASK_6 completed in 0.0 seconds
[2026-07-08 21:59:17] [PIPELINE] [INFO] ✓ TASK_7 completed in 0.0 seconds
[2026-07-08 21:59:23] [PIPELINE] [INFO] ✓ TASK_8 completed in 0.0 seconds
[2026-07-08 21:59:24] [PIPELINE] [INFO] ✓ TASK_9 completed in 0.0 seconds
[2026-07-08 21:59:26] [PIPELINE] [INFO] ✓ TASK_10 completed in 0.0 seconds
[2026-07-08 21:59:26] [PIPELINE] [INFO] ✓ TASK_11 completed in 0.0 seconds
[2026-07-08 21:59:26] [PIPELINE] [INFO] Smoke test PASSED — all verifications successful.
[2026-07-08 21:59:26] [PIPELINE] [INFO] Pipeline completed successfully in 19.0 seconds.
[2026-07-08 21:59:26] [PIPELINE] [INFO] ============================================================
[2026-07-08 21:59:26] [PIPELINE] [INFO] VN30 Stock Prediction Pipeline
[2026-07-08 21:59:26] [PIPELINE] [INFO] Step: enrich_news | Force: True | Smoke Test: False
[2026-07-08 21:59:26] [PIPELINE] [INFO] ============================================================
[2026-07-08 21:59:26] [PIPELINE] [INFO] Configuration loaded and validated from C:\Users\User\AppData\Local\Temp\pytest-of-User\pytest-352\test_force_reaches_task_2b_exe0\config.yaml
[2026-07-08 21:59:26] [PIPELINE] [INFO] Tasks to execute: TASK_2B
[2026-07-08 21:59:26] [PIPELINE] [INFO] ✓ TASK_2B completed in 0.0 seconds
[2026-07-08 21:59:26] [PIPELINE] [INFO] Pipeline completed successfully in 0.1 seconds.
[2026-07-08 22:02:56] [PIPELINE] [INFO] ============================================================
[2026-07-08 22:02:56] [PIPELINE] [INFO] VN30 Stock Prediction Pipeline
[2026-07-08 22:02:56] [PIPELINE] [INFO] Step: data | Force: False | Smoke Test: False
[2026-07-08 22:02:56] [PIPELINE] [INFO] ============================================================
[2026-07-08 22:02:56] [PIPELINE] [INFO] Configuration loaded and validated from C:\Users\User\AppData\Local\Temp\pytest-of-User\pytest-354\test_task_failure_exits_nonzer0\config.yaml
[2026-07-08 22:02:56] [PIPELINE] [INFO] Tasks to execute: TASK_1
[2026-07-08 22:02:56] [PIPELINE] [INFO] ============================================================
[2026-07-08 22:02:56] [PIPELINE] [INFO] VN30 Stock Prediction Pipeline
[2026-07-08 22:02:56] [PIPELINE] [INFO] Step: data | Force: False | Smoke Test: False
[2026-07-08 22:02:56] [PIPELINE] [INFO] ============================================================
[2026-07-08 22:02:56] [PIPELINE] [INFO] Configuration loaded and validated from C:\Users\User\AppData\Local\Temp\pytest-of-User\pytest-354\test_task_failure_prints_error0\config.yaml
[2026-07-08 22:02:56] [PIPELINE] [INFO] Tasks to execute: TASK_1
[2026-07-08 22:02:56] [PIPELINE] [INFO] ============================================================
[2026-07-08 22:02:56] [PIPELINE] [INFO] VN30 Stock Prediction Pipeline
[2026-07-08 22:02:56] [PIPELINE] [INFO] Step: all | Force: False | Smoke Test: True
[2026-07-08 22:02:56] [PIPELINE] [INFO] ============================================================
[2026-07-08 22:02:56] [PIPELINE] [INFO] Configuration loaded and validated from C:\Users\User\AppData\Local\Temp\pytest-of-User\pytest-354\test_smoke_test_restricts_tick0\config.yaml
[2026-07-08 22:02:56] [PIPELINE] [INFO] SMOKE TEST mode: restricted to tickers=['VNM', 'VCB', 'FPT'], end_date=2022-12-31
[2026-07-08 22:02:56] [PIPELINE] [INFO] Tasks to execute: TASK_1, TASK_2, TASK_3, TASK_2B, TASK_4, TASK_5, TASK_6, TASK_7, TASK_8, TASK_9, TASK_10, TASK_11
[2026-07-08 22:02:56] [PIPELINE] [INFO] ✓ TASK_1 completed in 0.0 seconds
[2026-07-08 22:02:56] [PIPELINE] [INFO] ✓ TASK_2 completed in 0.0 seconds
[2026-07-08 22:02:56] [PIPELINE] [INFO] ✓ TASK_3 completed in 0.0 seconds
[2026-07-08 22:02:56] [PIPELINE] [INFO] ✓ TASK_2B completed in 0.0 seconds
[2026-07-08 22:03:00] [PIPELINE] [INFO] ✓ TASK_4 completed in 0.0 seconds
[2026-07-08 22:03:05] [PIPELINE] [INFO] ✓ TASK_5 completed in 0.0 seconds
[2026-07-08 22:03:06] [PIPELINE] [INFO] ✓ TASK_6 completed in 0.0 seconds
[2026-07-08 22:03:06] [PIPELINE] [INFO] ✓ TASK_7 completed in 0.0 seconds
[2026-07-08 22:03:12] [PIPELINE] [INFO] ✓ TASK_8 completed in 0.0 seconds
[2026-07-08 22:03:13] [PIPELINE] [INFO] ✓ TASK_9 completed in 0.0 seconds
[2026-07-08 22:03:15] [PIPELINE] [INFO] ✓ TASK_10 completed in 0.0 seconds
[2026-07-08 22:03:15] [PIPELINE] [INFO] ✓ TASK_11 completed in 0.0 seconds
[2026-07-08 22:03:15] [PIPELINE] [INFO] Smoke test PASSED — all verifications successful.
[2026-07-08 22:03:15] [PIPELINE] [INFO] Pipeline completed successfully in 18.4 seconds.
[2026-07-08 22:03:15] [PIPELINE] [INFO] ============================================================
[2026-07-08 22:03:15] [PIPELINE] [INFO] VN30 Stock Prediction Pipeline
[2026-07-08 22:03:15] [PIPELINE] [INFO] Step: all | Force: False | Smoke Test: True
[2026-07-08 22:03:15] [PIPELINE] [INFO] ============================================================
[2026-07-08 22:03:15] [PIPELINE] [INFO] Configuration loaded and validated from C:\Users\User\AppData\Local\Temp\pytest-of-User\pytest-354\test_smoke_test_runs_all_11_ta0\config.yaml
[2026-07-08 22:03:15] [PIPELINE] [INFO] SMOKE TEST mode: restricted to tickers=['VNM', 'VCB', 'FPT'], end_date=2022-12-31
[2026-07-08 22:03:15] [PIPELINE] [INFO] Tasks to execute: TASK_1, TASK_2, TASK_3, TASK_2B, TASK_4, TASK_5, TASK_6, TASK_7, TASK_8, TASK_9, TASK_10, TASK_11
[2026-07-08 22:03:15] [PIPELINE] [INFO] ✓ TASK_1 completed in 0.0 seconds
[2026-07-08 22:03:15] [PIPELINE] [INFO] ✓ TASK_2 completed in 0.0 seconds
[2026-07-08 22:03:15] [PIPELINE] [INFO] ✓ TASK_3 completed in 0.0 seconds
[2026-07-08 22:03:15] [PIPELINE] [INFO] ✓ TASK_2B completed in 0.0 seconds
[2026-07-08 22:03:18] [PIPELINE] [INFO] ✓ TASK_4 completed in 0.0 seconds
[2026-07-08 22:03:23] [PIPELINE] [INFO] ✓ TASK_5 completed in 0.0 seconds
[2026-07-08 22:03:25] [PIPELINE] [INFO] ✓ TASK_6 completed in 0.0 seconds
[2026-07-08 22:03:25] [PIPELINE] [INFO] ✓ TASK_7 completed in 0.0 seconds
[2026-07-08 22:03:30] [PIPELINE] [INFO] ✓ TASK_8 completed in 0.0 seconds
[2026-07-08 22:03:32] [PIPELINE] [INFO] ✓ TASK_9 completed in 0.0 seconds
[2026-07-08 22:03:33] [PIPELINE] [INFO] ✓ TASK_10 completed in 0.0 seconds
[2026-07-08 22:03:33] [PIPELINE] [INFO] ✓ TASK_11 completed in 0.0 seconds
[2026-07-08 22:03:33] [PIPELINE] [INFO] Smoke test PASSED — all verifications successful.
[2026-07-08 22:03:33] [PIPELINE] [INFO] Pipeline completed successfully in 18.4 seconds.
[2026-07-08 22:03:33] [PIPELINE] [INFO] ============================================================
[2026-07-08 22:03:33] [PIPELINE] [INFO] VN30 Stock Prediction Pipeline
[2026-07-08 22:03:33] [PIPELINE] [INFO] Step: enrich_news | Force: True | Smoke Test: False
[2026-07-08 22:03:33] [PIPELINE] [INFO] ============================================================
[2026-07-08 22:03:33] [PIPELINE] [INFO] Configuration loaded and validated from C:\Users\User\AppData\Local\Temp\pytest-of-User\pytest-354\test_force_reaches_task_2b_exe0\config.yaml
[2026-07-08 22:03:33] [PIPELINE] [INFO] Tasks to execute: TASK_2B
[2026-07-08 22:03:33] [PIPELINE] [INFO] ✓ TASK_2B completed in 0.0 seconds
[2026-07-08 22:03:33] [PIPELINE] [INFO] Pipeline completed successfully in 0.1 seconds.
