[2026-07-05 07:07:35] [PIPELINE] [INFO] ============================================================
[2026-07-05 07:07:35] [PIPELINE] [INFO] VN30 Stock Prediction Pipeline
[2026-07-05 07:07:35] [PIPELINE] [INFO] Step: data | Force: False | Smoke Test: False
[2026-07-05 07:07:35] [PIPELINE] [INFO] ============================================================
[2026-07-05 07:07:35] [PIPELINE] [INFO] Configuration loaded and validated from C:\Users\User\AppData\Local\Temp\pytest-of-User\pytest-296\test_task_failure_exits_nonzer0\config.yaml
[2026-07-05 07:07:35] [PIPELINE] [INFO] Tasks to execute: TASK_1
[2026-07-05 07:07:35] [PIPELINE] [INFO] ============================================================
[2026-07-05 07:07:35] [PIPELINE] [INFO] VN30 Stock Prediction Pipeline
[2026-07-05 07:07:35] [PIPELINE] [INFO] Step: data | Force: False | Smoke Test: False
[2026-07-05 07:07:35] [PIPELINE] [INFO] ============================================================
[2026-07-05 07:07:35] [PIPELINE] [INFO] Configuration loaded and validated from C:\Users\User\AppData\Local\Temp\pytest-of-User\pytest-296\test_task_failure_prints_error0\config.yaml
[2026-07-05 07:07:35] [PIPELINE] [INFO] Tasks to execute: TASK_1
[2026-07-05 07:07:35] [PIPELINE] [INFO] ============================================================
[2026-07-05 07:07:35] [PIPELINE] [INFO] VN30 Stock Prediction Pipeline
[2026-07-05 07:07:35] [PIPELINE] [INFO] Step: all | Force: False | Smoke Test: True
[2026-07-05 07:07:35] [PIPELINE] [INFO] ============================================================
[2026-07-05 07:07:35] [PIPELINE] [INFO] Configuration loaded and validated from C:\Users\User\AppData\Local\Temp\pytest-of-User\pytest-296\test_smoke_test_restricts_tick0\config.yaml
[2026-07-05 07:07:35] [PIPELINE] [INFO] SMOKE TEST mode: restricted to tickers=['VNM', 'VCB', 'FPT'], end_date=2022-12-31
[2026-07-05 07:07:35] [PIPELINE] [INFO] Tasks to execute: TASK_1, TASK_2, TASK_3, TASK_2B, TASK_4, TASK_5, TASK_6, TASK_7, TASK_8, TASK_9, TASK_10, TASK_11
[2026-07-05 07:07:35] [PIPELINE] [INFO] ✓ TASK_1 completed in 0.0 seconds
[2026-07-05 07:07:35] [PIPELINE] [INFO] ✓ TASK_2 completed in 0.0 seconds
[2026-07-05 07:07:35] [PIPELINE] [INFO] ✓ TASK_3 completed in 0.0 seconds
[2026-07-05 07:07:35] [PIPELINE] [INFO] ✓ TASK_2B completed in 0.0 seconds
[2026-07-05 07:07:36] [PIPELINE] [INFO] ✓ TASK_4 completed in 0.0 seconds
[2026-07-05 07:07:36] [PIPELINE] [INFO] ✓ TASK_5 completed in 0.0 seconds
[2026-07-05 07:07:36] [PIPELINE] [INFO] ✓ TASK_6 completed in 0.0 seconds
[2026-07-05 07:07:36] [PIPELINE] [INFO] ✓ TASK_7 completed in 0.0 seconds
[2026-07-05 07:07:36] [PIPELINE] [INFO] ✓ TASK_8 completed in 0.0 seconds
[2026-07-05 07:07:36] [PIPELINE] [INFO] ✓ TASK_9 completed in 0.0 seconds
[2026-07-05 07:07:36] [PIPELINE] [INFO] ✓ TASK_10 completed in 0.0 seconds
[2026-07-05 07:07:36] [PIPELINE] [INFO] ✓ TASK_11 completed in 0.0 seconds
[2026-07-05 07:07:36] [PIPELINE] [INFO] Smoke test PASSED — all verifications successful.
[2026-07-05 07:07:36] [PIPELINE] [INFO] Pipeline completed successfully in 1.2 seconds.
[2026-07-05 07:07:36] [PIPELINE] [INFO] ============================================================
[2026-07-05 07:07:36] [PIPELINE] [INFO] VN30 Stock Prediction Pipeline
[2026-07-05 07:07:36] [PIPELINE] [INFO] Step: all | Force: False | Smoke Test: True
[2026-07-05 07:07:36] [PIPELINE] [INFO] ============================================================
[2026-07-05 07:07:36] [PIPELINE] [INFO] Configuration loaded and validated from C:\Users\User\AppData\Local\Temp\pytest-of-User\pytest-296\test_smoke_test_runs_all_11_ta0\config.yaml
[2026-07-05 07:07:36] [PIPELINE] [INFO] SMOKE TEST mode: restricted to tickers=['VNM', 'VCB', 'FPT'], end_date=2022-12-31
[2026-07-05 07:07:36] [PIPELINE] [INFO] Tasks to execute: TASK_1, TASK_2, TASK_3, TASK_2B, TASK_4, TASK_5, TASK_6, TASK_7, TASK_8, TASK_9, TASK_10, TASK_11
[2026-07-05 07:07:36] [PIPELINE] [INFO] ✓ TASK_1 completed in 0.0 seconds
[2026-07-05 07:07:36] [PIPELINE] [INFO] ✓ TASK_2 completed in 0.0 seconds
[2026-07-05 07:07:36] [PIPELINE] [INFO] ✓ TASK_3 completed in 0.0 seconds
[2026-07-05 07:07:36] [PIPELINE] [INFO] ✓ TASK_2B completed in 0.0 seconds
[2026-07-05 07:07:37] [PIPELINE] [INFO] ✓ TASK_4 completed in 0.0 seconds
[2026-07-05 07:07:37] [PIPELINE] [INFO] ✓ TASK_5 completed in 0.0 seconds
[2026-07-05 07:07:37] [PIPELINE] [INFO] ✓ TASK_6 completed in 0.0 seconds
[2026-07-05 07:07:37] [PIPELINE] [INFO] ✓ TASK_7 completed in 0.0 seconds
[2026-07-05 07:07:37] [PIPELINE] [INFO] ✓ TASK_8 completed in 0.0 seconds
[2026-07-05 07:07:37] [PIPELINE] [INFO] ✓ TASK_9 completed in 0.0 seconds
[2026-07-05 07:07:37] [PIPELINE] [INFO] ✓ TASK_10 completed in 0.0 seconds
[2026-07-05 07:07:37] [PIPELINE] [INFO] ✓ TASK_11 completed in 0.0 seconds
[2026-07-05 07:07:37] [PIPELINE] [INFO] Smoke test PASSED — all verifications successful.
[2026-07-05 07:07:37] [PIPELINE] [INFO] Pipeline completed successfully in 1.1 seconds.
[2026-07-05 07:07:58] [PIPELINE] [INFO] ============================================================
[2026-07-05 07:07:58] [PIPELINE] [INFO] VN30 Stock Prediction Pipeline
[2026-07-05 07:07:58] [PIPELINE] [INFO] Step: enrich_news | Force: True | Smoke Test: False
[2026-07-05 07:07:58] [PIPELINE] [INFO] ============================================================
[2026-07-05 07:07:58] [PIPELINE] [INFO] Configuration loaded and validated from config/pipeline_config.yaml
[2026-07-05 07:07:58] [PIPELINE] [INFO] Tasks to execute: TASK_2B
[2026-07-05 15:16:50] [PIPELINE] [INFO] ============================================================
[2026-07-05 15:16:50] [PIPELINE] [INFO] VN30 Stock Prediction Pipeline
[2026-07-05 15:16:50] [PIPELINE] [INFO] Step: data | Force: False | Smoke Test: False
[2026-07-05 15:16:50] [PIPELINE] [INFO] ============================================================
[2026-07-05 15:16:50] [PIPELINE] [INFO] Configuration loaded and validated from C:\Users\User\AppData\Local\Temp\pytest-of-User\pytest-297\test_task_failure_exits_nonzer0\config.yaml
[2026-07-05 15:16:50] [PIPELINE] [INFO] Tasks to execute: TASK_1
[2026-07-05 15:16:50] [PIPELINE] [INFO] ============================================================
[2026-07-05 15:16:50] [PIPELINE] [INFO] VN30 Stock Prediction Pipeline
[2026-07-05 15:16:50] [PIPELINE] [INFO] Step: data | Force: False | Smoke Test: False
[2026-07-05 15:16:50] [PIPELINE] [INFO] ============================================================
[2026-07-05 15:16:50] [PIPELINE] [INFO] Configuration loaded and validated from C:\Users\User\AppData\Local\Temp\pytest-of-User\pytest-297\test_task_failure_prints_error0\config.yaml
[2026-07-05 15:16:50] [PIPELINE] [INFO] Tasks to execute: TASK_1
[2026-07-05 15:16:50] [PIPELINE] [INFO] ============================================================
[2026-07-05 15:16:50] [PIPELINE] [INFO] VN30 Stock Prediction Pipeline
[2026-07-05 15:16:50] [PIPELINE] [INFO] Step: all | Force: False | Smoke Test: True
[2026-07-05 15:16:50] [PIPELINE] [INFO] ============================================================
[2026-07-05 15:16:50] [PIPELINE] [INFO] Configuration loaded and validated from C:\Users\User\AppData\Local\Temp\pytest-of-User\pytest-297\test_smoke_test_restricts_tick0\config.yaml
[2026-07-05 15:16:50] [PIPELINE] [INFO] SMOKE TEST mode: restricted to tickers=['VNM', 'VCB', 'FPT'], end_date=2022-12-31
[2026-07-05 15:16:50] [PIPELINE] [INFO] Tasks to execute: TASK_1, TASK_2, TASK_3, TASK_2B, TASK_4, TASK_5, TASK_6, TASK_7, TASK_8, TASK_9, TASK_10, TASK_11
[2026-07-05 15:16:50] [PIPELINE] [INFO] ✓ TASK_1 completed in 0.0 seconds
[2026-07-05 15:16:50] [PIPELINE] [INFO] ✓ TASK_2 completed in 0.0 seconds
[2026-07-05 15:16:50] [PIPELINE] [INFO] ✓ TASK_3 completed in 0.0 seconds
[2026-07-05 15:16:50] [PIPELINE] [INFO] ✓ TASK_2B completed in 0.0 seconds
[2026-07-05 15:16:52] [PIPELINE] [INFO] ✓ TASK_4 completed in 0.0 seconds
[2026-07-05 15:16:52] [PIPELINE] [INFO] ✓ TASK_5 completed in 0.0 seconds
[2026-07-05 15:16:52] [PIPELINE] [INFO] ✓ TASK_6 completed in 0.0 seconds
[2026-07-05 15:16:52] [PIPELINE] [INFO] ✓ TASK_7 completed in 0.0 seconds
[2026-07-05 15:16:52] [PIPELINE] [INFO] ✓ TASK_8 completed in 0.0 seconds
[2026-07-05 15:16:52] [PIPELINE] [INFO] ✓ TASK_9 completed in 0.0 seconds
[2026-07-05 15:16:52] [PIPELINE] [INFO] ✓ TASK_10 completed in 0.0 seconds
[2026-07-05 15:16:52] [PIPELINE] [INFO] ✓ TASK_11 completed in 0.0 seconds
[2026-07-05 15:16:52] [PIPELINE] [INFO] Smoke test PASSED — all verifications successful.
[2026-07-05 15:16:52] [PIPELINE] [INFO] Pipeline completed successfully in 2.0 seconds.
[2026-07-05 15:16:52] [PIPELINE] [INFO] ============================================================
[2026-07-05 15:16:52] [PIPELINE] [INFO] VN30 Stock Prediction Pipeline
[2026-07-05 15:16:52] [PIPELINE] [INFO] Step: all | Force: False | Smoke Test: True
[2026-07-05 15:16:52] [PIPELINE] [INFO] ============================================================
[2026-07-05 15:16:52] [PIPELINE] [INFO] Configuration loaded and validated from C:\Users\User\AppData\Local\Temp\pytest-of-User\pytest-297\test_smoke_test_runs_all_11_ta0\config.yaml
[2026-07-05 15:16:52] [PIPELINE] [INFO] SMOKE TEST mode: restricted to tickers=['VNM', 'VCB', 'FPT'], end_date=2022-12-31
[2026-07-05 15:16:52] [PIPELINE] [INFO] Tasks to execute: TASK_1, TASK_2, TASK_3, TASK_2B, TASK_4, TASK_5, TASK_6, TASK_7, TASK_8, TASK_9, TASK_10, TASK_11
[2026-07-05 15:16:52] [PIPELINE] [INFO] ✓ TASK_1 completed in 0.0 seconds
[2026-07-05 15:16:52] [PIPELINE] [INFO] ✓ TASK_2 completed in 0.0 seconds
[2026-07-05 15:16:52] [PIPELINE] [INFO] ✓ TASK_3 completed in 0.0 seconds
[2026-07-05 15:16:52] [PIPELINE] [INFO] ✓ TASK_2B completed in 0.0 seconds
[2026-07-05 15:16:54] [PIPELINE] [INFO] ✓ TASK_4 completed in 0.0 seconds
[2026-07-05 15:16:54] [PIPELINE] [INFO] ✓ TASK_5 completed in 0.0 seconds
[2026-07-05 15:16:54] [PIPELINE] [INFO] ✓ TASK_6 completed in 0.0 seconds
[2026-07-05 15:16:54] [PIPELINE] [INFO] ✓ TASK_7 completed in 0.0 seconds
[2026-07-05 15:16:54] [PIPELINE] [INFO] ✓ TASK_8 completed in 0.0 seconds
[2026-07-05 15:16:54] [PIPELINE] [INFO] ✓ TASK_9 completed in 0.0 seconds
[2026-07-05 15:16:54] [PIPELINE] [INFO] ✓ TASK_10 completed in 0.0 seconds
[2026-07-05 15:16:54] [PIPELINE] [INFO] ✓ TASK_11 completed in 0.0 seconds
[2026-07-05 15:16:54] [PIPELINE] [INFO] Smoke test PASSED — all verifications successful.
[2026-07-05 15:16:54] [PIPELINE] [INFO] Pipeline completed successfully in 1.9 seconds.
[2026-07-05 15:18:03] [PIPELINE] [INFO] ============================================================
[2026-07-05 15:18:03] [PIPELINE] [INFO] VN30 Stock Prediction Pipeline
[2026-07-05 15:18:03] [PIPELINE] [INFO] Step: enrich_news | Force: True | Smoke Test: False
[2026-07-05 15:18:03] [PIPELINE] [INFO] ============================================================
[2026-07-05 15:18:03] [PIPELINE] [INFO] Configuration loaded and validated from config/pipeline_config.yaml
[2026-07-05 15:18:03] [PIPELINE] [INFO] Tasks to execute: TASK_2B
[2026-07-05 18:44:19] [PIPELINE] [INFO] ✓ TASK_2B completed in 12372.8 seconds
[2026-07-05 18:44:19] [PIPELINE] [INFO] Pipeline completed successfully in 12375.9 seconds.
[2026-07-05 19:41:23] [PIPELINE] [INFO] ============================================================
[2026-07-05 19:41:23] [PIPELINE] [INFO] VN30 Stock Prediction Pipeline
[2026-07-05 19:41:23] [PIPELINE] [INFO] Step: enrich_news | Force: True | Smoke Test: False
[2026-07-05 19:41:23] [PIPELINE] [INFO] ============================================================
[2026-07-05 19:41:23] [PIPELINE] [INFO] Configuration loaded and validated from config/pipeline_config.yaml
[2026-07-05 19:41:23] [PIPELINE] [INFO] Tasks to execute: TASK_2B
[2026-07-05 19:41:54] [PIPELINE] [INFO] ✓ TASK_2B completed in 28.0 seconds
[2026-07-05 19:41:54] [PIPELINE] [INFO] Pipeline completed successfully in 30.9 seconds.
[2026-07-05 19:48:09] [PIPELINE] [INFO] ============================================================
[2026-07-05 19:48:09] [PIPELINE] [INFO] VN30 Stock Prediction Pipeline
[2026-07-05 19:48:09] [PIPELINE] [INFO] Step: enrich_news | Force: True | Smoke Test: False
[2026-07-05 19:48:09] [PIPELINE] [INFO] ============================================================
[2026-07-05 19:48:09] [PIPELINE] [INFO] Configuration loaded and validated from config/pipeline_config.yaml
[2026-07-05 19:48:09] [PIPELINE] [INFO] Tasks to execute: TASK_2B
[2026-07-05 19:48:39] [PIPELINE] [INFO] ✓ TASK_2B completed in 26.7 seconds
[2026-07-05 19:48:39] [PIPELINE] [INFO] Pipeline completed successfully in 29.5 seconds.
[2026-07-05 20:10:00] [PIPELINE] [INFO] ============================================================
[2026-07-05 20:10:00] [PIPELINE] [INFO] VN30 Stock Prediction Pipeline
[2026-07-05 20:10:00] [PIPELINE] [INFO] Step: enrich_news | Force: True | Smoke Test: False
[2026-07-05 20:10:00] [PIPELINE] [INFO] ============================================================
[2026-07-05 20:10:00] [PIPELINE] [INFO] Configuration loaded and validated from config/pipeline_config.yaml
[2026-07-05 20:10:00] [PIPELINE] [INFO] Tasks to execute: TASK_2B
[2026-07-06 00:09:34] [PIPELINE] [INFO] ✓ TASK_2B completed in 14371.5 seconds
[2026-07-06 00:09:34] [PIPELINE] [INFO] Pipeline completed successfully in 14374.2 seconds.
