[2026-07-04 09:14:17] [ROBUSTNESS_EXT] [INFO] ============================================================
[2026-07-04 09:14:17] [ROBUSTNESS_EXT] [INFO] STEP 1: Discovering HOSE+HNX tickers...
[2026-07-04 09:14:17] [ROBUSTNESS_EXT] [INFO] ============================================================
[2026-07-04 09:14:37] [ROBUSTNESS_EXT] [WARNING] vnstock listing API failed: 'NoneType' object has no attribute 'upper'. Trying fallback.
[2026-07-04 09:14:37] [ROBUSTNESS_EXT] [INFO] Candidates: 154 tickers
[2026-07-04 09:14:37] [ROBUSTNESS_EXT] [INFO] ============================================================
[2026-07-04 09:14:37] [ROBUSTNESS_EXT] [INFO] STEP 2: Collecting prices...
[2026-07-04 09:14:37] [ROBUSTNESS_EXT] [INFO] ============================================================
[2026-07-04 09:14:37] [ROBUSTNESS_EXT] [INFO] Fetching prices: 1/154 ...
[2026-07-04 09:14:54] [ROBUSTNESS_EXT] [INFO] Fetching prices: 20/154 ...
[2026-07-04 09:15:11] [ROBUSTNESS_EXT] [INFO] Fetching prices: 40/154 ...
[2026-07-04 09:15:24] [ROBUSTNESS_EXT] [INFO] Fetching prices: 60/154 ...
[2026-07-04 11:09:11] [ROBUSTNESS_EXT] [INFO] ============================================================
[2026-07-04 11:09:11] [ROBUSTNESS_EXT] [INFO] STEP 1: Discovering HOSE+HNX tickers...
[2026-07-04 11:09:11] [ROBUSTNESS_EXT] [INFO] ============================================================
[2026-07-04 11:09:13] [ROBUSTNESS_EXT] [WARNING] vnstock listing API failed: 'NoneType' object has no attribute 'upper'. Trying fallback.
[2026-07-04 11:09:13] [ROBUSTNESS_EXT] [INFO] Candidates: 154 tickers
[2026-07-04 11:09:13] [ROBUSTNESS_EXT] [INFO] ============================================================
[2026-07-04 11:09:13] [ROBUSTNESS_EXT] [INFO] STEP 2: Collecting prices...
[2026-07-04 11:09:13] [ROBUSTNESS_EXT] [INFO] ============================================================
[2026-07-04 11:09:13] [ROBUSTNESS_EXT] [INFO] Fetching prices: 1/154 (collected 0 so far)...
[2026-07-04 11:09:13] [ROBUSTNESS_EXT] [INFO] Fetching prices: 10/154 (collected 9 so far)...
[2026-07-04 11:09:13] [ROBUSTNESS_EXT] [INFO] Fetching prices: 20/154 (collected 19 so far)...
[2026-07-04 11:09:13] [ROBUSTNESS_EXT] [INFO] Fetching prices: 30/154 (collected 29 so far)...
[2026-07-04 11:09:18] [ROBUSTNESS_EXT] [INFO] Fetching prices: 40/154 (collected 39 so far)...
[2026-07-04 11:09:33] [ROBUSTNESS_EXT] [INFO] Fetching prices: 50/154 (collected 49 so far)...
[2026-07-04 11:09:56] [ROBUSTNESS_EXT] [INFO] Fetching prices: 60/154 (collected 59 so far)...
[2026-07-04 11:09:59] [ROBUSTNESS_EXT] [INFO]   Pausing 15s to avoid rate limit...
[2026-07-04 11:10:36] [ROBUSTNESS_EXT] [INFO] Fetching prices: 70/154 (collected 69 so far)...
[2026-07-04 11:11:01] [ROBUSTNESS_EXT] [INFO] Fetching prices: 80/154 (collected 79 so far)...
[2026-07-04 11:11:24] [ROBUSTNESS_EXT] [INFO] Fetching prices: 90/154 (collected 89 so far)...
[2026-07-04 11:11:27] [ROBUSTNESS_EXT] [INFO]   Pausing 15s to avoid rate limit...
[2026-07-04 11:12:03] [ROBUSTNESS_EXT] [INFO] Fetching prices: 100/154 (collected 99 so far)...
[2026-07-04 11:12:27] [ROBUSTNESS_EXT] [INFO] Fetching prices: 110/154 (collected 108 so far)...
[2026-07-04 11:12:51] [ROBUSTNESS_EXT] [INFO] Fetching prices: 120/154 (collected 118 so far)...
[2026-07-04 11:12:53] [ROBUSTNESS_EXT] [INFO]   Pausing 15s to avoid rate limit...
[2026-07-04 11:13:30] [ROBUSTNESS_EXT] [INFO] Fetching prices: 130/154 (collected 128 so far)...
[2026-07-04 11:13:54] [ROBUSTNESS_EXT] [INFO] Fetching prices: 140/154 (collected 138 so far)...
[2026-07-04 11:14:20] [ROBUSTNESS_EXT] [INFO] Fetching prices: 150/154 (collected 148 so far)...
[2026-07-04 11:14:22] [ROBUSTNESS_EXT] [INFO]   Pausing 15s to avoid rate limit...
[2026-07-04 11:14:48] [ROBUSTNESS_EXT] [INFO] Collected prices for 153/154 tickers.
[2026-07-04 11:14:48] [ROBUSTNESS_EXT] [INFO] Fetching VNINDEX...
[2026-07-04 11:14:48] [ROBUSTNESS_EXT] [INFO] Loaded price data for 153 tickers.
[2026-07-04 11:14:48] [ROBUSTNESS_EXT] [INFO] ============================================================
[2026-07-04 11:14:48] [ROBUSTNESS_EXT] [INFO] STEP 3: Filtering tickers by quality criteria...
[2026-07-04 11:14:48] [ROBUSTNESS_EXT] [INFO] ============================================================
[2026-07-04 11:14:48] [ROBUSTNESS_EXT] [INFO] Filter result: 125/153 tickers pass quality criteria.
[2026-07-04 11:14:48] [ROBUSTNESS_EXT] [INFO] Qualified: 125 tickers (HOSE~107, HNX~18)
[2026-07-04 11:14:48] [ROBUSTNESS_EXT] [INFO] ============================================================
[2026-07-04 11:14:48] [ROBUSTNESS_EXT] [INFO] STEP 4: Building technical features & labels...
[2026-07-04 11:14:48] [ROBUSTNESS_EXT] [INFO] ============================================================
[2026-07-04 11:15:05] [ROBUSTNESS_EXT] [INFO] Built features: 2388 rows, 125 tickers, 27 quarters.
[2026-07-04 11:15:05] [ROBUSTNESS_EXT] [INFO] ============================================================
[2026-07-04 11:15:05] [ROBUSTNESS_EXT] [INFO] STEP 5: Training models (Config A — technical only)...
[2026-07-04 11:15:05] [ROBUSTNESS_EXT] [INFO] ============================================================
[2026-07-04 11:15:09] [ROBUSTNESS_EXT] [INFO] Train: 1653 rows (125 tickers), Test: 735 rows (123 tickers)
[2026-07-04 11:15:09] [ROBUSTNESS_EXT] [INFO]   Baseline_Majority: BA=0.5000, AUC=0.5000
[2026-07-04 11:15:09] [ROBUSTNESS_EXT] [INFO]   Baseline_Stratified: BA=0.5223, AUC=0.5223
[2026-07-04 11:15:10] [ROBUSTNESS_EXT] [INFO]   Logistic_Regression: BA=0.6488, AUC=0.7036
[2026-07-04 11:15:10] [ROBUSTNESS_EXT] [INFO]   Random_Forest: BA=0.7607, AUC=0.8307
[2026-07-04 11:15:11] [ROBUSTNESS_EXT] [INFO]   XGBoost: BA=0.7531, AUC=0.8265
[2026-07-04 11:15:12] [ROBUSTNESS_EXT] [INFO]   LightGBM: BA=0.7530, AUC=0.8198
[2026-07-04 11:15:12] [ROBUSTNESS_EXT] [INFO] ============================================================
[2026-07-04 11:15:12] [ROBUSTNESS_EXT] [INFO] STEP 6: Computing VNINDEX benchmark...
[2026-07-04 11:15:12] [ROBUSTNESS_EXT] [INFO] ============================================================
[2026-07-04 11:15:12] [ROBUSTNESS_EXT] [INFO] VNINDEX cumulative return (test period): 0.4212
[2026-07-04 11:15:12] [ROBUSTNESS_EXT] [INFO] ============================================================
[2026-07-04 11:15:12] [ROBUSTNESS_EXT] [INFO] STEP 7: Generating report...
[2026-07-04 11:15:12] [ROBUSTNESS_EXT] [INFO] ============================================================
[2026-07-04 11:15:12] [ROBUSTNESS_EXT] [INFO] Report saved: reports/robustness_extended_tickers_report.md
[2026-07-04 11:15:12] [ROBUSTNESS_EXT] [INFO] Results CSV saved: reports/robustness_extended_results.csv
