[2026-07-03 13:37:09] [TASK_7] [INFO] ============================================================
[2026-07-03 13:37:09] [TASK_7] [INFO] START TASK_7: Technical Feature Extraction (RSI, MACD, BB, SMA, EMA)
[2026-07-03 13:37:09] [TASK_7] [INFO] Timestamp: 2026-07-03T13:37:09.352219
[2026-07-03 13:37:09] [TASK_7] [INFO] ============================================================
[2026-07-03 13:37:09] [TASK_7] [INFO] Input: data/prices/all_vn30_prices.csv (93824 rows)
[2026-07-03 13:37:09] [TASK_7] [INFO] ------------------------------------------------------------
[2026-07-03 13:37:09] [TASK_7] [INFO] END TASK_7 — completed in 0.0 seconds
[2026-07-03 13:37:09] [TASK_7] [INFO] ============================================================
[2026-07-03 13:37:10] [TASK_7] [INFO] ============================================================
[2026-07-03 13:37:10] [TASK_7] [INFO] START TASK_7: Technical Feature Extraction (RSI, MACD, BB, SMA, EMA)
[2026-07-03 13:37:10] [TASK_7] [INFO] Timestamp: 2026-07-03T13:37:10.060883
[2026-07-03 13:37:10] [TASK_7] [INFO] ============================================================
[2026-07-03 13:37:10] [TASK_7] [INFO] Input: data/prices/all_vn30_prices.csv (93824 rows)
[2026-07-03 13:37:10] [TASK_7] [INFO] ------------------------------------------------------------
[2026-07-03 13:37:10] [TASK_7] [INFO] END TASK_7 — completed in 0.0 seconds
[2026-07-03 13:37:10] [TASK_7] [INFO] ============================================================
[2026-07-03 13:38:46] [TASK_7] [INFO] ============================================================
[2026-07-03 13:38:46] [TASK_7] [INFO] START TASK_7: Technical Feature Extraction (RSI, MACD, BB, SMA, EMA)
[2026-07-03 13:38:46] [TASK_7] [INFO] Timestamp: 2026-07-03T13:38:46.846056
[2026-07-03 13:38:46] [TASK_7] [INFO] ============================================================
[2026-07-03 13:38:46] [TASK_7] [INFO] Input: data/prices/all_vn30_prices.csv (93824 rows)
[2026-07-03 13:38:46] [TASK_7] [INFO] ------------------------------------------------------------
[2026-07-03 13:38:46] [TASK_7] [INFO] END TASK_7 — completed in 0.0 seconds
[2026-07-03 13:38:46] [TASK_7] [INFO] ============================================================
[2026-07-03 13:38:47] [TASK_7] [INFO] ============================================================
[2026-07-03 13:38:47] [TASK_7] [INFO] START TASK_7: Technical Feature Extraction (RSI, MACD, BB, SMA, EMA)
[2026-07-03 13:38:47] [TASK_7] [INFO] Timestamp: 2026-07-03T13:38:47.487197
[2026-07-03 13:38:47] [TASK_7] [INFO] ============================================================
[2026-07-03 13:38:47] [TASK_7] [INFO] Input: data/prices/all_vn30_prices.csv (93824 rows)
[2026-07-03 13:38:47] [TASK_7] [INFO] ------------------------------------------------------------
[2026-07-03 13:38:47] [TASK_7] [INFO] END TASK_7 — completed in 0.0 seconds
[2026-07-03 13:38:47] [TASK_7] [INFO] ============================================================
[2026-07-03 14:23:48] [TASK_7] [INFO] ============================================================
[2026-07-03 14:23:48] [TASK_7] [INFO] START TASK_7: Technical Feature Extraction (RSI, MACD, BB, SMA, EMA)
[2026-07-03 14:23:48] [TASK_7] [INFO] Timestamp: 2026-07-03T14:23:48.209429
[2026-07-03 14:23:48] [TASK_7] [INFO] ============================================================
[2026-07-03 14:23:48] [TASK_7] [INFO] Input: data/prices/all_vn30_prices.csv (93824 rows)
[2026-07-03 14:23:48] [TASK_7] [INFO] ------------------------------------------------------------
[2026-07-03 14:23:48] [TASK_7] [INFO] END TASK_7 — completed in 0.0 seconds
[2026-07-03 14:23:48] [TASK_7] [INFO] ============================================================
[2026-07-03 14:23:48] [TASK_7] [INFO] ============================================================
[2026-07-03 14:23:48] [TASK_7] [INFO] START TASK_7: Technical Feature Extraction (RSI, MACD, BB, SMA, EMA)
[2026-07-03 14:23:48] [TASK_7] [INFO] Timestamp: 2026-07-03T14:23:48.879934
[2026-07-03 14:23:48] [TASK_7] [INFO] ============================================================
[2026-07-03 14:23:48] [TASK_7] [INFO] Input: data/prices/all_vn30_prices.csv (93824 rows)
[2026-07-03 14:23:48] [TASK_7] [INFO] ------------------------------------------------------------
[2026-07-03 14:23:48] [TASK_7] [INFO] END TASK_7 — completed in 0.0 seconds
[2026-07-03 14:23:48] [TASK_7] [INFO] ============================================================
