[2026-07-12 09:10:32] [TASK_11] [INFO] ============================================================
[2026-07-12 09:10:32] [TASK_11] [INFO] START TASK_11: SHAP Analysis (feature importance)
[2026-07-12 09:10:32] [TASK_11] [INFO] Timestamp: 2026-07-12T09:10:32.773297
[2026-07-12 09:10:32] [TASK_11] [INFO] ============================================================
[2026-07-12 09:10:32] [TASK_11] [INFO] ------------------------------------------------------------
[2026-07-12 09:10:32] [TASK_11] [INFO] END TASK_11 — completed in 0.0 seconds
[2026-07-12 09:10:32] [TASK_11] [INFO] ============================================================
[2026-07-12 09:10:53] [TASK_11] [INFO] ============================================================
[2026-07-12 09:10:53] [TASK_11] [INFO] START TASK_11: SHAP Analysis (feature importance)
[2026-07-12 09:10:53] [TASK_11] [INFO] Timestamp: 2026-07-12T09:10:53.613486
[2026-07-12 09:10:53] [TASK_11] [INFO] ============================================================
[2026-07-12 09:10:53] [TASK_11] [INFO] ------------------------------------------------------------
[2026-07-12 09:10:53] [TASK_11] [INFO] END TASK_11 — completed in 0.0 seconds
[2026-07-12 09:10:53] [TASK_11] [INFO] ============================================================
[2026-07-12 09:10:57] [TASK_11] [INFO] Saved tree-based feature importance plot to C:\Users\User\AppData\Local\Temp\pytest-of-User\pytest-384\test_returns_sorted_series0\feat_imp.png
[2026-07-12 09:10:58] [TASK_11] [INFO] Saved tree-based feature importance plot to C:\Users\User\AppData\Local\Temp\pytest-of-User\pytest-384\test_top_n_limits_output0\feat_imp.png
[2026-07-12 09:10:58] [TASK_11] [INFO] Saved permutation importance plot to C:\Users\User\AppData\Local\Temp\pytest-of-User\pytest-384\test_returns_sorted_series1\perm_imp.png
[2026-07-12 09:10:58] [TASK_11] [INFO] All top 5 keyword directions are aligned with their labels.
[2026-07-12 09:10:58] [TASK_11] [INFO] Saved top 5 keyword analysis to C:\Users\User\AppData\Local\Temp\pytest-of-User\pytest-384\test_returns_dataframe0\top_kw.csv
[2026-07-12 09:10:58] [TASK_11] [INFO] All top 10 keyword directions are aligned with their labels.
[2026-07-12 09:10:58] [TASK_11] [INFO] Saved top 10 keyword analysis to C:\Users\User\AppData\Local\Temp\pytest-of-User\pytest-384\test_only_keyword_features_inc0\top_kw.csv
[2026-07-12 09:10:58] [TASK_11] [INFO] All top 10 keyword directions are aligned with their labels.
[2026-07-12 09:10:58] [TASK_11] [INFO] Saved top 10 keyword analysis to C:\Users\User\AppData\Local\Temp\pytest-of-User\pytest-384\test_direction_labels_present0\top_kw.csv
[2026-07-12 09:10:58] [TASK_11] [INFO] ============================================================
[2026-07-12 09:10:58] [TASK_11] [INFO] GROUP CONTRIBUTION ANALYSIS (H1 Evidence)
[2026-07-12 09:10:58] [TASK_11] [INFO] ============================================================
[2026-07-12 09:10:58] [TASK_11] [INFO] Technical features: mean|SHAP| = 0.275000  (75.3%)
[2026-07-12 09:10:58] [TASK_11] [INFO] Keyword features:   mean|SHAP| = 0.090000  (24.7%)
[2026-07-12 09:10:58] [TASK_11] [INFO] ============================================================
[2026-07-12 09:10:58] [TASK_11] [INFO] Keyword features contribute 24.7% of total SHAP importance, providing empirical evidence for H1.
[2026-07-12 09:10:58] [TASK_11] [INFO] ============================================================
[2026-07-12 09:10:58] [TASK_11] [INFO] GROUP CONTRIBUTION ANALYSIS (H1 Evidence)
[2026-07-12 09:10:58] [TASK_11] [INFO] ============================================================
[2026-07-12 09:10:58] [TASK_11] [INFO] Technical features: mean|SHAP| = 0.275000  (100.0%)
[2026-07-12 09:10:58] [TASK_11] [INFO] Keyword features:   mean|SHAP| = 0.000000  (0.0%)
[2026-07-12 09:10:58] [TASK_11] [INFO] ============================================================
[2026-07-12 09:10:58] [TASK_11] [INFO] Keyword features contribute 0%% of total SHAP importance. This suggests keywords may not add predictive value (H1 not supported).
[2026-07-12 09:10:58] [TASK_11] [INFO] ============================================================
[2026-07-12 09:10:58] [TASK_11] [INFO] GROUP CONTRIBUTION ANALYSIS (H1 Evidence)
[2026-07-12 09:10:58] [TASK_11] [INFO] ============================================================
[2026-07-12 09:10:58] [TASK_11] [INFO] Technical features: mean|SHAP| = 0.000000  (0.0%)
[2026-07-12 09:10:58] [TASK_11] [INFO] Keyword features:   mean|SHAP| = 0.275000  (100.0%)
[2026-07-12 09:10:58] [TASK_11] [INFO] ============================================================
[2026-07-12 09:10:58] [TASK_11] [INFO] Keyword features contribute 100.0% of total SHAP importance, providing empirical evidence for H1.
