[2026-07-03 13:37:08] [TASK_4] [INFO] ============================================================
[2026-07-03 13:37:08] [TASK_4] [INFO] START TASK_4: Text Preprocessing (clean, tokenize, deduplicate)
[2026-07-03 13:37:08] [TASK_4] [INFO] Timestamp: 2026-07-03T13:37:08.952584
[2026-07-03 13:37:08] [TASK_4] [INFO] ============================================================
[2026-07-03 13:37:09] [TASK_4] [INFO] Input: data/news/matched/all_news_matched.csv (52807 rows)
[2026-07-03 13:37:09] [TASK_4] [INFO] ------------------------------------------------------------
[2026-07-03 13:37:09] [TASK_4] [INFO] END TASK_4 — completed in 0.0 seconds
[2026-07-03 13:37:09] [TASK_4] [INFO] ============================================================
[2026-07-03 13:37:09] [TASK_4] [INFO] ============================================================
[2026-07-03 13:37:09] [TASK_4] [INFO] START TASK_4: Text Preprocessing (clean, tokenize, deduplicate)
[2026-07-03 13:37:09] [TASK_4] [INFO] Timestamp: 2026-07-03T13:37:09.693082
[2026-07-03 13:37:09] [TASK_4] [INFO] ============================================================
[2026-07-03 13:37:09] [TASK_4] [INFO] Input: data/news/matched/all_news_matched.csv (52807 rows)
[2026-07-03 13:37:09] [TASK_4] [INFO] ------------------------------------------------------------
[2026-07-03 13:37:09] [TASK_4] [INFO] END TASK_4 — completed in 0.0 seconds
[2026-07-03 13:37:09] [TASK_4] [INFO] ============================================================
[2026-07-03 13:38:46] [TASK_4] [INFO] ============================================================
[2026-07-03 13:38:46] [TASK_4] [INFO] START TASK_4: Text Preprocessing (clean, tokenize, deduplicate)
[2026-07-03 13:38:46] [TASK_4] [INFO] Timestamp: 2026-07-03T13:38:46.500856
[2026-07-03 13:38:46] [TASK_4] [INFO] ============================================================
[2026-07-03 13:38:46] [TASK_4] [INFO] Input: data/news/matched/all_news_matched.csv (52807 rows)
[2026-07-03 13:38:46] [TASK_4] [INFO] ------------------------------------------------------------
[2026-07-03 13:38:46] [TASK_4] [INFO] END TASK_4 — completed in 0.0 seconds
[2026-07-03 13:38:46] [TASK_4] [INFO] ============================================================
[2026-07-03 13:38:47] [TASK_4] [INFO] ============================================================
[2026-07-03 13:38:47] [TASK_4] [INFO] START TASK_4: Text Preprocessing (clean, tokenize, deduplicate)
[2026-07-03 13:38:47] [TASK_4] [INFO] Timestamp: 2026-07-03T13:38:47.149129
[2026-07-03 13:38:47] [TASK_4] [INFO] ============================================================
[2026-07-03 13:38:47] [TASK_4] [INFO] Input: data/news/matched/all_news_matched.csv (52807 rows)
[2026-07-03 13:38:47] [TASK_4] [INFO] ------------------------------------------------------------
[2026-07-03 13:38:47] [TASK_4] [INFO] END TASK_4 — completed in 0.0 seconds
[2026-07-03 13:38:47] [TASK_4] [INFO] ============================================================
[2026-07-03 14:23:47] [TASK_4] [INFO] ============================================================
[2026-07-03 14:23:47] [TASK_4] [INFO] START TASK_4: Text Preprocessing (clean, tokenize, deduplicate)
[2026-07-03 14:23:47] [TASK_4] [INFO] Timestamp: 2026-07-03T14:23:47.839371
[2026-07-03 14:23:47] [TASK_4] [INFO] ============================================================
[2026-07-03 14:23:47] [TASK_4] [INFO] Input: data/news/matched/all_news_matched.csv (52807 rows)
[2026-07-03 14:23:47] [TASK_4] [INFO] ------------------------------------------------------------
[2026-07-03 14:23:47] [TASK_4] [INFO] END TASK_4 — completed in 0.0 seconds
[2026-07-03 14:23:47] [TASK_4] [INFO] ============================================================
[2026-07-03 14:23:48] [TASK_4] [INFO] ============================================================
[2026-07-03 14:23:48] [TASK_4] [INFO] START TASK_4: Text Preprocessing (clean, tokenize, deduplicate)
[2026-07-03 14:23:48] [TASK_4] [INFO] Timestamp: 2026-07-03T14:23:48.528597
[2026-07-03 14:23:48] [TASK_4] [INFO] ============================================================
[2026-07-03 14:23:48] [TASK_4] [INFO] Input: data/news/matched/all_news_matched.csv (52807 rows)
[2026-07-03 14:23:48] [TASK_4] [INFO] ------------------------------------------------------------
[2026-07-03 14:23:48] [TASK_4] [INFO] END TASK_4 — completed in 0.0 seconds
[2026-07-03 14:23:48] [TASK_4] [INFO] ============================================================
