[2026-07-12 09:10:12] [TASK_2B] [INFO] ============================================================
[2026-07-12 09:10:12] [TASK_2B] [INFO] START TASK_2B: Article Full-Text Enrichment (detail pages → summaries/key facts)
[2026-07-12 09:10:12] [TASK_2B] [INFO] Timestamp: 2026-07-12T09:10:12.685134
[2026-07-12 09:10:12] [TASK_2B] [INFO] ============================================================
[2026-07-12 09:10:12] [TASK_2B] [INFO] Input: data/news/matched/all_news_matched.csv (52807 rows)
[2026-07-12 09:10:12] [TASK_2B] [INFO] ------------------------------------------------------------
[2026-07-12 09:10:12] [TASK_2B] [INFO] END TASK_2B — completed in 0.0 seconds
[2026-07-12 09:10:12] [TASK_2B] [INFO] ============================================================
[2026-07-12 09:10:32] [TASK_2B] [INFO] ============================================================
[2026-07-12 09:10:32] [TASK_2B] [INFO] START TASK_2B: Article Full-Text Enrichment (detail pages → summaries/key facts)
[2026-07-12 09:10:32] [TASK_2B] [INFO] Timestamp: 2026-07-12T09:10:32.852088
[2026-07-12 09:10:32] [TASK_2B] [INFO] ============================================================
[2026-07-12 09:10:32] [TASK_2B] [INFO] Input: data/news/matched/all_news_matched.csv (52807 rows)
[2026-07-12 09:10:32] [TASK_2B] [INFO] ------------------------------------------------------------
[2026-07-12 09:10:32] [TASK_2B] [INFO] END TASK_2B — completed in 0.0 seconds
[2026-07-12 09:10:32] [TASK_2B] [INFO] ============================================================
[2026-07-12 09:10:53] [TASK_2B] [INFO] ============================================================
[2026-07-12 09:10:53] [TASK_2B] [INFO] START TASK_2B: Article Full-Text Enrichment (detail pages → summaries/key facts)
[2026-07-12 09:10:53] [TASK_2B] [INFO] Timestamp: 2026-07-12T09:10:53.628446
[2026-07-12 09:10:53] [TASK_2B] [INFO] ============================================================
[2026-07-12 09:10:53] [TASK_2B] [INFO] Input: data/news/matched/all_news_matched.csv (52807 rows)
[2026-07-12 09:10:53] [TASK_2B] [INFO] ------------------------------------------------------------
[2026-07-12 09:10:53] [TASK_2B] [INFO] END TASK_2B — completed in 0.0 seconds
[2026-07-12 09:10:53] [TASK_2B] [INFO] ============================================================
