[2026-06-28 08:06:14] [TASK_6] [INFO] ============================================================
[2026-06-28 08:06:14] [TASK_6] [INFO] START TASK_6: Label Building (binary classification labels)
[2026-06-28 08:06:14] [TASK_6] [INFO] Timestamp: 2026-06-28T08:06:14.206680
[2026-06-28 08:06:14] [TASK_6] [INFO] ============================================================
[2026-06-28 08:06:14] [TASK_6] [INFO] Input: data/aggregated/master_dataset.csv (0 rows)
[2026-06-28 08:06:14] [TASK_6] [INFO] ------------------------------------------------------------
[2026-06-28 08:06:14] [TASK_6] [INFO] END TASK_6 — completed in 0.0 seconds
[2026-06-28 08:06:14] [TASK_6] [INFO] ============================================================
[2026-06-28 08:06:14] [TASK_6] [INFO] ============================================================
[2026-06-28 08:06:14] [TASK_6] [INFO] START TASK_6: Label Building (binary classification labels)
[2026-06-28 08:06:14] [TASK_6] [INFO] Timestamp: 2026-06-28T08:06:14.248683
[2026-06-28 08:06:14] [TASK_6] [INFO] ============================================================
[2026-06-28 08:06:14] [TASK_6] [INFO] Input: data/aggregated/master_dataset.csv (0 rows)
[2026-06-28 08:06:14] [TASK_6] [INFO] ------------------------------------------------------------
[2026-06-28 08:06:14] [TASK_6] [INFO] END TASK_6 — completed in 0.0 seconds
[2026-06-28 08:06:14] [TASK_6] [INFO] ============================================================
[2026-06-28 08:32:41] [TASK_6] [INFO] ============================================================
[2026-06-28 08:32:41] [TASK_6] [INFO] START TASK_6: Label Building (binary classification labels)
[2026-06-28 08:32:41] [TASK_6] [INFO] Timestamp: 2026-06-28T08:32:41.725729
[2026-06-28 08:32:41] [TASK_6] [INFO] ============================================================
[2026-06-28 08:32:41] [TASK_6] [INFO] Input: data/aggregated/master_dataset.csv (0 rows)
[2026-06-28 08:32:41] [TASK_6] [INFO] ------------------------------------------------------------
[2026-06-28 08:32:41] [TASK_6] [INFO] END TASK_6 — completed in 0.0 seconds
[2026-06-28 08:32:41] [TASK_6] [INFO] ============================================================
[2026-06-28 08:32:41] [TASK_6] [INFO] ============================================================
[2026-06-28 08:32:41] [TASK_6] [INFO] START TASK_6: Label Building (binary classification labels)
[2026-06-28 08:32:41] [TASK_6] [INFO] Timestamp: 2026-06-28T08:32:41.760068
[2026-06-28 08:32:41] [TASK_6] [INFO] ============================================================
[2026-06-28 08:32:41] [TASK_6] [INFO] Input: data/aggregated/master_dataset.csv (0 rows)
[2026-06-28 08:32:41] [TASK_6] [INFO] ------------------------------------------------------------
[2026-06-28 08:32:41] [TASK_6] [INFO] END TASK_6 — completed in 0.0 seconds
[2026-06-28 08:32:41] [TASK_6] [INFO] ============================================================
[2026-06-28 08:33:51] [TASK_6] [INFO] ============================================================
[2026-06-28 08:33:51] [TASK_6] [INFO] START TASK_6: Label Building (binary classification labels)
[2026-06-28 08:33:51] [TASK_6] [INFO] Timestamp: 2026-06-28T08:33:51.405245
[2026-06-28 08:33:51] [TASK_6] [INFO] ============================================================
[2026-06-28 08:33:51] [TASK_6] [INFO] Input: data/aggregated/master_dataset.csv (0 rows)
[2026-06-28 08:33:51] [TASK_6] [INFO] ------------------------------------------------------------
[2026-06-28 08:33:51] [TASK_6] [INFO] END TASK_6 — completed in 0.0 seconds
[2026-06-28 08:33:51] [TASK_6] [INFO] ============================================================
[2026-06-28 08:33:51] [TASK_6] [INFO] ============================================================
[2026-06-28 08:33:51] [TASK_6] [INFO] START TASK_6: Label Building (binary classification labels)
[2026-06-28 08:33:51] [TASK_6] [INFO] Timestamp: 2026-06-28T08:33:51.436196
[2026-06-28 08:33:51] [TASK_6] [INFO] ============================================================
[2026-06-28 08:33:51] [TASK_6] [INFO] Input: data/aggregated/master_dataset.csv (0 rows)
[2026-06-28 08:33:51] [TASK_6] [INFO] ------------------------------------------------------------
[2026-06-28 08:33:51] [TASK_6] [INFO] END TASK_6 — completed in 0.0 seconds
[2026-06-28 08:33:51] [TASK_6] [INFO] ============================================================
[2026-06-28 08:52:31] [TASK_6] [INFO] ============================================================
[2026-06-28 08:52:31] [TASK_6] [INFO] START TASK_6: Label Building (binary classification labels)
[2026-06-28 08:52:31] [TASK_6] [INFO] Timestamp: 2026-06-28T08:52:31.081427
[2026-06-28 08:52:31] [TASK_6] [INFO] ============================================================
[2026-06-28 08:52:31] [TASK_6] [INFO] Input: data/aggregated/master_dataset.csv (0 rows)
[2026-06-28 08:52:31] [TASK_6] [INFO] ------------------------------------------------------------
[2026-06-28 08:52:31] [TASK_6] [INFO] END TASK_6 — completed in 0.0 seconds
[2026-06-28 08:52:31] [TASK_6] [INFO] ============================================================
[2026-06-28 08:52:31] [TASK_6] [INFO] ============================================================
[2026-06-28 08:52:31] [TASK_6] [INFO] START TASK_6: Label Building (binary classification labels)
[2026-06-28 08:52:31] [TASK_6] [INFO] Timestamp: 2026-06-28T08:52:31.112556
[2026-06-28 08:52:31] [TASK_6] [INFO] ============================================================
[2026-06-28 08:52:31] [TASK_6] [INFO] Input: data/aggregated/master_dataset.csv (0 rows)
[2026-06-28 08:52:31] [TASK_6] [INFO] ------------------------------------------------------------
[2026-06-28 08:52:31] [TASK_6] [INFO] END TASK_6 — completed in 0.0 seconds
[2026-06-28 08:52:31] [TASK_6] [INFO] ============================================================
[2026-06-28 08:53:02] [TASK_6] [INFO] ============================================================
[2026-06-28 08:53:02] [TASK_6] [INFO] START TASK_6: Label Building (binary classification labels)
[2026-06-28 08:53:02] [TASK_6] [INFO] Timestamp: 2026-06-28T08:53:02.386166
[2026-06-28 08:53:02] [TASK_6] [INFO] ============================================================
[2026-06-28 08:53:02] [TASK_6] [INFO] Input: data/aggregated/master_dataset.csv (0 rows)
[2026-06-28 08:53:02] [TASK_6] [INFO] ------------------------------------------------------------
[2026-06-28 08:53:02] [TASK_6] [INFO] END TASK_6 — completed in 0.0 seconds
[2026-06-28 08:53:02] [TASK_6] [INFO] ============================================================
[2026-06-28 08:53:02] [TASK_6] [INFO] ============================================================
[2026-06-28 08:53:02] [TASK_6] [INFO] START TASK_6: Label Building (binary classification labels)
[2026-06-28 08:53:02] [TASK_6] [INFO] Timestamp: 2026-06-28T08:53:02.428253
[2026-06-28 08:53:02] [TASK_6] [INFO] ============================================================
[2026-06-28 08:53:02] [TASK_6] [INFO] Input: data/aggregated/master_dataset.csv (0 rows)
[2026-06-28 08:53:02] [TASK_6] [INFO] ------------------------------------------------------------
[2026-06-28 08:53:02] [TASK_6] [INFO] END TASK_6 — completed in 0.0 seconds
[2026-06-28 08:53:02] [TASK_6] [INFO] ============================================================
[2026-06-28 09:19:51] [TASK_6] [INFO] ============================================================
[2026-06-28 09:19:51] [TASK_6] [INFO] START TASK_6: Label Building (binary classification labels)
[2026-06-28 09:19:51] [TASK_6] [INFO] Timestamp: 2026-06-28T09:19:51.098043
[2026-06-28 09:19:51] [TASK_6] [INFO] ============================================================
[2026-06-28 09:19:51] [TASK_6] [INFO] Input: data/aggregated/master_dataset.csv (12 rows)
[2026-06-28 09:19:51] [TASK_6] [INFO] Starting Label Builder (TASK 6)...
[2026-06-28 09:19:51] [TASK_6] [INFO] Loaded master dataset: 12 rows from data/aggregated/master_dataset.csv
[2026-06-28 09:19:51] [TASK_6] [INFO] Saved master with labels: 12 rows → data/aggregated/master_with_labels.csv
[2026-06-28 09:19:51] [TASK_6] [INFO] ============================================================
[2026-06-28 09:19:51] [TASK_6] [INFO] LABEL DISTRIBUTION ANALYSIS
[2026-06-28 09:19:51] [TASK_6] [INFO] ============================================================
[2026-06-28 09:19:51] [TASK_6] [INFO] Overall: label=1: 3 (33.3%), label=0: 6 (66.7%)
[2026-06-28 09:19:51] [TASK_6] [INFO] Distribution by year:
[2026-06-28 09:19:51] [TASK_6] [INFO]   2022: label=1: 3 (33.3%), label=0: 6 (66.7%)
[2026-06-28 09:19:51] [TASK_6] [INFO] Distribution by sector:
[2026-06-28 09:19:51] [TASK_6] [INFO]   Banking: label=1: 0 (0.0%), label=0: 3 (100.0%)
[2026-06-28 09:19:51] [TASK_6] [INFO]   Consumer/Food: label=1: 2 (66.7%), label=0: 1 (33.3%)
[2026-06-28 09:19:51] [TASK_6] [INFO]   Tech/Telecom: label=1: 1 (33.3%), label=0: 2 (66.7%)
[2026-06-28 09:19:51] [TASK_6] [WARNING] CLASS IMBALANCE WARNING: Minority class ratio = 33.3% (< 35%). Consider using class_weight='balanced' or adjusting the label threshold during model training.
[2026-06-28 09:19:51] [TASK_6] [INFO] ============================================================
[2026-06-28 09:19:51] [TASK_6] [INFO] Label distribution chart saved to reports/label_distribution.png
[2026-06-28 09:19:51] [TASK_6] [INFO] TASK 6 complete.
[2026-06-28 09:19:51] [TASK_6] [INFO] ------------------------------------------------------------
[2026-06-28 09:19:51] [TASK_6] [INFO] END TASK_6 — completed in 0.4 seconds
[2026-06-28 09:19:51] [TASK_6] [INFO] Output: data/aggregated/master_with_labels.csv (12 rows)
[2026-06-28 09:19:51] [TASK_6] [INFO] ============================================================
[2026-06-28 09:29:58] [TASK_6] [INFO] ============================================================
[2026-06-28 09:29:58] [TASK_6] [INFO] START TASK_6: Label Building (binary classification labels)
[2026-06-28 09:29:58] [TASK_6] [INFO] Timestamp: 2026-06-28T09:29:58.346577
[2026-06-28 09:29:58] [TASK_6] [INFO] ============================================================
[2026-06-28 09:29:58] [TASK_6] [INFO] Input: data/aggregated/master_dataset.csv (12 rows)
[2026-06-28 09:29:58] [TASK_6] [INFO] ------------------------------------------------------------
[2026-06-28 09:29:58] [TASK_6] [INFO] END TASK_6 — completed in 0.0 seconds
[2026-06-28 09:29:58] [TASK_6] [INFO] ============================================================
[2026-06-28 09:29:58] [TASK_6] [INFO] ============================================================
[2026-06-28 09:29:58] [TASK_6] [INFO] START TASK_6: Label Building (binary classification labels)
[2026-06-28 09:29:58] [TASK_6] [INFO] Timestamp: 2026-06-28T09:29:58.529208
[2026-06-28 09:29:58] [TASK_6] [INFO] ============================================================
[2026-06-28 09:29:58] [TASK_6] [INFO] Input: data/aggregated/master_dataset.csv (12 rows)
[2026-06-28 09:29:58] [TASK_6] [INFO] ------------------------------------------------------------
[2026-06-28 09:29:58] [TASK_6] [INFO] END TASK_6 — completed in 0.0 seconds
[2026-06-28 09:29:58] [TASK_6] [INFO] ============================================================
[2026-06-28 10:35:14] [TASK_6] [INFO] ============================================================
[2026-06-28 10:35:14] [TASK_6] [INFO] START TASK_6: Label Building (binary classification labels)
[2026-06-28 10:35:14] [TASK_6] [INFO] Timestamp: 2026-06-28T10:35:14.658194
[2026-06-28 10:35:14] [TASK_6] [INFO] ============================================================
[2026-06-28 10:35:14] [TASK_6] [INFO] Input: data/aggregated/master_dataset.csv (536 rows)
[2026-06-28 10:35:14] [TASK_6] [INFO] Starting Label Builder (TASK 6)...
[2026-06-28 10:35:14] [TASK_6] [INFO] Loaded master dataset: 536 rows from data/aggregated/master_dataset.csv
[2026-06-28 10:35:14] [TASK_6] [INFO] Saved master with labels: 536 rows → data/aggregated/master_with_labels.csv
[2026-06-28 10:35:14] [TASK_6] [INFO] ============================================================
[2026-06-28 10:35:14] [TASK_6] [INFO] LABEL DISTRIBUTION ANALYSIS
[2026-06-28 10:35:14] [TASK_6] [INFO] ============================================================
[2026-06-28 10:35:14] [TASK_6] [INFO] Overall: label=1: 254 (50.2%), label=0: 252 (49.8%)
[2026-06-28 10:35:14] [TASK_6] [INFO] Distribution by year:
[2026-06-28 10:35:14] [TASK_6] [INFO]   2022: label=1: 36 (30.5%), label=0: 82 (69.5%)
[2026-06-28 10:35:14] [TASK_6] [INFO]   2023: label=1: 72 (60.5%), label=0: 47 (39.5%)
[2026-06-28 10:35:14] [TASK_6] [INFO]   2024: label=1: 67 (56.3%), label=0: 52 (43.7%)
[2026-06-28 10:35:14] [TASK_6] [INFO]   2025: label=1: 71 (59.2%), label=0: 49 (40.8%)
[2026-06-28 10:35:14] [TASK_6] [INFO]   2026: label=1: 8 (26.7%), label=0: 22 (73.3%)
[2026-06-28 10:35:14] [TASK_6] [INFO] Distribution by sector:
[2026-06-28 10:35:14] [TASK_6] [INFO]   Banking: label=1: 117 (53.2%), label=0: 103 (46.8%)
[2026-06-28 10:35:14] [TASK_6] [INFO]   Consumer/Food: label=1: 24 (48.0%), label=0: 26 (52.0%)
[2026-06-28 10:35:14] [TASK_6] [INFO]   Energy/Resources: label=1: 30 (44.8%), label=0: 37 (55.2%)
[2026-06-28 10:35:14] [TASK_6] [INFO]   Finance/Insurance: label=1: 19 (55.9%), label=0: 15 (44.1%)
[2026-06-28 10:35:14] [TASK_6] [INFO]   Industrial: label=1: 9 (52.9%), label=0: 8 (47.1%)
[2026-06-28 10:35:14] [TASK_6] [INFO]   Other: label=1: 12 (35.3%), label=0: 22 (64.7%)
[2026-06-28 10:35:14] [TASK_6] [INFO]   Real Estate: label=1: 32 (47.8%), label=0: 35 (52.2%)
[2026-06-28 10:35:14] [TASK_6] [INFO]   Tech/Telecom: label=1: 11 (64.7%), label=0: 6 (35.3%)
[2026-06-28 10:35:14] [TASK_6] [INFO] ============================================================
[2026-06-28 10:35:15] [TASK_6] [INFO] Label distribution chart saved to reports/label_distribution.png
[2026-06-28 10:35:15] [TASK_6] [INFO] TASK 6 complete.
[2026-06-28 10:35:15] [TASK_6] [INFO] ------------------------------------------------------------
[2026-06-28 10:35:15] [TASK_6] [INFO] END TASK_6 — completed in 0.7 seconds
[2026-06-28 10:35:15] [TASK_6] [INFO] Output: data/aggregated/master_with_labels.csv (536 rows)
[2026-06-28 10:35:15] [TASK_6] [INFO] ============================================================
[2026-06-28 10:40:15] [TASK_6] [INFO] ============================================================
[2026-06-28 10:40:15] [TASK_6] [INFO] START TASK_6: Label Building (binary classification labels)
[2026-06-28 10:40:15] [TASK_6] [INFO] Timestamp: 2026-06-28T10:40:15.510711
[2026-06-28 10:40:15] [TASK_6] [INFO] ============================================================
[2026-06-28 10:40:15] [TASK_6] [INFO] Input: data/aggregated/master_dataset.csv (536 rows)
[2026-06-28 10:40:15] [TASK_6] [INFO] ------------------------------------------------------------
[2026-06-28 10:40:15] [TASK_6] [INFO] END TASK_6 — completed in 0.0 seconds
[2026-06-28 10:40:15] [TASK_6] [INFO] ============================================================
[2026-06-28 10:40:15] [TASK_6] [INFO] ============================================================
[2026-06-28 10:40:15] [TASK_6] [INFO] START TASK_6: Label Building (binary classification labels)
[2026-06-28 10:40:15] [TASK_6] [INFO] Timestamp: 2026-06-28T10:40:15.765048
[2026-06-28 10:40:15] [TASK_6] [INFO] ============================================================
[2026-06-28 10:40:15] [TASK_6] [INFO] Input: data/aggregated/master_dataset.csv (536 rows)
[2026-06-28 10:40:15] [TASK_6] [INFO] ------------------------------------------------------------
[2026-06-28 10:40:15] [TASK_6] [INFO] END TASK_6 — completed in 0.0 seconds
[2026-06-28 10:40:15] [TASK_6] [INFO] ============================================================
[2026-06-28 11:15:37] [TASK_6] [INFO] ============================================================
[2026-06-28 11:15:37] [TASK_6] [INFO] START TASK_6: Label Building (binary classification labels)
[2026-06-28 11:15:37] [TASK_6] [INFO] Timestamp: 2026-06-28T11:15:37.748249
[2026-06-28 11:15:37] [TASK_6] [INFO] ============================================================
[2026-06-28 11:15:37] [TASK_6] [INFO] Input: data/aggregated/master_dataset.csv (536 rows)
[2026-06-28 11:15:37] [TASK_6] [INFO] Starting Label Builder (TASK 6)...
[2026-06-28 11:15:37] [TASK_6] [INFO] Loaded master dataset: 536 rows from data/aggregated/master_dataset.csv
[2026-06-28 11:15:37] [TASK_6] [INFO] Saved master with labels: 536 rows → data/aggregated/master_with_labels.csv
[2026-06-28 11:15:37] [TASK_6] [INFO] ============================================================
[2026-06-28 11:15:37] [TASK_6] [INFO] LABEL DISTRIBUTION ANALYSIS
[2026-06-28 11:15:37] [TASK_6] [INFO] ============================================================
[2026-06-28 11:15:37] [TASK_6] [INFO] Overall: label=1: 254 (50.2%), label=0: 252 (49.8%)
[2026-06-28 11:15:37] [TASK_6] [INFO] Distribution by year:
[2026-06-28 11:15:37] [TASK_6] [INFO]   2022: label=1: 36 (30.5%), label=0: 82 (69.5%)
[2026-06-28 11:15:37] [TASK_6] [INFO]   2023: label=1: 72 (60.5%), label=0: 47 (39.5%)
[2026-06-28 11:15:37] [TASK_6] [INFO]   2024: label=1: 67 (56.3%), label=0: 52 (43.7%)
[2026-06-28 11:15:37] [TASK_6] [INFO]   2025: label=1: 71 (59.2%), label=0: 49 (40.8%)
[2026-06-28 11:15:37] [TASK_6] [INFO]   2026: label=1: 8 (26.7%), label=0: 22 (73.3%)
[2026-06-28 11:15:37] [TASK_6] [INFO] Distribution by sector:
[2026-06-28 11:15:37] [TASK_6] [INFO]   Banking: label=1: 117 (53.2%), label=0: 103 (46.8%)
[2026-06-28 11:15:37] [TASK_6] [INFO]   Consumer/Food: label=1: 24 (48.0%), label=0: 26 (52.0%)
[2026-06-28 11:15:37] [TASK_6] [INFO]   Energy/Resources: label=1: 30 (44.8%), label=0: 37 (55.2%)
[2026-06-28 11:15:37] [TASK_6] [INFO]   Finance/Insurance: label=1: 19 (55.9%), label=0: 15 (44.1%)
[2026-06-28 11:15:37] [TASK_6] [INFO]   Industrial: label=1: 9 (52.9%), label=0: 8 (47.1%)
[2026-06-28 11:15:37] [TASK_6] [INFO]   Other: label=1: 12 (35.3%), label=0: 22 (64.7%)
[2026-06-28 11:15:37] [TASK_6] [INFO]   Real Estate: label=1: 32 (47.8%), label=0: 35 (52.2%)
[2026-06-28 11:15:37] [TASK_6] [INFO]   Tech/Telecom: label=1: 11 (64.7%), label=0: 6 (35.3%)
[2026-06-28 11:15:37] [TASK_6] [INFO] ============================================================
[2026-06-28 11:15:38] [TASK_6] [INFO] Label distribution chart saved to reports/label_distribution.png
[2026-06-28 11:15:38] [TASK_6] [INFO] TASK 6 complete.
[2026-06-28 11:15:38] [TASK_6] [INFO] ------------------------------------------------------------
[2026-06-28 11:15:38] [TASK_6] [INFO] END TASK_6 — completed in 0.7 seconds
[2026-06-28 11:15:38] [TASK_6] [INFO] Output: data/aggregated/master_with_labels.csv (536 rows)
[2026-06-28 11:15:38] [TASK_6] [INFO] ============================================================
