[2026-06-29 11:37:56] [TASK_2] [INFO] ============================================================
[2026-06-29 11:37:56] [TASK_2] [INFO] START TASK_2: News Scraping (CafeF, Vietstock, TNCK)
[2026-06-29 11:37:56] [TASK_2] [INFO] Timestamp: 2026-06-29T11:37:56.333947
[2026-06-29 11:37:56] [TASK_2] [INFO] ============================================================
[2026-06-29 11:37:56] [TASK_2] [INFO] ------------------------------------------------------------
[2026-06-29 11:37:56] [TASK_2] [INFO] END TASK_2 — completed in 0.0 seconds
[2026-06-29 11:37:56] [TASK_2] [INFO] ============================================================
[2026-06-29 11:37:56] [TASK_2] [INFO] ============================================================
[2026-06-29 11:37:56] [TASK_2] [INFO] START TASK_2: News Scraping (CafeF, Vietstock, TNCK)
[2026-06-29 11:37:56] [TASK_2] [INFO] Timestamp: 2026-06-29T11:37:56.841524
[2026-06-29 11:37:56] [TASK_2] [INFO] ============================================================
[2026-06-29 11:37:56] [TASK_2] [INFO] ------------------------------------------------------------
[2026-06-29 11:37:56] [TASK_2] [INFO] END TASK_2 — completed in 0.0 seconds
[2026-06-29 11:37:56] [TASK_2] [INFO] ============================================================
[2026-06-29 11:38:08] [TASK_2] [WARNING] Request failed for https://cafef.vn/test (attempt 1/3): Connection refused
[2026-06-29 11:38:08] [TASK_2] [INFO] Retrying in 1s…
[2026-06-29 11:38:08] [TASK_2] [WARNING] Request failed for https://cafef.vn/test (attempt 2/3): Connection refused
[2026-06-29 11:38:08] [TASK_2] [INFO] Retrying in 2s…
[2026-06-29 11:38:08] [TASK_2] [WARNING] Request failed for https://cafef.vn/test (attempt 3/3): Connection refused
[2026-06-29 11:38:08] [TASK_2] [ERROR] All 3 attempts failed for https://cafef.vn/test. Skipping.
[2026-06-29 11:38:08] [TASK_2] [WARNING] Request failed for https://cafef.vn/test (attempt 1/3): timeout
[2026-06-29 11:38:08] [TASK_2] [INFO] Retrying in 1s…
[2026-06-29 11:38:08] [TASK_2] [WARNING] Request failed for https://cafef.vn/test (attempt 1/3): 503 Service Unavailable
[2026-06-29 11:38:08] [TASK_2] [INFO] Retrying in 1s…
[2026-06-29 11:38:08] [TASK_2] [WARNING] Request failed for https://cafef.vn/test (attempt 2/3): 503 Service Unavailable
[2026-06-29 11:38:08] [TASK_2] [INFO] Retrying in 2s…
[2026-06-29 11:38:08] [TASK_2] [WARNING] Request failed for https://cafef.vn/test (attempt 3/3): 503 Service Unavailable
[2026-06-29 11:38:08] [TASK_2] [ERROR] All 3 attempts failed for https://cafef.vn/test. Skipping.
[2026-06-29 11:38:08] [TASK_2] [WARNING] Missing required fields in article: https://cafef.vn/test.chn
[2026-06-29 11:38:08] [TASK_2] [WARNING] Missing required fields in article: ?
[2026-06-29 11:38:08] [TASK_2] [WARNING] Missing required fields in article: https://cafef.vn/test.chn
[2026-06-29 11:38:08] [TASK_2] [INFO] Saved 1 rows to C:\Users\User\AppData\Local\Temp\pytest-of-User\pytest-172\test_writes_csv_correctly0\output.csv
[2026-06-29 11:38:08] [TASK_2] [INFO] Saved 1 rows to C:\Users\User\AppData\Local\Temp\pytest-of-User\pytest-172\test_no_temp_file_left_behind0\output.csv
[2026-06-29 11:38:08] [TASK_2] [INFO] Saved 1 rows to C:\Users\User\AppData\Local\Temp\pytest-of-User\pytest-172\test_creates_parent_directorie0\sub\dir\output.csv
[2026-06-29 11:38:08] [TASK_2] [WARNING] Could not parse CafeF date: not a date
[2026-06-29 11:38:08] [TASK_2] [INFO] CafeF: collected 2 articles for VNM
[2026-06-29 11:38:08] [TASK_2] [INFO] CafeF: collected 0 articles for VNM
[2026-06-29 11:38:08] [TASK_2] [WARNING] Failed to fetch CafeF API (NewsType=1) page 1 for VNM. Stopping this NewsType.
[2026-06-29 11:38:08] [TASK_2] [WARNING] Failed to fetch CafeF API (NewsType=2) page 1 for VNM. Stopping this NewsType.
[2026-06-29 11:38:08] [TASK_2] [INFO] CafeF: collected 0 articles for VNM
[2026-06-29 11:38:08] [TASK_2] [INFO] CafeF: collected 1 articles for VNM
[2026-06-29 11:38:08] [TASK_2] [INFO] CafeF: collected 2 articles for FPT
[2026-06-29 11:38:08] [TASK_2] [WARNING] Failed to fetch CafeF API (NewsType=1) page 1 for VNM. Stopping this NewsType.
[2026-06-29 11:38:08] [TASK_2] [WARNING] Failed to fetch CafeF API (NewsType=2) page 1 for VNM. Stopping this NewsType.
[2026-06-29 11:38:08] [TASK_2] [INFO] CafeF: collected 0 articles for VNM
[2026-06-29 11:38:08] [TASK_2] [WARNING] Could not parse CafeF date: garbage
[2026-06-29 11:38:08] [TASK_2] [INFO] Scraping cafef for ticker=VNM from 2022-01-01 (existing URLs: 126)
[2026-06-29 11:38:08] [TASK_2] [INFO] No new articles for cafef/VNM — nothing written to data/news/cafef/VNM_cafef.csv.
[2026-06-29 11:38:08] [TASK_2] [WARNING] Could not parse Vietstock date: 2 giờ trước
[2026-06-29 11:38:08] [TASK_2] [INFO] Vietstock: login wall detected — collecting only publicly visible title and summary (Req 2.3).
[2026-06-29 11:38:08] [TASK_2] [INFO] Vietstock paging for VNM: 0 articles
[2026-06-29 11:38:08] [TASK_2] [INFO] Vietstock: collected 2 articles for VNM
[2026-06-29 11:38:08] [TASK_2] [WARNING] Vietstock paging: failed to fetch page 1 for VNM. Stopping.
[2026-06-29 11:38:08] [TASK_2] [INFO] Vietstock paging for VNM: 0 articles
[2026-06-29 11:38:08] [TASK_2] [INFO] Vietstock latest-news yielded no articles for VNM. Trying tag-search fallback.
[2026-06-29 11:38:08] [TASK_2] [WARNING] Failed to fetch Vietstock tag page 1 for VNM. Stopping pagination.
[2026-06-29 11:38:08] [TASK_2] [INFO] Vietstock: collected 0 articles for VNM
[2026-06-29 11:38:08] [TASK_2] [INFO] Vietstock paging for VNM: 0 articles
[2026-06-29 11:38:08] [TASK_2] [INFO] Vietstock: collected 1 articles for VNM
[2026-06-29 11:38:08] [TASK_2] [INFO] Vietstock paging for FPT: 0 articles
[2026-06-29 11:38:08] [TASK_2] [INFO] Vietstock latest-news yielded no articles for FPT. Trying tag-search fallback.
[2026-06-29 11:38:08] [TASK_2] [INFO] Vietstock: collected 1 articles for FPT
[2026-06-29 11:38:08] [TASK_2] [WARNING] Vietstock paging: failed to fetch page 1 for VNM. Stopping.
[2026-06-29 11:38:08] [TASK_2] [INFO] Vietstock paging for VNM: 0 articles
[2026-06-29 11:38:08] [TASK_2] [INFO] Vietstock latest-news yielded no articles for VNM. Trying tag-search fallback.
[2026-06-29 11:38:08] [TASK_2] [WARNING] Failed to fetch Vietstock tag page 1 for VNM. Stopping pagination.
[2026-06-29 11:38:08] [TASK_2] [INFO] Vietstock: collected 0 articles for VNM
[2026-06-29 11:38:08] [TASK_2] [INFO] Vietstock paging for VNM: 0 articles
[2026-06-29 11:38:08] [TASK_2] [INFO] Vietstock latest-news yielded no articles for VNM. Trying tag-search fallback.
[2026-06-29 11:38:08] [TASK_2] [INFO] Vietstock: collected 0 articles for VNM
[2026-06-29 11:38:08] [TASK_2] [INFO] Scraping vietstock for ticker=VNM from 2022-01-01 (existing URLs: 153)
[2026-06-29 11:38:08] [TASK_2] [INFO] No new articles for vietstock/VNM — nothing written to data/news/vietstock/VNM_vietstock.csv.
[2026-06-29 11:38:08] [TASK_2] [WARNING] Could not parse TNCK date: 2 giờ trước
[2026-06-29 11:38:08] [TASK_2] [INFO] ============================================================
[2026-06-29 11:38:08] [TASK_2] [INFO] TNCK MONTHLY ARTICLE COUNT REPORT
[2026-06-29 11:38:08] [TASK_2] [INFO] ============================================================
[2026-06-29 11:38:08] [TASK_2] [INFO]   2024-01: 3 articles
[2026-06-29 11:38:08] [TASK_2] [INFO]   2024-02: 2 articles
[2026-06-29 11:38:08] [TASK_2] [INFO]   2024-03: 1 articles
[2026-06-29 11:38:08] [TASK_2] [INFO] ------------------------------------------------------------
[2026-06-29 11:38:08] [TASK_2] [INFO] Total: 6 articles across 3 months
[2026-06-29 11:38:08] [TASK_2] [INFO] Average: 2.0 articles/month
[2026-06-29 11:38:08] [TASK_2] [INFO] ============================================================
[2026-06-29 11:38:08] [TASK_2] [INFO] TNCK monthly report: no articles to report.
[2026-06-29 11:38:08] [TASK_2] [INFO] TNCK monthly report: no articles with valid dates.
[2026-06-29 11:38:08] [TASK_2] [INFO] TNCK: searching by VN30 ticker symbols…
[2026-06-29 11:38:08] [TASK_2] [INFO] TNCK search 'ACB': 1 new articles
[2026-06-29 11:38:08] [TASK_2] [INFO] TNCK: collected 1 total articles
[2026-06-29 11:38:08] [TASK_2] [INFO] ============================================================
[2026-06-29 11:38:08] [TASK_2] [INFO] TNCK MONTHLY ARTICLE COUNT REPORT
[2026-06-29 11:38:08] [TASK_2] [INFO] ============================================================
[2026-06-29 11:38:08] [TASK_2] [INFO]   2024-01: 1 articles
[2026-06-29 11:38:08] [TASK_2] [INFO] ------------------------------------------------------------
[2026-06-29 11:38:08] [TASK_2] [INFO] Total: 1 articles across 1 months
[2026-06-29 11:38:08] [TASK_2] [INFO] Average: 1.0 articles/month
[2026-06-29 11:38:08] [TASK_2] [INFO] ============================================================
[2026-06-29 11:38:08] [TASK_2] [INFO] TNCK: searching by VN30 ticker symbols…
[2026-06-29 11:38:08] [TASK_2] [WARNING] Failed to fetch TNCK search page 1 for query 'ACB'. Stopping pagination.
[2026-06-29 11:38:08] [TASK_2] [WARNING] Failed to fetch TNCK search page 1 for query 'BCM'. Stopping pagination.
[2026-06-29 11:38:08] [TASK_2] [WARNING] Failed to fetch TNCK search page 1 for query 'BID'. Stopping pagination.
[2026-06-29 11:38:08] [TASK_2] [WARNING] Failed to fetch TNCK search page 1 for query 'BVH'. Stopping pagination.
[2026-06-29 11:38:08] [TASK_2] [WARNING] Failed to fetch TNCK search page 1 for query 'CTG'. Stopping pagination.
[2026-06-29 11:38:08] [TASK_2] [WARNING] Failed to fetch TNCK search page 1 for query 'FPT'. Stopping pagination.
[2026-06-29 11:38:08] [TASK_2] [WARNING] Failed to fetch TNCK search page 1 for query 'GAS'. Stopping pagination.
[2026-06-29 11:38:08] [TASK_2] [WARNING] Failed to fetch TNCK search page 1 for query 'GVR'. Stopping pagination.
[2026-06-29 11:38:08] [TASK_2] [WARNING] Failed to fetch TNCK search page 1 for query 'HDB'. Stopping pagination.
[2026-06-29 11:38:08] [TASK_2] [WARNING] Failed to fetch TNCK search page 1 for query 'HPG'. Stopping pagination.
[2026-06-29 11:38:08] [TASK_2] [WARNING] Failed to fetch TNCK search page 1 for query 'MBB'. Stopping pagination.
[2026-06-29 11:38:08] [TASK_2] [WARNING] Failed to fetch TNCK search page 1 for query 'MSN'. Stopping pagination.
[2026-06-29 11:38:08] [TASK_2] [WARNING] Failed to fetch TNCK search page 1 for query 'MWG'. Stopping pagination.
[2026-06-29 11:38:08] [TASK_2] [WARNING] Failed to fetch TNCK search page 1 for query 'PLX'. Stopping pagination.
[2026-06-29 11:38:08] [TASK_2] [WARNING] Failed to fetch TNCK search page 1 for query 'POW'. Stopping pagination.
[2026-06-29 11:38:08] [TASK_2] [WARNING] Failed to fetch TNCK search page 1 for query 'SAB'. Stopping pagination.
[2026-06-29 11:38:08] [TASK_2] [WARNING] Failed to fetch TNCK search page 1 for query 'SHB'. Stopping pagination.
[2026-06-29 11:38:08] [TASK_2] [WARNING] Failed to fetch TNCK search page 1 for query 'SSB'. Stopping pagination.
[2026-06-29 11:38:08] [TASK_2] [WARNING] Failed to fetch TNCK search page 1 for query 'SSI'. Stopping pagination.
[2026-06-29 11:38:08] [TASK_2] [WARNING] Failed to fetch TNCK search page 1 for query 'STB'. Stopping pagination.
[2026-06-29 11:38:08] [TASK_2] [WARNING] Failed to fetch TNCK search page 1 for query 'TCB'. Stopping pagination.
[2026-06-29 11:38:08] [TASK_2] [WARNING] Failed to fetch TNCK search page 1 for query 'TPB'. Stopping pagination.
[2026-06-29 11:38:08] [TASK_2] [WARNING] Failed to fetch TNCK search page 1 for query 'VCB'. Stopping pagination.
[2026-06-29 11:38:08] [TASK_2] [WARNING] Failed to fetch TNCK search page 1 for query 'VHM'. Stopping pagination.
[2026-06-29 11:38:08] [TASK_2] [WARNING] Failed to fetch TNCK search page 1 for query 'VIB'. Stopping pagination.
[2026-06-29 11:38:08] [TASK_2] [WARNING] Failed to fetch TNCK search page 1 for query 'VIC'. Stopping pagination.
[2026-06-29 11:38:08] [TASK_2] [WARNING] Failed to fetch TNCK search page 1 for query 'VJC'. Stopping pagination.
[2026-06-29 11:38:08] [TASK_2] [WARNING] Failed to fetch TNCK search page 1 for query 'VNM'. Stopping pagination.
[2026-06-29 11:38:08] [TASK_2] [WARNING] Failed to fetch TNCK search page 1 for query 'VPB'. Stopping pagination.
[2026-06-29 11:38:08] [TASK_2] [WARNING] Failed to fetch TNCK search page 1 for query 'VRE'. Stopping pagination.
[2026-06-29 11:38:08] [TASK_2] [INFO] TNCK: collected 0 total articles
[2026-06-29 11:38:08] [TASK_2] [INFO] TNCK: searching by VN30 ticker symbols…
[2026-06-29 11:38:08] [TASK_2] [INFO] TNCK search 'ACB': 1 new articles
[2026-06-29 11:38:08] [TASK_2] [INFO] TNCK: collected 1 total articles
[2026-06-29 11:38:08] [TASK_2] [INFO] ============================================================
[2026-06-29 11:38:08] [TASK_2] [INFO] TNCK MONTHLY ARTICLE COUNT REPORT
[2026-06-29 11:38:08] [TASK_2] [INFO] ============================================================
[2026-06-29 11:38:08] [TASK_2] [INFO]   2024-01: 1 articles
[2026-06-29 11:38:08] [TASK_2] [INFO] ------------------------------------------------------------
[2026-06-29 11:38:08] [TASK_2] [INFO] Total: 1 articles across 1 months
[2026-06-29 11:38:08] [TASK_2] [INFO] Average: 1.0 articles/month
[2026-06-29 11:38:08] [TASK_2] [INFO] ============================================================
[2026-06-29 11:38:08] [TASK_2] [INFO] TNCK: searching by VN30 ticker symbols…
[2026-06-29 11:38:08] [TASK_2] [INFO] TNCK search 'ACB': 1 new articles
[2026-06-29 11:38:08] [TASK_2] [INFO] TNCK: collected 1 total articles
[2026-06-29 11:38:08] [TASK_2] [INFO] ============================================================
[2026-06-29 11:38:08] [TASK_2] [INFO] TNCK MONTHLY ARTICLE COUNT REPORT
[2026-06-29 11:38:08] [TASK_2] [INFO] ============================================================
[2026-06-29 11:38:08] [TASK_2] [INFO]   2024-01: 1 articles
[2026-06-29 11:38:08] [TASK_2] [INFO] ------------------------------------------------------------
[2026-06-29 11:38:08] [TASK_2] [INFO] Total: 1 articles across 1 months
[2026-06-29 11:38:08] [TASK_2] [INFO] Average: 1.0 articles/month
[2026-06-29 11:38:08] [TASK_2] [INFO] ============================================================
[2026-06-29 11:38:08] [TASK_2] [INFO] Scraping tnck for ticker=ALL from 2022-01-01 (existing URLs: 1161)
[2026-06-29 11:38:08] [TASK_2] [INFO] No new articles for tnck/ALL — nothing written to data/news/tnck/tnck_raw.csv.
[2026-06-29 11:38:08] [TASK_2] [WARNING] Failed to parse CafeF API JSON (NewsType=2) page 1 for VNM (URL: https://cafef.vn/du-lieu/Ajax/PageNew/News.ashx?Symbol=vnm&NewsType=2&PageIndex=1&PageSize=20): Simulated JSON parse failure. API format may have changed.
[2026-06-29 11:38:08] [TASK_2] [INFO] CafeF: collected 1 articles for VNM
[2026-06-29 11:38:08] [TASK_2] [INFO] CafeF: collected 1 articles for VNM
[2026-06-29 11:38:08] [TASK_2] [INFO] Vietstock paging for VNM: 0 articles
[2026-06-29 11:38:08] [TASK_2] [WARNING] Failed to parse Vietstock latest-news for VNM (URL: https://finance.vietstock.vn/VNM/tin-moi-nhat.htm): Simulated parse failure. Falling back to tag search. Selectors may need adjustment if page structure changed.
[2026-06-29 11:38:08] [TASK_2] [INFO] Vietstock latest-news yielded no articles for VNM. Trying tag-search fallback.
[2026-06-29 11:38:08] [TASK_2] [INFO] Vietstock: collected 1 articles for VNM
[2026-06-29 11:38:08] [TASK_2] [INFO] TNCK: searching by VN30 ticker symbols…
[2026-06-29 11:38:08] [TASK_2] [WARNING] Failed to parse TNCK search page 1 for query 'ACB' (URL: https://www.tinnhanhchungkhoan.vn/tim-kiem.html?q=ACB): Simulated HTML parse failure. Skipping page. HTML selectors may need adjustment if page structure changed.
[2026-06-29 11:38:08] [TASK_2] [INFO] TNCK: collected 0 total articles
[2026-06-29 11:38:08] [TASK_2] [INFO] ============================================================
[2026-06-29 11:38:08] [TASK_2] [INFO] SCRAPING REPORT — CAFEF
[2026-06-29 11:38:08] [TASK_2] [INFO] ============================================================
[2026-06-29 11:38:08] [TASK_2] [INFO]   FPT   : 1 articles (2024-02-01 to 2024-02-01)
[2026-06-29 11:38:08] [TASK_2] [INFO]   VNM   : 2 articles (2024-01-10 to 2024-03-15)
[2026-06-29 11:38:08] [TASK_2] [INFO] ------------------------------------------------------------
[2026-06-29 11:38:08] [TASK_2] [INFO] Total articles from CAFEF: 3
[2026-06-29 11:38:08] [TASK_2] [INFO] ============================================================
[2026-06-29 11:38:08] [TASK_2] [INFO] ============================================================
[2026-06-29 11:38:08] [TASK_2] [INFO] SCRAPING REPORT — CAFEF
[2026-06-29 11:38:08] [TASK_2] [INFO] ============================================================
[2026-06-29 11:38:08] [TASK_2] [INFO]   VNM   : 0 articles
[2026-06-29 11:38:08] [TASK_2] [INFO] ------------------------------------------------------------
[2026-06-29 11:38:08] [TASK_2] [INFO] Total articles from CAFEF: 0
[2026-06-29 11:38:08] [TASK_2] [INFO] ============================================================
[2026-06-29 11:38:08] [TASK_2] [INFO] ============================================================
[2026-06-29 11:38:08] [TASK_2] [INFO] SCRAPING REPORT — CAFEF
[2026-06-29 11:38:08] [TASK_2] [INFO] ============================================================
[2026-06-29 11:38:08] [TASK_2] [INFO]   VNM   : 2 articles (no valid dates)
[2026-06-29 11:38:08] [TASK_2] [INFO] ------------------------------------------------------------
[2026-06-29 11:38:08] [TASK_2] [INFO] Total articles from CAFEF: 2
[2026-06-29 11:38:08] [TASK_2] [INFO] ============================================================
[2026-06-29 11:38:08] [TASK_2] [INFO] ============================================================
[2026-06-29 11:38:08] [TASK_2] [INFO] SCRAPING REPORT — CAFEF
[2026-06-29 11:38:08] [TASK_2] [INFO] ============================================================
[2026-06-29 11:38:08] [TASK_2] [INFO]   VNM   : 3 articles (2024-01-10 to 2024-03-15)
[2026-06-29 11:38:08] [TASK_2] [INFO] ------------------------------------------------------------
[2026-06-29 11:38:08] [TASK_2] [INFO] Total articles from CAFEF: 3
[2026-06-29 11:38:08] [TASK_2] [INFO] ============================================================
[2026-06-29 11:38:08] [TASK_2] [INFO] ============================================================
[2026-06-29 11:38:08] [TASK_2] [INFO] SCRAPING REPORT — CAFEF
[2026-06-29 11:38:08] [TASK_2] [INFO] ============================================================
[2026-06-29 11:38:08] [TASK_2] [INFO] ------------------------------------------------------------
[2026-06-29 11:38:08] [TASK_2] [INFO] Total articles from CAFEF: 0
[2026-06-29 11:38:08] [TASK_2] [INFO] ============================================================
[2026-06-29 11:38:08] [TASK_2] [INFO] ============================================================
[2026-06-29 11:38:08] [TASK_2] [INFO] SCRAPING REPORT — CAFEF
[2026-06-29 11:38:08] [TASK_2] [INFO] ============================================================
[2026-06-29 11:38:08] [TASK_2] [INFO]   ACB   : 1 articles (2024-02-01 to 2024-02-01)
[2026-06-29 11:38:08] [TASK_2] [INFO]   FPT   : 1 articles (2024-03-01 to 2024-03-01)
[2026-06-29 11:38:08] [TASK_2] [INFO]   VNM   : 1 articles (2024-01-10 to 2024-01-10)
[2026-06-29 11:38:08] [TASK_2] [INFO] ------------------------------------------------------------
[2026-06-29 11:38:08] [TASK_2] [INFO] Total articles from CAFEF: 3
[2026-06-29 11:38:08] [TASK_2] [INFO] ============================================================
[2026-06-29 21:30:34] [TASK_2] [INFO] Scraping cafef for ticker=EIB from 2022-01-01 (existing URLs: 0)
[2026-06-29 21:30:54] [TASK_2] [INFO] CafeF: collected 384 articles for EIB
[2026-06-29 21:30:54] [TASK_2] [INFO] Saved 384 rows to data/news/cafef/EIB_cafef.csv
[2026-06-29 21:30:55] [TASK_2] [INFO] Scraping cafef for ticker=LPB from 2022-01-01 (existing URLs: 0)
[2026-06-29 21:31:34] [TASK_2] [INFO] CafeF: collected 766 articles for LPB
[2026-06-29 21:31:34] [TASK_2] [INFO] Saved 766 rows to data/news/cafef/LPB_cafef.csv
[2026-06-29 21:31:35] [TASK_2] [INFO] Scraping cafef for ticker=MSB from 2022-01-01 (existing URLs: 0)
[2026-06-29 21:31:56] [TASK_2] [INFO] CafeF: collected 388 articles for MSB
[2026-06-29 21:31:56] [TASK_2] [INFO] Saved 388 rows to data/news/cafef/MSB_cafef.csv
[2026-06-29 21:31:57] [TASK_2] [INFO] Scraping cafef for ticker=NAB from 2022-01-01 (existing URLs: 0)
[2026-06-29 21:32:12] [TASK_2] [INFO] CafeF: collected 286 articles for NAB
[2026-06-29 21:32:12] [TASK_2] [INFO] Saved 286 rows to data/news/cafef/NAB_cafef.csv
[2026-06-29 21:32:13] [TASK_2] [INFO] Scraping cafef for ticker=OCB from 2022-01-01 (existing URLs: 0)
[2026-06-29 21:32:35] [TASK_2] [INFO] CafeF: collected 409 articles for OCB
[2026-06-29 21:32:35] [TASK_2] [INFO] Saved 409 rows to data/news/cafef/OCB_cafef.csv
[2026-06-29 21:32:36] [TASK_2] [INFO] Scraping cafef for ticker=PGB from 2022-01-01 (existing URLs: 0)
[2026-06-29 21:32:48] [TASK_2] [INFO] CafeF: collected 209 articles for PGB
[2026-06-29 21:32:48] [TASK_2] [INFO] Saved 209 rows to data/news/cafef/PGB_cafef.csv
[2026-06-29 21:32:49] [TASK_2] [INFO] Scraping cafef for ticker=VBB from 2022-01-01 (existing URLs: 0)
[2026-06-29 21:33:07] [TASK_2] [INFO] CafeF: collected 347 articles for VBB
[2026-06-29 21:33:07] [TASK_2] [INFO] Saved 347 rows to data/news/cafef/VBB_cafef.csv
[2026-06-29 21:33:08] [TASK_2] [INFO] Scraping cafef for ticker=BVB from 2022-01-01 (existing URLs: 0)
[2026-06-29 21:33:26] [TASK_2] [INFO] CafeF: collected 313 articles for BVB
[2026-06-29 21:33:26] [TASK_2] [INFO] Saved 313 rows to data/news/cafef/BVB_cafef.csv
[2026-06-29 21:33:27] [TASK_2] [INFO] Scraping cafef for ticker=ABB from 2022-01-01 (existing URLs: 0)
[2026-06-29 21:33:39] [TASK_2] [INFO] CafeF: collected 236 articles for ABB
[2026-06-29 21:33:39] [TASK_2] [INFO] Saved 236 rows to data/news/cafef/ABB_cafef.csv
[2026-06-29 21:33:40] [TASK_2] [INFO] Scraping cafef for ticker=KLB from 2022-01-01 (existing URLs: 0)
[2026-06-29 21:33:49] [TASK_2] [INFO] CafeF: collected 171 articles for KLB
[2026-06-29 21:33:49] [TASK_2] [INFO] Saved 171 rows to data/news/cafef/KLB_cafef.csv
[2026-06-29 21:33:50] [TASK_2] [INFO] Scraping cafef for ticker=BAB from 2022-01-01 (existing URLs: 0)
[2026-06-29 21:34:04] [TASK_2] [INFO] CafeF: collected 258 articles for BAB
[2026-06-29 21:34:04] [TASK_2] [INFO] Saved 258 rows to data/news/cafef/BAB_cafef.csv
[2026-06-29 21:34:05] [TASK_2] [INFO] Scraping cafef for ticker=VCI from 2022-01-01 (existing URLs: 0)
[2026-06-29 21:34:20] [TASK_2] [INFO] CafeF: collected 282 articles for VCI
[2026-06-29 21:34:20] [TASK_2] [INFO] Saved 282 rows to data/news/cafef/VCI_cafef.csv
[2026-06-29 21:34:21] [TASK_2] [INFO] Scraping cafef for ticker=HCM from 2022-01-01 (existing URLs: 0)
[2026-06-29 21:34:34] [TASK_2] [INFO] CafeF: collected 219 articles for HCM
[2026-06-29 21:34:34] [TASK_2] [INFO] Saved 219 rows to data/news/cafef/HCM_cafef.csv
[2026-06-29 21:34:35] [TASK_2] [INFO] Scraping cafef for ticker=VND from 2022-01-01 (existing URLs: 0)
[2026-06-29 21:35:01] [TASK_2] [INFO] CafeF: collected 500 articles for VND
[2026-06-29 21:35:01] [TASK_2] [INFO] Saved 500 rows to data/news/cafef/VND_cafef.csv
[2026-06-29 21:35:02] [TASK_2] [INFO] Scraping cafef for ticker=MBS from 2022-01-01 (existing URLs: 0)
[2026-06-29 21:35:11] [TASK_2] [INFO] CafeF: collected 179 articles for MBS
[2026-06-29 21:35:11] [TASK_2] [INFO] Saved 179 rows to data/news/cafef/MBS_cafef.csv
[2026-06-29 21:35:12] [TASK_2] [INFO] Scraping cafef for ticker=BSI from 2022-01-01 (existing URLs: 0)
[2026-06-29 21:35:39] [TASK_2] [INFO] CafeF: collected 195 articles for BSI
[2026-06-29 21:35:39] [TASK_2] [INFO] Saved 195 rows to data/news/cafef/BSI_cafef.csv
[2026-06-29 21:35:40] [TASK_2] [INFO] Scraping cafef for ticker=KDH from 2022-01-01 (existing URLs: 0)
[2026-06-29 21:35:50] [TASK_2] [INFO] CafeF: collected 174 articles for KDH
[2026-06-29 21:35:50] [TASK_2] [INFO] Saved 174 rows to data/news/cafef/KDH_cafef.csv
[2026-06-29 21:35:51] [TASK_2] [INFO] Scraping cafef for ticker=NVL from 2022-01-01 (existing URLs: 0)
[2026-06-29 21:36:20] [TASK_2] [INFO] CafeF: collected 547 articles for NVL
[2026-06-29 21:36:20] [TASK_2] [INFO] Saved 547 rows to data/news/cafef/NVL_cafef.csv
[2026-06-29 21:36:21] [TASK_2] [INFO] Scraping cafef for ticker=DXG from 2022-01-01 (existing URLs: 0)
[2026-06-29 21:36:33] [TASK_2] [INFO] CafeF: collected 211 articles for DXG
[2026-06-29 21:36:33] [TASK_2] [INFO] Saved 211 rows to data/news/cafef/DXG_cafef.csv
[2026-06-29 21:36:34] [TASK_2] [INFO] Scraping cafef for ticker=PDR from 2022-01-01 (existing URLs: 0)
[2026-06-29 21:36:49] [TASK_2] [INFO] CafeF: collected 283 articles for PDR
[2026-06-29 21:36:49] [TASK_2] [INFO] Saved 283 rows to data/news/cafef/PDR_cafef.csv
[2026-06-29 21:36:50] [TASK_2] [INFO] Scraping cafef for ticker=NLG from 2022-01-01 (existing URLs: 0)
[2026-06-29 21:37:00] [TASK_2] [INFO] CafeF: collected 194 articles for NLG
[2026-06-29 21:37:00] [TASK_2] [INFO] Saved 194 rows to data/news/cafef/NLG_cafef.csv
[2026-06-29 21:37:01] [TASK_2] [INFO] Scraping cafef for ticker=DIG from 2022-01-01 (existing URLs: 0)
[2026-06-29 21:37:18] [TASK_2] [INFO] CafeF: collected 299 articles for DIG
[2026-06-29 21:37:18] [TASK_2] [INFO] Saved 299 rows to data/news/cafef/DIG_cafef.csv
[2026-06-29 21:37:19] [TASK_2] [INFO] Scraping cafef for ticker=HDG from 2022-01-01 (existing URLs: 0)
[2026-06-29 21:37:28] [TASK_2] [INFO] CafeF: collected 157 articles for HDG
[2026-06-29 21:37:28] [TASK_2] [INFO] Saved 157 rows to data/news/cafef/HDG_cafef.csv
[2026-06-29 21:37:29] [TASK_2] [INFO] Scraping cafef for ticker=VCG from 2022-01-01 (existing URLs: 0)
[2026-06-29 21:37:38] [TASK_2] [INFO] CafeF: collected 151 articles for VCG
[2026-06-29 21:37:38] [TASK_2] [INFO] Saved 151 rows to data/news/cafef/VCG_cafef.csv
[2026-06-29 21:37:39] [TASK_2] [INFO] Scraping cafef for ticker=SCR from 2022-01-01 (existing URLs: 0)
[2026-06-29 21:37:48] [TASK_2] [INFO] CafeF: collected 166 articles for SCR
[2026-06-29 21:37:48] [TASK_2] [INFO] Saved 166 rows to data/news/cafef/SCR_cafef.csv
[2026-06-29 21:37:49] [TASK_2] [INFO] Scraping cafef for ticker=HSG from 2022-01-01 (existing URLs: 0)
[2026-06-29 21:38:00] [TASK_2] [INFO] CafeF: collected 199 articles for HSG
[2026-06-29 21:38:00] [TASK_2] [INFO] Saved 199 rows to data/news/cafef/HSG_cafef.csv
[2026-06-29 21:38:02] [TASK_2] [INFO] Scraping cafef for ticker=NKG from 2022-01-01 (existing URLs: 0)
[2026-06-29 21:38:11] [TASK_2] [INFO] CafeF: collected 160 articles for NKG
[2026-06-29 21:38:11] [TASK_2] [INFO] Saved 160 rows to data/news/cafef/NKG_cafef.csv
[2026-06-29 21:38:12] [TASK_2] [INFO] Scraping cafef for ticker=VGC from 2022-01-01 (existing URLs: 0)
[2026-06-29 21:38:19] [TASK_2] [INFO] CafeF: collected 136 articles for VGC
[2026-06-29 21:38:19] [TASK_2] [INFO] Saved 136 rows to data/news/cafef/VGC_cafef.csv
[2026-06-29 21:38:20] [TASK_2] [INFO] Scraping cafef for ticker=PHR from 2022-01-01 (existing URLs: 0)
[2026-06-29 21:38:27] [TASK_2] [INFO] CafeF: collected 107 articles for PHR
[2026-06-29 21:38:27] [TASK_2] [INFO] Saved 107 rows to data/news/cafef/PHR_cafef.csv
[2026-06-29 21:38:28] [TASK_2] [INFO] Scraping cafef for ticker=CSV from 2022-01-01 (existing URLs: 0)
[2026-06-29 21:38:37] [TASK_2] [INFO] CafeF: collected 154 articles for CSV
[2026-06-29 21:38:37] [TASK_2] [INFO] Saved 154 rows to data/news/cafef/CSV_cafef.csv
[2026-06-29 21:38:38] [TASK_2] [INFO] Scraping cafef for ticker=DPM from 2022-01-01 (existing URLs: 0)
[2026-06-29 21:38:46] [TASK_2] [INFO] CafeF: collected 151 articles for DPM
[2026-06-29 21:38:46] [TASK_2] [INFO] Saved 151 rows to data/news/cafef/DPM_cafef.csv
[2026-06-29 21:38:47] [TASK_2] [INFO] Scraping cafef for ticker=DCM from 2022-01-01 (existing URLs: 0)
[2026-06-29 21:38:54] [TASK_2] [INFO] CafeF: collected 127 articles for DCM
[2026-06-29 21:38:54] [TASK_2] [INFO] Saved 127 rows to data/news/cafef/DCM_cafef.csv
[2026-06-29 21:38:55] [TASK_2] [INFO] Scraping cafef for ticker=BMP from 2022-01-01 (existing URLs: 0)
[2026-06-29 21:39:02] [TASK_2] [INFO] CafeF: collected 96 articles for BMP
[2026-06-29 21:39:02] [TASK_2] [INFO] Saved 96 rows to data/news/cafef/BMP_cafef.csv
[2026-06-29 21:39:03] [TASK_2] [INFO] Scraping cafef for ticker=REE from 2022-01-01 (existing URLs: 0)
[2026-06-29 21:39:15] [TASK_2] [INFO] CafeF: collected 199 articles for REE
[2026-06-29 21:39:15] [TASK_2] [INFO] Saved 199 rows to data/news/cafef/REE_cafef.csv
[2026-06-29 21:39:16] [TASK_2] [INFO] Scraping cafef for ticker=NT2 from 2022-01-01 (existing URLs: 0)
[2026-06-29 21:39:23] [TASK_2] [INFO] CafeF: collected 92 articles for NT2
[2026-06-29 21:39:23] [TASK_2] [INFO] Saved 92 rows to data/news/cafef/NT2_cafef.csv
[2026-06-29 21:39:24] [TASK_2] [INFO] Scraping cafef for ticker=PPC from 2022-01-01 (existing URLs: 0)
[2026-06-29 21:39:30] [TASK_2] [INFO] CafeF: collected 106 articles for PPC
[2026-06-29 21:39:30] [TASK_2] [INFO] Saved 106 rows to data/news/cafef/PPC_cafef.csv
[2026-06-29 21:39:31] [TASK_2] [INFO] Scraping cafef for ticker=GEX from 2022-01-01 (existing URLs: 0)
[2026-06-29 21:39:42] [TASK_2] [INFO] CafeF: collected 194 articles for GEX
[2026-06-29 21:39:42] [TASK_2] [INFO] Saved 194 rows to data/news/cafef/GEX_cafef.csv
[2026-06-29 21:39:43] [TASK_2] [INFO] Scraping cafef for ticker=EVF from 2022-01-01 (existing URLs: 0)
[2026-06-29 21:39:55] [TASK_2] [INFO] CafeF: collected 202 articles for EVF
[2026-06-29 21:39:55] [TASK_2] [INFO] Saved 202 rows to data/news/cafef/EVF_cafef.csv
[2026-06-29 21:39:56] [TASK_2] [INFO] Scraping cafef for ticker=PNJ from 2022-01-01 (existing URLs: 0)
[2026-06-29 21:40:11] [TASK_2] [INFO] CafeF: collected 267 articles for PNJ
[2026-06-29 21:40:11] [TASK_2] [INFO] Saved 267 rows to data/news/cafef/PNJ_cafef.csv
[2026-06-29 21:40:12] [TASK_2] [INFO] Scraping cafef for ticker=DGW from 2022-01-01 (existing URLs: 0)
[2026-06-29 21:40:25] [TASK_2] [INFO] CafeF: collected 221 articles for DGW
[2026-06-29 21:40:25] [TASK_2] [INFO] Saved 221 rows to data/news/cafef/DGW_cafef.csv
[2026-06-29 21:40:26] [TASK_2] [INFO] Scraping cafef for ticker=FRT from 2022-01-01 (existing URLs: 0)
[2026-06-29 21:40:35] [TASK_2] [INFO] CafeF: collected 153 articles for FRT
[2026-06-29 21:40:35] [TASK_2] [INFO] Saved 153 rows to data/news/cafef/FRT_cafef.csv
[2026-06-29 21:40:36] [TASK_2] [INFO] Scraping cafef for ticker=MCH from 2022-01-01 (existing URLs: 0)
[2026-06-29 21:40:46] [TASK_2] [INFO] CafeF: collected 163 articles for MCH
[2026-06-29 21:40:46] [TASK_2] [INFO] Saved 163 rows to data/news/cafef/MCH_cafef.csv
[2026-06-29 21:40:47] [TASK_2] [INFO] Scraping cafef for ticker=VHC from 2022-01-01 (existing URLs: 0)
[2026-06-29 21:40:57] [TASK_2] [INFO] CafeF: collected 175 articles for VHC
[2026-06-29 21:40:57] [TASK_2] [INFO] Saved 175 rows to data/news/cafef/VHC_cafef.csv
[2026-06-29 21:40:59] [TASK_2] [INFO] Scraping cafef for ticker=ANV from 2022-01-01 (existing URLs: 0)
[2026-06-29 21:41:05] [TASK_2] [INFO] CafeF: collected 112 articles for ANV
[2026-06-29 21:41:05] [TASK_2] [INFO] Saved 112 rows to data/news/cafef/ANV_cafef.csv
[2026-06-29 21:41:06] [TASK_2] [INFO] Scraping cafef for ticker=CMG from 2022-01-01 (existing URLs: 0)
[2026-06-29 21:41:16] [TASK_2] [INFO] CafeF: collected 194 articles for CMG
[2026-06-29 21:41:16] [TASK_2] [INFO] Saved 194 rows to data/news/cafef/CMG_cafef.csv
[2026-06-29 21:41:17] [TASK_2] [INFO] Scraping cafef for ticker=ELC from 2022-01-01 (existing URLs: 0)
[2026-06-29 21:41:29] [TASK_2] [INFO] CafeF: collected 195 articles for ELC
[2026-06-29 21:41:29] [TASK_2] [INFO] Saved 195 rows to data/news/cafef/ELC_cafef.csv
[2026-06-29 21:41:30] [TASK_2] [INFO] Scraping cafef for ticker=GMD from 2022-01-01 (existing URLs: 0)
[2026-06-29 21:41:39] [TASK_2] [INFO] CafeF: collected 157 articles for GMD
[2026-06-29 21:41:39] [TASK_2] [INFO] Saved 157 rows to data/news/cafef/GMD_cafef.csv
[2026-06-29 21:41:40] [TASK_2] [INFO] Scraping cafef for ticker=VSC from 2022-01-01 (existing URLs: 0)
[2026-06-29 21:41:51] [TASK_2] [INFO] CafeF: collected 216 articles for VSC
[2026-06-29 21:41:51] [TASK_2] [INFO] Saved 216 rows to data/news/cafef/VSC_cafef.csv
[2026-06-29 21:41:52] [TASK_2] [INFO] Scraping cafef for ticker=PVT from 2022-01-01 (existing URLs: 0)
[2026-06-29 21:41:59] [TASK_2] [INFO] CafeF: collected 104 articles for PVT
[2026-06-29 21:41:59] [TASK_2] [INFO] Saved 104 rows to data/news/cafef/PVT_cafef.csv
[2026-06-29 21:42:00] [TASK_2] [INFO] Scraping cafef for ticker=HAH from 2022-01-01 (existing URLs: 0)
[2026-06-29 21:42:11] [TASK_2] [INFO] CafeF: collected 206 articles for HAH
[2026-06-29 21:42:11] [TASK_2] [INFO] Saved 206 rows to data/news/cafef/HAH_cafef.csv
