[2026-07-12 09:09:06] [TASK_10] [INFO] Merged dataset: 1348 rows, 343 columns
[2026-07-12 09:09:06] [TASK_10] [INFO] Time-series split — train: 948 rows (12 quarters), test: 400 rows (5 quarters)
[2026-07-12 09:09:15] [TASK_10] [INFO] Merged dataset: 1348 rows, 343 columns
[2026-07-12 09:09:15] [TASK_10] [INFO] Time-series split — train: 948 rows (12 quarters), test: 400 rows (5 quarters)
[2026-07-12 09:09:26] [TASK_10] [INFO] Time-series split — train: 1 rows (1 quarters), test: 4 rows (4 quarters)
[2026-07-12 09:09:26] [TASK_10] [INFO] Time-series split — train: 1 rows (1 quarters), test: 4 rows (4 quarters)
[2026-07-12 09:09:26] [TASK_10] [INFO] Time-series split — train: 18 rows (10 quarters), test: 8 rows (4 quarters)
[2026-07-12 09:09:26] [TASK_10] [INFO] Time-series split — train: 1 rows (1 quarters), test: 4 rows (4 quarters)
[2026-07-12 09:09:26] [TASK_10] [INFO] Time-series split — train: 24 rows (10 quarters), test: 8 rows (4 quarters)
[2026-07-12 09:09:26] [TASK_10] [INFO] Time-series split — train: 1 rows (1 quarters), test: 4 rows (4 quarters)
[2026-07-12 09:09:26] [TASK_10] [INFO] Time-series split — train: 1 rows (1 quarters), test: 11 rows (5 quarters)
[2026-07-12 09:09:26] [TASK_10] [INFO] Time-series split — train: 1 rows (1 quarters), test: 4 rows (4 quarters)
[2026-07-12 09:09:26] [TASK_10] [INFO] Time-series split — train: 4 rows (2 quarters), test: 18 rows (8 quarters)
[2026-07-12 09:09:26] [TASK_10] [INFO] Time-series split — train: 1 rows (1 quarters), test: 4 rows (4 quarters)
[2026-07-12 09:09:26] [TASK_10] [INFO] Time-series split — train: 1 rows (1 quarters), test: 8 rows (4 quarters)
[2026-07-12 09:09:26] [TASK_10] [INFO] Time-series split — train: 1 rows (1 quarters), test: 8 rows (4 quarters)
[2026-07-12 09:09:26] [TASK_10] [INFO] Time-series split — train: 1 rows (1 quarters), test: 8 rows (4 quarters)
[2026-07-12 09:09:26] [TASK_10] [INFO] Time-series split — train: 1 rows (1 quarters), test: 8 rows (4 quarters)
[2026-07-12 09:09:26] [TASK_10] [INFO] Time-series split — train: 1 rows (1 quarters), test: 8 rows (4 quarters)
[2026-07-12 09:09:26] [TASK_10] [INFO] Time-series split — train: 1 rows (1 quarters), test: 8 rows (4 quarters)
[2026-07-12 09:09:26] [TASK_10] [INFO] Time-series split — train: 1 rows (1 quarters), test: 8 rows (4 quarters)
[2026-07-12 09:09:26] [TASK_10] [INFO] Time-series split — train: 6 rows (2 quarters), test: 8 rows (4 quarters)
[2026-07-12 09:09:26] [TASK_10] [INFO] Time-series split — train: 6 rows (2 quarters), test: 8 rows (4 quarters)
[2026-07-12 09:09:26] [TASK_10] [INFO] Time-series split — train: 6 rows (2 quarters), test: 8 rows (4 quarters)
[2026-07-12 09:09:26] [TASK_10] [INFO] Time-series split — train: 6 rows (2 quarters), test: 8 rows (4 quarters)
[2026-07-12 09:09:26] [TASK_10] [INFO] Time-series split — train: 6 rows (2 quarters), test: 8 rows (4 quarters)
[2026-07-12 09:09:26] [TASK_10] [INFO] Time-series split — train: 6 rows (2 quarters), test: 8 rows (4 quarters)
[2026-07-12 09:09:26] [TASK_10] [INFO] Time-series split — train: 6 rows (2 quarters), test: 8 rows (4 quarters)
[2026-07-12 09:09:27] [TASK_10] [INFO] Time-series split — train: 1 rows (1 quarters), test: 27 rows (13 quarters)
[2026-07-12 09:09:27] [TASK_10] [INFO] Time-series split — train: 1 rows (1 quarters), test: 27 rows (13 quarters)
[2026-07-12 09:09:27] [TASK_10] [INFO] Time-series split — train: 1 rows (1 quarters), test: 27 rows (13 quarters)
[2026-07-12 09:09:27] [TASK_10] [INFO] Time-series split — train: 1 rows (1 quarters), test: 27 rows (13 quarters)
[2026-07-12 09:09:27] [TASK_10] [INFO] Time-series split — train: 1 rows (1 quarters), test: 27 rows (13 quarters)
[2026-07-12 09:09:27] [TASK_10] [INFO] Time-series split — train: 1 rows (1 quarters), test: 27 rows (13 quarters)
[2026-07-12 09:09:27] [TASK_10] [INFO] Time-series split — train: 1 rows (1 quarters), test: 27 rows (13 quarters)
[2026-07-12 09:09:27] [TASK_10] [INFO] Time-series split — train: 2 rows (1 quarters), test: 9 rows (4 quarters)
[2026-07-12 09:09:27] [TASK_10] [INFO] Time-series split — train: 2 rows (1 quarters), test: 9 rows (4 quarters)
[2026-07-12 09:09:27] [TASK_10] [INFO] Time-series split — train: 2 rows (1 quarters), test: 5 rows (4 quarters)
[2026-07-12 09:09:27] [TASK_10] [INFO] Time-series split — train: 2 rows (1 quarters), test: 5 rows (4 quarters)
[2026-07-12 09:09:27] [TASK_10] [INFO] Time-series split — train: 2 rows (1 quarters), test: 5 rows (4 quarters)
[2026-07-12 09:09:27] [TASK_10] [INFO] Time-series split — train: 1 rows (1 quarters), test: 4 rows (4 quarters)
[2026-07-12 09:09:27] [TASK_10] [INFO] Time-series split — train: 1 rows (1 quarters), test: 4 rows (4 quarters)
[2026-07-12 09:09:27] [TASK_10] [INFO] Time-series split — train: 3 rows (3 quarters), test: 11 rows (4 quarters)
[2026-07-12 09:09:27] [TASK_10] [INFO] Time-series split — train: 3 rows (3 quarters), test: 11 rows (4 quarters)
[2026-07-12 09:09:27] [TASK_10] [INFO] Time-series split — train: 1 rows (1 quarters), test: 7 rows (7 quarters)
[2026-07-12 09:09:27] [TASK_10] [INFO] Time-series split — train: 1 rows (1 quarters), test: 7 rows (7 quarters)
[2026-07-12 09:09:27] [TASK_10] [INFO] Time-series split — train: 1 rows (1 quarters), test: 7 rows (7 quarters)
[2026-07-12 09:09:27] [TASK_10] [INFO] Time-series split — train: 1 rows (1 quarters), test: 7 rows (7 quarters)
[2026-07-12 09:09:27] [TASK_10] [INFO] Time-series split — train: 17 rows (10 quarters), test: 9 rows (4 quarters)
[2026-07-12 09:09:27] [TASK_10] [INFO] Time-series split — train: 17 rows (10 quarters), test: 9 rows (4 quarters)
[2026-07-12 09:09:27] [TASK_10] [INFO] Time-series split — train: 17 rows (10 quarters), test: 9 rows (4 quarters)
[2026-07-12 09:09:27] [TASK_10] [INFO] Time-series split — train: 17 rows (10 quarters), test: 9 rows (4 quarters)
[2026-07-12 09:09:27] [TASK_10] [INFO] Time-series split — train: 17 rows (10 quarters), test: 9 rows (4 quarters)
[2026-07-12 09:09:27] [TASK_10] [INFO] Time-series split — train: 17 rows (10 quarters), test: 9 rows (4 quarters)
[2026-07-12 09:09:27] [TASK_10] [INFO] Time-series split — train: 17 rows (10 quarters), test: 9 rows (4 quarters)
[2026-07-12 09:09:27] [TASK_10] [INFO] Time-series split — train: 3 rows (1 quarters), test: 5 rows (4 quarters)
[2026-07-12 09:09:27] [TASK_10] [INFO] Time-series split — train: 1 rows (1 quarters), test: 4 rows (4 quarters)
[2026-07-12 09:09:27] [TASK_10] [INFO] Time-series split — train: 1 rows (1 quarters), test: 4 rows (4 quarters)
[2026-07-12 09:09:27] [TASK_10] [INFO] Time-series split — train: 1 rows (1 quarters), test: 4 rows (4 quarters)
[2026-07-12 09:09:27] [TASK_10] [INFO] Time-series split — train: 1 rows (1 quarters), test: 4 rows (4 quarters)
[2026-07-12 09:09:27] [TASK_10] [INFO] Time-series split — train: 3 rows (2 quarters), test: 14 rows (5 quarters)
[2026-07-12 09:09:27] [TASK_10] [INFO] Time-series split — train: 3 rows (2 quarters), test: 14 rows (5 quarters)
[2026-07-12 09:09:27] [TASK_10] [INFO] Time-series split — train: 3 rows (2 quarters), test: 14 rows (5 quarters)
[2026-07-12 09:09:27] [TASK_10] [INFO] Time-series split — train: 3 rows (2 quarters), test: 14 rows (5 quarters)
[2026-07-12 09:09:27] [TASK_10] [INFO] Time-series split — train: 1 rows (1 quarters), test: 4 rows (4 quarters)
[2026-07-12 09:09:27] [TASK_10] [INFO] Time-series split — train: 1 rows (1 quarters), test: 4 rows (4 quarters)
[2026-07-12 09:09:27] [TASK_10] [INFO] Time-series split — train: 1 rows (1 quarters), test: 18 rows (9 quarters)
[2026-07-12 09:09:27] [TASK_10] [INFO] Time-series split — train: 1 rows (1 quarters), test: 18 rows (9 quarters)
[2026-07-12 09:09:27] [TASK_10] [INFO] Time-series split — train: 1 rows (1 quarters), test: 18 rows (9 quarters)
[2026-07-12 09:09:27] [TASK_10] [INFO] Time-series split — train: 1 rows (1 quarters), test: 18 rows (9 quarters)
[2026-07-12 09:09:27] [TASK_10] [INFO] Time-series split — train: 1 rows (1 quarters), test: 18 rows (9 quarters)
[2026-07-12 09:09:27] [TASK_10] [INFO] Time-series split — train: 1 rows (1 quarters), test: 18 rows (9 quarters)
[2026-07-12 09:09:27] [TASK_10] [INFO] Time-series split — train: 1 rows (1 quarters), test: 13 rows (9 quarters)
[2026-07-12 09:09:27] [TASK_10] [INFO] Time-series split — train: 5 rows (3 quarters), test: 25 rows (11 quarters)
[2026-07-12 09:09:27] [TASK_10] [INFO] Time-series split — train: 5 rows (3 quarters), test: 25 rows (11 quarters)
[2026-07-12 09:09:27] [TASK_10] [INFO] Time-series split — train: 5 rows (3 quarters), test: 25 rows (11 quarters)
[2026-07-12 09:09:27] [TASK_10] [INFO] Time-series split — train: 5 rows (3 quarters), test: 25 rows (11 quarters)
[2026-07-12 09:09:27] [TASK_10] [INFO] Time-series split — train: 5 rows (3 quarters), test: 25 rows (11 quarters)
[2026-07-12 09:09:27] [TASK_10] [INFO] Time-series split — train: 5 rows (3 quarters), test: 25 rows (11 quarters)
[2026-07-12 09:09:27] [TASK_10] [INFO] Time-series split — train: 5 rows (3 quarters), test: 25 rows (11 quarters)
[2026-07-12 09:09:27] [TASK_10] [INFO] Time-series split — train: 16 rows (7 quarters), test: 11 rows (5 quarters)
[2026-07-12 09:09:27] [TASK_10] [INFO] Time-series split — train: 16 rows (7 quarters), test: 11 rows (5 quarters)
[2026-07-12 09:09:27] [TASK_10] [INFO] Time-series split — train: 16 rows (7 quarters), test: 11 rows (5 quarters)
[2026-07-12 09:09:27] [TASK_10] [INFO] Time-series split — train: 16 rows (7 quarters), test: 11 rows (5 quarters)
[2026-07-12 09:09:27] [TASK_10] [INFO] Time-series split — train: 16 rows (7 quarters), test: 11 rows (5 quarters)
[2026-07-12 09:09:27] [TASK_10] [INFO] Time-series split — train: 16 rows (7 quarters), test: 11 rows (5 quarters)
[2026-07-12 09:09:28] [TASK_10] [INFO] Time-series split — train: 16 rows (7 quarters), test: 11 rows (5 quarters)
[2026-07-12 09:09:28] [TASK_10] [INFO] Time-series split — train: 1 rows (1 quarters), test: 15 rows (8 quarters)
[2026-07-12 09:09:28] [TASK_10] [INFO] Time-series split — train: 1 rows (1 quarters), test: 15 rows (8 quarters)
[2026-07-12 09:09:28] [TASK_10] [INFO] Time-series split — train: 1 rows (1 quarters), test: 10 rows (9 quarters)
[2026-07-12 09:09:28] [TASK_10] [INFO] Time-series split — train: 1 rows (1 quarters), test: 5 rows (5 quarters)
[2026-07-12 09:09:28] [TASK_10] [INFO] Time-series split — train: 1 rows (1 quarters), test: 5 rows (5 quarters)
[2026-07-12 09:09:28] [TASK_10] [INFO] Time-series split — train: 4 rows (3 quarters), test: 16 rows (10 quarters)
[2026-07-12 09:09:28] [TASK_10] [INFO] Time-series split — train: 4 rows (3 quarters), test: 16 rows (10 quarters)
[2026-07-12 09:09:28] [TASK_10] [INFO] Time-series split — train: 4 rows (3 quarters), test: 16 rows (10 quarters)
[2026-07-12 09:09:28] [TASK_10] [INFO] Time-series split — train: 4 rows (3 quarters), test: 16 rows (10 quarters)
[2026-07-12 09:09:28] [TASK_10] [INFO] Time-series split — train: 4 rows (3 quarters), test: 16 rows (10 quarters)
[2026-07-12 09:09:28] [TASK_10] [INFO] Time-series split — train: 1 rows (1 quarters), test: 10 rows (10 quarters)
[2026-07-12 09:09:28] [TASK_10] [INFO] Time-series split — train: 1 rows (1 quarters), test: 10 rows (10 quarters)
[2026-07-12 09:09:28] [TASK_10] [INFO] Time-series split — train: 5 rows (3 quarters), test: 11 rows (5 quarters)
[2026-07-12 09:09:28] [TASK_10] [INFO] Time-series split — train: 3 rows (3 quarters), test: 5 rows (5 quarters)
[2026-07-12 09:09:28] [TASK_10] [INFO] Time-series split — train: 3 rows (3 quarters), test: 5 rows (5 quarters)
[2026-07-12 09:09:28] [TASK_10] [INFO] Time-series split — train: 3 rows (3 quarters), test: 5 rows (5 quarters)
[2026-07-12 09:09:28] [TASK_10] [INFO] Time-series split — train: 3 rows (3 quarters), test: 5 rows (5 quarters)
[2026-07-12 09:09:28] [TASK_10] [INFO] Time-series split — train: 1 rows (1 quarters), test: 4 rows (4 quarters)
[2026-07-12 09:09:28] [TASK_10] [INFO] Time-series split — train: 1 rows (1 quarters), test: 4 rows (4 quarters)
[2026-07-12 09:09:28] [TASK_10] [INFO] Time-series split — train: 1 rows (1 quarters), test: 4 rows (4 quarters)
[2026-07-12 09:09:28] [TASK_10] [INFO] Time-series split — train: 1 rows (1 quarters), test: 4 rows (4 quarters)
[2026-07-12 09:09:28] [TASK_10] [INFO] Time-series split — train: 6 rows (2 quarters), test: 8 rows (5 quarters)
[2026-07-12 09:09:28] [TASK_10] [INFO] Time-series split — train: 6 rows (2 quarters), test: 8 rows (5 quarters)
[2026-07-12 09:09:28] [TASK_10] [INFO] Time-series split — train: 1 rows (1 quarters), test: 4 rows (4 quarters)
[2026-07-12 09:09:28] [TASK_10] [INFO] Time-series split — train: 1 rows (1 quarters), test: 4 rows (4 quarters)
[2026-07-12 09:09:28] [TASK_10] [INFO] Time-series split — train: 1 rows (1 quarters), test: 29 rows (13 quarters)
[2026-07-12 09:09:28] [TASK_10] [INFO] Time-series split — train: 1 rows (1 quarters), test: 29 rows (13 quarters)
[2026-07-12 09:09:28] [TASK_10] [INFO] Time-series split — train: 1 rows (1 quarters), test: 4 rows (4 quarters)
[2026-07-12 09:09:28] [TASK_10] [INFO] Time-series split — train: 1 rows (1 quarters), test: 4 rows (4 quarters)
[2026-07-12 09:09:28] [TASK_10] [INFO] Time-series split — train: 2 rows (1 quarters), test: 13 rows (7 quarters)
[2026-07-12 09:09:28] [TASK_10] [INFO] Time-series split — train: 2 rows (1 quarters), test: 13 rows (7 quarters)
[2026-07-12 09:09:28] [TASK_10] [INFO] Time-series split — train: 1 rows (1 quarters), test: 4 rows (4 quarters)
[2026-07-12 09:09:28] [TASK_10] [INFO] Time-series split — train: 1 rows (1 quarters), test: 4 rows (4 quarters)
[2026-07-12 09:09:28] [TASK_10] [INFO] Time-series split — train: 6 rows (2 quarters), test: 9 rows (4 quarters)
[2026-07-12 09:09:28] [TASK_10] [INFO] Time-series split — train: 6 rows (2 quarters), test: 9 rows (4 quarters)
[2026-07-12 09:09:28] [TASK_10] [INFO] Time-series split — train: 1 rows (1 quarters), test: 4 rows (4 quarters)
[2026-07-12 09:09:28] [TASK_10] [INFO] Time-series split — train: 1 rows (1 quarters), test: 4 rows (4 quarters)
[2026-07-12 09:09:28] [TASK_10] [INFO] Time-series split — train: 8 rows (4 quarters), test: 10 rows (5 quarters)
[2026-07-12 09:09:28] [TASK_10] [INFO] Time-series split — train: 8 rows (4 quarters), test: 10 rows (5 quarters)
[2026-07-12 09:09:28] [TASK_10] [INFO] Time-series split — train: 3 rows (3 quarters), test: 9 rows (7 quarters)
[2026-07-12 09:09:28] [TASK_10] [INFO] Time-series split — train: 3 rows (3 quarters), test: 9 rows (7 quarters)
[2026-07-12 09:09:28] [TASK_10] [INFO] Time-series split — train: 3 rows (3 quarters), test: 9 rows (7 quarters)
[2026-07-12 09:09:28] [TASK_10] [INFO] Time-series split — train: 3 rows (3 quarters), test: 9 rows (7 quarters)
[2026-07-12 09:09:28] [TASK_10] [INFO] Time-series split — train: 3 rows (3 quarters), test: 9 rows (7 quarters)
[2026-07-12 09:09:28] [TASK_10] [INFO] Time-series split — train: 3 rows (3 quarters), test: 9 rows (7 quarters)
[2026-07-12 09:09:28] [TASK_10] [INFO] Time-series split — train: 3 rows (3 quarters), test: 9 rows (7 quarters)
[2026-07-12 09:09:28] [TASK_10] [INFO] Time-series split — train: 3 rows (3 quarters), test: 9 rows (7 quarters)
[2026-07-12 09:09:28] [TASK_10] [INFO] Time-series split — train: 3 rows (3 quarters), test: 9 rows (7 quarters)
[2026-07-12 09:09:28] [TASK_10] [INFO] Time-series split — train: 3 rows (3 quarters), test: 9 rows (7 quarters)
[2026-07-12 09:09:28] [TASK_10] [INFO] Time-series split — train: 3 rows (3 quarters), test: 8 rows (7 quarters)
[2026-07-12 09:09:28] [TASK_10] [INFO] Time-series split — train: 3 rows (3 quarters), test: 8 rows (7 quarters)
[2026-07-12 09:09:28] [TASK_10] [INFO] Time-series split — train: 2 rows (1 quarters), test: 27 rows (13 quarters)
[2026-07-12 09:09:28] [TASK_10] [INFO] Time-series split — train: 2 rows (1 quarters), test: 27 rows (13 quarters)
[2026-07-12 09:09:28] [TASK_10] [INFO] Time-series split — train: 2 rows (1 quarters), test: 27 rows (13 quarters)
[2026-07-12 09:09:28] [TASK_10] [INFO] Time-series split — train: 2 rows (1 quarters), test: 27 rows (13 quarters)
[2026-07-12 09:09:28] [TASK_10] [INFO] Time-series split — train: 2 rows (1 quarters), test: 27 rows (13 quarters)
[2026-07-12 09:09:28] [TASK_10] [INFO] Time-series split — train: 2 rows (1 quarters), test: 27 rows (13 quarters)
[2026-07-12 09:09:28] [TASK_10] [INFO] Time-series split — train: 2 rows (1 quarters), test: 27 rows (13 quarters)
[2026-07-12 09:09:28] [TASK_10] [INFO] Time-series split — train: 2 rows (1 quarters), test: 27 rows (13 quarters)
[2026-07-12 09:09:28] [TASK_10] [INFO] Time-series split — train: 1 rows (1 quarters), test: 24 rows (12 quarters)
[2026-07-12 09:09:28] [TASK_10] [INFO] Time-series split — train: 1 rows (1 quarters), test: 24 rows (12 quarters)
[2026-07-12 09:09:28] [TASK_10] [INFO] Time-series split — train: 1 rows (1 quarters), test: 24 rows (12 quarters)
[2026-07-12 09:09:28] [TASK_10] [INFO] Time-series split — train: 1 rows (1 quarters), test: 24 rows (12 quarters)
[2026-07-12 09:09:28] [TASK_10] [INFO] Time-series split — train: 1 rows (1 quarters), test: 24 rows (12 quarters)
[2026-07-12 09:09:28] [TASK_10] [INFO] Time-series split — train: 1 rows (1 quarters), test: 24 rows (12 quarters)
[2026-07-12 09:09:28] [TASK_10] [INFO] Time-series split — train: 12 rows (6 quarters), test: 9 rows (5 quarters)
[2026-07-12 09:09:28] [TASK_10] [INFO] Time-series split — train: 12 rows (6 quarters), test: 9 rows (5 quarters)
[2026-07-12 09:09:28] [TASK_10] [INFO] Time-series split — train: 12 rows (6 quarters), test: 9 rows (5 quarters)
[2026-07-12 09:09:28] [TASK_10] [INFO] Time-series split — train: 12 rows (6 quarters), test: 9 rows (5 quarters)
[2026-07-12 09:09:28] [TASK_10] [INFO] Time-series split — train: 12 rows (6 quarters), test: 9 rows (5 quarters)
[2026-07-12 09:09:28] [TASK_10] [INFO] Time-series split — train: 12 rows (6 quarters), test: 9 rows (5 quarters)
[2026-07-12 09:09:28] [TASK_10] [INFO] Time-series split — train: 12 rows (6 quarters), test: 9 rows (5 quarters)
[2026-07-12 09:09:28] [TASK_10] [INFO] Time-series split — train: 12 rows (6 quarters), test: 9 rows (5 quarters)
[2026-07-12 09:09:28] [TASK_10] [INFO] Time-series split — train: 12 rows (6 quarters), test: 9 rows (5 quarters)
[2026-07-12 09:09:28] [TASK_10] [INFO] Time-series split — train: 12 rows (6 quarters), test: 9 rows (5 quarters)
[2026-07-12 09:09:28] [TASK_10] [INFO] Time-series split — train: 12 rows (6 quarters), test: 9 rows (5 quarters)
[2026-07-12 09:09:28] [TASK_10] [INFO] Time-series split — train: 12 rows (6 quarters), test: 9 rows (5 quarters)
[2026-07-12 09:09:28] [TASK_10] [INFO] Time-series split — train: 12 rows (6 quarters), test: 9 rows (5 quarters)
[2026-07-12 09:09:28] [TASK_10] [INFO] Time-series split — train: 12 rows (6 quarters), test: 9 rows (5 quarters)
[2026-07-12 09:09:28] [TASK_10] [INFO] Time-series split — train: 2 rows (2 quarters), test: 10 rows (5 quarters)
[2026-07-12 09:09:28] [TASK_10] [INFO] Time-series split — train: 2 rows (2 quarters), test: 10 rows (5 quarters)
[2026-07-12 09:09:28] [TASK_10] [INFO] Time-series split — train: 2 rows (2 quarters), test: 10 rows (5 quarters)
[2026-07-12 09:09:28] [TASK_10] [INFO] Time-series split — train: 2 rows (2 quarters), test: 10 rows (5 quarters)
[2026-07-12 09:09:29] [TASK_10] [INFO] Time-series split — train: 2 rows (2 quarters), test: 10 rows (5 quarters)
[2026-07-12 09:09:29] [TASK_10] [INFO] Time-series split — train: 2 rows (2 quarters), test: 10 rows (5 quarters)
[2026-07-12 09:09:29] [TASK_10] [INFO] Time-series split — train: 2 rows (2 quarters), test: 10 rows (5 quarters)
[2026-07-12 09:09:29] [TASK_10] [INFO] Time-series split — train: 2 rows (2 quarters), test: 10 rows (5 quarters)
[2026-07-12 09:09:29] [TASK_10] [INFO] Time-series split — train: 2 rows (2 quarters), test: 10 rows (5 quarters)
[2026-07-12 09:09:29] [TASK_10] [INFO] Time-series split — train: 2 rows (2 quarters), test: 10 rows (5 quarters)
[2026-07-12 09:09:29] [TASK_10] [INFO] Time-series split — train: 2 rows (2 quarters), test: 10 rows (5 quarters)
[2026-07-12 09:09:29] [TASK_10] [INFO] Time-series split — train: 2 rows (2 quarters), test: 10 rows (5 quarters)
[2026-07-12 09:09:29] [TASK_10] [INFO] Time-series split — train: 2 rows (2 quarters), test: 10 rows (5 quarters)
[2026-07-12 09:09:29] [TASK_10] [INFO] Time-series split — train: 2 rows (2 quarters), test: 10 rows (5 quarters)
[2026-07-12 09:09:29] [TASK_10] [INFO] Time-series split — train: 17 rows (9 quarters), test: 9 rows (5 quarters)
[2026-07-12 09:09:29] [TASK_10] [INFO] Time-series split — train: 17 rows (9 quarters), test: 9 rows (5 quarters)
[2026-07-12 09:09:29] [TASK_10] [INFO] Time-series split — train: 17 rows (9 quarters), test: 9 rows (5 quarters)
[2026-07-12 09:09:29] [TASK_10] [INFO] Time-series split — train: 17 rows (9 quarters), test: 9 rows (5 quarters)
[2026-07-12 09:09:29] [TASK_10] [INFO] Time-series split — train: 17 rows (9 quarters), test: 9 rows (5 quarters)
[2026-07-12 09:09:29] [TASK_10] [INFO] Time-series split — train: 17 rows (9 quarters), test: 9 rows (5 quarters)
[2026-07-12 09:09:29] [TASK_10] [INFO] Time-series split — train: 17 rows (9 quarters), test: 9 rows (5 quarters)
[2026-07-12 09:09:29] [TASK_10] [INFO] Time-series split — train: 17 rows (9 quarters), test: 9 rows (5 quarters)
[2026-07-12 09:09:29] [TASK_10] [INFO] Time-series split — train: 17 rows (9 quarters), test: 9 rows (5 quarters)
[2026-07-12 09:09:29] [TASK_10] [INFO] Time-series split — train: 17 rows (9 quarters), test: 9 rows (5 quarters)
[2026-07-12 09:09:29] [TASK_10] [INFO] Time-series split — train: 17 rows (9 quarters), test: 9 rows (5 quarters)
[2026-07-12 09:09:29] [TASK_10] [INFO] Time-series split — train: 17 rows (9 quarters), test: 9 rows (5 quarters)
[2026-07-12 09:09:29] [TASK_10] [INFO] Time-series split — train: 17 rows (9 quarters), test: 9 rows (5 quarters)
[2026-07-12 09:09:29] [TASK_10] [INFO] Time-series split — train: 17 rows (9 quarters), test: 9 rows (5 quarters)
[2026-07-12 09:09:29] [TASK_10] [INFO] Time-series split — train: 2 rows (1 quarters), test: 12 rows (6 quarters)
[2026-07-12 09:09:29] [TASK_10] [INFO] Time-series split — train: 2 rows (1 quarters), test: 12 rows (6 quarters)
[2026-07-12 09:09:29] [TASK_10] [INFO] Time-series split — train: 2 rows (1 quarters), test: 12 rows (6 quarters)
[2026-07-12 09:09:29] [TASK_10] [INFO] Time-series split — train: 2 rows (1 quarters), test: 12 rows (6 quarters)
[2026-07-12 09:09:29] [TASK_10] [INFO] Time-series split — train: 2 rows (1 quarters), test: 12 rows (6 quarters)
[2026-07-12 09:09:29] [TASK_10] [INFO] Time-series split — train: 2 rows (1 quarters), test: 12 rows (6 quarters)
[2026-07-12 09:09:29] [TASK_10] [INFO] Time-series split — train: 2 rows (1 quarters), test: 12 rows (6 quarters)
[2026-07-12 09:09:29] [TASK_10] [INFO] Time-series split — train: 2 rows (1 quarters), test: 12 rows (6 quarters)
[2026-07-12 09:09:29] [TASK_10] [INFO] Time-series split — train: 2 rows (1 quarters), test: 12 rows (6 quarters)
[2026-07-12 09:09:29] [TASK_10] [INFO] Time-series split — train: 2 rows (1 quarters), test: 12 rows (6 quarters)
[2026-07-12 09:09:29] [TASK_10] [INFO] Time-series split — train: 2 rows (1 quarters), test: 12 rows (6 quarters)
[2026-07-12 09:09:29] [TASK_10] [INFO] Time-series split — train: 2 rows (1 quarters), test: 12 rows (6 quarters)
[2026-07-12 09:09:29] [TASK_10] [INFO] Time-series split — train: 2 rows (1 quarters), test: 12 rows (6 quarters)
[2026-07-12 09:09:29] [TASK_10] [INFO] Time-series split — train: 2 rows (1 quarters), test: 12 rows (6 quarters)
[2026-07-12 09:09:29] [TASK_10] [INFO] Time-series split — train: 9 rows (5 quarters), test: 15 rows (9 quarters)
[2026-07-12 09:09:29] [TASK_10] [INFO] Time-series split — train: 9 rows (5 quarters), test: 15 rows (9 quarters)
[2026-07-12 09:09:29] [TASK_10] [INFO] Time-series split — train: 9 rows (5 quarters), test: 15 rows (9 quarters)
[2026-07-12 09:09:29] [TASK_10] [INFO] Time-series split — train: 9 rows (5 quarters), test: 15 rows (9 quarters)
[2026-07-12 09:09:29] [TASK_10] [INFO] Time-series split — train: 9 rows (5 quarters), test: 15 rows (9 quarters)
[2026-07-12 09:09:29] [TASK_10] [INFO] Time-series split — train: 9 rows (5 quarters), test: 15 rows (9 quarters)
[2026-07-12 09:09:29] [TASK_10] [INFO] Time-series split — train: 9 rows (5 quarters), test: 15 rows (9 quarters)
[2026-07-12 09:09:29] [TASK_10] [INFO] Time-series split — train: 9 rows (5 quarters), test: 15 rows (9 quarters)
[2026-07-12 09:09:29] [TASK_10] [INFO] Time-series split — train: 9 rows (5 quarters), test: 15 rows (9 quarters)
[2026-07-12 09:09:29] [TASK_10] [INFO] Time-series split — train: 9 rows (5 quarters), test: 15 rows (9 quarters)
[2026-07-12 09:09:29] [TASK_10] [INFO] Time-series split — train: 9 rows (5 quarters), test: 15 rows (9 quarters)
[2026-07-12 09:09:29] [TASK_10] [INFO] Time-series split — train: 9 rows (5 quarters), test: 15 rows (9 quarters)
[2026-07-12 09:09:29] [TASK_10] [INFO] Time-series split — train: 9 rows (5 quarters), test: 15 rows (9 quarters)
[2026-07-12 09:09:29] [TASK_10] [INFO] Time-series split — train: 9 rows (5 quarters), test: 15 rows (9 quarters)
[2026-07-12 09:09:29] [TASK_10] [INFO] Time-series split — train: 6 rows (2 quarters), test: 21 rows (12 quarters)
[2026-07-12 09:09:29] [TASK_10] [INFO] Time-series split — train: 6 rows (2 quarters), test: 21 rows (12 quarters)
[2026-07-12 09:09:29] [TASK_10] [INFO] Time-series split — train: 6 rows (2 quarters), test: 21 rows (12 quarters)
[2026-07-12 09:09:29] [TASK_10] [INFO] Time-series split — train: 6 rows (2 quarters), test: 21 rows (12 quarters)
[2026-07-12 09:09:29] [TASK_10] [INFO] Time-series split — train: 6 rows (2 quarters), test: 21 rows (12 quarters)
[2026-07-12 09:09:29] [TASK_10] [INFO] Time-series split — train: 6 rows (2 quarters), test: 21 rows (12 quarters)
[2026-07-12 09:09:29] [TASK_10] [INFO] Time-series split — train: 6 rows (2 quarters), test: 21 rows (12 quarters)
[2026-07-12 09:09:29] [TASK_10] [INFO] Time-series split — train: 6 rows (2 quarters), test: 21 rows (12 quarters)
[2026-07-12 09:09:29] [TASK_10] [INFO] Time-series split — train: 6 rows (2 quarters), test: 21 rows (12 quarters)
[2026-07-12 09:09:29] [TASK_10] [INFO] Time-series split — train: 6 rows (2 quarters), test: 21 rows (12 quarters)
[2026-07-12 09:09:29] [TASK_10] [INFO] Time-series split — train: 1 rows (1 quarters), test: 11 rows (11 quarters)
[2026-07-12 09:09:29] [TASK_10] [INFO] Time-series split — train: 1 rows (1 quarters), test: 11 rows (11 quarters)
[2026-07-12 09:09:29] [TASK_10] [INFO] Time-series split — train: 1 rows (1 quarters), test: 11 rows (11 quarters)
[2026-07-12 09:09:29] [TASK_10] [INFO] Time-series split — train: 1 rows (1 quarters), test: 11 rows (11 quarters)
[2026-07-12 09:09:29] [TASK_10] [INFO] Time-series split — train: 2 rows (1 quarters), test: 12 rows (6 quarters)
[2026-07-12 09:09:29] [TASK_10] [INFO] Time-series split — train: 2 rows (1 quarters), test: 12 rows (6 quarters)
[2026-07-12 09:09:29] [TASK_10] [INFO] Time-series split — train: 1 rows (1 quarters), test: 4 rows (4 quarters)
[2026-07-12 09:09:29] [TASK_10] [INFO] Time-series split — train: 1 rows (1 quarters), test: 4 rows (4 quarters)
[2026-07-12 09:09:29] [TASK_10] [INFO] Time-series split — train: 1 rows (1 quarters), test: 4 rows (4 quarters)
[2026-07-12 09:09:29] [TASK_10] [INFO] Time-series split — train: 1 rows (1 quarters), test: 4 rows (4 quarters)
[2026-07-12 09:09:29] [TASK_10] [INFO] Time-series split — train: 1 rows (1 quarters), test: 4 rows (4 quarters)
[2026-07-12 09:09:29] [TASK_10] [INFO] Time-series split — train: 1 rows (1 quarters), test: 4 rows (4 quarters)
[2026-07-12 09:09:29] [TASK_10] [INFO] Time-series split — train: 1 rows (1 quarters), test: 4 rows (4 quarters)
[2026-07-12 09:09:29] [TASK_10] [INFO] Time-series split — train: 1 rows (1 quarters), test: 4 rows (4 quarters)
[2026-07-12 09:09:29] [TASK_10] [INFO] Time-series split — train: 2 rows (1 quarters), test: 13 rows (6 quarters)
[2026-07-12 09:09:29] [TASK_10] [INFO] Time-series split — train: 2 rows (1 quarters), test: 13 rows (6 quarters)
[2026-07-12 09:09:29] [TASK_10] [INFO] Time-series split — train: 2 rows (1 quarters), test: 13 rows (6 quarters)
[2026-07-12 09:09:29] [TASK_10] [INFO] Time-series split — train: 2 rows (1 quarters), test: 13 rows (6 quarters)
[2026-07-12 09:09:29] [TASK_10] [INFO] Time-series split — train: 2 rows (1 quarters), test: 13 rows (6 quarters)
[2026-07-12 09:09:29] [TASK_10] [INFO] Time-series split — train: 2 rows (1 quarters), test: 13 rows (6 quarters)
[2026-07-12 09:09:29] [TASK_10] [INFO] Time-series split — train: 2 rows (1 quarters), test: 10 rows (6 quarters)
[2026-07-12 09:09:29] [TASK_10] [INFO] Time-series split — train: 2 rows (1 quarters), test: 10 rows (6 quarters)
[2026-07-12 09:09:29] [TASK_10] [INFO] Time-series split — train: 2 rows (2 quarters), test: 6 rows (6 quarters)
[2026-07-12 09:09:29] [TASK_10] [INFO] Time-series split — train: 2 rows (2 quarters), test: 6 rows (6 quarters)
[2026-07-12 09:09:29] [TASK_10] [INFO] Time-series split — train: 2 rows (2 quarters), test: 6 rows (6 quarters)
[2026-07-12 09:09:29] [TASK_10] [INFO] Time-series split — train: 2 rows (2 quarters), test: 6 rows (6 quarters)
[2026-07-12 09:09:29] [TASK_10] [INFO] Time-series split — train: 2 rows (2 quarters), test: 6 rows (6 quarters)
[2026-07-12 09:09:30] [TASK_10] [INFO] Time-series split — train: 2 rows (2 quarters), test: 6 rows (6 quarters)
[2026-07-12 09:09:30] [TASK_10] [INFO] Time-series split — train: 10 rows (4 quarters), test: 18 rows (8 quarters)
[2026-07-12 09:09:30] [TASK_10] [INFO] Time-series split — train: 10 rows (4 quarters), test: 18 rows (8 quarters)
[2026-07-12 09:09:30] [TASK_10] [INFO] Time-series split — train: 10 rows (4 quarters), test: 18 rows (8 quarters)
[2026-07-12 09:09:30] [TASK_10] [INFO] Time-series split — train: 10 rows (4 quarters), test: 18 rows (8 quarters)
[2026-07-12 09:09:30] [TASK_10] [INFO] Time-series split — train: 10 rows (4 quarters), test: 18 rows (8 quarters)
[2026-07-12 09:09:30] [TASK_10] [INFO] Time-series split — train: 10 rows (4 quarters), test: 18 rows (8 quarters)
[2026-07-12 09:09:30] [TASK_10] [INFO] Time-series split — train: 10 rows (4 quarters), test: 8 rows (8 quarters)
[2026-07-12 09:09:30] [TASK_10] [INFO] Time-series split — train: 10 rows (4 quarters), test: 8 rows (8 quarters)
[2026-07-12 09:09:30] [TASK_10] [INFO] Time-series split — train: 10 rows (4 quarters), test: 8 rows (8 quarters)
[2026-07-12 09:09:30] [TASK_10] [INFO] Time-series split — train: 10 rows (4 quarters), test: 8 rows (8 quarters)
[2026-07-12 09:09:30] [TASK_10] [INFO] Time-series split — train: 10 rows (4 quarters), test: 8 rows (8 quarters)
[2026-07-12 09:09:30] [TASK_10] [INFO] Time-series split — train: 10 rows (4 quarters), test: 8 rows (8 quarters)
[2026-07-12 09:09:30] [TASK_10] [INFO] Time-series split — train: 10 rows (4 quarters), test: 8 rows (8 quarters)
[2026-07-12 09:09:30] [TASK_10] [INFO] Time-series split — train: 10 rows (4 quarters), test: 8 rows (8 quarters)
[2026-07-12 09:09:30] [TASK_10] [INFO] Time-series split — train: 3 rows (1 quarters), test: 8 rows (4 quarters)
[2026-07-12 09:09:30] [TASK_10] [INFO] Time-series split — train: 3 rows (1 quarters), test: 8 rows (4 quarters)
[2026-07-12 09:09:30] [TASK_10] [INFO] Time-series split — train: 3 rows (1 quarters), test: 8 rows (4 quarters)
[2026-07-12 09:09:30] [TASK_10] [INFO] Time-series split — train: 3 rows (1 quarters), test: 8 rows (4 quarters)
[2026-07-12 09:09:30] [TASK_10] [INFO] Time-series split — train: 3 rows (1 quarters), test: 8 rows (4 quarters)
[2026-07-12 09:09:30] [TASK_10] [INFO] Time-series split — train: 3 rows (1 quarters), test: 8 rows (4 quarters)
[2026-07-12 09:09:30] [TASK_10] [INFO] Time-series split — train: 3 rows (1 quarters), test: 8 rows (4 quarters)
[2026-07-12 09:09:30] [TASK_10] [INFO] Time-series split — train: 3 rows (1 quarters), test: 8 rows (4 quarters)
[2026-07-12 09:09:30] [TASK_10] [INFO] Time-series split — train: 3 rows (1 quarters), test: 8 rows (4 quarters)
[2026-07-12 09:09:30] [TASK_10] [INFO] Time-series split — train: 3 rows (1 quarters), test: 8 rows (4 quarters)
[2026-07-12 09:09:30] [TASK_10] [INFO] Time-series split — train: 3 rows (1 quarters), test: 8 rows (4 quarters)
[2026-07-12 09:09:30] [TASK_10] [INFO] Time-series split — train: 3 rows (1 quarters), test: 8 rows (4 quarters)
[2026-07-12 09:09:30] [TASK_10] [INFO] Time-series split — train: 3 rows (1 quarters), test: 8 rows (4 quarters)
[2026-07-12 09:09:30] [TASK_10] [INFO] Time-series split — train: 3 rows (1 quarters), test: 8 rows (4 quarters)
[2026-07-12 09:09:30] [TASK_10] [INFO] Time-series split — train: 2 rows (1 quarters), test: 23 rows (12 quarters)
[2026-07-12 09:09:30] [TASK_10] [INFO] Time-series split — train: 2 rows (1 quarters), test: 23 rows (12 quarters)
[2026-07-12 09:09:30] [TASK_10] [INFO] Time-series split — train: 2 rows (1 quarters), test: 23 rows (12 quarters)
[2026-07-12 09:09:30] [TASK_10] [INFO] Time-series split — train: 2 rows (1 quarters), test: 23 rows (12 quarters)
[2026-07-12 09:09:30] [TASK_10] [INFO] Time-series split — train: 2 rows (1 quarters), test: 23 rows (12 quarters)
[2026-07-12 09:09:30] [TASK_10] [INFO] Time-series split — train: 2 rows (1 quarters), test: 23 rows (12 quarters)
[2026-07-12 09:09:30] [TASK_10] [INFO] Time-series split — train: 2 rows (1 quarters), test: 23 rows (12 quarters)
[2026-07-12 09:09:30] [TASK_10] [INFO] Time-series split — train: 2 rows (1 quarters), test: 23 rows (12 quarters)
[2026-07-12 09:09:30] [TASK_10] [INFO] Time-series split — train: 2 rows (1 quarters), test: 23 rows (12 quarters)
[2026-07-12 09:09:30] [TASK_10] [INFO] Time-series split — train: 2 rows (1 quarters), test: 23 rows (12 quarters)
[2026-07-12 09:09:30] [TASK_10] [INFO] Time-series split — train: 2 rows (1 quarters), test: 23 rows (12 quarters)
[2026-07-12 09:09:30] [TASK_10] [INFO] Time-series split — train: 2 rows (1 quarters), test: 23 rows (12 quarters)
[2026-07-12 09:09:30] [TASK_10] [INFO] Time-series split — train: 2 rows (2 quarters), test: 12 rows (12 quarters)
[2026-07-12 09:09:30] [TASK_10] [INFO] Time-series split — train: 2 rows (2 quarters), test: 12 rows (12 quarters)
[2026-07-12 09:09:30] [TASK_10] [INFO] Time-series split — train: 3 rows (1 quarters), test: 13 rows (7 quarters)
[2026-07-12 09:09:30] [TASK_10] [INFO] Time-series split — train: 3 rows (1 quarters), test: 13 rows (7 quarters)
[2026-07-12 09:09:58] [TASK_10] [WARNING] Fewer than 4 test quarters with cutoff 2025Q1; falling back to last 20% of quarters (1 test quarters).
[2026-07-12 09:09:58] [TASK_10] [INFO] Time-series split — train: 30 rows (3 quarters), test: 10 rows (1 quarters)
[2026-07-12 09:09:59] [TASK_10] [WARNING] Fewer than 4 test quarters with cutoff 2025Q1; falling back to last 20% of quarters (1 test quarters).
[2026-07-12 09:09:59] [TASK_10] [INFO] Time-series split — train: 30 rows (3 quarters), test: 10 rows (1 quarters)
[2026-07-12 09:10:00] [TASK_10] [WARNING] Fewer than 4 test quarters with cutoff 2025Q1; falling back to last 20% of quarters (1 test quarters).
[2026-07-12 09:10:00] [TASK_10] [INFO] Time-series split — train: 30 rows (3 quarters), test: 10 rows (1 quarters)
[2026-07-12 09:10:01] [TASK_10] [WARNING] Fewer than 4 test quarters with cutoff 2025Q1; falling back to last 20% of quarters (1 test quarters).
[2026-07-12 09:10:01] [TASK_10] [INFO] Time-series split — train: 30 rows (3 quarters), test: 10 rows (1 quarters)
[2026-07-12 09:10:02] [TASK_10] [WARNING] Fewer than 4 test quarters with cutoff 2025Q1; falling back to last 20% of quarters (1 test quarters).
[2026-07-12 09:10:02] [TASK_10] [INFO] Time-series split — train: 30 rows (3 quarters), test: 10 rows (1 quarters)
[2026-07-12 09:10:03] [TASK_10] [WARNING] Fewer than 4 test quarters with cutoff 2025Q1; falling back to last 20% of quarters (1 test quarters).
[2026-07-12 09:10:03] [TASK_10] [INFO] Time-series split — train: 30 rows (3 quarters), test: 10 rows (1 quarters)
[2026-07-12 09:10:04] [TASK_10] [WARNING] Fewer than 4 test quarters with cutoff 2025Q1; falling back to last 20% of quarters (1 test quarters).
[2026-07-12 09:10:04] [TASK_10] [INFO] Time-series split — train: 30 rows (3 quarters), test: 10 rows (1 quarters)
[2026-07-12 09:10:05] [TASK_10] [WARNING] Fewer than 4 test quarters with cutoff 2025Q1; falling back to last 20% of quarters (1 test quarters).
[2026-07-12 09:10:05] [TASK_10] [INFO] Time-series split — train: 30 rows (3 quarters), test: 10 rows (1 quarters)
[2026-07-12 09:10:06] [TASK_10] [WARNING] Fewer than 4 test quarters with cutoff 2024Q1; falling back to last 20% of quarters (1 test quarters).
[2026-07-12 09:10:06] [TASK_10] [INFO] Time-series split — train: 30 rows (3 quarters), test: 10 rows (1 quarters)
[2026-07-12 09:10:31] [TASK_10] [INFO] ============================================================
[2026-07-12 09:10:31] [TASK_10] [INFO] START TASK_10: Model Training (3 configs × 4 algorithms)
[2026-07-12 09:10:31] [TASK_10] [INFO] Timestamp: 2026-07-12T09:10:31.234719
[2026-07-12 09:10:31] [TASK_10] [INFO] ============================================================
[2026-07-12 09:10:31] [TASK_10] [INFO] Input: data/features/technical_features.csv (1521 rows)
[2026-07-12 09:10:31] [TASK_10] [INFO] Input: data/features/keyword_features.csv (1450 rows)
[2026-07-12 09:10:32] [TASK_10] [INFO] Input: data/aggregated/master_with_labels.csv (1428 rows)
[2026-07-12 09:10:32] [TASK_10] [INFO] ------------------------------------------------------------
[2026-07-12 09:10:32] [TASK_10] [INFO] END TASK_10 — completed in 0.0 seconds
[2026-07-12 09:10:32] [TASK_10] [INFO] ============================================================
[2026-07-12 09:10:52] [TASK_10] [INFO] ============================================================
[2026-07-12 09:10:52] [TASK_10] [INFO] START TASK_10: Model Training (3 configs × 4 algorithms)
[2026-07-12 09:10:52] [TASK_10] [INFO] Timestamp: 2026-07-12T09:10:52.154227
[2026-07-12 09:10:52] [TASK_10] [INFO] ============================================================
[2026-07-12 09:10:52] [TASK_10] [INFO] Input: data/features/technical_features.csv (1521 rows)
[2026-07-12 09:10:52] [TASK_10] [INFO] Input: data/features/keyword_features.csv (1450 rows)
[2026-07-12 09:10:53] [TASK_10] [INFO] Input: data/aggregated/master_with_labels.csv (1428 rows)
[2026-07-12 09:10:53] [TASK_10] [INFO] ------------------------------------------------------------
[2026-07-12 09:10:53] [TASK_10] [INFO] END TASK_10 — completed in 0.0 seconds
[2026-07-12 09:10:53] [TASK_10] [INFO] ============================================================
[2026-07-12 09:10:53] [TASK_10] [INFO] Time-series split — train: 0 rows (0 quarters), test: 4 rows (4 quarters)
[2026-07-12 09:10:53] [TASK_10] [INFO] Time-series split — train: 0 rows (0 quarters), test: 4 rows (4 quarters)
[2026-07-12 09:10:53] [TASK_10] [INFO] Time-series split — train: 12 rows (2 quarters), test: 36 rows (6 quarters)
[2026-07-12 09:10:53] [TASK_10] [INFO] Time-series split — train: 0 rows (0 quarters), test: 4 rows (4 quarters)
[2026-07-12 09:10:53] [TASK_10] [INFO] Time-series split — train: 0 rows (0 quarters), test: 48 rows (8 quarters)
[2026-07-12 09:10:53] [TASK_10] [INFO] Time-series split — train: 0 rows (0 quarters), test: 4 rows (4 quarters)
[2026-07-12 09:10:54] [TASK_10] [INFO] Time-series split — train: 8 rows (2 quarters), test: 28 rows (7 quarters)
[2026-07-12 09:10:54] [TASK_10] [INFO] Time-series split — train: 0 rows (0 quarters), test: 4 rows (4 quarters)
[2026-07-12 09:10:54] [TASK_10] [INFO] Time-series split — train: 9 rows (3 quarters), test: 12 rows (4 quarters)
[2026-07-12 09:10:54] [TASK_10] [INFO] Time-series split — train: 0 rows (0 quarters), test: 4 rows (4 quarters)
[2026-07-12 09:10:54] [TASK_10] [INFO] Time-series split — train: 0 rows (0 quarters), test: 10 rows (5 quarters)
[2026-07-12 09:10:54] [TASK_10] [INFO] Time-series split — train: 0 rows (0 quarters), test: 4 rows (4 quarters)
[2026-07-12 09:10:54] [TASK_10] [INFO] Time-series split — train: 0 rows (0 quarters), test: 4 rows (4 quarters)
[2026-07-12 09:10:54] [TASK_10] [INFO] Time-series split — train: 0 rows (0 quarters), test: 4 rows (4 quarters)
[2026-07-12 09:10:54] [TASK_10] [INFO] Time-series split — train: 16 rows (8 quarters), test: 14 rows (7 quarters)
[2026-07-12 09:10:54] [TASK_10] [INFO] Time-series split — train: 16 rows (8 quarters), test: 14 rows (7 quarters)
[2026-07-12 09:10:54] [TASK_10] [INFO] Time-series split — train: 16 rows (8 quarters), test: 14 rows (7 quarters)
[2026-07-12 09:10:54] [TASK_10] [INFO] Time-series split — train: 16 rows (8 quarters), test: 14 rows (7 quarters)
[2026-07-12 09:10:54] [TASK_10] [INFO] Time-series split — train: 16 rows (8 quarters), test: 14 rows (7 quarters)
[2026-07-12 09:10:54] [TASK_10] [INFO] Time-series split — train: 16 rows (8 quarters), test: 16 rows (8 quarters)
[2026-07-12 09:10:54] [TASK_10] [INFO] Time-series split — train: 5 rows (1 quarters), test: 40 rows (8 quarters)
[2026-07-12 09:10:54] [TASK_10] [INFO] Time-series split — train: 0 rows (0 quarters), test: 8 rows (8 quarters)
[2026-07-12 09:10:54] [TASK_10] [INFO] Time-series split — train: 0 rows (0 quarters), test: 8 rows (8 quarters)
[2026-07-12 09:10:54] [TASK_10] [INFO] Time-series split — train: 0 rows (0 quarters), test: 8 rows (8 quarters)
[2026-07-12 09:10:54] [TASK_10] [INFO] Time-series split — train: 3 rows (3 quarters), test: 4 rows (4 quarters)
[2026-07-12 09:10:54] [TASK_10] [INFO] Time-series split — train: 4 rows (2 quarters), test: 16 rows (8 quarters)
[2026-07-12 09:10:54] [TASK_10] [INFO] Time-series split — train: 4 rows (2 quarters), test: 16 rows (8 quarters)
[2026-07-12 09:10:54] [TASK_10] [INFO] Time-series split — train: 4 rows (2 quarters), test: 16 rows (8 quarters)
[2026-07-12 09:10:54] [TASK_10] [INFO] Time-series split — train: 4 rows (2 quarters), test: 16 rows (8 quarters)
[2026-07-12 09:10:54] [TASK_10] [INFO] Time-series split — train: 6 rows (3 quarters), test: 16 rows (8 quarters)
[2026-07-12 09:10:54] [TASK_10] [INFO] Time-series split — train: 6 rows (3 quarters), test: 16 rows (8 quarters)
[2026-07-12 09:10:54] [TASK_10] [INFO] Time-series split — train: 3 rows (3 quarters), test: 8 rows (8 quarters)
[2026-07-12 09:10:54] [TASK_10] [INFO] Time-series split — train: 3 rows (3 quarters), test: 8 rows (8 quarters)
[2026-07-12 09:10:54] [TASK_10] [INFO] Time-series split — train: 3 rows (3 quarters), test: 8 rows (8 quarters)
[2026-07-12 09:10:54] [TASK_10] [INFO] Time-series split — train: 24 rows (4 quarters), test: 36 rows (6 quarters)
[2026-07-12 09:10:54] [TASK_10] [INFO] Time-series split — train: 24 rows (4 quarters), test: 36 rows (6 quarters)
[2026-07-12 09:10:54] [TASK_10] [INFO] Time-series split — train: 24 rows (4 quarters), test: 36 rows (6 quarters)
[2026-07-12 09:10:54] [TASK_10] [INFO] Time-series split — train: 4 rows (4 quarters), test: 6 rows (6 quarters)
[2026-07-12 09:10:54] [TASK_10] [INFO] Time-series split — train: 4 rows (4 quarters), test: 6 rows (6 quarters)
[2026-07-12 09:10:54] [TASK_10] [INFO] Time-series split — train: 4 rows (4 quarters), test: 6 rows (6 quarters)
[2026-07-12 09:10:54] [TASK_10] [INFO] Time-series split — train: 3 rows (3 quarters), test: 8 rows (8 quarters)
[2026-07-12 09:10:54] [TASK_10] [INFO] Time-series split — train: 32 rows (8 quarters), test: 16 rows (4 quarters)
[2026-07-12 09:10:54] [TASK_10] [INFO] Time-series split — train: 32 rows (8 quarters), test: 16 rows (4 quarters)
[2026-07-12 09:10:54] [TASK_10] [INFO] Time-series split — train: 32 rows (8 quarters), test: 16 rows (4 quarters)
[2026-07-12 09:10:54] [TASK_10] [INFO] Time-series split — train: 32 rows (8 quarters), test: 16 rows (4 quarters)
[2026-07-12 09:10:54] [TASK_10] [INFO] Time-series split — train: 32 rows (8 quarters), test: 16 rows (4 quarters)
[2026-07-12 09:10:54] [TASK_10] [INFO] Time-series split — train: 6 rows (1 quarters), test: 36 rows (6 quarters)
[2026-07-12 09:10:54] [TASK_10] [INFO] Time-series split — train: 6 rows (1 quarters), test: 36 rows (6 quarters)
[2026-07-12 09:10:54] [TASK_10] [INFO] Time-series split — train: 4 rows (1 quarters), test: 24 rows (6 quarters)
[2026-07-12 09:10:54] [TASK_10] [INFO] Time-series split — train: 4 rows (1 quarters), test: 24 rows (6 quarters)
[2026-07-12 09:10:54] [TASK_10] [INFO] Time-series split — train: 0 rows (0 quarters), test: 32 rows (8 quarters)
[2026-07-12 09:10:54] [TASK_10] [INFO] Time-series split — train: 8 rows (8 quarters), test: 5 rows (5 quarters)
[2026-07-12 09:10:54] [TASK_10] [INFO] Time-series split — train: 8 rows (8 quarters), test: 5 rows (5 quarters)
[2026-07-12 09:10:54] [TASK_10] [INFO] Time-series split — train: 8 rows (8 quarters), test: 5 rows (5 quarters)
[2026-07-12 09:10:54] [TASK_10] [INFO] Time-series split — train: 8 rows (8 quarters), test: 5 rows (5 quarters)
[2026-07-12 09:10:54] [TASK_10] [INFO] Time-series split — train: 8 rows (8 quarters), test: 5 rows (5 quarters)
[2026-07-12 09:10:54] [TASK_10] [INFO] Time-series split — train: 8 rows (8 quarters), test: 5 rows (5 quarters)
[2026-07-12 09:10:54] [TASK_10] [INFO] Time-series split — train: 0 rows (0 quarters), test: 24 rows (4 quarters)
[2026-07-12 09:10:54] [TASK_10] [INFO] Time-series split — train: 0 rows (0 quarters), test: 24 rows (4 quarters)
[2026-07-12 09:10:54] [TASK_10] [INFO] Time-series split — train: 0 rows (0 quarters), test: 24 rows (4 quarters)
[2026-07-12 09:10:54] [TASK_10] [INFO] Time-series split — train: 0 rows (0 quarters), test: 24 rows (4 quarters)
[2026-07-12 09:10:54] [TASK_10] [INFO] Time-series split — train: 0 rows (0 quarters), test: 24 rows (4 quarters)
[2026-07-12 09:10:54] [TASK_10] [INFO] Time-series split — train: 0 rows (0 quarters), test: 12 rows (4 quarters)
[2026-07-12 09:10:54] [TASK_10] [INFO] Time-series split — train: 0 rows (0 quarters), test: 12 rows (4 quarters)
[2026-07-12 09:10:54] [TASK_10] [INFO] Time-series split — train: 1 rows (1 quarters), test: 5 rows (5 quarters)
[2026-07-12 09:10:54] [TASK_10] [INFO] Time-series split — train: 1 rows (1 quarters), test: 5 rows (5 quarters)
[2026-07-12 09:10:54] [TASK_10] [INFO] Time-series split — train: 0 rows (0 quarters), test: 4 rows (4 quarters)
[2026-07-12 09:10:54] [TASK_10] [INFO] Time-series split — train: 0 rows (0 quarters), test: 4 rows (4 quarters)
[2026-07-12 09:10:54] [TASK_10] [INFO] Time-series split — train: 0 rows (0 quarters), test: 28 rows (7 quarters)
[2026-07-12 09:10:54] [TASK_10] [INFO] Time-series split — train: 0 rows (0 quarters), test: 32 rows (8 quarters)
[2026-07-12 09:10:54] [TASK_10] [INFO] Time-series split — train: 12 rows (3 quarters), test: 16 rows (4 quarters)
[2026-07-12 09:10:54] [TASK_10] [INFO] Time-series split — train: 12 rows (3 quarters), test: 16 rows (4 quarters)
[2026-07-12 09:10:54] [TASK_10] [INFO] Time-series split — train: 12 rows (3 quarters), test: 16 rows (4 quarters)
[2026-07-12 09:10:54] [TASK_10] [INFO] Time-series split — train: 12 rows (3 quarters), test: 16 rows (4 quarters)
[2026-07-12 09:10:54] [TASK_10] [INFO] Time-series split — train: 16 rows (8 quarters), test: 12 rows (6 quarters)
[2026-07-12 09:10:54] [TASK_10] [INFO] Time-series split — train: 16 rows (8 quarters), test: 12 rows (6 quarters)
[2026-07-12 09:10:54] [TASK_10] [INFO] Time-series split — train: 16 rows (8 quarters), test: 12 rows (6 quarters)
[2026-07-12 09:10:54] [TASK_10] [INFO] Time-series split — train: 20 rows (4 quarters), test: 30 rows (6 quarters)
[2026-07-12 09:10:54] [TASK_10] [INFO] Time-series split — train: 24 rows (4 quarters), test: 36 rows (6 quarters)
[2026-07-12 09:10:54] [TASK_10] [INFO] Time-series split — train: 24 rows (4 quarters), test: 36 rows (6 quarters)
[2026-07-12 09:10:54] [TASK_10] [INFO] Time-series split — train: 2 rows (2 quarters), test: 7 rows (7 quarters)
[2026-07-12 09:10:54] [TASK_10] [INFO] Time-series split — train: 2 rows (2 quarters), test: 7 rows (7 quarters)
[2026-07-12 09:10:54] [TASK_10] [INFO] Time-series split — train: 32 rows (8 quarters), test: 32 rows (8 quarters)
[2026-07-12 09:10:54] [TASK_10] [INFO] Time-series split — train: 32 rows (8 quarters), test: 32 rows (8 quarters)
[2026-07-12 09:10:54] [TASK_10] [INFO] Time-series split — train: 32 rows (8 quarters), test: 32 rows (8 quarters)
[2026-07-12 09:10:54] [TASK_10] [INFO] Time-series split — train: 32 rows (8 quarters), test: 32 rows (8 quarters)
[2026-07-12 09:10:54] [TASK_10] [INFO] Time-series split — train: 32 rows (8 quarters), test: 32 rows (8 quarters)
[2026-07-12 09:10:54] [TASK_10] [INFO] Time-series split — train: 32 rows (8 quarters), test: 32 rows (8 quarters)
[2026-07-12 09:10:54] [TASK_10] [INFO] Time-series split — train: 6 rows (1 quarters), test: 24 rows (4 quarters)
[2026-07-12 09:10:54] [TASK_10] [INFO] Time-series split — train: 6 rows (1 quarters), test: 24 rows (4 quarters)
[2026-07-12 09:10:54] [TASK_10] [INFO] Time-series split — train: 4 rows (1 quarters), test: 16 rows (4 quarters)
[2026-07-12 09:10:54] [TASK_10] [INFO] Time-series split — train: 4 rows (1 quarters), test: 16 rows (4 quarters)
[2026-07-12 09:10:54] [TASK_10] [INFO] Time-series split — train: 2 rows (1 quarters), test: 8 rows (4 quarters)
[2026-07-12 09:10:54] [TASK_10] [INFO] Time-series split — train: 2 rows (1 quarters), test: 8 rows (4 quarters)
[2026-07-12 09:10:54] [TASK_10] [INFO] Time-series split — train: 2 rows (1 quarters), test: 8 rows (4 quarters)
[2026-07-12 09:10:54] [TASK_10] [INFO] Time-series split — train: 2 rows (1 quarters), test: 8 rows (4 quarters)
[2026-07-12 09:10:54] [TASK_10] [INFO] Time-series split — train: 0 rows (0 quarters), test: 4 rows (4 quarters)
[2026-07-12 09:10:54] [TASK_10] [INFO] Time-series split — train: 24 rows (6 quarters), test: 28 rows (7 quarters)
[2026-07-12 09:10:54] [TASK_10] [INFO] Time-series split — train: 24 rows (6 quarters), test: 28 rows (7 quarters)
[2026-07-12 09:10:54] [TASK_10] [INFO] Time-series split — train: 6 rows (6 quarters), test: 7 rows (7 quarters)
[2026-07-12 09:10:57] [TASK_10] [INFO] Time-series split — train: 12 rows (4 quarters), test: 12 rows (4 quarters)
[2026-07-12 09:10:57] [TASK_10] [INFO] Time-series split — train: 12 rows (4 quarters), test: 12 rows (4 quarters)
[2026-07-12 09:10:57] [TASK_10] [INFO] Time-series split — train: 12 rows (4 quarters), test: 12 rows (4 quarters)
[2026-07-12 09:10:57] [TASK_10] [INFO] Time-series split — train: 12 rows (4 quarters), test: 12 rows (4 quarters)
[2026-07-12 09:10:57] [TASK_10] [WARNING] Fewer than 4 test quarters with cutoff 2024Q4; falling back to last 20% of quarters (1 test quarters).
[2026-07-12 09:10:57] [TASK_10] [INFO] Time-series split — train: 21 rows (7 quarters), test: 3 rows (1 quarters)
[2026-07-12 09:10:57] [TASK_10] [INFO] Time-series split — train: 12 rows (4 quarters), test: 12 rows (4 quarters)
[2026-07-12 09:10:57] [TASK_10] [INFO] Confusion matrix for Dummy - Config_A:
[[10  0]
 [ 2  0]]
