[2026-07-01 09:02:13] [TASK_5] [INFO] ============================================================
[2026-07-01 09:02:13] [TASK_5] [INFO] START TASK_5: Data Aggregation (group by ticker × quarter)
[2026-07-01 09:02:13] [TASK_5] [INFO] Timestamp: 2026-07-01T09:02:13.141709
[2026-07-01 09:02:13] [TASK_5] [INFO] ============================================================
[2026-07-01 09:02:13] [TASK_5] [INFO] Input: data/prices/all_vn30_prices.csv (93824 rows)
[2026-07-01 09:02:13] [TASK_5] [INFO] Input: data/news/processed/all_news_processed.csv (34979 rows)
[2026-07-01 09:02:13] [TASK_5] [INFO] ------------------------------------------------------------
[2026-07-01 09:02:13] [TASK_5] [INFO] END TASK_5 — completed in 0.0 seconds
[2026-07-01 09:02:13] [TASK_5] [INFO] ============================================================
[2026-07-01 09:02:13] [TASK_5] [INFO] ============================================================
[2026-07-01 09:02:13] [TASK_5] [INFO] START TASK_5: Data Aggregation (group by ticker × quarter)
[2026-07-01 09:02:13] [TASK_5] [INFO] Timestamp: 2026-07-01T09:02:13.990448
[2026-07-01 09:02:13] [TASK_5] [INFO] ============================================================
[2026-07-01 09:02:14] [TASK_5] [INFO] Input: data/prices/all_vn30_prices.csv (93824 rows)
[2026-07-01 09:02:14] [TASK_5] [INFO] Input: data/news/processed/all_news_processed.csv (34979 rows)
[2026-07-01 09:02:14] [TASK_5] [INFO] ------------------------------------------------------------
[2026-07-01 09:02:14] [TASK_5] [INFO] END TASK_5 — completed in 0.0 seconds
[2026-07-01 09:02:14] [TASK_5] [INFO] ============================================================
[2026-07-01 09:02:52] [TASK_5] [INFO] ============================================================
[2026-07-01 09:02:52] [TASK_5] [INFO] START TASK_5: Data Aggregation (group by ticker × quarter)
[2026-07-01 09:02:52] [TASK_5] [INFO] Timestamp: 2026-07-01T09:02:52.924326
[2026-07-01 09:02:52] [TASK_5] [INFO] ============================================================
[2026-07-01 09:02:52] [TASK_5] [INFO] Input: data/prices/all_vn30_prices.csv (93824 rows)
[2026-07-01 09:02:53] [TASK_5] [INFO] Input: data/news/processed/all_news_processed.csv (34979 rows)
[2026-07-01 09:02:53] [TASK_5] [INFO] ------------------------------------------------------------
[2026-07-01 09:02:53] [TASK_5] [INFO] END TASK_5 — completed in 0.0 seconds
[2026-07-01 09:02:53] [TASK_5] [INFO] ============================================================
[2026-07-01 09:02:53] [TASK_5] [INFO] ============================================================
[2026-07-01 09:02:53] [TASK_5] [INFO] START TASK_5: Data Aggregation (group by ticker × quarter)
[2026-07-01 09:02:53] [TASK_5] [INFO] Timestamp: 2026-07-01T09:02:53.707294
[2026-07-01 09:02:53] [TASK_5] [INFO] ============================================================
[2026-07-01 09:02:53] [TASK_5] [INFO] Input: data/prices/all_vn30_prices.csv (93824 rows)
[2026-07-01 09:02:53] [TASK_5] [INFO] Input: data/news/processed/all_news_processed.csv (34979 rows)
[2026-07-01 09:02:53] [TASK_5] [INFO] ------------------------------------------------------------
[2026-07-01 09:02:53] [TASK_5] [INFO] END TASK_5 — completed in 0.0 seconds
[2026-07-01 09:02:53] [TASK_5] [INFO] ============================================================
[2026-07-01 09:53:45] [TASK_5] [INFO] ============================================================
[2026-07-01 09:53:45] [TASK_5] [INFO] START TASK_5: Data Aggregation (group by ticker × quarter)
[2026-07-01 09:53:45] [TASK_5] [INFO] Timestamp: 2026-07-01T09:53:45.132690
[2026-07-01 09:53:45] [TASK_5] [INFO] ============================================================
[2026-07-01 09:53:45] [TASK_5] [INFO] Input: data/prices/all_vn30_prices.csv (93824 rows)
[2026-07-01 09:53:45] [TASK_5] [INFO] Input: data/news/processed/all_news_processed.csv (34979 rows)
[2026-07-01 09:53:45] [TASK_5] [INFO] ------------------------------------------------------------
[2026-07-01 09:53:45] [TASK_5] [INFO] END TASK_5 — completed in 0.0 seconds
[2026-07-01 09:53:45] [TASK_5] [INFO] ============================================================
[2026-07-01 09:53:45] [TASK_5] [INFO] ============================================================
[2026-07-01 09:53:45] [TASK_5] [INFO] START TASK_5: Data Aggregation (group by ticker × quarter)
[2026-07-01 09:53:45] [TASK_5] [INFO] Timestamp: 2026-07-01T09:53:45.986154
[2026-07-01 09:53:45] [TASK_5] [INFO] ============================================================
[2026-07-01 09:53:46] [TASK_5] [INFO] Input: data/prices/all_vn30_prices.csv (93824 rows)
[2026-07-01 09:53:46] [TASK_5] [INFO] Input: data/news/processed/all_news_processed.csv (34979 rows)
[2026-07-01 09:53:46] [TASK_5] [INFO] ------------------------------------------------------------
[2026-07-01 09:53:46] [TASK_5] [INFO] END TASK_5 — completed in 0.0 seconds
[2026-07-01 09:53:46] [TASK_5] [INFO] ============================================================
[2026-07-01 09:55:11] [TASK_5] [INFO] ============================================================
[2026-07-01 09:55:11] [TASK_5] [INFO] START TASK_5: Data Aggregation (group by ticker × quarter)
[2026-07-01 09:55:11] [TASK_5] [INFO] Timestamp: 2026-07-01T09:55:11.396430
[2026-07-01 09:55:11] [TASK_5] [INFO] ============================================================
[2026-07-01 09:55:11] [TASK_5] [INFO] Input: data/prices/all_vn30_prices.csv (93824 rows)
[2026-07-01 09:55:11] [TASK_5] [INFO] Input: data/news/processed/all_news_processed.csv (34979 rows)
[2026-07-01 09:55:11] [TASK_5] [INFO] ------------------------------------------------------------
[2026-07-01 09:55:11] [TASK_5] [INFO] END TASK_5 — completed in 0.0 seconds
[2026-07-01 09:55:11] [TASK_5] [INFO] ============================================================
[2026-07-01 09:55:12] [TASK_5] [INFO] ============================================================
[2026-07-01 09:55:12] [TASK_5] [INFO] START TASK_5: Data Aggregation (group by ticker × quarter)
[2026-07-01 09:55:12] [TASK_5] [INFO] Timestamp: 2026-07-01T09:55:12.365790
[2026-07-01 09:55:12] [TASK_5] [INFO] ============================================================
[2026-07-01 09:55:12] [TASK_5] [INFO] Input: data/prices/all_vn30_prices.csv (93824 rows)
[2026-07-01 09:55:12] [TASK_5] [INFO] Input: data/news/processed/all_news_processed.csv (34979 rows)
[2026-07-01 09:55:12] [TASK_5] [INFO] ------------------------------------------------------------
[2026-07-01 09:55:12] [TASK_5] [INFO] END TASK_5 — completed in 0.0 seconds
[2026-07-01 09:55:12] [TASK_5] [INFO] ============================================================
[2026-07-01 10:36:05] [TASK_5] [INFO] ============================================================
[2026-07-01 10:36:05] [TASK_5] [INFO] START TASK_5: Data Aggregation (group by ticker × quarter)
[2026-07-01 10:36:05] [TASK_5] [INFO] Timestamp: 2026-07-01T10:36:05.358511
[2026-07-01 10:36:05] [TASK_5] [INFO] ============================================================
[2026-07-01 10:36:05] [TASK_5] [INFO] Input: data/prices/all_vn30_prices.csv (93824 rows)
[2026-07-01 10:36:05] [TASK_5] [INFO] Input: data/news/processed/all_news_processed.csv (34979 rows)
[2026-07-01 10:36:05] [TASK_5] [INFO] ------------------------------------------------------------
[2026-07-01 10:36:05] [TASK_5] [INFO] END TASK_5 — completed in 0.0 seconds
[2026-07-01 10:36:05] [TASK_5] [INFO] ============================================================
[2026-07-01 10:36:06] [TASK_5] [INFO] ============================================================
[2026-07-01 10:36:06] [TASK_5] [INFO] START TASK_5: Data Aggregation (group by ticker × quarter)
[2026-07-01 10:36:06] [TASK_5] [INFO] Timestamp: 2026-07-01T10:36:06.224731
[2026-07-01 10:36:06] [TASK_5] [INFO] ============================================================
[2026-07-01 10:36:06] [TASK_5] [INFO] Input: data/prices/all_vn30_prices.csv (93824 rows)
[2026-07-01 10:36:06] [TASK_5] [INFO] Input: data/news/processed/all_news_processed.csv (34979 rows)
[2026-07-01 10:36:06] [TASK_5] [INFO] ------------------------------------------------------------
[2026-07-01 10:36:06] [TASK_5] [INFO] END TASK_5 — completed in 0.0 seconds
[2026-07-01 10:36:06] [TASK_5] [INFO] ============================================================
[2026-07-01 10:42:22] [TASK_5] [INFO] ============================================================
[2026-07-01 10:42:22] [TASK_5] [INFO] START TASK_5: Data Aggregation (group by ticker × quarter)
[2026-07-01 10:42:22] [TASK_5] [INFO] Timestamp: 2026-07-01T10:42:22.126721
[2026-07-01 10:42:22] [TASK_5] [INFO] ============================================================
[2026-07-01 10:42:22] [TASK_5] [INFO] Input: data/prices/all_vn30_prices.csv (93824 rows)
[2026-07-01 10:42:22] [TASK_5] [INFO] Input: data/news/processed/all_news_processed.csv (34979 rows)
[2026-07-01 10:42:22] [TASK_5] [INFO] ------------------------------------------------------------
[2026-07-01 10:42:22] [TASK_5] [INFO] END TASK_5 — completed in 0.0 seconds
[2026-07-01 10:42:22] [TASK_5] [INFO] ============================================================
[2026-07-01 10:42:23] [TASK_5] [INFO] ============================================================
[2026-07-01 10:42:23] [TASK_5] [INFO] START TASK_5: Data Aggregation (group by ticker × quarter)
[2026-07-01 10:42:23] [TASK_5] [INFO] Timestamp: 2026-07-01T10:42:23.002081
[2026-07-01 10:42:23] [TASK_5] [INFO] ============================================================
[2026-07-01 10:42:23] [TASK_5] [INFO] Input: data/prices/all_vn30_prices.csv (93824 rows)
[2026-07-01 10:42:23] [TASK_5] [INFO] Input: data/news/processed/all_news_processed.csv (34979 rows)
[2026-07-01 10:42:23] [TASK_5] [INFO] ------------------------------------------------------------
[2026-07-01 10:42:23] [TASK_5] [INFO] END TASK_5 — completed in 0.0 seconds
[2026-07-01 10:42:23] [TASK_5] [INFO] ============================================================
[2026-07-01 10:54:24] [TASK_5] [INFO] ============================================================
[2026-07-01 10:54:24] [TASK_5] [INFO] START TASK_5: Data Aggregation (group by ticker × quarter)
[2026-07-01 10:54:24] [TASK_5] [INFO] Timestamp: 2026-07-01T10:54:24.396444
[2026-07-01 10:54:24] [TASK_5] [INFO] ============================================================
[2026-07-01 10:54:24] [TASK_5] [INFO] Input: data/prices/all_vn30_prices.csv (93824 rows)
[2026-07-01 10:54:24] [TASK_5] [INFO] Input: data/news/processed/all_news_processed.csv (34979 rows)
[2026-07-01 10:54:24] [TASK_5] [INFO] ------------------------------------------------------------
[2026-07-01 10:54:24] [TASK_5] [INFO] END TASK_5 — completed in 0.0 seconds
[2026-07-01 10:54:24] [TASK_5] [INFO] ============================================================
[2026-07-01 10:54:25] [TASK_5] [INFO] ============================================================
[2026-07-01 10:54:25] [TASK_5] [INFO] START TASK_5: Data Aggregation (group by ticker × quarter)
[2026-07-01 10:54:25] [TASK_5] [INFO] Timestamp: 2026-07-01T10:54:25.145198
[2026-07-01 10:54:25] [TASK_5] [INFO] ============================================================
[2026-07-01 10:54:25] [TASK_5] [INFO] Input: data/prices/all_vn30_prices.csv (93824 rows)
[2026-07-01 10:54:25] [TASK_5] [INFO] Input: data/news/processed/all_news_processed.csv (34979 rows)
[2026-07-01 10:54:25] [TASK_5] [INFO] ------------------------------------------------------------
[2026-07-01 10:54:25] [TASK_5] [INFO] END TASK_5 — completed in 0.0 seconds
[2026-07-01 10:54:25] [TASK_5] [INFO] ============================================================
[2026-07-01 11:35:25] [TASK_5] [INFO] ============================================================
[2026-07-01 11:35:25] [TASK_5] [INFO] START TASK_5: Data Aggregation (group by ticker × quarter)
[2026-07-01 11:35:25] [TASK_5] [INFO] Timestamp: 2026-07-01T11:35:25.041688
[2026-07-01 11:35:25] [TASK_5] [INFO] ============================================================
[2026-07-01 11:35:25] [TASK_5] [INFO] Input: data/prices/all_vn30_prices.csv (93824 rows)
[2026-07-01 11:35:25] [TASK_5] [INFO] Input: data/news/processed/all_news_processed.csv (34979 rows)
[2026-07-01 11:35:25] [TASK_5] [INFO] ------------------------------------------------------------
[2026-07-01 11:35:25] [TASK_5] [INFO] END TASK_5 — completed in 0.0 seconds
[2026-07-01 11:35:25] [TASK_5] [INFO] ============================================================
[2026-07-01 11:35:25] [TASK_5] [INFO] ============================================================
[2026-07-01 11:35:25] [TASK_5] [INFO] START TASK_5: Data Aggregation (group by ticker × quarter)
[2026-07-01 11:35:25] [TASK_5] [INFO] Timestamp: 2026-07-01T11:35:25.737705
[2026-07-01 11:35:25] [TASK_5] [INFO] ============================================================
[2026-07-01 11:35:25] [TASK_5] [INFO] Input: data/prices/all_vn30_prices.csv (93824 rows)
[2026-07-01 11:35:25] [TASK_5] [INFO] Input: data/news/processed/all_news_processed.csv (34979 rows)
[2026-07-01 11:35:25] [TASK_5] [INFO] ------------------------------------------------------------
[2026-07-01 11:35:25] [TASK_5] [INFO] END TASK_5 — completed in 0.0 seconds
[2026-07-01 11:35:25] [TASK_5] [INFO] ============================================================
[2026-07-01 11:36:11] [TASK_5] [INFO] ============================================================
[2026-07-01 11:36:11] [TASK_5] [INFO] START TASK_5: Data Aggregation (group by ticker × quarter)
[2026-07-01 11:36:11] [TASK_5] [INFO] Timestamp: 2026-07-01T11:36:11.910422
[2026-07-01 11:36:11] [TASK_5] [INFO] ============================================================
[2026-07-01 11:36:11] [TASK_5] [INFO] Input: data/prices/all_vn30_prices.csv (93824 rows)
[2026-07-01 11:36:12] [TASK_5] [INFO] Input: data/news/processed/all_news_processed.csv (34979 rows)
[2026-07-01 11:36:12] [TASK_5] [INFO] ------------------------------------------------------------
[2026-07-01 11:36:12] [TASK_5] [INFO] END TASK_5 — completed in 0.0 seconds
[2026-07-01 11:36:12] [TASK_5] [INFO] ============================================================
[2026-07-01 11:36:12] [TASK_5] [INFO] ============================================================
[2026-07-01 11:36:12] [TASK_5] [INFO] START TASK_5: Data Aggregation (group by ticker × quarter)
[2026-07-01 11:36:12] [TASK_5] [INFO] Timestamp: 2026-07-01T11:36:12.601687
[2026-07-01 11:36:12] [TASK_5] [INFO] ============================================================
[2026-07-01 11:36:12] [TASK_5] [INFO] Input: data/prices/all_vn30_prices.csv (93824 rows)
[2026-07-01 11:36:12] [TASK_5] [INFO] Input: data/news/processed/all_news_processed.csv (34979 rows)
[2026-07-01 11:36:12] [TASK_5] [INFO] ------------------------------------------------------------
[2026-07-01 11:36:12] [TASK_5] [INFO] END TASK_5 — completed in 0.0 seconds
[2026-07-01 11:36:12] [TASK_5] [INFO] ============================================================
[2026-07-01 11:37:05] [TASK_5] [INFO] ============================================================
[2026-07-01 11:37:05] [TASK_5] [INFO] START TASK_5: Data Aggregation (group by ticker × quarter)
[2026-07-01 11:37:05] [TASK_5] [INFO] Timestamp: 2026-07-01T11:37:05.139268
[2026-07-01 11:37:05] [TASK_5] [INFO] ============================================================
[2026-07-01 11:37:05] [TASK_5] [INFO] Input: data/prices/all_vn30_prices.csv (93824 rows)
[2026-07-01 11:37:05] [TASK_5] [INFO] Input: data/news/processed/all_news_processed.csv (34979 rows)
[2026-07-01 11:37:05] [TASK_5] [INFO] ------------------------------------------------------------
[2026-07-01 11:37:05] [TASK_5] [INFO] END TASK_5 — completed in 0.0 seconds
[2026-07-01 11:37:05] [TASK_5] [INFO] ============================================================
[2026-07-01 11:37:05] [TASK_5] [INFO] ============================================================
[2026-07-01 11:37:05] [TASK_5] [INFO] START TASK_5: Data Aggregation (group by ticker × quarter)
[2026-07-01 11:37:05] [TASK_5] [INFO] Timestamp: 2026-07-01T11:37:05.895316
[2026-07-01 11:37:05] [TASK_5] [INFO] ============================================================
[2026-07-01 11:37:05] [TASK_5] [INFO] Input: data/prices/all_vn30_prices.csv (93824 rows)
[2026-07-01 11:37:06] [TASK_5] [INFO] Input: data/news/processed/all_news_processed.csv (34979 rows)
[2026-07-01 11:37:06] [TASK_5] [INFO] ------------------------------------------------------------
[2026-07-01 11:37:06] [TASK_5] [INFO] END TASK_5 — completed in 0.0 seconds
[2026-07-01 11:37:06] [TASK_5] [INFO] ============================================================
[2026-07-01 11:39:55] [TASK_5] [INFO] ============================================================
[2026-07-01 11:39:55] [TASK_5] [INFO] START TASK_5: Data Aggregation (group by ticker × quarter)
[2026-07-01 11:39:55] [TASK_5] [INFO] Timestamp: 2026-07-01T11:39:55.187306
[2026-07-01 11:39:55] [TASK_5] [INFO] ============================================================
[2026-07-01 11:39:55] [TASK_5] [INFO] Input: data/prices/all_vn30_prices.csv (93824 rows)
[2026-07-01 11:39:55] [TASK_5] [INFO] Input: data/news/processed/all_news_processed.csv (34979 rows)
[2026-07-01 11:39:55] [TASK_5] [INFO] ------------------------------------------------------------
[2026-07-01 11:39:55] [TASK_5] [INFO] END TASK_5 — completed in 0.0 seconds
[2026-07-01 11:39:55] [TASK_5] [INFO] ============================================================
[2026-07-01 11:39:55] [TASK_5] [INFO] ============================================================
[2026-07-01 11:39:55] [TASK_5] [INFO] START TASK_5: Data Aggregation (group by ticker × quarter)
[2026-07-01 11:39:55] [TASK_5] [INFO] Timestamp: 2026-07-01T11:39:55.897893
[2026-07-01 11:39:55] [TASK_5] [INFO] ============================================================
[2026-07-01 11:39:55] [TASK_5] [INFO] Input: data/prices/all_vn30_prices.csv (93824 rows)
[2026-07-01 11:39:56] [TASK_5] [INFO] Input: data/news/processed/all_news_processed.csv (34979 rows)
[2026-07-01 11:39:56] [TASK_5] [INFO] ------------------------------------------------------------
[2026-07-01 11:39:56] [TASK_5] [INFO] END TASK_5 — completed in 0.0 seconds
[2026-07-01 11:39:56] [TASK_5] [INFO] ============================================================
[2026-07-01 11:40:41] [TASK_5] [INFO] ============================================================
[2026-07-01 11:40:41] [TASK_5] [INFO] START TASK_5: Data Aggregation (group by ticker × quarter)
[2026-07-01 11:40:41] [TASK_5] [INFO] Timestamp: 2026-07-01T11:40:41.967886
[2026-07-01 11:40:41] [TASK_5] [INFO] ============================================================
[2026-07-01 11:40:41] [TASK_5] [INFO] Input: data/prices/all_vn30_prices.csv (93824 rows)
[2026-07-01 11:40:42] [TASK_5] [INFO] Input: data/news/processed/all_news_processed.csv (34979 rows)
[2026-07-01 11:40:42] [TASK_5] [INFO] ------------------------------------------------------------
[2026-07-01 11:40:42] [TASK_5] [INFO] END TASK_5 — completed in 0.0 seconds
[2026-07-01 11:40:42] [TASK_5] [INFO] ============================================================
[2026-07-01 11:40:42] [TASK_5] [INFO] ============================================================
[2026-07-01 11:40:42] [TASK_5] [INFO] START TASK_5: Data Aggregation (group by ticker × quarter)
[2026-07-01 11:40:42] [TASK_5] [INFO] Timestamp: 2026-07-01T11:40:42.713062
[2026-07-01 11:40:42] [TASK_5] [INFO] ============================================================
[2026-07-01 11:40:42] [TASK_5] [INFO] Input: data/prices/all_vn30_prices.csv (93824 rows)
[2026-07-01 11:40:42] [TASK_5] [INFO] Input: data/news/processed/all_news_processed.csv (34979 rows)
[2026-07-01 11:40:42] [TASK_5] [INFO] ------------------------------------------------------------
[2026-07-01 11:40:42] [TASK_5] [INFO] END TASK_5 — completed in 0.0 seconds
[2026-07-01 11:40:42] [TASK_5] [INFO] ============================================================
[2026-07-01 12:37:24] [TASK_5] [INFO] ============================================================
[2026-07-01 12:37:24] [TASK_5] [INFO] START TASK_5: Data Aggregation (group by ticker × quarter)
[2026-07-01 12:37:24] [TASK_5] [INFO] Timestamp: 2026-07-01T12:37:24.391990
[2026-07-01 12:37:24] [TASK_5] [INFO] ============================================================
[2026-07-01 12:37:24] [TASK_5] [INFO] Input: data/prices/all_vn30_prices.csv (93824 rows)
[2026-07-01 12:37:24] [TASK_5] [INFO] Input: data/news/processed/all_news_processed.csv (34979 rows)
[2026-07-01 12:37:24] [TASK_5] [INFO] ------------------------------------------------------------
[2026-07-01 12:37:24] [TASK_5] [INFO] END TASK_5 — completed in 0.0 seconds
[2026-07-01 12:37:24] [TASK_5] [INFO] ============================================================
[2026-07-01 12:37:25] [TASK_5] [INFO] ============================================================
[2026-07-01 12:37:25] [TASK_5] [INFO] START TASK_5: Data Aggregation (group by ticker × quarter)
[2026-07-01 12:37:25] [TASK_5] [INFO] Timestamp: 2026-07-01T12:37:25.090966
[2026-07-01 12:37:25] [TASK_5] [INFO] ============================================================
[2026-07-01 12:37:25] [TASK_5] [INFO] Input: data/prices/all_vn30_prices.csv (93824 rows)
[2026-07-01 12:37:25] [TASK_5] [INFO] Input: data/news/processed/all_news_processed.csv (34979 rows)
[2026-07-01 12:37:25] [TASK_5] [INFO] ------------------------------------------------------------
[2026-07-01 12:37:25] [TASK_5] [INFO] END TASK_5 — completed in 0.0 seconds
[2026-07-01 12:37:25] [TASK_5] [INFO] ============================================================
[2026-07-01 12:38:24] [TASK_5] [INFO] ============================================================
[2026-07-01 12:38:24] [TASK_5] [INFO] START TASK_5: Data Aggregation (group by ticker × quarter)
[2026-07-01 12:38:24] [TASK_5] [INFO] Timestamp: 2026-07-01T12:38:24.242006
[2026-07-01 12:38:24] [TASK_5] [INFO] ============================================================
[2026-07-01 12:38:24] [TASK_5] [INFO] Input: data/prices/all_vn30_prices.csv (93824 rows)
[2026-07-01 12:38:24] [TASK_5] [INFO] Input: data/news/processed/all_news_processed.csv (34979 rows)
[2026-07-01 12:38:24] [TASK_5] [INFO] ------------------------------------------------------------
[2026-07-01 12:38:24] [TASK_5] [INFO] END TASK_5 — completed in 0.0 seconds
[2026-07-01 12:38:24] [TASK_5] [INFO] ============================================================
[2026-07-01 12:38:24] [TASK_5] [INFO] ============================================================
[2026-07-01 12:38:24] [TASK_5] [INFO] START TASK_5: Data Aggregation (group by ticker × quarter)
[2026-07-01 12:38:24] [TASK_5] [INFO] Timestamp: 2026-07-01T12:38:24.987481
[2026-07-01 12:38:24] [TASK_5] [INFO] ============================================================
[2026-07-01 12:38:25] [TASK_5] [INFO] Input: data/prices/all_vn30_prices.csv (93824 rows)
[2026-07-01 12:38:25] [TASK_5] [INFO] Input: data/news/processed/all_news_processed.csv (34979 rows)
[2026-07-01 12:38:25] [TASK_5] [INFO] ------------------------------------------------------------
[2026-07-01 12:38:25] [TASK_5] [INFO] END TASK_5 — completed in 0.0 seconds
[2026-07-01 12:38:25] [TASK_5] [INFO] ============================================================
[2026-07-01 13:03:34] [TASK_5] [INFO] ============================================================
[2026-07-01 13:03:34] [TASK_5] [INFO] START TASK_5: Data Aggregation (group by ticker × quarter)
[2026-07-01 13:03:34] [TASK_5] [INFO] Timestamp: 2026-07-01T13:03:34.174616
[2026-07-01 13:03:34] [TASK_5] [INFO] ============================================================
[2026-07-01 13:03:34] [TASK_5] [INFO] Input: data/prices/all_vn30_prices.csv (93824 rows)
[2026-07-01 13:03:34] [TASK_5] [INFO] Input: data/news/processed/all_news_processed.csv (34979 rows)
[2026-07-01 13:03:34] [TASK_5] [INFO] ------------------------------------------------------------
[2026-07-01 13:03:34] [TASK_5] [INFO] END TASK_5 — completed in 0.0 seconds
[2026-07-01 13:03:34] [TASK_5] [INFO] ============================================================
[2026-07-01 13:03:35] [TASK_5] [INFO] ============================================================
[2026-07-01 13:03:35] [TASK_5] [INFO] START TASK_5: Data Aggregation (group by ticker × quarter)
[2026-07-01 13:03:35] [TASK_5] [INFO] Timestamp: 2026-07-01T13:03:35.065408
[2026-07-01 13:03:35] [TASK_5] [INFO] ============================================================
[2026-07-01 13:03:35] [TASK_5] [INFO] Input: data/prices/all_vn30_prices.csv (93824 rows)
[2026-07-01 13:03:35] [TASK_5] [INFO] Input: data/news/processed/all_news_processed.csv (34979 rows)
[2026-07-01 13:03:35] [TASK_5] [INFO] ------------------------------------------------------------
[2026-07-01 13:03:35] [TASK_5] [INFO] END TASK_5 — completed in 0.0 seconds
[2026-07-01 13:03:35] [TASK_5] [INFO] ============================================================
[2026-07-01 13:04:36] [TASK_5] [INFO] ============================================================
[2026-07-01 13:04:36] [TASK_5] [INFO] START TASK_5: Data Aggregation (group by ticker × quarter)
[2026-07-01 13:04:36] [TASK_5] [INFO] Timestamp: 2026-07-01T13:04:36.234828
[2026-07-01 13:04:36] [TASK_5] [INFO] ============================================================
[2026-07-01 13:04:36] [TASK_5] [INFO] Input: data/prices/all_vn30_prices.csv (93824 rows)
[2026-07-01 13:04:36] [TASK_5] [INFO] Input: data/news/processed/all_news_processed.csv (34979 rows)
[2026-07-01 13:04:36] [TASK_5] [INFO] ------------------------------------------------------------
[2026-07-01 13:04:36] [TASK_5] [INFO] END TASK_5 — completed in 0.0 seconds
[2026-07-01 13:04:36] [TASK_5] [INFO] ============================================================
[2026-07-01 13:04:37] [TASK_5] [INFO] ============================================================
[2026-07-01 13:04:37] [TASK_5] [INFO] START TASK_5: Data Aggregation (group by ticker × quarter)
[2026-07-01 13:04:37] [TASK_5] [INFO] Timestamp: 2026-07-01T13:04:37.000389
[2026-07-01 13:04:37] [TASK_5] [INFO] ============================================================
[2026-07-01 13:04:37] [TASK_5] [INFO] Input: data/prices/all_vn30_prices.csv (93824 rows)
[2026-07-01 13:04:37] [TASK_5] [INFO] Input: data/news/processed/all_news_processed.csv (34979 rows)
[2026-07-01 13:04:37] [TASK_5] [INFO] ------------------------------------------------------------
[2026-07-01 13:04:37] [TASK_5] [INFO] END TASK_5 — completed in 0.0 seconds
[2026-07-01 13:04:37] [TASK_5] [INFO] ============================================================
[2026-07-01 13:27:01] [TASK_5] [INFO] ============================================================
[2026-07-01 13:27:01] [TASK_5] [INFO] START TASK_5: Data Aggregation (group by ticker × quarter)
[2026-07-01 13:27:01] [TASK_5] [INFO] Timestamp: 2026-07-01T13:27:01.793429
[2026-07-01 13:27:01] [TASK_5] [INFO] ============================================================
[2026-07-01 13:27:01] [TASK_5] [INFO] Input: data/prices/all_vn30_prices.csv (93824 rows)
[2026-07-01 13:27:02] [TASK_5] [INFO] Input: data/news/processed/all_news_processed.csv (34979 rows)
[2026-07-01 13:27:02] [TASK_5] [INFO] ------------------------------------------------------------
[2026-07-01 13:27:02] [TASK_5] [INFO] END TASK_5 — completed in 0.0 seconds
[2026-07-01 13:27:02] [TASK_5] [INFO] ============================================================
[2026-07-01 13:27:03] [TASK_5] [INFO] ============================================================
[2026-07-01 13:27:03] [TASK_5] [INFO] START TASK_5: Data Aggregation (group by ticker × quarter)
[2026-07-01 13:27:03] [TASK_5] [INFO] Timestamp: 2026-07-01T13:27:03.298444
[2026-07-01 13:27:03] [TASK_5] [INFO] ============================================================
[2026-07-01 13:27:03] [TASK_5] [INFO] Input: data/prices/all_vn30_prices.csv (93824 rows)
[2026-07-01 13:27:03] [TASK_5] [INFO] Input: data/news/processed/all_news_processed.csv (34979 rows)
[2026-07-01 13:27:03] [TASK_5] [INFO] ------------------------------------------------------------
[2026-07-01 13:27:03] [TASK_5] [INFO] END TASK_5 — completed in 0.0 seconds
[2026-07-01 13:27:03] [TASK_5] [INFO] ============================================================
[2026-07-01 13:29:42] [TASK_5] [INFO] ============================================================
[2026-07-01 13:29:42] [TASK_5] [INFO] START TASK_5: Data Aggregation (group by ticker × quarter)
[2026-07-01 13:29:42] [TASK_5] [INFO] Timestamp: 2026-07-01T13:29:42.823242
[2026-07-01 13:29:42] [TASK_5] [INFO] ============================================================
[2026-07-01 13:29:42] [TASK_5] [INFO] Input: data/prices/all_vn30_prices.csv (93824 rows)
[2026-07-01 13:29:43] [TASK_5] [INFO] Input: data/news/processed/all_news_processed.csv (34979 rows)
[2026-07-01 13:29:43] [TASK_5] [INFO] ------------------------------------------------------------
[2026-07-01 13:29:43] [TASK_5] [INFO] END TASK_5 — completed in 0.0 seconds
[2026-07-01 13:29:43] [TASK_5] [INFO] ============================================================
[2026-07-01 13:29:44] [TASK_5] [INFO] ============================================================
[2026-07-01 13:29:44] [TASK_5] [INFO] START TASK_5: Data Aggregation (group by ticker × quarter)
[2026-07-01 13:29:44] [TASK_5] [INFO] Timestamp: 2026-07-01T13:29:44.489951
[2026-07-01 13:29:44] [TASK_5] [INFO] ============================================================
[2026-07-01 13:29:44] [TASK_5] [INFO] Input: data/prices/all_vn30_prices.csv (93824 rows)
[2026-07-01 13:29:45] [TASK_5] [INFO] Input: data/news/processed/all_news_processed.csv (34979 rows)
[2026-07-01 13:29:45] [TASK_5] [INFO] ------------------------------------------------------------
[2026-07-01 13:29:45] [TASK_5] [INFO] END TASK_5 — completed in 0.0 seconds
[2026-07-01 13:29:45] [TASK_5] [INFO] ============================================================
[2026-07-01 13:41:04] [TASK_5] [INFO] ============================================================
[2026-07-01 13:41:04] [TASK_5] [INFO] START TASK_5: Data Aggregation (group by ticker × quarter)
[2026-07-01 13:41:04] [TASK_5] [INFO] Timestamp: 2026-07-01T13:41:04.102594
[2026-07-01 13:41:04] [TASK_5] [INFO] ============================================================
[2026-07-01 13:41:04] [TASK_5] [INFO] Input: data/prices/all_vn30_prices.csv (93824 rows)
[2026-07-01 13:41:04] [TASK_5] [INFO] Input: data/news/processed/all_news_processed.csv (34979 rows)
[2026-07-01 13:41:04] [TASK_5] [INFO] ------------------------------------------------------------
[2026-07-01 13:41:04] [TASK_5] [INFO] END TASK_5 — completed in 0.0 seconds
[2026-07-01 13:41:04] [TASK_5] [INFO] ============================================================
[2026-07-01 13:41:04] [TASK_5] [INFO] ============================================================
[2026-07-01 13:41:04] [TASK_5] [INFO] START TASK_5: Data Aggregation (group by ticker × quarter)
[2026-07-01 13:41:04] [TASK_5] [INFO] Timestamp: 2026-07-01T13:41:04.874632
[2026-07-01 13:41:04] [TASK_5] [INFO] ============================================================
[2026-07-01 13:41:04] [TASK_5] [INFO] Input: data/prices/all_vn30_prices.csv (93824 rows)
[2026-07-01 13:41:05] [TASK_5] [INFO] Input: data/news/processed/all_news_processed.csv (34979 rows)
[2026-07-01 13:41:05] [TASK_5] [INFO] ------------------------------------------------------------
[2026-07-01 13:41:05] [TASK_5] [INFO] END TASK_5 — completed in 0.0 seconds
[2026-07-01 13:41:05] [TASK_5] [INFO] ============================================================
[2026-07-01 14:01:53] [TASK_5] [INFO] ============================================================
[2026-07-01 14:01:53] [TASK_5] [INFO] START TASK_5: Data Aggregation (group by ticker × quarter)
[2026-07-01 14:01:53] [TASK_5] [INFO] Timestamp: 2026-07-01T14:01:53.439417
[2026-07-01 14:01:53] [TASK_5] [INFO] ============================================================
[2026-07-01 14:01:53] [TASK_5] [INFO] Input: data/prices/all_vn30_prices.csv (93824 rows)
[2026-07-01 14:01:53] [TASK_5] [INFO] Input: data/news/processed/all_news_processed.csv (34979 rows)
[2026-07-01 14:01:53] [TASK_5] [INFO] ------------------------------------------------------------
[2026-07-01 14:01:53] [TASK_5] [INFO] END TASK_5 — completed in 0.0 seconds
[2026-07-01 14:01:53] [TASK_5] [INFO] ============================================================
[2026-07-01 14:01:54] [TASK_5] [INFO] ============================================================
[2026-07-01 14:01:54] [TASK_5] [INFO] START TASK_5: Data Aggregation (group by ticker × quarter)
[2026-07-01 14:01:54] [TASK_5] [INFO] Timestamp: 2026-07-01T14:01:54.206286
[2026-07-01 14:01:54] [TASK_5] [INFO] ============================================================
[2026-07-01 14:01:54] [TASK_5] [INFO] Input: data/prices/all_vn30_prices.csv (93824 rows)
[2026-07-01 14:01:54] [TASK_5] [INFO] Input: data/news/processed/all_news_processed.csv (34979 rows)
[2026-07-01 14:01:54] [TASK_5] [INFO] ------------------------------------------------------------
[2026-07-01 14:01:54] [TASK_5] [INFO] END TASK_5 — completed in 0.0 seconds
[2026-07-01 14:01:54] [TASK_5] [INFO] ============================================================
[2026-07-01 14:03:13] [TASK_5] [INFO] ============================================================
[2026-07-01 14:03:13] [TASK_5] [INFO] START TASK_5: Data Aggregation (group by ticker × quarter)
[2026-07-01 14:03:13] [TASK_5] [INFO] Timestamp: 2026-07-01T14:03:13.123317
[2026-07-01 14:03:13] [TASK_5] [INFO] ============================================================
[2026-07-01 14:03:13] [TASK_5] [INFO] Input: data/prices/all_vn30_prices.csv (93824 rows)
[2026-07-01 14:03:13] [TASK_5] [INFO] Input: data/news/processed/all_news_processed.csv (34979 rows)
[2026-07-01 14:03:13] [TASK_5] [INFO] ------------------------------------------------------------
[2026-07-01 14:03:13] [TASK_5] [INFO] END TASK_5 — completed in 0.0 seconds
[2026-07-01 14:03:13] [TASK_5] [INFO] ============================================================
[2026-07-01 14:03:14] [TASK_5] [INFO] ============================================================
[2026-07-01 14:03:14] [TASK_5] [INFO] START TASK_5: Data Aggregation (group by ticker × quarter)
[2026-07-01 14:03:14] [TASK_5] [INFO] Timestamp: 2026-07-01T14:03:14.055777
[2026-07-01 14:03:14] [TASK_5] [INFO] ============================================================
[2026-07-01 14:03:14] [TASK_5] [INFO] Input: data/prices/all_vn30_prices.csv (93824 rows)
[2026-07-01 14:03:14] [TASK_5] [INFO] Input: data/news/processed/all_news_processed.csv (34979 rows)
[2026-07-01 14:03:14] [TASK_5] [INFO] ------------------------------------------------------------
[2026-07-01 14:03:14] [TASK_5] [INFO] END TASK_5 — completed in 0.0 seconds
[2026-07-01 14:03:14] [TASK_5] [INFO] ============================================================
[2026-07-01 14:05:38] [TASK_5] [INFO] ============================================================
[2026-07-01 14:05:38] [TASK_5] [INFO] START TASK_5: Data Aggregation (group by ticker × quarter)
[2026-07-01 14:05:38] [TASK_5] [INFO] Timestamp: 2026-07-01T14:05:38.484836
[2026-07-01 14:05:38] [TASK_5] [INFO] ============================================================
[2026-07-01 14:05:38] [TASK_5] [INFO] Input: data/prices/all_vn30_prices.csv (93824 rows)
[2026-07-01 14:05:38] [TASK_5] [INFO] Input: data/news/processed/all_news_processed.csv (34979 rows)
[2026-07-01 14:05:38] [TASK_5] [INFO] ------------------------------------------------------------
[2026-07-01 14:05:38] [TASK_5] [INFO] END TASK_5 — completed in 0.0 seconds
[2026-07-01 14:05:38] [TASK_5] [INFO] ============================================================
[2026-07-01 14:05:39] [TASK_5] [INFO] ============================================================
[2026-07-01 14:05:39] [TASK_5] [INFO] START TASK_5: Data Aggregation (group by ticker × quarter)
[2026-07-01 14:05:39] [TASK_5] [INFO] Timestamp: 2026-07-01T14:05:39.190335
[2026-07-01 14:05:39] [TASK_5] [INFO] ============================================================
[2026-07-01 14:05:39] [TASK_5] [INFO] Input: data/prices/all_vn30_prices.csv (93824 rows)
[2026-07-01 14:05:39] [TASK_5] [INFO] Input: data/news/processed/all_news_processed.csv (34979 rows)
[2026-07-01 14:05:39] [TASK_5] [INFO] ------------------------------------------------------------
[2026-07-01 14:05:39] [TASK_5] [INFO] END TASK_5 — completed in 0.0 seconds
[2026-07-01 14:05:39] [TASK_5] [INFO] ============================================================
[2026-07-01 14:07:28] [TASK_5] [INFO] ============================================================
[2026-07-01 14:07:28] [TASK_5] [INFO] START TASK_5: Data Aggregation (group by ticker × quarter)
[2026-07-01 14:07:28] [TASK_5] [INFO] Timestamp: 2026-07-01T14:07:28.269442
[2026-07-01 14:07:28] [TASK_5] [INFO] ============================================================
[2026-07-01 14:07:28] [TASK_5] [INFO] Input: data/prices/all_vn30_prices.csv (93824 rows)
[2026-07-01 14:07:28] [TASK_5] [INFO] Input: data/news/processed/all_news_processed.csv (34979 rows)
[2026-07-01 14:07:28] [TASK_5] [INFO] ------------------------------------------------------------
[2026-07-01 14:07:28] [TASK_5] [INFO] END TASK_5 — completed in 0.0 seconds
[2026-07-01 14:07:28] [TASK_5] [INFO] ============================================================
[2026-07-01 14:07:28] [TASK_5] [INFO] ============================================================
[2026-07-01 14:07:28] [TASK_5] [INFO] START TASK_5: Data Aggregation (group by ticker × quarter)
[2026-07-01 14:07:28] [TASK_5] [INFO] Timestamp: 2026-07-01T14:07:28.987488
[2026-07-01 14:07:28] [TASK_5] [INFO] ============================================================
[2026-07-01 14:07:29] [TASK_5] [INFO] Input: data/prices/all_vn30_prices.csv (93824 rows)
[2026-07-01 14:07:29] [TASK_5] [INFO] Input: data/news/processed/all_news_processed.csv (34979 rows)
[2026-07-01 14:07:29] [TASK_5] [INFO] ------------------------------------------------------------
[2026-07-01 14:07:29] [TASK_5] [INFO] END TASK_5 — completed in 0.0 seconds
[2026-07-01 14:07:29] [TASK_5] [INFO] ============================================================
[2026-07-01 14:08:42] [TASK_5] [INFO] ============================================================
[2026-07-01 14:08:42] [TASK_5] [INFO] START TASK_5: Data Aggregation (group by ticker × quarter)
[2026-07-01 14:08:42] [TASK_5] [INFO] Timestamp: 2026-07-01T14:08:42.481010
[2026-07-01 14:08:42] [TASK_5] [INFO] ============================================================
[2026-07-01 14:08:42] [TASK_5] [INFO] Input: data/prices/all_vn30_prices.csv (93824 rows)
[2026-07-01 14:08:42] [TASK_5] [INFO] Input: data/news/processed/all_news_processed.csv (34979 rows)
[2026-07-01 14:08:42] [TASK_5] [INFO] ------------------------------------------------------------
[2026-07-01 14:08:42] [TASK_5] [INFO] END TASK_5 — completed in 0.0 seconds
[2026-07-01 14:08:42] [TASK_5] [INFO] ============================================================
[2026-07-01 14:08:43] [TASK_5] [INFO] ============================================================
[2026-07-01 14:08:43] [TASK_5] [INFO] START TASK_5: Data Aggregation (group by ticker × quarter)
[2026-07-01 14:08:43] [TASK_5] [INFO] Timestamp: 2026-07-01T14:08:43.320137
[2026-07-01 14:08:43] [TASK_5] [INFO] ============================================================
[2026-07-01 14:08:43] [TASK_5] [INFO] Input: data/prices/all_vn30_prices.csv (93824 rows)
[2026-07-01 14:08:43] [TASK_5] [INFO] Input: data/news/processed/all_news_processed.csv (34979 rows)
[2026-07-01 14:08:43] [TASK_5] [INFO] ------------------------------------------------------------
[2026-07-01 14:08:43] [TASK_5] [INFO] END TASK_5 — completed in 0.0 seconds
[2026-07-01 14:08:43] [TASK_5] [INFO] ============================================================
[2026-07-01 14:30:45] [TASK_5] [INFO] ============================================================
[2026-07-01 14:30:45] [TASK_5] [INFO] START TASK_5: Data Aggregation (group by ticker × quarter)
[2026-07-01 14:30:45] [TASK_5] [INFO] Timestamp: 2026-07-01T14:30:45.323312
[2026-07-01 14:30:45] [TASK_5] [INFO] ============================================================
[2026-07-01 14:30:45] [TASK_5] [INFO] Input: data/prices/all_vn30_prices.csv (93824 rows)
[2026-07-01 14:30:45] [TASK_5] [INFO] Input: data/news/processed/all_news_processed.csv (34979 rows)
[2026-07-01 14:30:45] [TASK_5] [INFO] ------------------------------------------------------------
[2026-07-01 14:30:45] [TASK_5] [INFO] END TASK_5 — completed in 0.0 seconds
[2026-07-01 14:30:45] [TASK_5] [INFO] ============================================================
[2026-07-01 14:30:46] [TASK_5] [INFO] ============================================================
[2026-07-01 14:30:46] [TASK_5] [INFO] START TASK_5: Data Aggregation (group by ticker × quarter)
[2026-07-01 14:30:46] [TASK_5] [INFO] Timestamp: 2026-07-01T14:30:46.037302
[2026-07-01 14:30:46] [TASK_5] [INFO] ============================================================
[2026-07-01 14:30:46] [TASK_5] [INFO] Input: data/prices/all_vn30_prices.csv (93824 rows)
[2026-07-01 14:30:46] [TASK_5] [INFO] Input: data/news/processed/all_news_processed.csv (34979 rows)
[2026-07-01 14:30:46] [TASK_5] [INFO] ------------------------------------------------------------
[2026-07-01 14:30:46] [TASK_5] [INFO] END TASK_5 — completed in 0.0 seconds
[2026-07-01 14:30:46] [TASK_5] [INFO] ============================================================
[2026-07-01 14:31:45] [TASK_5] [INFO] ============================================================
[2026-07-01 14:31:45] [TASK_5] [INFO] START TASK_5: Data Aggregation (group by ticker × quarter)
[2026-07-01 14:31:45] [TASK_5] [INFO] Timestamp: 2026-07-01T14:31:45.290351
[2026-07-01 14:31:45] [TASK_5] [INFO] ============================================================
[2026-07-01 14:31:45] [TASK_5] [INFO] Input: data/prices/all_vn30_prices.csv (93824 rows)
[2026-07-01 14:31:45] [TASK_5] [INFO] Input: data/news/processed/all_news_processed.csv (34979 rows)
[2026-07-01 14:31:45] [TASK_5] [INFO] ------------------------------------------------------------
[2026-07-01 14:31:45] [TASK_5] [INFO] END TASK_5 — completed in 0.0 seconds
[2026-07-01 14:31:45] [TASK_5] [INFO] ============================================================
[2026-07-01 14:31:45] [TASK_5] [INFO] ============================================================
[2026-07-01 14:31:45] [TASK_5] [INFO] START TASK_5: Data Aggregation (group by ticker × quarter)
[2026-07-01 14:31:45] [TASK_5] [INFO] Timestamp: 2026-07-01T14:31:45.995313
[2026-07-01 14:31:45] [TASK_5] [INFO] ============================================================
[2026-07-01 14:31:46] [TASK_5] [INFO] Input: data/prices/all_vn30_prices.csv (93824 rows)
[2026-07-01 14:31:46] [TASK_5] [INFO] Input: data/news/processed/all_news_processed.csv (34979 rows)
[2026-07-01 14:31:46] [TASK_5] [INFO] ------------------------------------------------------------
[2026-07-01 14:31:46] [TASK_5] [INFO] END TASK_5 — completed in 0.0 seconds
[2026-07-01 14:31:46] [TASK_5] [INFO] ============================================================
[2026-07-01 14:48:16] [TASK_5] [INFO] ============================================================
[2026-07-01 14:48:16] [TASK_5] [INFO] START TASK_5: Data Aggregation (group by ticker × quarter)
[2026-07-01 14:48:16] [TASK_5] [INFO] Timestamp: 2026-07-01T14:48:16.782847
[2026-07-01 14:48:16] [TASK_5] [INFO] ============================================================
[2026-07-01 14:48:16] [TASK_5] [INFO] Input: data/prices/all_vn30_prices.csv (93824 rows)
[2026-07-01 14:48:16] [TASK_5] [INFO] Input: data/news/processed/all_news_processed.csv (34979 rows)
[2026-07-01 14:48:17] [TASK_5] [INFO] ------------------------------------------------------------
[2026-07-01 14:48:17] [TASK_5] [INFO] END TASK_5 — completed in 0.0 seconds
[2026-07-01 14:48:17] [TASK_5] [INFO] ============================================================
[2026-07-01 14:48:17] [TASK_5] [INFO] ============================================================
[2026-07-01 14:48:17] [TASK_5] [INFO] START TASK_5: Data Aggregation (group by ticker × quarter)
[2026-07-01 14:48:17] [TASK_5] [INFO] Timestamp: 2026-07-01T14:48:17.506414
[2026-07-01 14:48:17] [TASK_5] [INFO] ============================================================
[2026-07-01 14:48:17] [TASK_5] [INFO] Input: data/prices/all_vn30_prices.csv (93824 rows)
[2026-07-01 14:48:17] [TASK_5] [INFO] Input: data/news/processed/all_news_processed.csv (34979 rows)
[2026-07-01 14:48:17] [TASK_5] [INFO] ------------------------------------------------------------
[2026-07-01 14:48:17] [TASK_5] [INFO] END TASK_5 — completed in 0.0 seconds
[2026-07-01 14:48:17] [TASK_5] [INFO] ============================================================
[2026-07-01 14:49:20] [TASK_5] [INFO] ============================================================
[2026-07-01 14:49:20] [TASK_5] [INFO] START TASK_5: Data Aggregation (group by ticker × quarter)
[2026-07-01 14:49:20] [TASK_5] [INFO] Timestamp: 2026-07-01T14:49:20.343999
[2026-07-01 14:49:20] [TASK_5] [INFO] ============================================================
[2026-07-01 14:49:20] [TASK_5] [INFO] Input: data/prices/all_vn30_prices.csv (93824 rows)
[2026-07-01 14:49:20] [TASK_5] [INFO] Input: data/news/processed/all_news_processed.csv (34979 rows)
[2026-07-01 14:49:20] [TASK_5] [INFO] ------------------------------------------------------------
[2026-07-01 14:49:20] [TASK_5] [INFO] END TASK_5 — completed in 0.0 seconds
[2026-07-01 14:49:20] [TASK_5] [INFO] ============================================================
[2026-07-01 14:49:21] [TASK_5] [INFO] ============================================================
[2026-07-01 14:49:21] [TASK_5] [INFO] START TASK_5: Data Aggregation (group by ticker × quarter)
[2026-07-01 14:49:21] [TASK_5] [INFO] Timestamp: 2026-07-01T14:49:21.048569
[2026-07-01 14:49:21] [TASK_5] [INFO] ============================================================
[2026-07-01 14:49:21] [TASK_5] [INFO] Input: data/prices/all_vn30_prices.csv (93824 rows)
[2026-07-01 14:49:21] [TASK_5] [INFO] Input: data/news/processed/all_news_processed.csv (34979 rows)
[2026-07-01 14:49:21] [TASK_5] [INFO] ------------------------------------------------------------
[2026-07-01 14:49:21] [TASK_5] [INFO] END TASK_5 — completed in 0.0 seconds
[2026-07-01 14:49:21] [TASK_5] [INFO] ============================================================
[2026-07-01 16:08:33] [TASK_5] [INFO] ============================================================
[2026-07-01 16:08:33] [TASK_5] [INFO] START TASK_5: Data Aggregation (group by ticker × quarter)
[2026-07-01 16:08:33] [TASK_5] [INFO] Timestamp: 2026-07-01T16:08:33.704487
[2026-07-01 16:08:33] [TASK_5] [INFO] ============================================================
[2026-07-01 16:08:33] [TASK_5] [INFO] Input: data/prices/all_vn30_prices.csv (93824 rows)
[2026-07-01 16:08:33] [TASK_5] [INFO] Input: data/news/processed/all_news_processed.csv (34979 rows)
[2026-07-01 16:08:33] [TASK_5] [INFO] ------------------------------------------------------------
[2026-07-01 16:08:33] [TASK_5] [INFO] END TASK_5 — completed in 0.0 seconds
[2026-07-01 16:08:33] [TASK_5] [INFO] ============================================================
[2026-07-01 16:08:34] [TASK_5] [INFO] ============================================================
[2026-07-01 16:08:34] [TASK_5] [INFO] START TASK_5: Data Aggregation (group by ticker × quarter)
[2026-07-01 16:08:34] [TASK_5] [INFO] Timestamp: 2026-07-01T16:08:34.465572
[2026-07-01 16:08:34] [TASK_5] [INFO] ============================================================
[2026-07-01 16:08:34] [TASK_5] [INFO] Input: data/prices/all_vn30_prices.csv (93824 rows)
[2026-07-01 16:08:34] [TASK_5] [INFO] Input: data/news/processed/all_news_processed.csv (34979 rows)
[2026-07-01 16:08:34] [TASK_5] [INFO] ------------------------------------------------------------
[2026-07-01 16:08:34] [TASK_5] [INFO] END TASK_5 — completed in 0.0 seconds
[2026-07-01 16:08:34] [TASK_5] [INFO] ============================================================
[2026-07-01 16:09:51] [TASK_5] [INFO] ============================================================
[2026-07-01 16:09:51] [TASK_5] [INFO] START TASK_5: Data Aggregation (group by ticker × quarter)
[2026-07-01 16:09:51] [TASK_5] [INFO] Timestamp: 2026-07-01T16:09:51.933759
[2026-07-01 16:09:51] [TASK_5] [INFO] ============================================================
[2026-07-01 16:09:51] [TASK_5] [INFO] Input: data/prices/all_vn30_prices.csv (93824 rows)
[2026-07-01 16:09:52] [TASK_5] [INFO] Input: data/news/processed/all_news_processed.csv (34979 rows)
[2026-07-01 16:09:52] [TASK_5] [INFO] ------------------------------------------------------------
[2026-07-01 16:09:52] [TASK_5] [INFO] END TASK_5 — completed in 0.0 seconds
[2026-07-01 16:09:52] [TASK_5] [INFO] ============================================================
[2026-07-01 16:09:52] [TASK_5] [INFO] ============================================================
[2026-07-01 16:09:52] [TASK_5] [INFO] START TASK_5: Data Aggregation (group by ticker × quarter)
[2026-07-01 16:09:52] [TASK_5] [INFO] Timestamp: 2026-07-01T16:09:52.589976
[2026-07-01 16:09:52] [TASK_5] [INFO] ============================================================
[2026-07-01 16:09:52] [TASK_5] [INFO] Input: data/prices/all_vn30_prices.csv (93824 rows)
[2026-07-01 16:09:52] [TASK_5] [INFO] Input: data/news/processed/all_news_processed.csv (34979 rows)
[2026-07-01 16:09:52] [TASK_5] [INFO] ------------------------------------------------------------
[2026-07-01 16:09:52] [TASK_5] [INFO] END TASK_5 — completed in 0.0 seconds
[2026-07-01 16:09:52] [TASK_5] [INFO] ============================================================
[2026-07-01 17:19:10] [TASK_5] [INFO] ============================================================
[2026-07-01 17:19:10] [TASK_5] [INFO] START TASK_5: Data Aggregation (group by ticker × quarter)
[2026-07-01 17:19:10] [TASK_5] [INFO] Timestamp: 2026-07-01T17:19:10.199060
[2026-07-01 17:19:10] [TASK_5] [INFO] ============================================================
[2026-07-01 17:19:10] [TASK_5] [INFO] Input: data/prices/all_vn30_prices.csv (93824 rows)
[2026-07-01 17:19:10] [TASK_5] [INFO] Input: data/news/processed/all_news_processed.csv (34979 rows)
[2026-07-01 17:19:10] [TASK_5] [INFO] ------------------------------------------------------------
[2026-07-01 17:19:10] [TASK_5] [INFO] END TASK_5 — completed in 0.0 seconds
[2026-07-01 17:19:10] [TASK_5] [INFO] ============================================================
[2026-07-01 17:19:10] [TASK_5] [INFO] ============================================================
[2026-07-01 17:19:10] [TASK_5] [INFO] START TASK_5: Data Aggregation (group by ticker × quarter)
[2026-07-01 17:19:10] [TASK_5] [INFO] Timestamp: 2026-07-01T17:19:10.906925
[2026-07-01 17:19:10] [TASK_5] [INFO] ============================================================
[2026-07-01 17:19:10] [TASK_5] [INFO] Input: data/prices/all_vn30_prices.csv (93824 rows)
[2026-07-01 17:19:11] [TASK_5] [INFO] Input: data/news/processed/all_news_processed.csv (34979 rows)
[2026-07-01 17:19:11] [TASK_5] [INFO] ------------------------------------------------------------
[2026-07-01 17:19:11] [TASK_5] [INFO] END TASK_5 — completed in 0.0 seconds
[2026-07-01 17:19:11] [TASK_5] [INFO] ============================================================
[2026-07-01 17:31:10] [TASK_5] [INFO] ============================================================
[2026-07-01 17:31:10] [TASK_5] [INFO] START TASK_5: Data Aggregation (group by ticker × quarter)
[2026-07-01 17:31:10] [TASK_5] [INFO] Timestamp: 2026-07-01T17:31:10.877210
[2026-07-01 17:31:10] [TASK_5] [INFO] ============================================================
[2026-07-01 17:31:10] [TASK_5] [INFO] Input: data/prices/all_vn30_prices.csv (93824 rows)
[2026-07-01 17:31:11] [TASK_5] [INFO] Input: data/news/processed/all_news_processed.csv (34979 rows)
[2026-07-01 17:31:11] [TASK_5] [INFO] ------------------------------------------------------------
[2026-07-01 17:31:11] [TASK_5] [INFO] END TASK_5 — completed in 0.0 seconds
[2026-07-01 17:31:11] [TASK_5] [INFO] ============================================================
[2026-07-01 17:31:11] [TASK_5] [INFO] ============================================================
[2026-07-01 17:31:11] [TASK_5] [INFO] START TASK_5: Data Aggregation (group by ticker × quarter)
[2026-07-01 17:31:11] [TASK_5] [INFO] Timestamp: 2026-07-01T17:31:11.689975
[2026-07-01 17:31:11] [TASK_5] [INFO] ============================================================
[2026-07-01 17:31:11] [TASK_5] [INFO] Input: data/prices/all_vn30_prices.csv (93824 rows)
[2026-07-01 17:31:11] [TASK_5] [INFO] Input: data/news/processed/all_news_processed.csv (34979 rows)
[2026-07-01 17:31:11] [TASK_5] [INFO] ------------------------------------------------------------
[2026-07-01 17:31:11] [TASK_5] [INFO] END TASK_5 — completed in 0.0 seconds
[2026-07-01 17:31:11] [TASK_5] [INFO] ============================================================
[2026-07-01 17:34:04] [TASK_5] [INFO] ============================================================
[2026-07-01 17:34:04] [TASK_5] [INFO] START TASK_5: Data Aggregation (group by ticker × quarter)
[2026-07-01 17:34:04] [TASK_5] [INFO] Timestamp: 2026-07-01T17:34:04.766935
[2026-07-01 17:34:04] [TASK_5] [INFO] ============================================================
[2026-07-01 17:34:04] [TASK_5] [INFO] Input: data/prices/all_vn30_prices.csv (93824 rows)
[2026-07-01 17:34:05] [TASK_5] [INFO] Input: data/news/processed/all_news_processed.csv (34979 rows)
[2026-07-01 17:34:05] [TASK_5] [INFO] ------------------------------------------------------------
[2026-07-01 17:34:05] [TASK_5] [INFO] END TASK_5 — completed in 0.0 seconds
[2026-07-01 17:34:05] [TASK_5] [INFO] ============================================================
[2026-07-01 17:34:05] [TASK_5] [INFO] ============================================================
[2026-07-01 17:34:05] [TASK_5] [INFO] START TASK_5: Data Aggregation (group by ticker × quarter)
[2026-07-01 17:34:05] [TASK_5] [INFO] Timestamp: 2026-07-01T17:34:05.573863
[2026-07-01 17:34:05] [TASK_5] [INFO] ============================================================
[2026-07-01 17:34:05] [TASK_5] [INFO] Input: data/prices/all_vn30_prices.csv (93824 rows)
[2026-07-01 17:34:05] [TASK_5] [INFO] Input: data/news/processed/all_news_processed.csv (34979 rows)
[2026-07-01 17:34:05] [TASK_5] [INFO] ------------------------------------------------------------
[2026-07-01 17:34:05] [TASK_5] [INFO] END TASK_5 — completed in 0.0 seconds
[2026-07-01 17:34:05] [TASK_5] [INFO] ============================================================
[2026-07-01 17:36:36] [TASK_5] [INFO] ============================================================
[2026-07-01 17:36:36] [TASK_5] [INFO] START TASK_5: Data Aggregation (group by ticker × quarter)
[2026-07-01 17:36:36] [TASK_5] [INFO] Timestamp: 2026-07-01T17:36:36.225323
[2026-07-01 17:36:36] [TASK_5] [INFO] ============================================================
[2026-07-01 17:36:36] [TASK_5] [INFO] Input: data/prices/all_vn30_prices.csv (93824 rows)
[2026-07-01 17:36:36] [TASK_5] [INFO] Input: data/news/processed/all_news_processed.csv (34979 rows)
[2026-07-01 17:36:36] [TASK_5] [INFO] ------------------------------------------------------------
[2026-07-01 17:36:36] [TASK_5] [INFO] END TASK_5 — completed in 0.0 seconds
[2026-07-01 17:36:36] [TASK_5] [INFO] ============================================================
[2026-07-01 17:36:36] [TASK_5] [INFO] ============================================================
[2026-07-01 17:36:36] [TASK_5] [INFO] START TASK_5: Data Aggregation (group by ticker × quarter)
[2026-07-01 17:36:36] [TASK_5] [INFO] Timestamp: 2026-07-01T17:36:36.958076
[2026-07-01 17:36:36] [TASK_5] [INFO] ============================================================
[2026-07-01 17:36:36] [TASK_5] [INFO] Input: data/prices/all_vn30_prices.csv (93824 rows)
[2026-07-01 17:36:37] [TASK_5] [INFO] Input: data/news/processed/all_news_processed.csv (34979 rows)
[2026-07-01 17:36:37] [TASK_5] [INFO] ------------------------------------------------------------
[2026-07-01 17:36:37] [TASK_5] [INFO] END TASK_5 — completed in 0.0 seconds
[2026-07-01 17:36:37] [TASK_5] [INFO] ============================================================
[2026-07-01 17:41:17] [TASK_5] [INFO] ============================================================
[2026-07-01 17:41:17] [TASK_5] [INFO] START TASK_5: Data Aggregation (group by ticker × quarter)
[2026-07-01 17:41:17] [TASK_5] [INFO] Timestamp: 2026-07-01T17:41:17.519093
[2026-07-01 17:41:17] [TASK_5] [INFO] ============================================================
[2026-07-01 17:41:17] [TASK_5] [INFO] Input: data/prices/all_vn30_prices.csv (93824 rows)
[2026-07-01 17:41:17] [TASK_5] [INFO] Input: data/news/processed/all_news_processed.csv (34979 rows)
[2026-07-01 17:41:17] [TASK_5] [INFO] ------------------------------------------------------------
[2026-07-01 17:41:17] [TASK_5] [INFO] END TASK_5 — completed in 0.0 seconds
[2026-07-01 17:41:17] [TASK_5] [INFO] ============================================================
[2026-07-01 17:41:18] [TASK_5] [INFO] ============================================================
[2026-07-01 17:41:18] [TASK_5] [INFO] START TASK_5: Data Aggregation (group by ticker × quarter)
[2026-07-01 17:41:18] [TASK_5] [INFO] Timestamp: 2026-07-01T17:41:18.235530
[2026-07-01 17:41:18] [TASK_5] [INFO] ============================================================
[2026-07-01 17:41:18] [TASK_5] [INFO] Input: data/prices/all_vn30_prices.csv (93824 rows)
[2026-07-01 17:41:18] [TASK_5] [INFO] Input: data/news/processed/all_news_processed.csv (34979 rows)
[2026-07-01 17:41:18] [TASK_5] [INFO] ------------------------------------------------------------
[2026-07-01 17:41:18] [TASK_5] [INFO] END TASK_5 — completed in 0.0 seconds
[2026-07-01 17:41:18] [TASK_5] [INFO] ============================================================
