[2026-07-07 06:28:23] [TASK_5] [INFO] ============================================================
[2026-07-07 06:28:23] [TASK_5] [INFO] START TASK_5: Data Aggregation (group by ticker × quarter)
[2026-07-07 06:28:23] [TASK_5] [INFO] Timestamp: 2026-07-07T06:28:23.977997
[2026-07-07 06:28:23] [TASK_5] [INFO] ============================================================
[2026-07-07 06:28:23] [TASK_5] [INFO] Input: data/prices/all_vn30_prices.csv (93824 rows)
[2026-07-07 06:28:29] [TASK_5] [INFO] Input: data/news/processed/all_news_processed.csv (35175 rows)
[2026-07-07 06:28:29] [TASK_5] [INFO] ------------------------------------------------------------
[2026-07-07 06:28:29] [TASK_5] [INFO] END TASK_5 — completed in 0.0 seconds
[2026-07-07 06:28:29] [TASK_5] [INFO] ============================================================
[2026-07-07 06:28:44] [TASK_5] [INFO] ============================================================
[2026-07-07 06:28:44] [TASK_5] [INFO] START TASK_5: Data Aggregation (group by ticker × quarter)
[2026-07-07 06:28:44] [TASK_5] [INFO] Timestamp: 2026-07-07T06:28:44.893866
[2026-07-07 06:28:44] [TASK_5] [INFO] ============================================================
[2026-07-07 06:28:44] [TASK_5] [INFO] Input: data/prices/all_vn30_prices.csv (93824 rows)
[2026-07-07 06:28:51] [TASK_5] [INFO] Input: data/news/processed/all_news_processed.csv (35175 rows)
[2026-07-07 06:28:51] [TASK_5] [INFO] ------------------------------------------------------------
[2026-07-07 06:28:51] [TASK_5] [INFO] END TASK_5 — completed in 0.0 seconds
[2026-07-07 06:28:51] [TASK_5] [INFO] ============================================================
[2026-07-07 06:35:44] [TASK_5] [INFO] ============================================================
[2026-07-07 06:35:44] [TASK_5] [INFO] START TASK_5: Data Aggregation (group by ticker × quarter)
[2026-07-07 06:35:44] [TASK_5] [INFO] Timestamp: 2026-07-07T06:35:44.151705
[2026-07-07 06:35:44] [TASK_5] [INFO] ============================================================
[2026-07-07 06:35:44] [TASK_5] [INFO] Input: data/prices/all_vn30_prices.csv (93824 rows)
[2026-07-07 06:35:48] [TASK_5] [INFO] Input: data/news/processed/all_news_processed.csv (35175 rows)
[2026-07-07 06:35:48] [TASK_5] [INFO] ------------------------------------------------------------
[2026-07-07 06:35:48] [TASK_5] [INFO] END TASK_5 — completed in 0.0 seconds
[2026-07-07 06:35:48] [TASK_5] [INFO] ============================================================
[2026-07-07 06:36:01] [TASK_5] [INFO] ============================================================
[2026-07-07 06:36:01] [TASK_5] [INFO] START TASK_5: Data Aggregation (group by ticker × quarter)
[2026-07-07 06:36:01] [TASK_5] [INFO] Timestamp: 2026-07-07T06:36:01.234839
[2026-07-07 06:36:01] [TASK_5] [INFO] ============================================================
[2026-07-07 06:36:01] [TASK_5] [INFO] Input: data/prices/all_vn30_prices.csv (93824 rows)
[2026-07-07 06:36:06] [TASK_5] [INFO] Input: data/news/processed/all_news_processed.csv (35175 rows)
[2026-07-07 06:36:06] [TASK_5] [INFO] ------------------------------------------------------------
[2026-07-07 06:36:06] [TASK_5] [INFO] END TASK_5 — completed in 0.0 seconds
[2026-07-07 06:36:06] [TASK_5] [INFO] ============================================================
