[2026-07-03 13:37:09] [TASK_9] [INFO] ============================================================
[2026-07-03 13:37:09] [TASK_9] [INFO] START TASK_9: Keyword Feature Extraction (TF-IDF, sentiment scores)
[2026-07-03 13:37:09] [TASK_9] [INFO] Timestamp: 2026-07-03T13:37:09.555905
[2026-07-03 13:37:09] [TASK_9] [INFO] ============================================================
[2026-07-03 13:37:09] [TASK_9] [INFO] Input: data/aggregated/news_by_quarter.csv (1450 rows)
[2026-07-03 13:37:09] [TASK_9] [INFO] ------------------------------------------------------------
[2026-07-03 13:37:09] [TASK_9] [INFO] END TASK_9 — completed in 0.0 seconds
[2026-07-03 13:37:09] [TASK_9] [INFO] ============================================================
[2026-07-03 13:37:10] [TASK_9] [INFO] ============================================================
[2026-07-03 13:37:10] [TASK_9] [INFO] START TASK_9: Keyword Feature Extraction (TF-IDF, sentiment scores)
[2026-07-03 13:37:10] [TASK_9] [INFO] Timestamp: 2026-07-03T13:37:10.261972
[2026-07-03 13:37:10] [TASK_9] [INFO] ============================================================
[2026-07-03 13:37:10] [TASK_9] [INFO] Input: data/aggregated/news_by_quarter.csv (1450 rows)
[2026-07-03 13:37:10] [TASK_9] [INFO] ------------------------------------------------------------
[2026-07-03 13:37:10] [TASK_9] [INFO] END TASK_9 — completed in 0.0 seconds
[2026-07-03 13:37:10] [TASK_9] [INFO] ============================================================
[2026-07-03 13:38:47] [TASK_9] [INFO] ============================================================
[2026-07-03 13:38:47] [TASK_9] [INFO] START TASK_9: Keyword Feature Extraction (TF-IDF, sentiment scores)
[2026-07-03 13:38:47] [TASK_9] [INFO] Timestamp: 2026-07-03T13:38:47.040958
[2026-07-03 13:38:47] [TASK_9] [INFO] ============================================================
[2026-07-03 13:38:47] [TASK_9] [INFO] Input: data/aggregated/news_by_quarter.csv (1450 rows)
[2026-07-03 13:38:47] [TASK_9] [INFO] ------------------------------------------------------------
[2026-07-03 13:38:47] [TASK_9] [INFO] END TASK_9 — completed in 0.0 seconds
[2026-07-03 13:38:47] [TASK_9] [INFO] ============================================================
[2026-07-03 13:38:47] [TASK_9] [INFO] ============================================================
[2026-07-03 13:38:47] [TASK_9] [INFO] START TASK_9: Keyword Feature Extraction (TF-IDF, sentiment scores)
[2026-07-03 13:38:47] [TASK_9] [INFO] Timestamp: 2026-07-03T13:38:47.675621
[2026-07-03 13:38:47] [TASK_9] [INFO] ============================================================
[2026-07-03 13:38:47] [TASK_9] [INFO] Input: data/aggregated/news_by_quarter.csv (1450 rows)
[2026-07-03 13:38:47] [TASK_9] [INFO] ------------------------------------------------------------
[2026-07-03 13:38:47] [TASK_9] [INFO] END TASK_9 — completed in 0.0 seconds
[2026-07-03 13:38:47] [TASK_9] [INFO] ============================================================
[2026-07-03 14:23:48] [TASK_9] [INFO] ============================================================
[2026-07-03 14:23:48] [TASK_9] [INFO] START TASK_9: Keyword Feature Extraction (TF-IDF, sentiment scores)
[2026-07-03 14:23:48] [TASK_9] [INFO] Timestamp: 2026-07-03T14:23:48.412693
[2026-07-03 14:23:48] [TASK_9] [INFO] ============================================================
[2026-07-03 14:23:48] [TASK_9] [INFO] Input: data/aggregated/news_by_quarter.csv (1450 rows)
[2026-07-03 14:23:48] [TASK_9] [INFO] ------------------------------------------------------------
[2026-07-03 14:23:48] [TASK_9] [INFO] END TASK_9 — completed in 0.0 seconds
[2026-07-03 14:23:48] [TASK_9] [INFO] ============================================================
[2026-07-03 14:23:49] [TASK_9] [INFO] ============================================================
[2026-07-03 14:23:49] [TASK_9] [INFO] START TASK_9: Keyword Feature Extraction (TF-IDF, sentiment scores)
[2026-07-03 14:23:49] [TASK_9] [INFO] Timestamp: 2026-07-03T14:23:49.080408
[2026-07-03 14:23:49] [TASK_9] [INFO] ============================================================
[2026-07-03 14:23:49] [TASK_9] [INFO] Input: data/aggregated/news_by_quarter.csv (1450 rows)
[2026-07-03 14:23:49] [TASK_9] [INFO] ------------------------------------------------------------
[2026-07-03 14:23:49] [TASK_9] [INFO] END TASK_9 — completed in 0.0 seconds
[2026-07-03 14:23:49] [TASK_9] [INFO] ============================================================
