[2026-07-01 09:02:12] [TASK_4] [INFO] ============================================================
[2026-07-01 09:02:12] [TASK_4] [INFO] START TASK_4: Text Preprocessing (clean, tokenize, deduplicate)
[2026-07-01 09:02:12] [TASK_4] [INFO] Timestamp: 2026-07-01T09:02:12.998003
[2026-07-01 09:02:12] [TASK_4] [INFO] ============================================================
[2026-07-01 09:02:13] [TASK_4] [INFO] Input: data/news/matched/all_news_matched.csv (52807 rows)
[2026-07-01 09:02:13] [TASK_4] [INFO] ------------------------------------------------------------
[2026-07-01 09:02:13] [TASK_4] [INFO] END TASK_4 — completed in 0.0 seconds
[2026-07-01 09:02:13] [TASK_4] [INFO] ============================================================
[2026-07-01 09:02:13] [TASK_4] [INFO] ============================================================
[2026-07-01 09:02:13] [TASK_4] [INFO] START TASK_4: Text Preprocessing (clean, tokenize, deduplicate)
[2026-07-01 09:02:13] [TASK_4] [INFO] Timestamp: 2026-07-01T09:02:13.868360
[2026-07-01 09:02:13] [TASK_4] [INFO] ============================================================
[2026-07-01 09:02:13] [TASK_4] [INFO] Input: data/news/matched/all_news_matched.csv (52807 rows)
[2026-07-01 09:02:13] [TASK_4] [INFO] ------------------------------------------------------------
[2026-07-01 09:02:13] [TASK_4] [INFO] END TASK_4 — completed in 0.0 seconds
[2026-07-01 09:02:13] [TASK_4] [INFO] ============================================================
[2026-07-01 09:02:52] [TASK_4] [INFO] ============================================================
[2026-07-01 09:02:52] [TASK_4] [INFO] START TASK_4: Text Preprocessing (clean, tokenize, deduplicate)
[2026-07-01 09:02:52] [TASK_4] [INFO] Timestamp: 2026-07-01T09:02:52.809772
[2026-07-01 09:02:52] [TASK_4] [INFO] ============================================================
[2026-07-01 09:02:52] [TASK_4] [INFO] Input: data/news/matched/all_news_matched.csv (52807 rows)
[2026-07-01 09:02:52] [TASK_4] [INFO] ------------------------------------------------------------
[2026-07-01 09:02:52] [TASK_4] [INFO] END TASK_4 — completed in 0.0 seconds
[2026-07-01 09:02:52] [TASK_4] [INFO] ============================================================
[2026-07-01 09:02:53] [TASK_4] [INFO] ============================================================
[2026-07-01 09:02:53] [TASK_4] [INFO] START TASK_4: Text Preprocessing (clean, tokenize, deduplicate)
[2026-07-01 09:02:53] [TASK_4] [INFO] Timestamp: 2026-07-01T09:02:53.579619
[2026-07-01 09:02:53] [TASK_4] [INFO] ============================================================
[2026-07-01 09:02:53] [TASK_4] [INFO] Input: data/news/matched/all_news_matched.csv (52807 rows)
[2026-07-01 09:02:53] [TASK_4] [INFO] ------------------------------------------------------------
[2026-07-01 09:02:53] [TASK_4] [INFO] END TASK_4 — completed in 0.0 seconds
[2026-07-01 09:02:53] [TASK_4] [INFO] ============================================================
[2026-07-01 09:53:44] [TASK_4] [INFO] ============================================================
[2026-07-01 09:53:44] [TASK_4] [INFO] START TASK_4: Text Preprocessing (clean, tokenize, deduplicate)
[2026-07-01 09:53:44] [TASK_4] [INFO] Timestamp: 2026-07-01T09:53:44.998639
[2026-07-01 09:53:44] [TASK_4] [INFO] ============================================================
[2026-07-01 09:53:45] [TASK_4] [INFO] Input: data/news/matched/all_news_matched.csv (52807 rows)
[2026-07-01 09:53:45] [TASK_4] [INFO] ------------------------------------------------------------
[2026-07-01 09:53:45] [TASK_4] [INFO] END TASK_4 — completed in 0.0 seconds
[2026-07-01 09:53:45] [TASK_4] [INFO] ============================================================
[2026-07-01 09:53:45] [TASK_4] [INFO] ============================================================
[2026-07-01 09:53:45] [TASK_4] [INFO] START TASK_4: Text Preprocessing (clean, tokenize, deduplicate)
[2026-07-01 09:53:45] [TASK_4] [INFO] Timestamp: 2026-07-01T09:53:45.864739
[2026-07-01 09:53:45] [TASK_4] [INFO] ============================================================
[2026-07-01 09:53:45] [TASK_4] [INFO] Input: data/news/matched/all_news_matched.csv (52807 rows)
[2026-07-01 09:53:45] [TASK_4] [INFO] ------------------------------------------------------------
[2026-07-01 09:53:45] [TASK_4] [INFO] END TASK_4 — completed in 0.0 seconds
[2026-07-01 09:53:45] [TASK_4] [INFO] ============================================================
[2026-07-01 09:55:11] [TASK_4] [INFO] ============================================================
[2026-07-01 09:55:11] [TASK_4] [INFO] START TASK_4: Text Preprocessing (clean, tokenize, deduplicate)
[2026-07-01 09:55:11] [TASK_4] [INFO] Timestamp: 2026-07-01T09:55:11.255210
[2026-07-01 09:55:11] [TASK_4] [INFO] ============================================================
[2026-07-01 09:55:11] [TASK_4] [INFO] Input: data/news/matched/all_news_matched.csv (52807 rows)
[2026-07-01 09:55:11] [TASK_4] [INFO] ------------------------------------------------------------
[2026-07-01 09:55:11] [TASK_4] [INFO] END TASK_4 — completed in 0.0 seconds
[2026-07-01 09:55:11] [TASK_4] [INFO] ============================================================
[2026-07-01 09:55:12] [TASK_4] [INFO] ============================================================
[2026-07-01 09:55:12] [TASK_4] [INFO] START TASK_4: Text Preprocessing (clean, tokenize, deduplicate)
[2026-07-01 09:55:12] [TASK_4] [INFO] Timestamp: 2026-07-01T09:55:12.206098
[2026-07-01 09:55:12] [TASK_4] [INFO] ============================================================
[2026-07-01 09:55:12] [TASK_4] [INFO] Input: data/news/matched/all_news_matched.csv (52807 rows)
[2026-07-01 09:55:12] [TASK_4] [INFO] ------------------------------------------------------------
[2026-07-01 09:55:12] [TASK_4] [INFO] END TASK_4 — completed in 0.0 seconds
[2026-07-01 09:55:12] [TASK_4] [INFO] ============================================================
[2026-07-01 10:36:05] [TASK_4] [INFO] ============================================================
[2026-07-01 10:36:05] [TASK_4] [INFO] START TASK_4: Text Preprocessing (clean, tokenize, deduplicate)
[2026-07-01 10:36:05] [TASK_4] [INFO] Timestamp: 2026-07-01T10:36:05.230426
[2026-07-01 10:36:05] [TASK_4] [INFO] ============================================================
[2026-07-01 10:36:05] [TASK_4] [INFO] Input: data/news/matched/all_news_matched.csv (52807 rows)
[2026-07-01 10:36:05] [TASK_4] [INFO] ------------------------------------------------------------
[2026-07-01 10:36:05] [TASK_4] [INFO] END TASK_4 — completed in 0.0 seconds
[2026-07-01 10:36:05] [TASK_4] [INFO] ============================================================
[2026-07-01 10:36:06] [TASK_4] [INFO] ============================================================
[2026-07-01 10:36:06] [TASK_4] [INFO] START TASK_4: Text Preprocessing (clean, tokenize, deduplicate)
[2026-07-01 10:36:06] [TASK_4] [INFO] Timestamp: 2026-07-01T10:36:06.081624
[2026-07-01 10:36:06] [TASK_4] [INFO] ============================================================
[2026-07-01 10:36:06] [TASK_4] [INFO] Input: data/news/matched/all_news_matched.csv (52807 rows)
[2026-07-01 10:36:06] [TASK_4] [INFO] ------------------------------------------------------------
[2026-07-01 10:36:06] [TASK_4] [INFO] END TASK_4 — completed in 0.0 seconds
[2026-07-01 10:36:06] [TASK_4] [INFO] ============================================================
[2026-07-01 10:42:22] [TASK_4] [INFO] ============================================================
[2026-07-01 10:42:22] [TASK_4] [INFO] START TASK_4: Text Preprocessing (clean, tokenize, deduplicate)
[2026-07-01 10:42:22] [TASK_4] [INFO] Timestamp: 2026-07-01T10:42:22.006543
[2026-07-01 10:42:22] [TASK_4] [INFO] ============================================================
[2026-07-01 10:42:22] [TASK_4] [INFO] Input: data/news/matched/all_news_matched.csv (52807 rows)
[2026-07-01 10:42:22] [TASK_4] [INFO] ------------------------------------------------------------
[2026-07-01 10:42:22] [TASK_4] [INFO] END TASK_4 — completed in 0.0 seconds
[2026-07-01 10:42:22] [TASK_4] [INFO] ============================================================
[2026-07-01 10:42:22] [TASK_4] [INFO] ============================================================
[2026-07-01 10:42:22] [TASK_4] [INFO] START TASK_4: Text Preprocessing (clean, tokenize, deduplicate)
[2026-07-01 10:42:22] [TASK_4] [INFO] Timestamp: 2026-07-01T10:42:22.860121
[2026-07-01 10:42:22] [TASK_4] [INFO] ============================================================
[2026-07-01 10:42:23] [TASK_4] [INFO] Input: data/news/matched/all_news_matched.csv (52807 rows)
[2026-07-01 10:42:23] [TASK_4] [INFO] ------------------------------------------------------------
[2026-07-01 10:42:23] [TASK_4] [INFO] END TASK_4 — completed in 0.0 seconds
[2026-07-01 10:42:23] [TASK_4] [INFO] ============================================================
[2026-07-01 10:54:24] [TASK_4] [INFO] ============================================================
[2026-07-01 10:54:24] [TASK_4] [INFO] START TASK_4: Text Preprocessing (clean, tokenize, deduplicate)
[2026-07-01 10:54:24] [TASK_4] [INFO] Timestamp: 2026-07-01T10:54:24.268035
[2026-07-01 10:54:24] [TASK_4] [INFO] ============================================================
[2026-07-01 10:54:24] [TASK_4] [INFO] Input: data/news/matched/all_news_matched.csv (52807 rows)
[2026-07-01 10:54:24] [TASK_4] [INFO] ------------------------------------------------------------
[2026-07-01 10:54:24] [TASK_4] [INFO] END TASK_4 — completed in 0.0 seconds
[2026-07-01 10:54:24] [TASK_4] [INFO] ============================================================
[2026-07-01 10:54:25] [TASK_4] [INFO] ============================================================
[2026-07-01 10:54:25] [TASK_4] [INFO] START TASK_4: Text Preprocessing (clean, tokenize, deduplicate)
[2026-07-01 10:54:25] [TASK_4] [INFO] Timestamp: 2026-07-01T10:54:25.022222
[2026-07-01 10:54:25] [TASK_4] [INFO] ============================================================
[2026-07-01 10:54:25] [TASK_4] [INFO] Input: data/news/matched/all_news_matched.csv (52807 rows)
[2026-07-01 10:54:25] [TASK_4] [INFO] ------------------------------------------------------------
[2026-07-01 10:54:25] [TASK_4] [INFO] END TASK_4 — completed in 0.0 seconds
[2026-07-01 10:54:25] [TASK_4] [INFO] ============================================================
[2026-07-01 11:35:24] [TASK_4] [INFO] ============================================================
[2026-07-01 11:35:24] [TASK_4] [INFO] START TASK_4: Text Preprocessing (clean, tokenize, deduplicate)
[2026-07-01 11:35:24] [TASK_4] [INFO] Timestamp: 2026-07-01T11:35:24.908071
[2026-07-01 11:35:24] [TASK_4] [INFO] ============================================================
[2026-07-01 11:35:25] [TASK_4] [INFO] Input: data/news/matched/all_news_matched.csv (52807 rows)
[2026-07-01 11:35:25] [TASK_4] [INFO] ------------------------------------------------------------
[2026-07-01 11:35:25] [TASK_4] [INFO] END TASK_4 — completed in 0.0 seconds
[2026-07-01 11:35:25] [TASK_4] [INFO] ============================================================
[2026-07-01 11:35:25] [TASK_4] [INFO] ============================================================
[2026-07-01 11:35:25] [TASK_4] [INFO] START TASK_4: Text Preprocessing (clean, tokenize, deduplicate)
[2026-07-01 11:35:25] [TASK_4] [INFO] Timestamp: 2026-07-01T11:35:25.612359
[2026-07-01 11:35:25] [TASK_4] [INFO] ============================================================
[2026-07-01 11:35:25] [TASK_4] [INFO] Input: data/news/matched/all_news_matched.csv (52807 rows)
[2026-07-01 11:35:25] [TASK_4] [INFO] ------------------------------------------------------------
[2026-07-01 11:35:25] [TASK_4] [INFO] END TASK_4 — completed in 0.0 seconds
[2026-07-01 11:35:25] [TASK_4] [INFO] ============================================================
[2026-07-01 11:36:11] [TASK_4] [INFO] ============================================================
[2026-07-01 11:36:11] [TASK_4] [INFO] START TASK_4: Text Preprocessing (clean, tokenize, deduplicate)
[2026-07-01 11:36:11] [TASK_4] [INFO] Timestamp: 2026-07-01T11:36:11.771412
[2026-07-01 11:36:11] [TASK_4] [INFO] ============================================================
[2026-07-01 11:36:11] [TASK_4] [INFO] Input: data/news/matched/all_news_matched.csv (52807 rows)
[2026-07-01 11:36:11] [TASK_4] [INFO] ------------------------------------------------------------
[2026-07-01 11:36:11] [TASK_4] [INFO] END TASK_4 — completed in 0.0 seconds
[2026-07-01 11:36:11] [TASK_4] [INFO] ============================================================
[2026-07-01 11:36:12] [TASK_4] [INFO] ============================================================
[2026-07-01 11:36:12] [TASK_4] [INFO] START TASK_4: Text Preprocessing (clean, tokenize, deduplicate)
[2026-07-01 11:36:12] [TASK_4] [INFO] Timestamp: 2026-07-01T11:36:12.467883
[2026-07-01 11:36:12] [TASK_4] [INFO] ============================================================
[2026-07-01 11:36:12] [TASK_4] [INFO] Input: data/news/matched/all_news_matched.csv (52807 rows)
[2026-07-01 11:36:12] [TASK_4] [INFO] ------------------------------------------------------------
[2026-07-01 11:36:12] [TASK_4] [INFO] END TASK_4 — completed in 0.0 seconds
[2026-07-01 11:36:12] [TASK_4] [INFO] ============================================================
[2026-07-01 11:37:05] [TASK_4] [INFO] ============================================================
[2026-07-01 11:37:05] [TASK_4] [INFO] START TASK_4: Text Preprocessing (clean, tokenize, deduplicate)
[2026-07-01 11:37:05] [TASK_4] [INFO] Timestamp: 2026-07-01T11:37:05.005976
[2026-07-01 11:37:05] [TASK_4] [INFO] ============================================================
[2026-07-01 11:37:05] [TASK_4] [INFO] Input: data/news/matched/all_news_matched.csv (52807 rows)
[2026-07-01 11:37:05] [TASK_4] [INFO] ------------------------------------------------------------
[2026-07-01 11:37:05] [TASK_4] [INFO] END TASK_4 — completed in 0.0 seconds
[2026-07-01 11:37:05] [TASK_4] [INFO] ============================================================
[2026-07-01 11:37:05] [TASK_4] [INFO] ============================================================
[2026-07-01 11:37:05] [TASK_4] [INFO] START TASK_4: Text Preprocessing (clean, tokenize, deduplicate)
[2026-07-01 11:37:05] [TASK_4] [INFO] Timestamp: 2026-07-01T11:37:05.771521
[2026-07-01 11:37:05] [TASK_4] [INFO] ============================================================
[2026-07-01 11:37:05] [TASK_4] [INFO] Input: data/news/matched/all_news_matched.csv (52807 rows)
[2026-07-01 11:37:05] [TASK_4] [INFO] ------------------------------------------------------------
[2026-07-01 11:37:05] [TASK_4] [INFO] END TASK_4 — completed in 0.0 seconds
[2026-07-01 11:37:05] [TASK_4] [INFO] ============================================================
[2026-07-01 11:39:55] [TASK_4] [INFO] ============================================================
[2026-07-01 11:39:55] [TASK_4] [INFO] START TASK_4: Text Preprocessing (clean, tokenize, deduplicate)
[2026-07-01 11:39:55] [TASK_4] [INFO] Timestamp: 2026-07-01T11:39:55.068231
[2026-07-01 11:39:55] [TASK_4] [INFO] ============================================================
[2026-07-01 11:39:55] [TASK_4] [INFO] Input: data/news/matched/all_news_matched.csv (52807 rows)
[2026-07-01 11:39:55] [TASK_4] [INFO] ------------------------------------------------------------
[2026-07-01 11:39:55] [TASK_4] [INFO] END TASK_4 — completed in 0.0 seconds
[2026-07-01 11:39:55] [TASK_4] [INFO] ============================================================
[2026-07-01 11:39:55] [TASK_4] [INFO] ============================================================
[2026-07-01 11:39:55] [TASK_4] [INFO] START TASK_4: Text Preprocessing (clean, tokenize, deduplicate)
[2026-07-01 11:39:55] [TASK_4] [INFO] Timestamp: 2026-07-01T11:39:55.777461
[2026-07-01 11:39:55] [TASK_4] [INFO] ============================================================
[2026-07-01 11:39:55] [TASK_4] [INFO] Input: data/news/matched/all_news_matched.csv (52807 rows)
[2026-07-01 11:39:55] [TASK_4] [INFO] ------------------------------------------------------------
[2026-07-01 11:39:55] [TASK_4] [INFO] END TASK_4 — completed in 0.0 seconds
[2026-07-01 11:39:55] [TASK_4] [INFO] ============================================================
[2026-07-01 11:40:41] [TASK_4] [INFO] ============================================================
[2026-07-01 11:40:41] [TASK_4] [INFO] START TASK_4: Text Preprocessing (clean, tokenize, deduplicate)
[2026-07-01 11:40:41] [TASK_4] [INFO] Timestamp: 2026-07-01T11:40:41.832822
[2026-07-01 11:40:41] [TASK_4] [INFO] ============================================================
[2026-07-01 11:40:41] [TASK_4] [INFO] Input: data/news/matched/all_news_matched.csv (52807 rows)
[2026-07-01 11:40:41] [TASK_4] [INFO] ------------------------------------------------------------
[2026-07-01 11:40:41] [TASK_4] [INFO] END TASK_4 — completed in 0.0 seconds
[2026-07-01 11:40:41] [TASK_4] [INFO] ============================================================
[2026-07-01 11:40:42] [TASK_4] [INFO] ============================================================
[2026-07-01 11:40:42] [TASK_4] [INFO] START TASK_4: Text Preprocessing (clean, tokenize, deduplicate)
[2026-07-01 11:40:42] [TASK_4] [INFO] Timestamp: 2026-07-01T11:40:42.579543
[2026-07-01 11:40:42] [TASK_4] [INFO] ============================================================
[2026-07-01 11:40:42] [TASK_4] [INFO] Input: data/news/matched/all_news_matched.csv (52807 rows)
[2026-07-01 11:40:42] [TASK_4] [INFO] ------------------------------------------------------------
[2026-07-01 11:40:42] [TASK_4] [INFO] END TASK_4 — completed in 0.0 seconds
[2026-07-01 11:40:42] [TASK_4] [INFO] ============================================================
[2026-07-01 12:37:24] [TASK_4] [INFO] ============================================================
[2026-07-01 12:37:24] [TASK_4] [INFO] START TASK_4: Text Preprocessing (clean, tokenize, deduplicate)
[2026-07-01 12:37:24] [TASK_4] [INFO] Timestamp: 2026-07-01T12:37:24.238451
[2026-07-01 12:37:24] [TASK_4] [INFO] ============================================================
[2026-07-01 12:37:24] [TASK_4] [INFO] Input: data/news/matched/all_news_matched.csv (52807 rows)
[2026-07-01 12:37:24] [TASK_4] [INFO] ------------------------------------------------------------
[2026-07-01 12:37:24] [TASK_4] [INFO] END TASK_4 — completed in 0.0 seconds
[2026-07-01 12:37:24] [TASK_4] [INFO] ============================================================
[2026-07-01 12:37:24] [TASK_4] [INFO] ============================================================
[2026-07-01 12:37:24] [TASK_4] [INFO] START TASK_4: Text Preprocessing (clean, tokenize, deduplicate)
[2026-07-01 12:37:24] [TASK_4] [INFO] Timestamp: 2026-07-01T12:37:24.967257
[2026-07-01 12:37:24] [TASK_4] [INFO] ============================================================
[2026-07-01 12:37:25] [TASK_4] [INFO] Input: data/news/matched/all_news_matched.csv (52807 rows)
[2026-07-01 12:37:25] [TASK_4] [INFO] ------------------------------------------------------------
[2026-07-01 12:37:25] [TASK_4] [INFO] END TASK_4 — completed in 0.0 seconds
[2026-07-01 12:37:25] [TASK_4] [INFO] ============================================================
[2026-07-01 12:38:24] [TASK_4] [INFO] ============================================================
[2026-07-01 12:38:24] [TASK_4] [INFO] START TASK_4: Text Preprocessing (clean, tokenize, deduplicate)
[2026-07-01 12:38:24] [TASK_4] [INFO] Timestamp: 2026-07-01T12:38:24.114372
[2026-07-01 12:38:24] [TASK_4] [INFO] ============================================================
[2026-07-01 12:38:24] [TASK_4] [INFO] Input: data/news/matched/all_news_matched.csv (52807 rows)
[2026-07-01 12:38:24] [TASK_4] [INFO] ------------------------------------------------------------
[2026-07-01 12:38:24] [TASK_4] [INFO] END TASK_4 — completed in 0.0 seconds
[2026-07-01 12:38:24] [TASK_4] [INFO] ============================================================
[2026-07-01 12:38:24] [TASK_4] [INFO] ============================================================
[2026-07-01 12:38:24] [TASK_4] [INFO] START TASK_4: Text Preprocessing (clean, tokenize, deduplicate)
[2026-07-01 12:38:24] [TASK_4] [INFO] Timestamp: 2026-07-01T12:38:24.858970
[2026-07-01 12:38:24] [TASK_4] [INFO] ============================================================
[2026-07-01 12:38:24] [TASK_4] [INFO] Input: data/news/matched/all_news_matched.csv (52807 rows)
[2026-07-01 12:38:24] [TASK_4] [INFO] ------------------------------------------------------------
[2026-07-01 12:38:24] [TASK_4] [INFO] END TASK_4 — completed in 0.0 seconds
[2026-07-01 12:38:24] [TASK_4] [INFO] ============================================================
[2026-07-01 13:03:34] [TASK_4] [INFO] ============================================================
[2026-07-01 13:03:34] [TASK_4] [INFO] START TASK_4: Text Preprocessing (clean, tokenize, deduplicate)
[2026-07-01 13:03:34] [TASK_4] [INFO] Timestamp: 2026-07-01T13:03:34.049961
[2026-07-01 13:03:34] [TASK_4] [INFO] ============================================================
[2026-07-01 13:03:34] [TASK_4] [INFO] Input: data/news/matched/all_news_matched.csv (52807 rows)
[2026-07-01 13:03:34] [TASK_4] [INFO] ------------------------------------------------------------
[2026-07-01 13:03:34] [TASK_4] [INFO] END TASK_4 — completed in 0.0 seconds
[2026-07-01 13:03:34] [TASK_4] [INFO] ============================================================
[2026-07-01 13:03:34] [TASK_4] [INFO] ============================================================
[2026-07-01 13:03:34] [TASK_4] [INFO] START TASK_4: Text Preprocessing (clean, tokenize, deduplicate)
[2026-07-01 13:03:34] [TASK_4] [INFO] Timestamp: 2026-07-01T13:03:34.897947
[2026-07-01 13:03:34] [TASK_4] [INFO] ============================================================
[2026-07-01 13:03:35] [TASK_4] [INFO] Input: data/news/matched/all_news_matched.csv (52807 rows)
[2026-07-01 13:03:35] [TASK_4] [INFO] ------------------------------------------------------------
[2026-07-01 13:03:35] [TASK_4] [INFO] END TASK_4 — completed in 0.0 seconds
[2026-07-01 13:03:35] [TASK_4] [INFO] ============================================================
[2026-07-01 13:04:36] [TASK_4] [INFO] ============================================================
[2026-07-01 13:04:36] [TASK_4] [INFO] START TASK_4: Text Preprocessing (clean, tokenize, deduplicate)
[2026-07-01 13:04:36] [TASK_4] [INFO] Timestamp: 2026-07-01T13:04:36.105487
[2026-07-01 13:04:36] [TASK_4] [INFO] ============================================================
[2026-07-01 13:04:36] [TASK_4] [INFO] Input: data/news/matched/all_news_matched.csv (52807 rows)
[2026-07-01 13:04:36] [TASK_4] [INFO] ------------------------------------------------------------
[2026-07-01 13:04:36] [TASK_4] [INFO] END TASK_4 — completed in 0.0 seconds
[2026-07-01 13:04:36] [TASK_4] [INFO] ============================================================
[2026-07-01 13:04:36] [TASK_4] [INFO] ============================================================
[2026-07-01 13:04:36] [TASK_4] [INFO] START TASK_4: Text Preprocessing (clean, tokenize, deduplicate)
[2026-07-01 13:04:36] [TASK_4] [INFO] Timestamp: 2026-07-01T13:04:36.879038
[2026-07-01 13:04:36] [TASK_4] [INFO] ============================================================
[2026-07-01 13:04:37] [TASK_4] [INFO] Input: data/news/matched/all_news_matched.csv (52807 rows)
[2026-07-01 13:04:37] [TASK_4] [INFO] ------------------------------------------------------------
[2026-07-01 13:04:37] [TASK_4] [INFO] END TASK_4 — completed in 0.0 seconds
[2026-07-01 13:04:37] [TASK_4] [INFO] ============================================================
[2026-07-01 13:27:01] [TASK_4] [INFO] ============================================================
[2026-07-01 13:27:01] [TASK_4] [INFO] START TASK_4: Text Preprocessing (clean, tokenize, deduplicate)
[2026-07-01 13:27:01] [TASK_4] [INFO] Timestamp: 2026-07-01T13:27:01.566287
[2026-07-01 13:27:01] [TASK_4] [INFO] ============================================================
[2026-07-01 13:27:01] [TASK_4] [INFO] Input: data/news/matched/all_news_matched.csv (52807 rows)
[2026-07-01 13:27:01] [TASK_4] [INFO] ------------------------------------------------------------
[2026-07-01 13:27:01] [TASK_4] [INFO] END TASK_4 — completed in 0.0 seconds
[2026-07-01 13:27:01] [TASK_4] [INFO] ============================================================
[2026-07-01 13:27:02] [TASK_4] [INFO] ============================================================
[2026-07-01 13:27:02] [TASK_4] [INFO] START TASK_4: Text Preprocessing (clean, tokenize, deduplicate)
[2026-07-01 13:27:02] [TASK_4] [INFO] Timestamp: 2026-07-01T13:27:02.984768
[2026-07-01 13:27:02] [TASK_4] [INFO] ============================================================
[2026-07-01 13:27:03] [TASK_4] [INFO] Input: data/news/matched/all_news_matched.csv (52807 rows)
[2026-07-01 13:27:03] [TASK_4] [INFO] ------------------------------------------------------------
[2026-07-01 13:27:03] [TASK_4] [INFO] END TASK_4 — completed in 0.0 seconds
[2026-07-01 13:27:03] [TASK_4] [INFO] ============================================================
[2026-07-01 13:29:42] [TASK_4] [INFO] ============================================================
[2026-07-01 13:29:42] [TASK_4] [INFO] START TASK_4: Text Preprocessing (clean, tokenize, deduplicate)
[2026-07-01 13:29:42] [TASK_4] [INFO] Timestamp: 2026-07-01T13:29:42.526345
[2026-07-01 13:29:42] [TASK_4] [INFO] ============================================================
[2026-07-01 13:29:42] [TASK_4] [INFO] Input: data/news/matched/all_news_matched.csv (52807 rows)
[2026-07-01 13:29:42] [TASK_4] [INFO] ------------------------------------------------------------
[2026-07-01 13:29:42] [TASK_4] [INFO] END TASK_4 — completed in 0.0 seconds
[2026-07-01 13:29:42] [TASK_4] [INFO] ============================================================
[2026-07-01 13:29:44] [TASK_4] [INFO] ============================================================
[2026-07-01 13:29:44] [TASK_4] [INFO] START TASK_4: Text Preprocessing (clean, tokenize, deduplicate)
[2026-07-01 13:29:44] [TASK_4] [INFO] Timestamp: 2026-07-01T13:29:44.190762
[2026-07-01 13:29:44] [TASK_4] [INFO] ============================================================
[2026-07-01 13:29:44] [TASK_4] [INFO] Input: data/news/matched/all_news_matched.csv (52807 rows)
[2026-07-01 13:29:44] [TASK_4] [INFO] ------------------------------------------------------------
[2026-07-01 13:29:44] [TASK_4] [INFO] END TASK_4 — completed in 0.0 seconds
[2026-07-01 13:29:44] [TASK_4] [INFO] ============================================================
[2026-07-01 13:41:03] [TASK_4] [INFO] ============================================================
[2026-07-01 13:41:03] [TASK_4] [INFO] START TASK_4: Text Preprocessing (clean, tokenize, deduplicate)
[2026-07-01 13:41:03] [TASK_4] [INFO] Timestamp: 2026-07-01T13:41:03.934658
[2026-07-01 13:41:03] [TASK_4] [INFO] ============================================================
[2026-07-01 13:41:04] [TASK_4] [INFO] Input: data/news/matched/all_news_matched.csv (52807 rows)
[2026-07-01 13:41:04] [TASK_4] [INFO] ------------------------------------------------------------
[2026-07-01 13:41:04] [TASK_4] [INFO] END TASK_4 — completed in 0.0 seconds
[2026-07-01 13:41:04] [TASK_4] [INFO] ============================================================
[2026-07-01 13:41:04] [TASK_4] [INFO] ============================================================
[2026-07-01 13:41:04] [TASK_4] [INFO] START TASK_4: Text Preprocessing (clean, tokenize, deduplicate)
[2026-07-01 13:41:04] [TASK_4] [INFO] Timestamp: 2026-07-01T13:41:04.726303
[2026-07-01 13:41:04] [TASK_4] [INFO] ============================================================
[2026-07-01 13:41:04] [TASK_4] [INFO] Input: data/news/matched/all_news_matched.csv (52807 rows)
[2026-07-01 13:41:04] [TASK_4] [INFO] ------------------------------------------------------------
[2026-07-01 13:41:04] [TASK_4] [INFO] END TASK_4 — completed in 0.0 seconds
[2026-07-01 13:41:04] [TASK_4] [INFO] ============================================================
[2026-07-01 14:01:53] [TASK_4] [INFO] ============================================================
[2026-07-01 14:01:53] [TASK_4] [INFO] START TASK_4: Text Preprocessing (clean, tokenize, deduplicate)
[2026-07-01 14:01:53] [TASK_4] [INFO] Timestamp: 2026-07-01T14:01:53.326363
[2026-07-01 14:01:53] [TASK_4] [INFO] ============================================================
[2026-07-01 14:01:53] [TASK_4] [INFO] Input: data/news/matched/all_news_matched.csv (52807 rows)
[2026-07-01 14:01:53] [TASK_4] [INFO] ------------------------------------------------------------
[2026-07-01 14:01:53] [TASK_4] [INFO] END TASK_4 — completed in 0.0 seconds
[2026-07-01 14:01:53] [TASK_4] [INFO] ============================================================
[2026-07-01 14:01:54] [TASK_4] [INFO] ============================================================
[2026-07-01 14:01:54] [TASK_4] [INFO] START TASK_4: Text Preprocessing (clean, tokenize, deduplicate)
[2026-07-01 14:01:54] [TASK_4] [INFO] Timestamp: 2026-07-01T14:01:54.095645
[2026-07-01 14:01:54] [TASK_4] [INFO] ============================================================
[2026-07-01 14:01:54] [TASK_4] [INFO] Input: data/news/matched/all_news_matched.csv (52807 rows)
[2026-07-01 14:01:54] [TASK_4] [INFO] ------------------------------------------------------------
[2026-07-01 14:01:54] [TASK_4] [INFO] END TASK_4 — completed in 0.0 seconds
[2026-07-01 14:01:54] [TASK_4] [INFO] ============================================================
[2026-07-01 14:03:12] [TASK_4] [INFO] ============================================================
[2026-07-01 14:03:12] [TASK_4] [INFO] START TASK_4: Text Preprocessing (clean, tokenize, deduplicate)
[2026-07-01 14:03:12] [TASK_4] [INFO] Timestamp: 2026-07-01T14:03:12.976406
[2026-07-01 14:03:12] [TASK_4] [INFO] ============================================================
[2026-07-01 14:03:13] [TASK_4] [INFO] Input: data/news/matched/all_news_matched.csv (52807 rows)
[2026-07-01 14:03:13] [TASK_4] [INFO] ------------------------------------------------------------
[2026-07-01 14:03:13] [TASK_4] [INFO] END TASK_4 — completed in 0.0 seconds
[2026-07-01 14:03:13] [TASK_4] [INFO] ============================================================
[2026-07-01 14:03:13] [TASK_4] [INFO] ============================================================
[2026-07-01 14:03:13] [TASK_4] [INFO] START TASK_4: Text Preprocessing (clean, tokenize, deduplicate)
[2026-07-01 14:03:13] [TASK_4] [INFO] Timestamp: 2026-07-01T14:03:13.910861
[2026-07-01 14:03:13] [TASK_4] [INFO] ============================================================
[2026-07-01 14:03:14] [TASK_4] [INFO] Input: data/news/matched/all_news_matched.csv (52807 rows)
[2026-07-01 14:03:14] [TASK_4] [INFO] ------------------------------------------------------------
[2026-07-01 14:03:14] [TASK_4] [INFO] END TASK_4 — completed in 0.0 seconds
[2026-07-01 14:03:14] [TASK_4] [INFO] ============================================================
[2026-07-01 14:05:38] [TASK_4] [INFO] ============================================================
[2026-07-01 14:05:38] [TASK_4] [INFO] START TASK_4: Text Preprocessing (clean, tokenize, deduplicate)
[2026-07-01 14:05:38] [TASK_4] [INFO] Timestamp: 2026-07-01T14:05:38.322328
[2026-07-01 14:05:38] [TASK_4] [INFO] ============================================================
[2026-07-01 14:05:38] [TASK_4] [INFO] Input: data/news/matched/all_news_matched.csv (52807 rows)
[2026-07-01 14:05:38] [TASK_4] [INFO] ------------------------------------------------------------
[2026-07-01 14:05:38] [TASK_4] [INFO] END TASK_4 — completed in 0.0 seconds
[2026-07-01 14:05:38] [TASK_4] [INFO] ============================================================
[2026-07-01 14:05:39] [TASK_4] [INFO] ============================================================
[2026-07-01 14:05:39] [TASK_4] [INFO] START TASK_4: Text Preprocessing (clean, tokenize, deduplicate)
[2026-07-01 14:05:39] [TASK_4] [INFO] Timestamp: 2026-07-01T14:05:39.080708
[2026-07-01 14:05:39] [TASK_4] [INFO] ============================================================
[2026-07-01 14:05:39] [TASK_4] [INFO] Input: data/news/matched/all_news_matched.csv (52807 rows)
[2026-07-01 14:05:39] [TASK_4] [INFO] ------------------------------------------------------------
[2026-07-01 14:05:39] [TASK_4] [INFO] END TASK_4 — completed in 0.0 seconds
[2026-07-01 14:05:39] [TASK_4] [INFO] ============================================================
[2026-07-01 14:07:28] [TASK_4] [INFO] ============================================================
[2026-07-01 14:07:28] [TASK_4] [INFO] START TASK_4: Text Preprocessing (clean, tokenize, deduplicate)
[2026-07-01 14:07:28] [TASK_4] [INFO] Timestamp: 2026-07-01T14:07:28.109591
[2026-07-01 14:07:28] [TASK_4] [INFO] ============================================================
[2026-07-01 14:07:28] [TASK_4] [INFO] Input: data/news/matched/all_news_matched.csv (52807 rows)
[2026-07-01 14:07:28] [TASK_4] [INFO] ------------------------------------------------------------
[2026-07-01 14:07:28] [TASK_4] [INFO] END TASK_4 — completed in 0.0 seconds
[2026-07-01 14:07:28] [TASK_4] [INFO] ============================================================
[2026-07-01 14:07:28] [TASK_4] [INFO] ============================================================
[2026-07-01 14:07:28] [TASK_4] [INFO] START TASK_4: Text Preprocessing (clean, tokenize, deduplicate)
[2026-07-01 14:07:28] [TASK_4] [INFO] Timestamp: 2026-07-01T14:07:28.872601
[2026-07-01 14:07:28] [TASK_4] [INFO] ============================================================
[2026-07-01 14:07:28] [TASK_4] [INFO] Input: data/news/matched/all_news_matched.csv (52807 rows)
[2026-07-01 14:07:28] [TASK_4] [INFO] ------------------------------------------------------------
[2026-07-01 14:07:28] [TASK_4] [INFO] END TASK_4 — completed in 0.0 seconds
[2026-07-01 14:07:28] [TASK_4] [INFO] ============================================================
[2026-07-01 14:08:42] [TASK_4] [INFO] ============================================================
[2026-07-01 14:08:42] [TASK_4] [INFO] START TASK_4: Text Preprocessing (clean, tokenize, deduplicate)
[2026-07-01 14:08:42] [TASK_4] [INFO] Timestamp: 2026-07-01T14:08:42.317755
[2026-07-01 14:08:42] [TASK_4] [INFO] ============================================================
[2026-07-01 14:08:42] [TASK_4] [INFO] Input: data/news/matched/all_news_matched.csv (52807 rows)
[2026-07-01 14:08:42] [TASK_4] [INFO] ------------------------------------------------------------
[2026-07-01 14:08:42] [TASK_4] [INFO] END TASK_4 — completed in 0.0 seconds
[2026-07-01 14:08:42] [TASK_4] [INFO] ============================================================
[2026-07-01 14:08:43] [TASK_4] [INFO] ============================================================
[2026-07-01 14:08:43] [TASK_4] [INFO] START TASK_4: Text Preprocessing (clean, tokenize, deduplicate)
[2026-07-01 14:08:43] [TASK_4] [INFO] Timestamp: 2026-07-01T14:08:43.160596
[2026-07-01 14:08:43] [TASK_4] [INFO] ============================================================
[2026-07-01 14:08:43] [TASK_4] [INFO] Input: data/news/matched/all_news_matched.csv (52807 rows)
[2026-07-01 14:08:43] [TASK_4] [INFO] ------------------------------------------------------------
[2026-07-01 14:08:43] [TASK_4] [INFO] END TASK_4 — completed in 0.0 seconds
[2026-07-01 14:08:43] [TASK_4] [INFO] ============================================================
[2026-07-01 14:30:45] [TASK_4] [INFO] ============================================================
[2026-07-01 14:30:45] [TASK_4] [INFO] START TASK_4: Text Preprocessing (clean, tokenize, deduplicate)
[2026-07-01 14:30:45] [TASK_4] [INFO] Timestamp: 2026-07-01T14:30:45.184115
[2026-07-01 14:30:45] [TASK_4] [INFO] ============================================================
[2026-07-01 14:30:45] [TASK_4] [INFO] Input: data/news/matched/all_news_matched.csv (52807 rows)
[2026-07-01 14:30:45] [TASK_4] [INFO] ------------------------------------------------------------
[2026-07-01 14:30:45] [TASK_4] [INFO] END TASK_4 — completed in 0.0 seconds
[2026-07-01 14:30:45] [TASK_4] [INFO] ============================================================
[2026-07-01 14:30:45] [TASK_4] [INFO] ============================================================
[2026-07-01 14:30:45] [TASK_4] [INFO] START TASK_4: Text Preprocessing (clean, tokenize, deduplicate)
[2026-07-01 14:30:45] [TASK_4] [INFO] Timestamp: 2026-07-01T14:30:45.894527
[2026-07-01 14:30:45] [TASK_4] [INFO] ============================================================
[2026-07-01 14:30:46] [TASK_4] [INFO] Input: data/news/matched/all_news_matched.csv (52807 rows)
[2026-07-01 14:30:46] [TASK_4] [INFO] ------------------------------------------------------------
[2026-07-01 14:30:46] [TASK_4] [INFO] END TASK_4 — completed in 0.0 seconds
[2026-07-01 14:30:46] [TASK_4] [INFO] ============================================================
[2026-07-01 14:31:45] [TASK_4] [INFO] ============================================================
[2026-07-01 14:31:45] [TASK_4] [INFO] START TASK_4: Text Preprocessing (clean, tokenize, deduplicate)
[2026-07-01 14:31:45] [TASK_4] [INFO] Timestamp: 2026-07-01T14:31:45.166169
[2026-07-01 14:31:45] [TASK_4] [INFO] ============================================================
[2026-07-01 14:31:45] [TASK_4] [INFO] Input: data/news/matched/all_news_matched.csv (52807 rows)
[2026-07-01 14:31:45] [TASK_4] [INFO] ------------------------------------------------------------
[2026-07-01 14:31:45] [TASK_4] [INFO] END TASK_4 — completed in 0.0 seconds
[2026-07-01 14:31:45] [TASK_4] [INFO] ============================================================
[2026-07-01 14:31:45] [TASK_4] [INFO] ============================================================
[2026-07-01 14:31:45] [TASK_4] [INFO] START TASK_4: Text Preprocessing (clean, tokenize, deduplicate)
[2026-07-01 14:31:45] [TASK_4] [INFO] Timestamp: 2026-07-01T14:31:45.866344
[2026-07-01 14:31:45] [TASK_4] [INFO] ============================================================
[2026-07-01 14:31:45] [TASK_4] [INFO] Input: data/news/matched/all_news_matched.csv (52807 rows)
[2026-07-01 14:31:45] [TASK_4] [INFO] ------------------------------------------------------------
[2026-07-01 14:31:45] [TASK_4] [INFO] END TASK_4 — completed in 0.0 seconds
[2026-07-01 14:31:45] [TASK_4] [INFO] ============================================================
[2026-07-01 14:48:16] [TASK_4] [INFO] ============================================================
[2026-07-01 14:48:16] [TASK_4] [INFO] START TASK_4: Text Preprocessing (clean, tokenize, deduplicate)
[2026-07-01 14:48:16] [TASK_4] [INFO] Timestamp: 2026-07-01T14:48:16.662288
[2026-07-01 14:48:16] [TASK_4] [INFO] ============================================================
[2026-07-01 14:48:16] [TASK_4] [INFO] Input: data/news/matched/all_news_matched.csv (52807 rows)
[2026-07-01 14:48:16] [TASK_4] [INFO] ------------------------------------------------------------
[2026-07-01 14:48:16] [TASK_4] [INFO] END TASK_4 — completed in 0.0 seconds
[2026-07-01 14:48:16] [TASK_4] [INFO] ============================================================
[2026-07-01 14:48:17] [TASK_4] [INFO] ============================================================
[2026-07-01 14:48:17] [TASK_4] [INFO] START TASK_4: Text Preprocessing (clean, tokenize, deduplicate)
[2026-07-01 14:48:17] [TASK_4] [INFO] Timestamp: 2026-07-01T14:48:17.374767
[2026-07-01 14:48:17] [TASK_4] [INFO] ============================================================
[2026-07-01 14:48:17] [TASK_4] [INFO] Input: data/news/matched/all_news_matched.csv (52807 rows)
[2026-07-01 14:48:17] [TASK_4] [INFO] ------------------------------------------------------------
[2026-07-01 14:48:17] [TASK_4] [INFO] END TASK_4 — completed in 0.0 seconds
[2026-07-01 14:48:17] [TASK_4] [INFO] ============================================================
[2026-07-01 14:49:20] [TASK_4] [INFO] ============================================================
[2026-07-01 14:49:20] [TASK_4] [INFO] START TASK_4: Text Preprocessing (clean, tokenize, deduplicate)
[2026-07-01 14:49:20] [TASK_4] [INFO] Timestamp: 2026-07-01T14:49:20.227926
[2026-07-01 14:49:20] [TASK_4] [INFO] ============================================================
[2026-07-01 14:49:20] [TASK_4] [INFO] Input: data/news/matched/all_news_matched.csv (52807 rows)
[2026-07-01 14:49:20] [TASK_4] [INFO] ------------------------------------------------------------
[2026-07-01 14:49:20] [TASK_4] [INFO] END TASK_4 — completed in 0.0 seconds
[2026-07-01 14:49:20] [TASK_4] [INFO] ============================================================
[2026-07-01 14:49:20] [TASK_4] [INFO] ============================================================
[2026-07-01 14:49:20] [TASK_4] [INFO] START TASK_4: Text Preprocessing (clean, tokenize, deduplicate)
[2026-07-01 14:49:20] [TASK_4] [INFO] Timestamp: 2026-07-01T14:49:20.933863
[2026-07-01 14:49:20] [TASK_4] [INFO] ============================================================
[2026-07-01 14:49:21] [TASK_4] [INFO] Input: data/news/matched/all_news_matched.csv (52807 rows)
[2026-07-01 14:49:21] [TASK_4] [INFO] ------------------------------------------------------------
[2026-07-01 14:49:21] [TASK_4] [INFO] END TASK_4 — completed in 0.0 seconds
[2026-07-01 14:49:21] [TASK_4] [INFO] ============================================================
[2026-07-01 16:08:33] [TASK_4] [INFO] ============================================================
[2026-07-01 16:08:33] [TASK_4] [INFO] START TASK_4: Text Preprocessing (clean, tokenize, deduplicate)
[2026-07-01 16:08:33] [TASK_4] [INFO] Timestamp: 2026-07-01T16:08:33.588300
[2026-07-01 16:08:33] [TASK_4] [INFO] ============================================================
[2026-07-01 16:08:33] [TASK_4] [INFO] Input: data/news/matched/all_news_matched.csv (52807 rows)
[2026-07-01 16:08:33] [TASK_4] [INFO] ------------------------------------------------------------
[2026-07-01 16:08:33] [TASK_4] [INFO] END TASK_4 — completed in 0.0 seconds
[2026-07-01 16:08:33] [TASK_4] [INFO] ============================================================
[2026-07-01 16:08:34] [TASK_4] [INFO] ============================================================
[2026-07-01 16:08:34] [TASK_4] [INFO] START TASK_4: Text Preprocessing (clean, tokenize, deduplicate)
[2026-07-01 16:08:34] [TASK_4] [INFO] Timestamp: 2026-07-01T16:08:34.338860
[2026-07-01 16:08:34] [TASK_4] [INFO] ============================================================
[2026-07-01 16:08:34] [TASK_4] [INFO] Input: data/news/matched/all_news_matched.csv (52807 rows)
[2026-07-01 16:08:34] [TASK_4] [INFO] ------------------------------------------------------------
[2026-07-01 16:08:34] [TASK_4] [INFO] END TASK_4 — completed in 0.0 seconds
[2026-07-01 16:08:34] [TASK_4] [INFO] ============================================================
[2026-07-01 16:09:51] [TASK_4] [INFO] ============================================================
[2026-07-01 16:09:51] [TASK_4] [INFO] START TASK_4: Text Preprocessing (clean, tokenize, deduplicate)
[2026-07-01 16:09:51] [TASK_4] [INFO] Timestamp: 2026-07-01T16:09:51.816570
[2026-07-01 16:09:51] [TASK_4] [INFO] ============================================================
[2026-07-01 16:09:51] [TASK_4] [INFO] Input: data/news/matched/all_news_matched.csv (52807 rows)
[2026-07-01 16:09:51] [TASK_4] [INFO] ------------------------------------------------------------
[2026-07-01 16:09:51] [TASK_4] [INFO] END TASK_4 — completed in 0.0 seconds
[2026-07-01 16:09:51] [TASK_4] [INFO] ============================================================
[2026-07-01 16:09:52] [TASK_4] [INFO] ============================================================
[2026-07-01 16:09:52] [TASK_4] [INFO] START TASK_4: Text Preprocessing (clean, tokenize, deduplicate)
[2026-07-01 16:09:52] [TASK_4] [INFO] Timestamp: 2026-07-01T16:09:52.476823
[2026-07-01 16:09:52] [TASK_4] [INFO] ============================================================
[2026-07-01 16:09:52] [TASK_4] [INFO] Input: data/news/matched/all_news_matched.csv (52807 rows)
[2026-07-01 16:09:52] [TASK_4] [INFO] ------------------------------------------------------------
[2026-07-01 16:09:52] [TASK_4] [INFO] END TASK_4 — completed in 0.0 seconds
[2026-07-01 16:09:52] [TASK_4] [INFO] ============================================================
[2026-07-01 17:19:10] [TASK_4] [INFO] ============================================================
[2026-07-01 17:19:10] [TASK_4] [INFO] START TASK_4: Text Preprocessing (clean, tokenize, deduplicate)
[2026-07-01 17:19:10] [TASK_4] [INFO] Timestamp: 2026-07-01T17:19:10.075252
[2026-07-01 17:19:10] [TASK_4] [INFO] ============================================================
[2026-07-01 17:19:10] [TASK_4] [INFO] Input: data/news/matched/all_news_matched.csv (52807 rows)
[2026-07-01 17:19:10] [TASK_4] [INFO] ------------------------------------------------------------
[2026-07-01 17:19:10] [TASK_4] [INFO] END TASK_4 — completed in 0.0 seconds
[2026-07-01 17:19:10] [TASK_4] [INFO] ============================================================
[2026-07-01 17:19:10] [TASK_4] [INFO] ============================================================
[2026-07-01 17:19:10] [TASK_4] [INFO] START TASK_4: Text Preprocessing (clean, tokenize, deduplicate)
[2026-07-01 17:19:10] [TASK_4] [INFO] Timestamp: 2026-07-01T17:19:10.786188
[2026-07-01 17:19:10] [TASK_4] [INFO] ============================================================
[2026-07-01 17:19:10] [TASK_4] [INFO] Input: data/news/matched/all_news_matched.csv (52807 rows)
[2026-07-01 17:19:10] [TASK_4] [INFO] ------------------------------------------------------------
[2026-07-01 17:19:10] [TASK_4] [INFO] END TASK_4 — completed in 0.0 seconds
[2026-07-01 17:19:10] [TASK_4] [INFO] ============================================================
[2026-07-01 17:31:10] [TASK_4] [INFO] ============================================================
[2026-07-01 17:31:10] [TASK_4] [INFO] START TASK_4: Text Preprocessing (clean, tokenize, deduplicate)
[2026-07-01 17:31:10] [TASK_4] [INFO] Timestamp: 2026-07-01T17:31:10.746764
[2026-07-01 17:31:10] [TASK_4] [INFO] ============================================================
[2026-07-01 17:31:10] [TASK_4] [INFO] Input: data/news/matched/all_news_matched.csv (52807 rows)
[2026-07-01 17:31:10] [TASK_4] [INFO] ------------------------------------------------------------
[2026-07-01 17:31:10] [TASK_4] [INFO] END TASK_4 — completed in 0.0 seconds
[2026-07-01 17:31:10] [TASK_4] [INFO] ============================================================
[2026-07-01 17:31:11] [TASK_4] [INFO] ============================================================
[2026-07-01 17:31:11] [TASK_4] [INFO] START TASK_4: Text Preprocessing (clean, tokenize, deduplicate)
[2026-07-01 17:31:11] [TASK_4] [INFO] Timestamp: 2026-07-01T17:31:11.554923
[2026-07-01 17:31:11] [TASK_4] [INFO] ============================================================
[2026-07-01 17:31:11] [TASK_4] [INFO] Input: data/news/matched/all_news_matched.csv (52807 rows)
[2026-07-01 17:31:11] [TASK_4] [INFO] ------------------------------------------------------------
[2026-07-01 17:31:11] [TASK_4] [INFO] END TASK_4 — completed in 0.0 seconds
[2026-07-01 17:31:11] [TASK_4] [INFO] ============================================================
[2026-07-01 17:34:04] [TASK_4] [INFO] ============================================================
[2026-07-01 17:34:04] [TASK_4] [INFO] START TASK_4: Text Preprocessing (clean, tokenize, deduplicate)
[2026-07-01 17:34:04] [TASK_4] [INFO] Timestamp: 2026-07-01T17:34:04.630514
[2026-07-01 17:34:04] [TASK_4] [INFO] ============================================================
[2026-07-01 17:34:04] [TASK_4] [INFO] Input: data/news/matched/all_news_matched.csv (52807 rows)
[2026-07-01 17:34:04] [TASK_4] [INFO] ------------------------------------------------------------
[2026-07-01 17:34:04] [TASK_4] [INFO] END TASK_4 — completed in 0.0 seconds
[2026-07-01 17:34:04] [TASK_4] [INFO] ============================================================
[2026-07-01 17:34:05] [TASK_4] [INFO] ============================================================
[2026-07-01 17:34:05] [TASK_4] [INFO] START TASK_4: Text Preprocessing (clean, tokenize, deduplicate)
[2026-07-01 17:34:05] [TASK_4] [INFO] Timestamp: 2026-07-01T17:34:05.442727
[2026-07-01 17:34:05] [TASK_4] [INFO] ============================================================
[2026-07-01 17:34:05] [TASK_4] [INFO] Input: data/news/matched/all_news_matched.csv (52807 rows)
[2026-07-01 17:34:05] [TASK_4] [INFO] ------------------------------------------------------------
[2026-07-01 17:34:05] [TASK_4] [INFO] END TASK_4 — completed in 0.0 seconds
[2026-07-01 17:34:05] [TASK_4] [INFO] ============================================================
[2026-07-01 17:36:36] [TASK_4] [INFO] ============================================================
[2026-07-01 17:36:36] [TASK_4] [INFO] START TASK_4: Text Preprocessing (clean, tokenize, deduplicate)
[2026-07-01 17:36:36] [TASK_4] [INFO] Timestamp: 2026-07-01T17:36:36.099691
[2026-07-01 17:36:36] [TASK_4] [INFO] ============================================================
[2026-07-01 17:36:36] [TASK_4] [INFO] Input: data/news/matched/all_news_matched.csv (52807 rows)
[2026-07-01 17:36:36] [TASK_4] [INFO] ------------------------------------------------------------
[2026-07-01 17:36:36] [TASK_4] [INFO] END TASK_4 — completed in 0.0 seconds
[2026-07-01 17:36:36] [TASK_4] [INFO] ============================================================
[2026-07-01 17:36:36] [TASK_4] [INFO] ============================================================
[2026-07-01 17:36:36] [TASK_4] [INFO] START TASK_4: Text Preprocessing (clean, tokenize, deduplicate)
[2026-07-01 17:36:36] [TASK_4] [INFO] Timestamp: 2026-07-01T17:36:36.818439
[2026-07-01 17:36:36] [TASK_4] [INFO] ============================================================
[2026-07-01 17:36:36] [TASK_4] [INFO] Input: data/news/matched/all_news_matched.csv (52807 rows)
[2026-07-01 17:36:36] [TASK_4] [INFO] ------------------------------------------------------------
[2026-07-01 17:36:36] [TASK_4] [INFO] END TASK_4 — completed in 0.0 seconds
[2026-07-01 17:36:36] [TASK_4] [INFO] ============================================================
[2026-07-01 17:41:17] [TASK_4] [INFO] ============================================================
[2026-07-01 17:41:17] [TASK_4] [INFO] START TASK_4: Text Preprocessing (clean, tokenize, deduplicate)
[2026-07-01 17:41:17] [TASK_4] [INFO] Timestamp: 2026-07-01T17:41:17.400794
[2026-07-01 17:41:17] [TASK_4] [INFO] ============================================================
[2026-07-01 17:41:17] [TASK_4] [INFO] Input: data/news/matched/all_news_matched.csv (52807 rows)
[2026-07-01 17:41:17] [TASK_4] [INFO] ------------------------------------------------------------
[2026-07-01 17:41:17] [TASK_4] [INFO] END TASK_4 — completed in 0.0 seconds
[2026-07-01 17:41:17] [TASK_4] [INFO] ============================================================
[2026-07-01 17:41:18] [TASK_4] [INFO] ============================================================
[2026-07-01 17:41:18] [TASK_4] [INFO] START TASK_4: Text Preprocessing (clean, tokenize, deduplicate)
[2026-07-01 17:41:18] [TASK_4] [INFO] Timestamp: 2026-07-01T17:41:18.124462
[2026-07-01 17:41:18] [TASK_4] [INFO] ============================================================
[2026-07-01 17:41:18] [TASK_4] [INFO] Input: data/news/matched/all_news_matched.csv (52807 rows)
[2026-07-01 17:41:18] [TASK_4] [INFO] ------------------------------------------------------------
[2026-07-01 17:41:18] [TASK_4] [INFO] END TASK_4 — completed in 0.0 seconds
[2026-07-01 17:41:18] [TASK_4] [INFO] ============================================================
