[2026-07-04 21:25:49] [TASK_7] [INFO] ============================================================
[2026-07-04 21:25:49] [TASK_7] [INFO] START TASK_7: Technical Feature Extraction (RSI, MACD, BB, SMA, EMA)
[2026-07-04 21:25:49] [TASK_7] [INFO] Timestamp: 2026-07-04T21:25:49.954163
[2026-07-04 21:25:49] [TASK_7] [INFO] ============================================================
[2026-07-04 21:25:49] [TASK_7] [INFO] Input: data/prices/all_vn30_prices.csv (93824 rows)
[2026-07-04 21:25:49] [TASK_7] [INFO] ------------------------------------------------------------
[2026-07-04 21:25:49] [TASK_7] [INFO] END TASK_7 — completed in 0.0 seconds
[2026-07-04 21:25:49] [TASK_7] [INFO] ============================================================
[2026-07-04 21:25:50] [TASK_7] [INFO] ============================================================
[2026-07-04 21:25:50] [TASK_7] [INFO] START TASK_7: Technical Feature Extraction (RSI, MACD, BB, SMA, EMA)
[2026-07-04 21:25:50] [TASK_7] [INFO] Timestamp: 2026-07-04T21:25:50.690156
[2026-07-04 21:25:50] [TASK_7] [INFO] ============================================================
[2026-07-04 21:25:50] [TASK_7] [INFO] Input: data/prices/all_vn30_prices.csv (93824 rows)
[2026-07-04 21:25:50] [TASK_7] [INFO] ------------------------------------------------------------
[2026-07-04 21:25:50] [TASK_7] [INFO] END TASK_7 — completed in 0.0 seconds
[2026-07-04 21:25:50] [TASK_7] [INFO] ============================================================
[2026-07-04 22:25:28] [TASK_7] [INFO] ============================================================
[2026-07-04 22:25:28] [TASK_7] [INFO] START TASK_7: Technical Feature Extraction (RSI, MACD, BB, SMA, EMA)
[2026-07-04 22:25:28] [TASK_7] [INFO] Timestamp: 2026-07-04T22:25:28.211835
[2026-07-04 22:25:28] [TASK_7] [INFO] ============================================================
[2026-07-04 22:25:28] [TASK_7] [INFO] Input: data/prices/all_vn30_prices.csv (93824 rows)
[2026-07-04 22:25:28] [TASK_7] [INFO] ------------------------------------------------------------
[2026-07-04 22:25:28] [TASK_7] [INFO] END TASK_7 — completed in 0.0 seconds
[2026-07-04 22:25:28] [TASK_7] [INFO] ============================================================
[2026-07-04 22:25:29] [TASK_7] [INFO] ============================================================
[2026-07-04 22:25:29] [TASK_7] [INFO] START TASK_7: Technical Feature Extraction (RSI, MACD, BB, SMA, EMA)
[2026-07-04 22:25:29] [TASK_7] [INFO] Timestamp: 2026-07-04T22:25:29.048755
[2026-07-04 22:25:29] [TASK_7] [INFO] ============================================================
[2026-07-04 22:25:29] [TASK_7] [INFO] Input: data/prices/all_vn30_prices.csv (93824 rows)
[2026-07-04 22:25:29] [TASK_7] [INFO] ------------------------------------------------------------
[2026-07-04 22:25:29] [TASK_7] [INFO] END TASK_7 — completed in 0.0 seconds
[2026-07-04 22:25:29] [TASK_7] [INFO] ============================================================
