[2026-06-28 08:06:14] [TASK_7] [INFO] ============================================================
[2026-06-28 08:06:14] [TASK_7] [INFO] START TASK_7: Technical Feature Extraction (RSI, MACD, BB, SMA, EMA)
[2026-06-28 08:06:14] [TASK_7] [INFO] Timestamp: 2026-06-28T08:06:14.216654
[2026-06-28 08:06:14] [TASK_7] [INFO] ============================================================
[2026-06-28 08:06:14] [TASK_7] [INFO] Input: data/prices/all_vn30_prices.csv (783 rows)
[2026-06-28 08:06:14] [TASK_7] [INFO] ------------------------------------------------------------
[2026-06-28 08:06:14] [TASK_7] [INFO] END TASK_7 — completed in 0.0 seconds
[2026-06-28 08:06:14] [TASK_7] [INFO] ============================================================
[2026-06-28 08:06:14] [TASK_7] [INFO] ============================================================
[2026-06-28 08:06:14] [TASK_7] [INFO] START TASK_7: Technical Feature Extraction (RSI, MACD, BB, SMA, EMA)
[2026-06-28 08:06:14] [TASK_7] [INFO] Timestamp: 2026-06-28T08:06:14.248683
[2026-06-28 08:06:14] [TASK_7] [INFO] ============================================================
[2026-06-28 08:06:14] [TASK_7] [INFO] Input: data/prices/all_vn30_prices.csv (783 rows)
[2026-06-28 08:06:14] [TASK_7] [INFO] ------------------------------------------------------------
[2026-06-28 08:06:14] [TASK_7] [INFO] END TASK_7 — completed in 0.0 seconds
[2026-06-28 08:06:14] [TASK_7] [INFO] ============================================================
[2026-06-28 08:32:41] [TASK_7] [INFO] ============================================================
[2026-06-28 08:32:41] [TASK_7] [INFO] START TASK_7: Technical Feature Extraction (RSI, MACD, BB, SMA, EMA)
[2026-06-28 08:32:41] [TASK_7] [INFO] Timestamp: 2026-06-28T08:32:41.727744
[2026-06-28 08:32:41] [TASK_7] [INFO] ============================================================
[2026-06-28 08:32:41] [TASK_7] [INFO] Input: data/prices/all_vn30_prices.csv (783 rows)
[2026-06-28 08:32:41] [TASK_7] [INFO] ------------------------------------------------------------
[2026-06-28 08:32:41] [TASK_7] [INFO] END TASK_7 — completed in 0.0 seconds
[2026-06-28 08:32:41] [TASK_7] [INFO] ============================================================
[2026-06-28 08:32:41] [TASK_7] [INFO] ============================================================
[2026-06-28 08:32:41] [TASK_7] [INFO] START TASK_7: Technical Feature Extraction (RSI, MACD, BB, SMA, EMA)
[2026-06-28 08:32:41] [TASK_7] [INFO] Timestamp: 2026-06-28T08:32:41.762036
[2026-06-28 08:32:41] [TASK_7] [INFO] ============================================================
[2026-06-28 08:32:41] [TASK_7] [INFO] Input: data/prices/all_vn30_prices.csv (783 rows)
[2026-06-28 08:32:41] [TASK_7] [INFO] ------------------------------------------------------------
[2026-06-28 08:32:41] [TASK_7] [INFO] END TASK_7 — completed in 0.0 seconds
[2026-06-28 08:32:41] [TASK_7] [INFO] ============================================================
[2026-06-28 08:33:51] [TASK_7] [INFO] ============================================================
[2026-06-28 08:33:51] [TASK_7] [INFO] START TASK_7: Technical Feature Extraction (RSI, MACD, BB, SMA, EMA)
[2026-06-28 08:33:51] [TASK_7] [INFO] Timestamp: 2026-06-28T08:33:51.406242
[2026-06-28 08:33:51] [TASK_7] [INFO] ============================================================
[2026-06-28 08:33:51] [TASK_7] [INFO] Input: data/prices/all_vn30_prices.csv (783 rows)
[2026-06-28 08:33:51] [TASK_7] [INFO] ------------------------------------------------------------
[2026-06-28 08:33:51] [TASK_7] [INFO] END TASK_7 — completed in 0.0 seconds
[2026-06-28 08:33:51] [TASK_7] [INFO] ============================================================
[2026-06-28 08:33:51] [TASK_7] [INFO] ============================================================
[2026-06-28 08:33:51] [TASK_7] [INFO] START TASK_7: Technical Feature Extraction (RSI, MACD, BB, SMA, EMA)
[2026-06-28 08:33:51] [TASK_7] [INFO] Timestamp: 2026-06-28T08:33:51.437194
[2026-06-28 08:33:51] [TASK_7] [INFO] ============================================================
[2026-06-28 08:33:51] [TASK_7] [INFO] Input: data/prices/all_vn30_prices.csv (783 rows)
[2026-06-28 08:33:51] [TASK_7] [INFO] ------------------------------------------------------------
[2026-06-28 08:33:51] [TASK_7] [INFO] END TASK_7 — completed in 0.0 seconds
[2026-06-28 08:33:51] [TASK_7] [INFO] ============================================================
[2026-06-28 08:52:31] [TASK_7] [INFO] ============================================================
[2026-06-28 08:52:31] [TASK_7] [INFO] START TASK_7: Technical Feature Extraction (RSI, MACD, BB, SMA, EMA)
[2026-06-28 08:52:31] [TASK_7] [INFO] Timestamp: 2026-06-28T08:52:31.081427
[2026-06-28 08:52:31] [TASK_7] [INFO] ============================================================
[2026-06-28 08:52:31] [TASK_7] [INFO] Input: data/prices/all_vn30_prices.csv (783 rows)
[2026-06-28 08:52:31] [TASK_7] [INFO] ------------------------------------------------------------
[2026-06-28 08:52:31] [TASK_7] [INFO] END TASK_7 — completed in 0.0 seconds
[2026-06-28 08:52:31] [TASK_7] [INFO] ============================================================
[2026-06-28 08:52:31] [TASK_7] [INFO] ============================================================
[2026-06-28 08:52:31] [TASK_7] [INFO] START TASK_7: Technical Feature Extraction (RSI, MACD, BB, SMA, EMA)
[2026-06-28 08:52:31] [TASK_7] [INFO] Timestamp: 2026-06-28T08:52:31.116069
[2026-06-28 08:52:31] [TASK_7] [INFO] ============================================================
[2026-06-28 08:52:31] [TASK_7] [INFO] Input: data/prices/all_vn30_prices.csv (783 rows)
[2026-06-28 08:52:31] [TASK_7] [INFO] ------------------------------------------------------------
[2026-06-28 08:52:31] [TASK_7] [INFO] END TASK_7 — completed in 0.0 seconds
[2026-06-28 08:52:31] [TASK_7] [INFO] ============================================================
[2026-06-28 08:53:02] [TASK_7] [INFO] ============================================================
[2026-06-28 08:53:02] [TASK_7] [INFO] START TASK_7: Technical Feature Extraction (RSI, MACD, BB, SMA, EMA)
[2026-06-28 08:53:02] [TASK_7] [INFO] Timestamp: 2026-06-28T08:53:02.389991
[2026-06-28 08:53:02] [TASK_7] [INFO] ============================================================
[2026-06-28 08:53:02] [TASK_7] [INFO] Input: data/prices/all_vn30_prices.csv (783 rows)
[2026-06-28 08:53:02] [TASK_7] [INFO] ------------------------------------------------------------
[2026-06-28 08:53:02] [TASK_7] [INFO] END TASK_7 — completed in 0.0 seconds
[2026-06-28 08:53:02] [TASK_7] [INFO] ============================================================
[2026-06-28 08:53:02] [TASK_7] [INFO] ============================================================
[2026-06-28 08:53:02] [TASK_7] [INFO] START TASK_7: Technical Feature Extraction (RSI, MACD, BB, SMA, EMA)
[2026-06-28 08:53:02] [TASK_7] [INFO] Timestamp: 2026-06-28T08:53:02.428253
[2026-06-28 08:53:02] [TASK_7] [INFO] ============================================================
[2026-06-28 08:53:02] [TASK_7] [INFO] Input: data/prices/all_vn30_prices.csv (783 rows)
[2026-06-28 08:53:02] [TASK_7] [INFO] ------------------------------------------------------------
[2026-06-28 08:53:02] [TASK_7] [INFO] END TASK_7 — completed in 0.0 seconds
[2026-06-28 08:53:02] [TASK_7] [INFO] ============================================================
[2026-06-28 09:19:51] [TASK_7] [INFO] ============================================================
[2026-06-28 09:19:51] [TASK_7] [INFO] START TASK_7: Technical Feature Extraction (RSI, MACD, BB, SMA, EMA)
[2026-06-28 09:19:51] [TASK_7] [INFO] Timestamp: 2026-06-28T09:19:51.504334
[2026-06-28 09:19:51] [TASK_7] [INFO] ============================================================
[2026-06-28 09:19:51] [TASK_7] [INFO] Input: data/prices/all_vn30_prices.csv (783 rows)
[2026-06-28 09:19:52] [TASK_7] [INFO] Starting Technical Feature Extraction (TASK 7)...
[2026-06-28 09:19:52] [TASK_7] [INFO] Loaded 783 daily price rows.
[2026-06-28 09:19:52] [TASK_7] [INFO] Computed 15 quarterly feature rows for 3 tickers.
[2026-06-28 09:19:52] [TASK_7] [INFO] Saved 15 rows to data/features/technical_features.csv
[2026-06-28 09:19:52] [TASK_7] [INFO] Computing correlation matrix...
[2026-06-28 09:19:52] [TASK_7] [WARNING] High correlation (0.998) between 'sma20_end' and 'ema20_end'
[2026-06-28 09:19:52] [TASK_7] [WARNING] High correlation (0.957) between 'price_vs_sma20' and 'rsi_end_q'
[2026-06-28 09:19:52] [TASK_7] [INFO] TASK 7 complete.
[2026-06-28 09:19:52] [TASK_7] [INFO] ------------------------------------------------------------
[2026-06-28 09:19:52] [TASK_7] [INFO] END TASK_7 — completed in 0.9 seconds
[2026-06-28 09:19:52] [TASK_7] [INFO] Output: data/features/technical_features.csv (15 rows)
[2026-06-28 09:19:52] [TASK_7] [INFO] ============================================================
[2026-06-28 09:29:58] [TASK_7] [INFO] ============================================================
[2026-06-28 09:29:58] [TASK_7] [INFO] START TASK_7: Technical Feature Extraction (RSI, MACD, BB, SMA, EMA)
[2026-06-28 09:29:58] [TASK_7] [INFO] Timestamp: 2026-06-28T09:29:58.348604
[2026-06-28 09:29:58] [TASK_7] [INFO] ============================================================
[2026-06-28 09:29:58] [TASK_7] [INFO] Input: data/prices/all_vn30_prices.csv (783 rows)
[2026-06-28 09:29:58] [TASK_7] [INFO] ------------------------------------------------------------
[2026-06-28 09:29:58] [TASK_7] [INFO] END TASK_7 — completed in 0.0 seconds
[2026-06-28 09:29:58] [TASK_7] [INFO] ============================================================
[2026-06-28 09:29:58] [TASK_7] [INFO] ============================================================
[2026-06-28 09:29:58] [TASK_7] [INFO] START TASK_7: Technical Feature Extraction (RSI, MACD, BB, SMA, EMA)
[2026-06-28 09:29:58] [TASK_7] [INFO] Timestamp: 2026-06-28T09:29:58.532214
[2026-06-28 09:29:58] [TASK_7] [INFO] ============================================================
[2026-06-28 09:29:58] [TASK_7] [INFO] Input: data/prices/all_vn30_prices.csv (783 rows)
[2026-06-28 09:29:58] [TASK_7] [INFO] ------------------------------------------------------------
[2026-06-28 09:29:58] [TASK_7] [INFO] END TASK_7 — completed in 0.0 seconds
[2026-06-28 09:29:58] [TASK_7] [INFO] ============================================================
[2026-06-28 10:35:15] [TASK_7] [INFO] ============================================================
[2026-06-28 10:35:15] [TASK_7] [INFO] START TASK_7: Technical Feature Extraction (RSI, MACD, BB, SMA, EMA)
[2026-06-28 10:35:15] [TASK_7] [INFO] Timestamp: 2026-06-28T10:35:15.374405
[2026-06-28 10:35:15] [TASK_7] [INFO] ============================================================
[2026-06-28 10:35:15] [TASK_7] [INFO] Input: data/prices/all_vn30_prices.csv (35160 rows)
[2026-06-28 10:35:19] [TASK_7] [INFO] Starting Technical Feature Extraction (TASK 7)...
[2026-06-28 10:35:19] [TASK_7] [INFO] Loaded 35160 daily price rows.
[2026-06-28 10:35:22] [TASK_7] [INFO] Computed 570 quarterly feature rows for 30 tickers.
[2026-06-28 10:35:22] [TASK_7] [INFO] Saved 570 rows to data/features/technical_features.csv
[2026-06-28 10:35:22] [TASK_7] [INFO] Computing correlation matrix...
[2026-06-28 10:35:22] [TASK_7] [WARNING] High correlation (0.977) between 'return_q' and 'return_mean_daily'
[2026-06-28 10:35:22] [TASK_7] [WARNING] High correlation (0.998) between 'return_std_daily' and 'volatility_q'
[2026-06-28 10:35:22] [TASK_7] [WARNING] High correlation (1.000) between 'sma20_end' and 'ema20_end'
[2026-06-28 10:35:22] [TASK_7] [INFO] TASK 7 complete.
[2026-06-28 10:35:22] [TASK_7] [INFO] ------------------------------------------------------------
[2026-06-28 10:35:22] [TASK_7] [INFO] END TASK_7 — completed in 7.4 seconds
[2026-06-28 10:35:22] [TASK_7] [INFO] Output: data/features/technical_features.csv (570 rows)
[2026-06-28 10:35:22] [TASK_7] [INFO] ============================================================
[2026-06-28 10:40:15] [TASK_7] [INFO] ============================================================
[2026-06-28 10:40:15] [TASK_7] [INFO] START TASK_7: Technical Feature Extraction (RSI, MACD, BB, SMA, EMA)
[2026-06-28 10:40:15] [TASK_7] [INFO] Timestamp: 2026-06-28T10:40:15.528662
[2026-06-28 10:40:15] [TASK_7] [INFO] ============================================================
[2026-06-28 10:40:15] [TASK_7] [INFO] Input: data/prices/all_vn30_prices.csv (35160 rows)
[2026-06-28 10:40:15] [TASK_7] [INFO] ------------------------------------------------------------
[2026-06-28 10:40:15] [TASK_7] [INFO] END TASK_7 — completed in 0.0 seconds
[2026-06-28 10:40:15] [TASK_7] [INFO] ============================================================
[2026-06-28 10:40:15] [TASK_7] [INFO] ============================================================
[2026-06-28 10:40:15] [TASK_7] [INFO] START TASK_7: Technical Feature Extraction (RSI, MACD, BB, SMA, EMA)
[2026-06-28 10:40:15] [TASK_7] [INFO] Timestamp: 2026-06-28T10:40:15.782986
[2026-06-28 10:40:15] [TASK_7] [INFO] ============================================================
[2026-06-28 10:40:15] [TASK_7] [INFO] Input: data/prices/all_vn30_prices.csv (35160 rows)
[2026-06-28 10:40:15] [TASK_7] [INFO] ------------------------------------------------------------
[2026-06-28 10:40:15] [TASK_7] [INFO] END TASK_7 — completed in 0.0 seconds
[2026-06-28 10:40:15] [TASK_7] [INFO] ============================================================
[2026-06-28 11:15:38] [TASK_7] [INFO] ============================================================
[2026-06-28 11:15:38] [TASK_7] [INFO] START TASK_7: Technical Feature Extraction (RSI, MACD, BB, SMA, EMA)
[2026-06-28 11:15:38] [TASK_7] [INFO] Timestamp: 2026-06-28T11:15:38.461961
[2026-06-28 11:15:38] [TASK_7] [INFO] ============================================================
[2026-06-28 11:15:38] [TASK_7] [INFO] Input: data/prices/all_vn30_prices.csv (35160 rows)
[2026-06-28 11:15:38] [TASK_7] [INFO] Starting Technical Feature Extraction (TASK 7)...
[2026-06-28 11:15:38] [TASK_7] [INFO] Loaded 35160 daily price rows.
[2026-06-28 11:15:41] [TASK_7] [INFO] Computed 570 quarterly feature rows for 30 tickers.
[2026-06-28 11:15:41] [TASK_7] [INFO] Saved 570 rows to data/features/technical_features.csv
[2026-06-28 11:15:41] [TASK_7] [INFO] Computing correlation matrix...
[2026-06-28 11:15:41] [TASK_7] [WARNING] High correlation (0.977) between 'return_q' and 'return_mean_daily'
[2026-06-28 11:15:41] [TASK_7] [WARNING] High correlation (0.998) between 'return_std_daily' and 'volatility_q'
[2026-06-28 11:15:41] [TASK_7] [WARNING] High correlation (1.000) between 'sma20_end' and 'ema20_end'
[2026-06-28 11:15:41] [TASK_7] [INFO] TASK 7 complete.
[2026-06-28 11:15:41] [TASK_7] [INFO] ------------------------------------------------------------
[2026-06-28 11:15:41] [TASK_7] [INFO] END TASK_7 — completed in 3.0 seconds
[2026-06-28 11:15:41] [TASK_7] [INFO] Output: data/features/technical_features.csv (570 rows)
[2026-06-28 11:15:41] [TASK_7] [INFO] ============================================================
[2026-06-28 13:55:28] [TASK_7] [INFO] ============================================================
[2026-06-28 13:55:28] [TASK_7] [INFO] START TASK_7: Technical Feature Extraction (RSI, MACD, BB, SMA, EMA)
[2026-06-28 13:55:28] [TASK_7] [INFO] Timestamp: 2026-06-28T13:55:28.958093
[2026-06-28 13:55:28] [TASK_7] [INFO] ============================================================
[2026-06-28 13:55:28] [TASK_7] [INFO] Input: data/prices/all_vn30_prices.csv (35160 rows)
[2026-06-28 13:55:29] [TASK_7] [INFO] Starting Technical Feature Extraction (TASK 7)...
[2026-06-28 13:55:29] [TASK_7] [INFO] Loaded 35160 daily price rows.
[2026-06-28 13:55:32] [TASK_7] [INFO] Computed 570 quarterly feature rows for 30 tickers.
[2026-06-28 13:55:32] [TASK_7] [INFO] Saved 570 rows to data/features/technical_features.csv
[2026-06-28 13:55:32] [TASK_7] [INFO] Computing correlation matrix...
[2026-06-28 13:55:32] [TASK_7] [WARNING] High correlation (0.977) between 'return_q' and 'return_mean_daily'
[2026-06-28 13:55:32] [TASK_7] [WARNING] High correlation (0.998) between 'return_std_daily' and 'volatility_q'
[2026-06-28 13:55:32] [TASK_7] [WARNING] High correlation (1.000) between 'sma20_end' and 'ema20_end'
[2026-06-28 13:55:32] [TASK_7] [INFO] TASK 7 complete.
[2026-06-28 13:55:32] [TASK_7] [INFO] ------------------------------------------------------------
[2026-06-28 13:55:32] [TASK_7] [INFO] END TASK_7 — completed in 3.2 seconds
[2026-06-28 13:55:32] [TASK_7] [INFO] Output: data/features/technical_features.csv (570 rows)
[2026-06-28 13:55:32] [TASK_7] [INFO] ============================================================
[2026-06-28 14:04:24] [TASK_7] [INFO] ============================================================
[2026-06-28 14:04:24] [TASK_7] [INFO] START TASK_7: Technical Feature Extraction (RSI, MACD, BB, SMA, EMA)
[2026-06-28 14:04:24] [TASK_7] [INFO] Timestamp: 2026-06-28T14:04:24.146677
[2026-06-28 14:04:24] [TASK_7] [INFO] ============================================================
[2026-06-28 14:04:24] [TASK_7] [INFO] Input: data/prices/all_vn30_prices.csv (35160 rows)
[2026-06-28 14:04:24] [TASK_7] [INFO] ------------------------------------------------------------
[2026-06-28 14:04:24] [TASK_7] [INFO] END TASK_7 — completed in 0.0 seconds
[2026-06-28 14:04:24] [TASK_7] [INFO] ============================================================
[2026-06-28 14:04:24] [TASK_7] [INFO] ============================================================
[2026-06-28 14:04:24] [TASK_7] [INFO] START TASK_7: Technical Feature Extraction (RSI, MACD, BB, SMA, EMA)
[2026-06-28 14:04:24] [TASK_7] [INFO] Timestamp: 2026-06-28T14:04:24.412966
[2026-06-28 14:04:24] [TASK_7] [INFO] ============================================================
[2026-06-28 14:04:24] [TASK_7] [INFO] Input: data/prices/all_vn30_prices.csv (35160 rows)
[2026-06-28 14:04:24] [TASK_7] [INFO] ------------------------------------------------------------
[2026-06-28 14:04:24] [TASK_7] [INFO] END TASK_7 — completed in 0.0 seconds
[2026-06-28 14:04:24] [TASK_7] [INFO] ============================================================
[2026-06-28 14:56:24] [TASK_7] [INFO] ============================================================
[2026-06-28 14:56:24] [TASK_7] [INFO] START TASK_7: Technical Feature Extraction (RSI, MACD, BB, SMA, EMA)
[2026-06-28 14:56:24] [TASK_7] [INFO] Timestamp: 2026-06-28T14:56:24.881928
[2026-06-28 14:56:24] [TASK_7] [INFO] ============================================================
[2026-06-28 14:56:24] [TASK_7] [INFO] Input: data/prices/all_vn30_prices.csv (35160 rows)
[2026-06-28 14:56:28] [TASK_7] [INFO] Starting Technical Feature Extraction (TASK 7)...
[2026-06-28 14:56:28] [TASK_7] [INFO] Loaded 35160 daily price rows.
[2026-06-28 14:56:31] [TASK_7] [INFO] Computed 570 quarterly feature rows for 30 tickers.
[2026-06-28 14:56:31] [TASK_7] [INFO] Saved 570 rows to data/features/technical_features.csv
[2026-06-28 14:56:31] [TASK_7] [INFO] Computing correlation matrix...
[2026-06-28 14:56:31] [TASK_7] [WARNING] High correlation (0.977) between 'return_q' and 'return_mean_daily'
[2026-06-28 14:56:31] [TASK_7] [WARNING] High correlation (0.998) between 'return_std_daily' and 'volatility_q'
[2026-06-28 14:56:31] [TASK_7] [WARNING] High correlation (1.000) between 'sma20_end' and 'ema20_end'
[2026-06-28 14:56:31] [TASK_7] [INFO] TASK 7 complete.
[2026-06-28 14:56:31] [TASK_7] [INFO] ------------------------------------------------------------
[2026-06-28 14:56:31] [TASK_7] [INFO] END TASK_7 — completed in 6.9 seconds
[2026-06-28 14:56:31] [TASK_7] [INFO] Output: data/features/technical_features.csv (570 rows)
[2026-06-28 14:56:31] [TASK_7] [INFO] ============================================================
[2026-06-28 15:02:39] [TASK_7] [INFO] ============================================================
[2026-06-28 15:02:39] [TASK_7] [INFO] START TASK_7: Technical Feature Extraction (RSI, MACD, BB, SMA, EMA)
[2026-06-28 15:02:39] [TASK_7] [INFO] Timestamp: 2026-06-28T15:02:39.397063
[2026-06-28 15:02:39] [TASK_7] [INFO] ============================================================
[2026-06-28 15:02:39] [TASK_7] [INFO] Input: data/prices/all_vn30_prices.csv (35160 rows)
[2026-06-28 15:02:39] [TASK_7] [INFO] ------------------------------------------------------------
[2026-06-28 15:02:39] [TASK_7] [INFO] END TASK_7 — completed in 0.0 seconds
[2026-06-28 15:02:39] [TASK_7] [INFO] ============================================================
[2026-06-28 15:02:39] [TASK_7] [INFO] ============================================================
[2026-06-28 15:02:39] [TASK_7] [INFO] START TASK_7: Technical Feature Extraction (RSI, MACD, BB, SMA, EMA)
[2026-06-28 15:02:39] [TASK_7] [INFO] Timestamp: 2026-06-28T15:02:39.712754
[2026-06-28 15:02:39] [TASK_7] [INFO] ============================================================
[2026-06-28 15:02:39] [TASK_7] [INFO] Input: data/prices/all_vn30_prices.csv (35160 rows)
[2026-06-28 15:02:39] [TASK_7] [INFO] ------------------------------------------------------------
[2026-06-28 15:02:39] [TASK_7] [INFO] END TASK_7 — completed in 0.0 seconds
[2026-06-28 15:02:39] [TASK_7] [INFO] ============================================================
[2026-06-28 16:03:59] [TASK_7] [INFO] ============================================================
[2026-06-28 16:03:59] [TASK_7] [INFO] START TASK_7: Technical Feature Extraction (RSI, MACD, BB, SMA, EMA)
[2026-06-28 16:03:59] [TASK_7] [INFO] Timestamp: 2026-06-28T16:03:59.057082
[2026-06-28 16:03:59] [TASK_7] [INFO] ============================================================
[2026-06-28 16:03:59] [TASK_7] [INFO] Input: data/prices/all_vn30_prices.csv (35160 rows)
[2026-06-28 16:03:59] [TASK_7] [INFO] Starting Technical Feature Extraction (TASK 7)...
[2026-06-28 16:03:59] [TASK_7] [INFO] Loaded 35160 daily price rows.
[2026-06-28 16:04:01] [TASK_7] [INFO] Computed 570 quarterly feature rows for 30 tickers.
[2026-06-28 16:04:01] [TASK_7] [INFO] Saved 570 rows to data/features/technical_features.csv
[2026-06-28 16:04:01] [TASK_7] [INFO] Computing correlation matrix...
[2026-06-28 16:04:01] [TASK_7] [WARNING] High correlation (0.977) between 'return_q' and 'return_mean_daily'
[2026-06-28 16:04:01] [TASK_7] [WARNING] High correlation (0.998) between 'return_std_daily' and 'volatility_q'
[2026-06-28 16:04:01] [TASK_7] [WARNING] High correlation (1.000) between 'sma20_end' and 'ema20_end'
[2026-06-28 16:04:01] [TASK_7] [INFO] TASK 7 complete.
[2026-06-28 16:04:01] [TASK_7] [INFO] ------------------------------------------------------------
[2026-06-28 16:04:01] [TASK_7] [INFO] END TASK_7 — completed in 2.6 seconds
[2026-06-28 16:04:01] [TASK_7] [INFO] Output: data/features/technical_features.csv (570 rows)
[2026-06-28 16:04:01] [TASK_7] [INFO] ============================================================
[2026-06-28 16:14:38] [TASK_7] [INFO] ============================================================
[2026-06-28 16:14:38] [TASK_7] [INFO] START TASK_7: Technical Feature Extraction (RSI, MACD, BB, SMA, EMA)
[2026-06-28 16:14:38] [TASK_7] [INFO] Timestamp: 2026-06-28T16:14:38.982391
[2026-06-28 16:14:38] [TASK_7] [INFO] ============================================================
[2026-06-28 16:14:38] [TASK_7] [INFO] Input: data/prices/all_vn30_prices.csv (35160 rows)
[2026-06-28 16:14:38] [TASK_7] [INFO] ------------------------------------------------------------
[2026-06-28 16:14:38] [TASK_7] [INFO] END TASK_7 — completed in 0.0 seconds
[2026-06-28 16:14:38] [TASK_7] [INFO] ============================================================
[2026-06-28 16:14:39] [TASK_7] [INFO] ============================================================
[2026-06-28 16:14:39] [TASK_7] [INFO] START TASK_7: Technical Feature Extraction (RSI, MACD, BB, SMA, EMA)
[2026-06-28 16:14:39] [TASK_7] [INFO] Timestamp: 2026-06-28T16:14:39.299544
[2026-06-28 16:14:39] [TASK_7] [INFO] ============================================================
[2026-06-28 16:14:39] [TASK_7] [INFO] Input: data/prices/all_vn30_prices.csv (35160 rows)
[2026-06-28 16:14:39] [TASK_7] [INFO] ------------------------------------------------------------
[2026-06-28 16:14:39] [TASK_7] [INFO] END TASK_7 — completed in 0.0 seconds
[2026-06-28 16:14:39] [TASK_7] [INFO] ============================================================
[2026-06-28 21:28:45] [TASK_7] [INFO] ============================================================
[2026-06-28 21:28:45] [TASK_7] [INFO] START TASK_7: Technical Feature Extraction (RSI, MACD, BB, SMA, EMA)
[2026-06-28 21:28:45] [TASK_7] [INFO] Timestamp: 2026-06-28T21:28:45.856016
[2026-06-28 21:28:45] [TASK_7] [INFO] ============================================================
[2026-06-28 21:28:45] [TASK_7] [INFO] Input: data/prices/all_vn30_prices.csv (35160 rows)
[2026-06-28 21:28:46] [TASK_7] [INFO] Starting Technical Feature Extraction (TASK 7)...
[2026-06-28 21:28:46] [TASK_7] [INFO] Loaded 35160 daily price rows.
[2026-06-28 21:28:48] [TASK_7] [INFO] Computed 570 quarterly feature rows for 30 tickers.
[2026-06-28 21:28:48] [TASK_7] [INFO] Saved 570 rows to data/features/technical_features.csv
[2026-06-28 21:28:48] [TASK_7] [INFO] Computing correlation matrix...
[2026-06-28 21:28:48] [TASK_7] [WARNING] High correlation (0.977) between 'return_q' and 'return_mean_daily'
[2026-06-28 21:28:48] [TASK_7] [WARNING] High correlation (0.998) between 'return_std_daily' and 'volatility_q'
[2026-06-28 21:28:48] [TASK_7] [WARNING] High correlation (1.000) between 'sma20_end' and 'ema20_end'
[2026-06-28 21:28:48] [TASK_7] [INFO] TASK 7 complete.
[2026-06-28 21:28:48] [TASK_7] [INFO] ------------------------------------------------------------
[2026-06-28 21:28:48] [TASK_7] [INFO] END TASK_7 — completed in 2.4 seconds
[2026-06-28 21:28:48] [TASK_7] [INFO] Output: data/features/technical_features.csv (570 rows)
[2026-06-28 21:28:48] [TASK_7] [INFO] ============================================================
[2026-06-28 21:34:28] [TASK_7] [INFO] ============================================================
[2026-06-28 21:34:28] [TASK_7] [INFO] START TASK_7: Technical Feature Extraction (RSI, MACD, BB, SMA, EMA)
[2026-06-28 21:34:28] [TASK_7] [INFO] Timestamp: 2026-06-28T21:34:28.168540
[2026-06-28 21:34:28] [TASK_7] [INFO] ============================================================
[2026-06-28 21:34:28] [TASK_7] [INFO] Input: data/prices/all_vn30_prices.csv (35160 rows)
[2026-06-28 21:34:28] [TASK_7] [INFO] ------------------------------------------------------------
[2026-06-28 21:34:28] [TASK_7] [INFO] END TASK_7 — completed in 0.0 seconds
[2026-06-28 21:34:28] [TASK_7] [INFO] ============================================================
[2026-06-28 21:34:28] [TASK_7] [INFO] ============================================================
[2026-06-28 21:34:28] [TASK_7] [INFO] START TASK_7: Technical Feature Extraction (RSI, MACD, BB, SMA, EMA)
[2026-06-28 21:34:28] [TASK_7] [INFO] Timestamp: 2026-06-28T21:34:28.758962
[2026-06-28 21:34:28] [TASK_7] [INFO] ============================================================
[2026-06-28 21:34:28] [TASK_7] [INFO] Input: data/prices/all_vn30_prices.csv (35160 rows)
[2026-06-28 21:34:28] [TASK_7] [INFO] ------------------------------------------------------------
[2026-06-28 21:34:28] [TASK_7] [INFO] END TASK_7 — completed in 0.0 seconds
[2026-06-28 21:34:28] [TASK_7] [INFO] ============================================================
[2026-06-28 22:03:53] [TASK_7] [INFO] ============================================================
[2026-06-28 22:03:53] [TASK_7] [INFO] START TASK_7: Technical Feature Extraction (RSI, MACD, BB, SMA, EMA)
[2026-06-28 22:03:53] [TASK_7] [INFO] Timestamp: 2026-06-28T22:03:53.187879
[2026-06-28 22:03:53] [TASK_7] [INFO] ============================================================
[2026-06-28 22:03:53] [TASK_7] [INFO] Input: data/prices/all_vn30_prices.csv (35160 rows)
[2026-06-28 22:03:53] [TASK_7] [INFO] ------------------------------------------------------------
[2026-06-28 22:03:53] [TASK_7] [INFO] END TASK_7 — completed in 0.0 seconds
[2026-06-28 22:03:53] [TASK_7] [INFO] ============================================================
[2026-06-28 22:03:53] [TASK_7] [INFO] ============================================================
[2026-06-28 22:03:53] [TASK_7] [INFO] START TASK_7: Technical Feature Extraction (RSI, MACD, BB, SMA, EMA)
[2026-06-28 22:03:53] [TASK_7] [INFO] Timestamp: 2026-06-28T22:03:53.561822
[2026-06-28 22:03:53] [TASK_7] [INFO] ============================================================
[2026-06-28 22:03:53] [TASK_7] [INFO] Input: data/prices/all_vn30_prices.csv (35160 rows)
[2026-06-28 22:03:53] [TASK_7] [INFO] ------------------------------------------------------------
[2026-06-28 22:03:53] [TASK_7] [INFO] END TASK_7 — completed in 0.0 seconds
[2026-06-28 22:03:53] [TASK_7] [INFO] ============================================================
[2026-06-28 22:04:16] [TASK_7] [INFO] ============================================================
[2026-06-28 22:04:16] [TASK_7] [INFO] START TASK_7: Technical Feature Extraction (RSI, MACD, BB, SMA, EMA)
[2026-06-28 22:04:16] [TASK_7] [INFO] Timestamp: 2026-06-28T22:04:16.862326
[2026-06-28 22:04:16] [TASK_7] [INFO] ============================================================
[2026-06-28 22:04:16] [TASK_7] [INFO] Input: data/prices/all_vn30_prices.csv (35160 rows)
[2026-06-28 22:04:16] [TASK_7] [INFO] ------------------------------------------------------------
[2026-06-28 22:04:16] [TASK_7] [INFO] END TASK_7 — completed in 0.0 seconds
[2026-06-28 22:04:16] [TASK_7] [INFO] ============================================================
[2026-06-28 22:04:17] [TASK_7] [INFO] ============================================================
[2026-06-28 22:04:17] [TASK_7] [INFO] START TASK_7: Technical Feature Extraction (RSI, MACD, BB, SMA, EMA)
[2026-06-28 22:04:17] [TASK_7] [INFO] Timestamp: 2026-06-28T22:04:17.244770
[2026-06-28 22:04:17] [TASK_7] [INFO] ============================================================
[2026-06-28 22:04:17] [TASK_7] [INFO] Input: data/prices/all_vn30_prices.csv (35160 rows)
[2026-06-28 22:04:17] [TASK_7] [INFO] ------------------------------------------------------------
[2026-06-28 22:04:17] [TASK_7] [INFO] END TASK_7 — completed in 0.0 seconds
[2026-06-28 22:04:17] [TASK_7] [INFO] ============================================================
