[2026-07-05 07:07:35] [TASK_3] [INFO] ============================================================
[2026-07-05 07:07:35] [TASK_3] [INFO] START TASK_3: Entity Matching (articles → tickers)
[2026-07-05 07:07:35] [TASK_3] [INFO] Timestamp: 2026-07-05T07:07:35.495697
[2026-07-05 07:07:35] [TASK_3] [INFO] ============================================================
[2026-07-05 07:07:35] [TASK_3] [INFO] Input: data/news/tnck/tnck_raw.csv (1446 rows)
[2026-07-05 07:07:35] [TASK_3] [INFO] Input: data/news/vietnambiz/vietnambiz_raw.csv (3598 rows)
[2026-07-05 07:07:35] [TASK_3] [INFO] Input: data/news/vnexpress/vnexpress_raw.csv (1762 rows)
[2026-07-05 07:07:35] [TASK_3] [INFO] Input: data/news/kinhtechungkhoan/kinhtechungkhoan_raw.csv (8513 rows)
[2026-07-05 07:07:35] [TASK_3] [INFO] ------------------------------------------------------------
[2026-07-05 07:07:35] [TASK_3] [INFO] END TASK_3 — completed in 0.0 seconds
[2026-07-05 07:07:35] [TASK_3] [INFO] ============================================================
[2026-07-05 07:07:36] [TASK_3] [INFO] ============================================================
[2026-07-05 07:07:36] [TASK_3] [INFO] START TASK_3: Entity Matching (articles → tickers)
[2026-07-05 07:07:36] [TASK_3] [INFO] Timestamp: 2026-07-05T07:07:36.699396
[2026-07-05 07:07:36] [TASK_3] [INFO] ============================================================
[2026-07-05 07:07:36] [TASK_3] [INFO] Input: data/news/tnck/tnck_raw.csv (1446 rows)
[2026-07-05 07:07:36] [TASK_3] [INFO] Input: data/news/vietnambiz/vietnambiz_raw.csv (3598 rows)
[2026-07-05 07:07:36] [TASK_3] [INFO] Input: data/news/vnexpress/vnexpress_raw.csv (1762 rows)
[2026-07-05 07:07:36] [TASK_3] [INFO] Input: data/news/kinhtechungkhoan/kinhtechungkhoan_raw.csv (8513 rows)
[2026-07-05 07:07:36] [TASK_3] [INFO] ------------------------------------------------------------
[2026-07-05 07:07:36] [TASK_3] [INFO] END TASK_3 — completed in 0.0 seconds
[2026-07-05 07:07:36] [TASK_3] [INFO] ============================================================
[2026-07-05 15:16:50] [TASK_3] [INFO] ============================================================
[2026-07-05 15:16:50] [TASK_3] [INFO] START TASK_3: Entity Matching (articles → tickers)
[2026-07-05 15:16:50] [TASK_3] [INFO] Timestamp: 2026-07-05T15:16:50.631702
[2026-07-05 15:16:50] [TASK_3] [INFO] ============================================================
[2026-07-05 15:16:50] [TASK_3] [INFO] Input: data/news/tnck/tnck_raw.csv (1446 rows)
[2026-07-05 15:16:50] [TASK_3] [INFO] Input: data/news/vietnambiz/vietnambiz_raw.csv (3598 rows)
[2026-07-05 15:16:50] [TASK_3] [INFO] Input: data/news/vnexpress/vnexpress_raw.csv (1762 rows)
[2026-07-05 15:16:50] [TASK_3] [INFO] Input: data/news/kinhtechungkhoan/kinhtechungkhoan_raw.csv (8513 rows)
[2026-07-05 15:16:50] [TASK_3] [INFO] ------------------------------------------------------------
[2026-07-05 15:16:50] [TASK_3] [INFO] END TASK_3 — completed in 0.0 seconds
[2026-07-05 15:16:50] [TASK_3] [INFO] ============================================================
[2026-07-05 15:16:52] [TASK_3] [INFO] ============================================================
[2026-07-05 15:16:52] [TASK_3] [INFO] START TASK_3: Entity Matching (articles → tickers)
[2026-07-05 15:16:52] [TASK_3] [INFO] Timestamp: 2026-07-05T15:16:52.646857
[2026-07-05 15:16:52] [TASK_3] [INFO] ============================================================
[2026-07-05 15:16:52] [TASK_3] [INFO] Input: data/news/tnck/tnck_raw.csv (1446 rows)
[2026-07-05 15:16:52] [TASK_3] [INFO] Input: data/news/vietnambiz/vietnambiz_raw.csv (3598 rows)
[2026-07-05 15:16:52] [TASK_3] [INFO] Input: data/news/vnexpress/vnexpress_raw.csv (1762 rows)
[2026-07-05 15:16:52] [TASK_3] [INFO] Input: data/news/kinhtechungkhoan/kinhtechungkhoan_raw.csv (8513 rows)
[2026-07-05 15:16:52] [TASK_3] [INFO] ------------------------------------------------------------
[2026-07-05 15:16:52] [TASK_3] [INFO] END TASK_3 — completed in 0.0 seconds
[2026-07-05 15:16:52] [TASK_3] [INFO] ============================================================
