[2026-07-01 09:02:13] [TASK_9] [INFO] ============================================================
[2026-07-01 09:02:13] [TASK_9] [INFO] START TASK_9: Keyword Feature Extraction (TF-IDF, sentiment scores)
[2026-07-01 09:02:13] [TASK_9] [INFO] Timestamp: 2026-07-01T09:02:13.674737
[2026-07-01 09:02:13] [TASK_9] [INFO] ============================================================
[2026-07-01 09:02:13] [TASK_9] [INFO] Input: data/aggregated/news_by_quarter.csv (1450 rows)
[2026-07-01 09:02:13] [TASK_9] [INFO] ------------------------------------------------------------
[2026-07-01 09:02:13] [TASK_9] [INFO] END TASK_9 — completed in 0.0 seconds
[2026-07-01 09:02:13] [TASK_9] [INFO] ============================================================
[2026-07-01 09:02:14] [TASK_9] [INFO] ============================================================
[2026-07-01 09:02:14] [TASK_9] [INFO] START TASK_9: Keyword Feature Extraction (TF-IDF, sentiment scores)
[2026-07-01 09:02:14] [TASK_9] [INFO] Timestamp: 2026-07-01T09:02:14.465837
[2026-07-01 09:02:14] [TASK_9] [INFO] ============================================================
[2026-07-01 09:02:14] [TASK_9] [INFO] Input: data/aggregated/news_by_quarter.csv (1450 rows)
[2026-07-01 09:02:14] [TASK_9] [INFO] ------------------------------------------------------------
[2026-07-01 09:02:14] [TASK_9] [INFO] END TASK_9 — completed in 0.0 seconds
[2026-07-01 09:02:14] [TASK_9] [INFO] ============================================================
[2026-07-01 09:02:53] [TASK_9] [INFO] ============================================================
[2026-07-01 09:02:53] [TASK_9] [INFO] START TASK_9: Keyword Feature Extraction (TF-IDF, sentiment scores)
[2026-07-01 09:02:53] [TASK_9] [INFO] Timestamp: 2026-07-01T09:02:53.443788
[2026-07-01 09:02:53] [TASK_9] [INFO] ============================================================
[2026-07-01 09:02:53] [TASK_9] [INFO] Input: data/aggregated/news_by_quarter.csv (1450 rows)
[2026-07-01 09:02:53] [TASK_9] [INFO] ------------------------------------------------------------
[2026-07-01 09:02:53] [TASK_9] [INFO] END TASK_9 — completed in 0.0 seconds
[2026-07-01 09:02:53] [TASK_9] [INFO] ============================================================
[2026-07-01 09:02:54] [TASK_9] [INFO] ============================================================
[2026-07-01 09:02:54] [TASK_9] [INFO] START TASK_9: Keyword Feature Extraction (TF-IDF, sentiment scores)
[2026-07-01 09:02:54] [TASK_9] [INFO] Timestamp: 2026-07-01T09:02:54.197918
[2026-07-01 09:02:54] [TASK_9] [INFO] ============================================================
[2026-07-01 09:02:54] [TASK_9] [INFO] Input: data/aggregated/news_by_quarter.csv (1450 rows)
[2026-07-01 09:02:54] [TASK_9] [INFO] ------------------------------------------------------------
[2026-07-01 09:02:54] [TASK_9] [INFO] END TASK_9 — completed in 0.0 seconds
[2026-07-01 09:02:54] [TASK_9] [INFO] ============================================================
[2026-07-01 09:53:45] [TASK_9] [INFO] ============================================================
[2026-07-01 09:53:45] [TASK_9] [INFO] START TASK_9: Keyword Feature Extraction (TF-IDF, sentiment scores)
[2026-07-01 09:53:45] [TASK_9] [INFO] Timestamp: 2026-07-01T09:53:45.642276
[2026-07-01 09:53:45] [TASK_9] [INFO] ============================================================
[2026-07-01 09:53:45] [TASK_9] [INFO] Input: data/aggregated/news_by_quarter.csv (1450 rows)
[2026-07-01 09:53:45] [TASK_9] [INFO] ------------------------------------------------------------
[2026-07-01 09:53:45] [TASK_9] [INFO] END TASK_9 — completed in 0.0 seconds
[2026-07-01 09:53:45] [TASK_9] [INFO] ============================================================
[2026-07-01 09:53:46] [TASK_9] [INFO] ============================================================
[2026-07-01 09:53:46] [TASK_9] [INFO] START TASK_9: Keyword Feature Extraction (TF-IDF, sentiment scores)
[2026-07-01 09:53:46] [TASK_9] [INFO] Timestamp: 2026-07-01T09:53:46.488318
[2026-07-01 09:53:46] [TASK_9] [INFO] ============================================================
[2026-07-01 09:53:46] [TASK_9] [INFO] Input: data/aggregated/news_by_quarter.csv (1450 rows)
[2026-07-01 09:53:46] [TASK_9] [INFO] ------------------------------------------------------------
[2026-07-01 09:53:46] [TASK_9] [INFO] END TASK_9 — completed in 0.0 seconds
[2026-07-01 09:53:46] [TASK_9] [INFO] ============================================================
[2026-07-01 09:55:11] [TASK_9] [INFO] ============================================================
[2026-07-01 09:55:11] [TASK_9] [INFO] START TASK_9: Keyword Feature Extraction (TF-IDF, sentiment scores)
[2026-07-01 09:55:11] [TASK_9] [INFO] Timestamp: 2026-07-01T09:55:11.998431
[2026-07-01 09:55:11] [TASK_9] [INFO] ============================================================
[2026-07-01 09:55:12] [TASK_9] [INFO] Input: data/aggregated/news_by_quarter.csv (1450 rows)
[2026-07-01 09:55:12] [TASK_9] [INFO] ------------------------------------------------------------
[2026-07-01 09:55:12] [TASK_9] [INFO] END TASK_9 — completed in 0.0 seconds
[2026-07-01 09:55:12] [TASK_9] [INFO] ============================================================
[2026-07-01 09:55:12] [TASK_9] [INFO] ============================================================
[2026-07-01 09:55:12] [TASK_9] [INFO] START TASK_9: Keyword Feature Extraction (TF-IDF, sentiment scores)
[2026-07-01 09:55:12] [TASK_9] [INFO] Timestamp: 2026-07-01T09:55:12.967468
[2026-07-01 09:55:12] [TASK_9] [INFO] ============================================================
[2026-07-01 09:55:13] [TASK_9] [INFO] Input: data/aggregated/news_by_quarter.csv (1450 rows)
[2026-07-01 09:55:13] [TASK_9] [INFO] ------------------------------------------------------------
[2026-07-01 09:55:13] [TASK_9] [INFO] END TASK_9 — completed in 0.0 seconds
[2026-07-01 09:55:13] [TASK_9] [INFO] ============================================================
[2026-07-01 10:36:05] [TASK_9] [INFO] ============================================================
[2026-07-01 10:36:05] [TASK_9] [INFO] START TASK_9: Keyword Feature Extraction (TF-IDF, sentiment scores)
[2026-07-01 10:36:05] [TASK_9] [INFO] Timestamp: 2026-07-01T10:36:05.915496
[2026-07-01 10:36:05] [TASK_9] [INFO] ============================================================
[2026-07-01 10:36:05] [TASK_9] [INFO] Input: data/aggregated/news_by_quarter.csv (1450 rows)
[2026-07-01 10:36:05] [TASK_9] [INFO] ------------------------------------------------------------
[2026-07-01 10:36:05] [TASK_9] [INFO] END TASK_9 — completed in 0.0 seconds
[2026-07-01 10:36:05] [TASK_9] [INFO] ============================================================
[2026-07-01 10:36:06] [TASK_9] [INFO] ============================================================
[2026-07-01 10:36:06] [TASK_9] [INFO] START TASK_9: Keyword Feature Extraction (TF-IDF, sentiment scores)
[2026-07-01 10:36:06] [TASK_9] [INFO] Timestamp: 2026-07-01T10:36:06.702703
[2026-07-01 10:36:06] [TASK_9] [INFO] ============================================================
[2026-07-01 10:36:06] [TASK_9] [INFO] Input: data/aggregated/news_by_quarter.csv (1450 rows)
[2026-07-01 10:36:06] [TASK_9] [INFO] ------------------------------------------------------------
[2026-07-01 10:36:06] [TASK_9] [INFO] END TASK_9 — completed in 0.0 seconds
[2026-07-01 10:36:06] [TASK_9] [INFO] ============================================================
[2026-07-01 10:42:22] [TASK_9] [INFO] ============================================================
[2026-07-01 10:42:22] [TASK_9] [INFO] START TASK_9: Keyword Feature Extraction (TF-IDF, sentiment scores)
[2026-07-01 10:42:22] [TASK_9] [INFO] Timestamp: 2026-07-01T10:42:22.693881
[2026-07-01 10:42:22] [TASK_9] [INFO] ============================================================
[2026-07-01 10:42:22] [TASK_9] [INFO] Input: data/aggregated/news_by_quarter.csv (1450 rows)
[2026-07-01 10:42:22] [TASK_9] [INFO] ------------------------------------------------------------
[2026-07-01 10:42:22] [TASK_9] [INFO] END TASK_9 — completed in 0.0 seconds
[2026-07-01 10:42:22] [TASK_9] [INFO] ============================================================
[2026-07-01 10:42:23] [TASK_9] [INFO] ============================================================
[2026-07-01 10:42:23] [TASK_9] [INFO] START TASK_9: Keyword Feature Extraction (TF-IDF, sentiment scores)
[2026-07-01 10:42:23] [TASK_9] [INFO] Timestamp: 2026-07-01T10:42:23.470570
[2026-07-01 10:42:23] [TASK_9] [INFO] ============================================================
[2026-07-01 10:42:23] [TASK_9] [INFO] Input: data/aggregated/news_by_quarter.csv (1450 rows)
[2026-07-01 10:42:23] [TASK_9] [INFO] ------------------------------------------------------------
[2026-07-01 10:42:23] [TASK_9] [INFO] END TASK_9 — completed in 0.0 seconds
[2026-07-01 10:42:23] [TASK_9] [INFO] ============================================================
[2026-07-01 10:54:24] [TASK_9] [INFO] ============================================================
[2026-07-01 10:54:24] [TASK_9] [INFO] START TASK_9: Keyword Feature Extraction (TF-IDF, sentiment scores)
[2026-07-01 10:54:24] [TASK_9] [INFO] Timestamp: 2026-07-01T10:54:24.900988
[2026-07-01 10:54:24] [TASK_9] [INFO] ============================================================
[2026-07-01 10:54:24] [TASK_9] [INFO] Input: data/aggregated/news_by_quarter.csv (1450 rows)
[2026-07-01 10:54:24] [TASK_9] [INFO] ------------------------------------------------------------
[2026-07-01 10:54:24] [TASK_9] [INFO] END TASK_9 — completed in 0.0 seconds
[2026-07-01 10:54:24] [TASK_9] [INFO] ============================================================
[2026-07-01 10:54:25] [TASK_9] [INFO] ============================================================
[2026-07-01 10:54:25] [TASK_9] [INFO] START TASK_9: Keyword Feature Extraction (TF-IDF, sentiment scores)
[2026-07-01 10:54:25] [TASK_9] [INFO] Timestamp: 2026-07-01T10:54:25.645336
[2026-07-01 10:54:25] [TASK_9] [INFO] ============================================================
[2026-07-01 10:54:25] [TASK_9] [INFO] Input: data/aggregated/news_by_quarter.csv (1450 rows)
[2026-07-01 10:54:25] [TASK_9] [INFO] ------------------------------------------------------------
[2026-07-01 10:54:25] [TASK_9] [INFO] END TASK_9 — completed in 0.0 seconds
[2026-07-01 10:54:25] [TASK_9] [INFO] ============================================================
[2026-07-01 11:35:25] [TASK_9] [INFO] ============================================================
[2026-07-01 11:35:25] [TASK_9] [INFO] START TASK_9: Keyword Feature Extraction (TF-IDF, sentiment scores)
[2026-07-01 11:35:25] [TASK_9] [INFO] Timestamp: 2026-07-01T11:35:25.503870
[2026-07-01 11:35:25] [TASK_9] [INFO] ============================================================
[2026-07-01 11:35:25] [TASK_9] [INFO] Input: data/aggregated/news_by_quarter.csv (1450 rows)
[2026-07-01 11:35:25] [TASK_9] [INFO] ------------------------------------------------------------
[2026-07-01 11:35:25] [TASK_9] [INFO] END TASK_9 — completed in 0.0 seconds
[2026-07-01 11:35:25] [TASK_9] [INFO] ============================================================
[2026-07-01 11:35:26] [TASK_9] [INFO] ============================================================
[2026-07-01 11:35:26] [TASK_9] [INFO] START TASK_9: Keyword Feature Extraction (TF-IDF, sentiment scores)
[2026-07-01 11:35:26] [TASK_9] [INFO] Timestamp: 2026-07-01T11:35:26.242013
[2026-07-01 11:35:26] [TASK_9] [INFO] ============================================================
[2026-07-01 11:35:26] [TASK_9] [INFO] Input: data/aggregated/news_by_quarter.csv (1450 rows)
[2026-07-01 11:35:26] [TASK_9] [INFO] ------------------------------------------------------------
[2026-07-01 11:35:26] [TASK_9] [INFO] END TASK_9 — completed in 0.0 seconds
[2026-07-01 11:35:26] [TASK_9] [INFO] ============================================================
[2026-07-01 11:36:12] [TASK_9] [INFO] ============================================================
[2026-07-01 11:36:12] [TASK_9] [INFO] START TASK_9: Keyword Feature Extraction (TF-IDF, sentiment scores)
[2026-07-01 11:36:12] [TASK_9] [INFO] Timestamp: 2026-07-01T11:36:12.362946
[2026-07-01 11:36:12] [TASK_9] [INFO] ============================================================
[2026-07-01 11:36:12] [TASK_9] [INFO] Input: data/aggregated/news_by_quarter.csv (1450 rows)
[2026-07-01 11:36:12] [TASK_9] [INFO] ------------------------------------------------------------
[2026-07-01 11:36:12] [TASK_9] [INFO] END TASK_9 — completed in 0.0 seconds
[2026-07-01 11:36:12] [TASK_9] [INFO] ============================================================
[2026-07-01 11:36:13] [TASK_9] [INFO] ============================================================
[2026-07-01 11:36:13] [TASK_9] [INFO] START TASK_9: Keyword Feature Extraction (TF-IDF, sentiment scores)
[2026-07-01 11:36:13] [TASK_9] [INFO] Timestamp: 2026-07-01T11:36:13.038184
[2026-07-01 11:36:13] [TASK_9] [INFO] ============================================================
[2026-07-01 11:36:13] [TASK_9] [INFO] Input: data/aggregated/news_by_quarter.csv (1450 rows)
[2026-07-01 11:36:13] [TASK_9] [INFO] ------------------------------------------------------------
[2026-07-01 11:36:13] [TASK_9] [INFO] END TASK_9 — completed in 0.0 seconds
[2026-07-01 11:36:13] [TASK_9] [INFO] ============================================================
[2026-07-01 11:37:05] [TASK_9] [INFO] ============================================================
[2026-07-01 11:37:05] [TASK_9] [INFO] START TASK_9: Keyword Feature Extraction (TF-IDF, sentiment scores)
[2026-07-01 11:37:05] [TASK_9] [INFO] Timestamp: 2026-07-01T11:37:05.651156
[2026-07-01 11:37:05] [TASK_9] [INFO] ============================================================
[2026-07-01 11:37:05] [TASK_9] [INFO] Input: data/aggregated/news_by_quarter.csv (1450 rows)
[2026-07-01 11:37:05] [TASK_9] [INFO] ------------------------------------------------------------
[2026-07-01 11:37:05] [TASK_9] [INFO] END TASK_9 — completed in 0.0 seconds
[2026-07-01 11:37:05] [TASK_9] [INFO] ============================================================
[2026-07-01 11:37:06] [TASK_9] [INFO] ============================================================
[2026-07-01 11:37:06] [TASK_9] [INFO] START TASK_9: Keyword Feature Extraction (TF-IDF, sentiment scores)
[2026-07-01 11:37:06] [TASK_9] [INFO] Timestamp: 2026-07-01T11:37:06.338718
[2026-07-01 11:37:06] [TASK_9] [INFO] ============================================================
[2026-07-01 11:37:06] [TASK_9] [INFO] Input: data/aggregated/news_by_quarter.csv (1450 rows)
[2026-07-01 11:37:06] [TASK_9] [INFO] ------------------------------------------------------------
[2026-07-01 11:37:06] [TASK_9] [INFO] END TASK_9 — completed in 0.0 seconds
[2026-07-01 11:37:06] [TASK_9] [INFO] ============================================================
[2026-07-01 11:39:55] [TASK_9] [INFO] ============================================================
[2026-07-01 11:39:55] [TASK_9] [INFO] START TASK_9: Keyword Feature Extraction (TF-IDF, sentiment scores)
[2026-07-01 11:39:55] [TASK_9] [INFO] Timestamp: 2026-07-01T11:39:55.656505
[2026-07-01 11:39:55] [TASK_9] [INFO] ============================================================
[2026-07-01 11:39:55] [TASK_9] [INFO] Input: data/aggregated/news_by_quarter.csv (1450 rows)
[2026-07-01 11:39:55] [TASK_9] [INFO] ------------------------------------------------------------
[2026-07-01 11:39:55] [TASK_9] [INFO] END TASK_9 — completed in 0.0 seconds
[2026-07-01 11:39:55] [TASK_9] [INFO] ============================================================
[2026-07-01 11:39:56] [TASK_9] [INFO] ============================================================
[2026-07-01 11:39:56] [TASK_9] [INFO] START TASK_9: Keyword Feature Extraction (TF-IDF, sentiment scores)
[2026-07-01 11:39:56] [TASK_9] [INFO] Timestamp: 2026-07-01T11:39:56.338163
[2026-07-01 11:39:56] [TASK_9] [INFO] ============================================================
[2026-07-01 11:39:56] [TASK_9] [INFO] Input: data/aggregated/news_by_quarter.csv (1450 rows)
[2026-07-01 11:39:56] [TASK_9] [INFO] ------------------------------------------------------------
[2026-07-01 11:39:56] [TASK_9] [INFO] END TASK_9 — completed in 0.0 seconds
[2026-07-01 11:39:56] [TASK_9] [INFO] ============================================================
[2026-07-01 11:40:42] [TASK_9] [INFO] ============================================================
[2026-07-01 11:40:42] [TASK_9] [INFO] START TASK_9: Keyword Feature Extraction (TF-IDF, sentiment scores)
[2026-07-01 11:40:42] [TASK_9] [INFO] Timestamp: 2026-07-01T11:40:42.457976
[2026-07-01 11:40:42] [TASK_9] [INFO] ============================================================
[2026-07-01 11:40:42] [TASK_9] [INFO] Input: data/aggregated/news_by_quarter.csv (1450 rows)
[2026-07-01 11:40:42] [TASK_9] [INFO] ------------------------------------------------------------
[2026-07-01 11:40:42] [TASK_9] [INFO] END TASK_9 — completed in 0.0 seconds
[2026-07-01 11:40:42] [TASK_9] [INFO] ============================================================
[2026-07-01 11:40:43] [TASK_9] [INFO] ============================================================
[2026-07-01 11:40:43] [TASK_9] [INFO] START TASK_9: Keyword Feature Extraction (TF-IDF, sentiment scores)
[2026-07-01 11:40:43] [TASK_9] [INFO] Timestamp: 2026-07-01T11:40:43.171038
[2026-07-01 11:40:43] [TASK_9] [INFO] ============================================================
[2026-07-01 11:40:43] [TASK_9] [INFO] Input: data/aggregated/news_by_quarter.csv (1450 rows)
[2026-07-01 11:40:43] [TASK_9] [INFO] ------------------------------------------------------------
[2026-07-01 11:40:43] [TASK_9] [INFO] END TASK_9 — completed in 0.0 seconds
[2026-07-01 11:40:43] [TASK_9] [INFO] ============================================================
[2026-07-01 12:37:24] [TASK_9] [INFO] ============================================================
[2026-07-01 12:37:24] [TASK_9] [INFO] START TASK_9: Keyword Feature Extraction (TF-IDF, sentiment scores)
[2026-07-01 12:37:24] [TASK_9] [INFO] Timestamp: 2026-07-01T12:37:24.848238
[2026-07-01 12:37:24] [TASK_9] [INFO] ============================================================
[2026-07-01 12:37:24] [TASK_9] [INFO] Input: data/aggregated/news_by_quarter.csv (1450 rows)
[2026-07-01 12:37:24] [TASK_9] [INFO] ------------------------------------------------------------
[2026-07-01 12:37:24] [TASK_9] [INFO] END TASK_9 — completed in 0.0 seconds
[2026-07-01 12:37:24] [TASK_9] [INFO] ============================================================
[2026-07-01 12:37:25] [TASK_9] [INFO] ============================================================
[2026-07-01 12:37:25] [TASK_9] [INFO] START TASK_9: Keyword Feature Extraction (TF-IDF, sentiment scores)
[2026-07-01 12:37:25] [TASK_9] [INFO] Timestamp: 2026-07-01T12:37:25.574104
[2026-07-01 12:37:25] [TASK_9] [INFO] ============================================================
[2026-07-01 12:37:25] [TASK_9] [INFO] Input: data/aggregated/news_by_quarter.csv (1450 rows)
[2026-07-01 12:37:25] [TASK_9] [INFO] ------------------------------------------------------------
[2026-07-01 12:37:25] [TASK_9] [INFO] END TASK_9 — completed in 0.0 seconds
[2026-07-01 12:37:25] [TASK_9] [INFO] ============================================================
[2026-07-01 12:38:24] [TASK_9] [INFO] ============================================================
[2026-07-01 12:38:24] [TASK_9] [INFO] START TASK_9: Keyword Feature Extraction (TF-IDF, sentiment scores)
[2026-07-01 12:38:24] [TASK_9] [INFO] Timestamp: 2026-07-01T12:38:24.733615
[2026-07-01 12:38:24] [TASK_9] [INFO] ============================================================
[2026-07-01 12:38:24] [TASK_9] [INFO] Input: data/aggregated/news_by_quarter.csv (1450 rows)
[2026-07-01 12:38:24] [TASK_9] [INFO] ------------------------------------------------------------
[2026-07-01 12:38:24] [TASK_9] [INFO] END TASK_9 — completed in 0.0 seconds
[2026-07-01 12:38:24] [TASK_9] [INFO] ============================================================
[2026-07-01 12:38:25] [TASK_9] [INFO] ============================================================
[2026-07-01 12:38:25] [TASK_9] [INFO] START TASK_9: Keyword Feature Extraction (TF-IDF, sentiment scores)
[2026-07-01 12:38:25] [TASK_9] [INFO] Timestamp: 2026-07-01T12:38:25.451750
[2026-07-01 12:38:25] [TASK_9] [INFO] ============================================================
[2026-07-01 12:38:25] [TASK_9] [INFO] Input: data/aggregated/news_by_quarter.csv (1450 rows)
[2026-07-01 12:38:25] [TASK_9] [INFO] ------------------------------------------------------------
[2026-07-01 12:38:25] [TASK_9] [INFO] END TASK_9 — completed in 0.0 seconds
[2026-07-01 12:38:25] [TASK_9] [INFO] ============================================================
[2026-07-01 13:03:34] [TASK_9] [INFO] ============================================================
[2026-07-01 13:03:34] [TASK_9] [INFO] START TASK_9: Keyword Feature Extraction (TF-IDF, sentiment scores)
[2026-07-01 13:03:34] [TASK_9] [INFO] Timestamp: 2026-07-01T13:03:34.679148
[2026-07-01 13:03:34] [TASK_9] [INFO] ============================================================
[2026-07-01 13:03:34] [TASK_9] [INFO] Input: data/aggregated/news_by_quarter.csv (1450 rows)
[2026-07-01 13:03:34] [TASK_9] [INFO] ------------------------------------------------------------
[2026-07-01 13:03:34] [TASK_9] [INFO] END TASK_9 — completed in 0.0 seconds
[2026-07-01 13:03:34] [TASK_9] [INFO] ============================================================
[2026-07-01 13:03:35] [TASK_9] [INFO] ============================================================
[2026-07-01 13:03:35] [TASK_9] [INFO] START TASK_9: Keyword Feature Extraction (TF-IDF, sentiment scores)
[2026-07-01 13:03:35] [TASK_9] [INFO] Timestamp: 2026-07-01T13:03:35.612691
[2026-07-01 13:03:35] [TASK_9] [INFO] ============================================================
[2026-07-01 13:03:35] [TASK_9] [INFO] Input: data/aggregated/news_by_quarter.csv (1450 rows)
[2026-07-01 13:03:35] [TASK_9] [INFO] ------------------------------------------------------------
[2026-07-01 13:03:35] [TASK_9] [INFO] END TASK_9 — completed in 0.0 seconds
[2026-07-01 13:03:35] [TASK_9] [INFO] ============================================================
[2026-07-01 13:04:36] [TASK_9] [INFO] ============================================================
[2026-07-01 13:04:36] [TASK_9] [INFO] START TASK_9: Keyword Feature Extraction (TF-IDF, sentiment scores)
[2026-07-01 13:04:36] [TASK_9] [INFO] Timestamp: 2026-07-01T13:04:36.747885
[2026-07-01 13:04:36] [TASK_9] [INFO] ============================================================
[2026-07-01 13:04:36] [TASK_9] [INFO] Input: data/aggregated/news_by_quarter.csv (1450 rows)
[2026-07-01 13:04:36] [TASK_9] [INFO] ------------------------------------------------------------
[2026-07-01 13:04:36] [TASK_9] [INFO] END TASK_9 — completed in 0.0 seconds
[2026-07-01 13:04:36] [TASK_9] [INFO] ============================================================
[2026-07-01 13:04:37] [TASK_9] [INFO] ============================================================
[2026-07-01 13:04:37] [TASK_9] [INFO] START TASK_9: Keyword Feature Extraction (TF-IDF, sentiment scores)
[2026-07-01 13:04:37] [TASK_9] [INFO] Timestamp: 2026-07-01T13:04:37.525508
[2026-07-01 13:04:37] [TASK_9] [INFO] ============================================================
[2026-07-01 13:04:37] [TASK_9] [INFO] Input: data/aggregated/news_by_quarter.csv (1450 rows)
[2026-07-01 13:04:37] [TASK_9] [INFO] ------------------------------------------------------------
[2026-07-01 13:04:37] [TASK_9] [INFO] END TASK_9 — completed in 0.0 seconds
[2026-07-01 13:04:37] [TASK_9] [INFO] ============================================================
[2026-07-01 13:27:02] [TASK_9] [INFO] ============================================================
[2026-07-01 13:27:02] [TASK_9] [INFO] START TASK_9: Keyword Feature Extraction (TF-IDF, sentiment scores)
[2026-07-01 13:27:02] [TASK_9] [INFO] Timestamp: 2026-07-01T13:27:02.749008
[2026-07-01 13:27:02] [TASK_9] [INFO] ============================================================
[2026-07-01 13:27:02] [TASK_9] [INFO] Input: data/aggregated/news_by_quarter.csv (1450 rows)
[2026-07-01 13:27:02] [TASK_9] [INFO] ------------------------------------------------------------
[2026-07-01 13:27:02] [TASK_9] [INFO] END TASK_9 — completed in 0.0 seconds
[2026-07-01 13:27:02] [TASK_9] [INFO] ============================================================
[2026-07-01 13:27:04] [TASK_9] [INFO] ============================================================
[2026-07-01 13:27:04] [TASK_9] [INFO] START TASK_9: Keyword Feature Extraction (TF-IDF, sentiment scores)
[2026-07-01 13:27:04] [TASK_9] [INFO] Timestamp: 2026-07-01T13:27:04.178929
[2026-07-01 13:27:04] [TASK_9] [INFO] ============================================================
[2026-07-01 13:27:04] [TASK_9] [INFO] Input: data/aggregated/news_by_quarter.csv (1450 rows)
[2026-07-01 13:27:04] [TASK_9] [INFO] ------------------------------------------------------------
[2026-07-01 13:27:04] [TASK_9] [INFO] END TASK_9 — completed in 0.0 seconds
[2026-07-01 13:27:04] [TASK_9] [INFO] ============================================================
[2026-07-01 13:29:43] [TASK_9] [INFO] ============================================================
[2026-07-01 13:29:43] [TASK_9] [INFO] START TASK_9: Keyword Feature Extraction (TF-IDF, sentiment scores)
[2026-07-01 13:29:43] [TASK_9] [INFO] Timestamp: 2026-07-01T13:29:43.911092
[2026-07-01 13:29:43] [TASK_9] [INFO] ============================================================
[2026-07-01 13:29:44] [TASK_9] [INFO] Input: data/aggregated/news_by_quarter.csv (1450 rows)
[2026-07-01 13:29:44] [TASK_9] [INFO] ------------------------------------------------------------
[2026-07-01 13:29:44] [TASK_9] [INFO] END TASK_9 — completed in 0.0 seconds
[2026-07-01 13:29:44] [TASK_9] [INFO] ============================================================
[2026-07-01 13:29:45] [TASK_9] [INFO] ============================================================
[2026-07-01 13:29:45] [TASK_9] [INFO] START TASK_9: Keyword Feature Extraction (TF-IDF, sentiment scores)
[2026-07-01 13:29:45] [TASK_9] [INFO] Timestamp: 2026-07-01T13:29:45.709715
[2026-07-01 13:29:45] [TASK_9] [INFO] ============================================================
[2026-07-01 13:29:45] [TASK_9] [INFO] Input: data/aggregated/news_by_quarter.csv (1450 rows)
[2026-07-01 13:29:45] [TASK_9] [INFO] ------------------------------------------------------------
[2026-07-01 13:29:45] [TASK_9] [INFO] END TASK_9 — completed in 0.0 seconds
[2026-07-01 13:29:45] [TASK_9] [INFO] ============================================================
[2026-07-01 13:41:04] [TASK_9] [INFO] ============================================================
[2026-07-01 13:41:04] [TASK_9] [INFO] START TASK_9: Keyword Feature Extraction (TF-IDF, sentiment scores)
[2026-07-01 13:41:04] [TASK_9] [INFO] Timestamp: 2026-07-01T13:41:04.601813
[2026-07-01 13:41:04] [TASK_9] [INFO] ============================================================
[2026-07-01 13:41:04] [TASK_9] [INFO] Input: data/aggregated/news_by_quarter.csv (1450 rows)
[2026-07-01 13:41:04] [TASK_9] [INFO] ------------------------------------------------------------
[2026-07-01 13:41:04] [TASK_9] [INFO] END TASK_9 — completed in 0.0 seconds
[2026-07-01 13:41:04] [TASK_9] [INFO] ============================================================
[2026-07-01 13:41:05] [TASK_9] [INFO] ============================================================
[2026-07-01 13:41:05] [TASK_9] [INFO] START TASK_9: Keyword Feature Extraction (TF-IDF, sentiment scores)
[2026-07-01 13:41:05] [TASK_9] [INFO] Timestamp: 2026-07-01T13:41:05.347407
[2026-07-01 13:41:05] [TASK_9] [INFO] ============================================================
[2026-07-01 13:41:05] [TASK_9] [INFO] Input: data/aggregated/news_by_quarter.csv (1450 rows)
[2026-07-01 13:41:05] [TASK_9] [INFO] ------------------------------------------------------------
[2026-07-01 13:41:05] [TASK_9] [INFO] END TASK_9 — completed in 0.0 seconds
[2026-07-01 13:41:05] [TASK_9] [INFO] ============================================================
[2026-07-01 14:01:53] [TASK_9] [INFO] ============================================================
[2026-07-01 14:01:53] [TASK_9] [INFO] START TASK_9: Keyword Feature Extraction (TF-IDF, sentiment scores)
[2026-07-01 14:01:53] [TASK_9] [INFO] Timestamp: 2026-07-01T14:01:53.973451
[2026-07-01 14:01:53] [TASK_9] [INFO] ============================================================
[2026-07-01 14:01:54] [TASK_9] [INFO] Input: data/aggregated/news_by_quarter.csv (1450 rows)
[2026-07-01 14:01:54] [TASK_9] [INFO] ------------------------------------------------------------
[2026-07-01 14:01:54] [TASK_9] [INFO] END TASK_9 — completed in 0.0 seconds
[2026-07-01 14:01:54] [TASK_9] [INFO] ============================================================
[2026-07-01 14:01:54] [TASK_9] [INFO] ============================================================
[2026-07-01 14:01:54] [TASK_9] [INFO] START TASK_9: Keyword Feature Extraction (TF-IDF, sentiment scores)
[2026-07-01 14:01:54] [TASK_9] [INFO] Timestamp: 2026-07-01T14:01:54.700570
[2026-07-01 14:01:54] [TASK_9] [INFO] ============================================================
[2026-07-01 14:01:54] [TASK_9] [INFO] Input: data/aggregated/news_by_quarter.csv (1450 rows)
[2026-07-01 14:01:54] [TASK_9] [INFO] ------------------------------------------------------------
[2026-07-01 14:01:54] [TASK_9] [INFO] END TASK_9 — completed in 0.0 seconds
[2026-07-01 14:01:54] [TASK_9] [INFO] ============================================================
[2026-07-01 14:03:13] [TASK_9] [INFO] ============================================================
[2026-07-01 14:03:13] [TASK_9] [INFO] START TASK_9: Keyword Feature Extraction (TF-IDF, sentiment scores)
[2026-07-01 14:03:13] [TASK_9] [INFO] Timestamp: 2026-07-01T14:03:13.729522
[2026-07-01 14:03:13] [TASK_9] [INFO] ============================================================
[2026-07-01 14:03:13] [TASK_9] [INFO] Input: data/aggregated/news_by_quarter.csv (1450 rows)
[2026-07-01 14:03:13] [TASK_9] [INFO] ------------------------------------------------------------
[2026-07-01 14:03:13] [TASK_9] [INFO] END TASK_9 — completed in 0.0 seconds
[2026-07-01 14:03:13] [TASK_9] [INFO] ============================================================
[2026-07-01 14:03:14] [TASK_9] [INFO] ============================================================
[2026-07-01 14:03:14] [TASK_9] [INFO] START TASK_9: Keyword Feature Extraction (TF-IDF, sentiment scores)
[2026-07-01 14:03:14] [TASK_9] [INFO] Timestamp: 2026-07-01T14:03:14.544588
[2026-07-01 14:03:14] [TASK_9] [INFO] ============================================================
[2026-07-01 14:03:14] [TASK_9] [INFO] Input: data/aggregated/news_by_quarter.csv (1450 rows)
[2026-07-01 14:03:14] [TASK_9] [INFO] ------------------------------------------------------------
[2026-07-01 14:03:14] [TASK_9] [INFO] END TASK_9 — completed in 0.0 seconds
[2026-07-01 14:03:14] [TASK_9] [INFO] ============================================================
[2026-07-01 14:05:38] [TASK_9] [INFO] ============================================================
[2026-07-01 14:05:38] [TASK_9] [INFO] START TASK_9: Keyword Feature Extraction (TF-IDF, sentiment scores)
[2026-07-01 14:05:38] [TASK_9] [INFO] Timestamp: 2026-07-01T14:05:38.956960
[2026-07-01 14:05:38] [TASK_9] [INFO] ============================================================
[2026-07-01 14:05:39] [TASK_9] [INFO] Input: data/aggregated/news_by_quarter.csv (1450 rows)
[2026-07-01 14:05:39] [TASK_9] [INFO] ------------------------------------------------------------
[2026-07-01 14:05:39] [TASK_9] [INFO] END TASK_9 — completed in 0.0 seconds
[2026-07-01 14:05:39] [TASK_9] [INFO] ============================================================
[2026-07-01 14:05:39] [TASK_9] [INFO] ============================================================
[2026-07-01 14:05:39] [TASK_9] [INFO] START TASK_9: Keyword Feature Extraction (TF-IDF, sentiment scores)
[2026-07-01 14:05:39] [TASK_9] [INFO] Timestamp: 2026-07-01T14:05:39.675814
[2026-07-01 14:05:39] [TASK_9] [INFO] ============================================================
[2026-07-01 14:05:39] [TASK_9] [INFO] Input: data/aggregated/news_by_quarter.csv (1450 rows)
[2026-07-01 14:05:39] [TASK_9] [INFO] ------------------------------------------------------------
[2026-07-01 14:05:39] [TASK_9] [INFO] END TASK_9 — completed in 0.0 seconds
[2026-07-01 14:05:39] [TASK_9] [INFO] ============================================================
[2026-07-01 14:07:28] [TASK_9] [INFO] ============================================================
[2026-07-01 14:07:28] [TASK_9] [INFO] START TASK_9: Keyword Feature Extraction (TF-IDF, sentiment scores)
[2026-07-01 14:07:28] [TASK_9] [INFO] Timestamp: 2026-07-01T14:07:28.753452
[2026-07-01 14:07:28] [TASK_9] [INFO] ============================================================
[2026-07-01 14:07:28] [TASK_9] [INFO] Input: data/aggregated/news_by_quarter.csv (1450 rows)
[2026-07-01 14:07:28] [TASK_9] [INFO] ------------------------------------------------------------
[2026-07-01 14:07:28] [TASK_9] [INFO] END TASK_9 — completed in 0.0 seconds
[2026-07-01 14:07:28] [TASK_9] [INFO] ============================================================
[2026-07-01 14:07:29] [TASK_9] [INFO] ============================================================
[2026-07-01 14:07:29] [TASK_9] [INFO] START TASK_9: Keyword Feature Extraction (TF-IDF, sentiment scores)
[2026-07-01 14:07:29] [TASK_9] [INFO] Timestamp: 2026-07-01T14:07:29.473860
[2026-07-01 14:07:29] [TASK_9] [INFO] ============================================================
[2026-07-01 14:07:29] [TASK_9] [INFO] Input: data/aggregated/news_by_quarter.csv (1450 rows)
[2026-07-01 14:07:29] [TASK_9] [INFO] ------------------------------------------------------------
[2026-07-01 14:07:29] [TASK_9] [INFO] END TASK_9 — completed in 0.0 seconds
[2026-07-01 14:07:29] [TASK_9] [INFO] ============================================================
[2026-07-01 14:08:43] [TASK_9] [INFO] ============================================================
[2026-07-01 14:08:43] [TASK_9] [INFO] START TASK_9: Keyword Feature Extraction (TF-IDF, sentiment scores)
[2026-07-01 14:08:43] [TASK_9] [INFO] Timestamp: 2026-07-01T14:08:43.018554
[2026-07-01 14:08:43] [TASK_9] [INFO] ============================================================
[2026-07-01 14:08:43] [TASK_9] [INFO] Input: data/aggregated/news_by_quarter.csv (1450 rows)
[2026-07-01 14:08:43] [TASK_9] [INFO] ------------------------------------------------------------
[2026-07-01 14:08:43] [TASK_9] [INFO] END TASK_9 — completed in 0.0 seconds
[2026-07-01 14:08:43] [TASK_9] [INFO] ============================================================
[2026-07-01 14:08:43] [TASK_9] [INFO] ============================================================
[2026-07-01 14:08:43] [TASK_9] [INFO] START TASK_9: Keyword Feature Extraction (TF-IDF, sentiment scores)
[2026-07-01 14:08:43] [TASK_9] [INFO] Timestamp: 2026-07-01T14:08:43.956863
[2026-07-01 14:08:43] [TASK_9] [INFO] ============================================================
[2026-07-01 14:08:44] [TASK_9] [INFO] Input: data/aggregated/news_by_quarter.csv (1450 rows)
[2026-07-01 14:08:44] [TASK_9] [INFO] ------------------------------------------------------------
[2026-07-01 14:08:44] [TASK_9] [INFO] END TASK_9 — completed in 0.0 seconds
[2026-07-01 14:08:44] [TASK_9] [INFO] ============================================================
[2026-07-01 14:30:45] [TASK_9] [INFO] ============================================================
[2026-07-01 14:30:45] [TASK_9] [INFO] START TASK_9: Keyword Feature Extraction (TF-IDF, sentiment scores)
[2026-07-01 14:30:45] [TASK_9] [INFO] Timestamp: 2026-07-01T14:30:45.779415
[2026-07-01 14:30:45] [TASK_9] [INFO] ============================================================
[2026-07-01 14:30:45] [TASK_9] [INFO] Input: data/aggregated/news_by_quarter.csv (1450 rows)
[2026-07-01 14:30:45] [TASK_9] [INFO] ------------------------------------------------------------
[2026-07-01 14:30:45] [TASK_9] [INFO] END TASK_9 — completed in 0.0 seconds
[2026-07-01 14:30:45] [TASK_9] [INFO] ============================================================
[2026-07-01 14:30:46] [TASK_9] [INFO] ============================================================
[2026-07-01 14:30:46] [TASK_9] [INFO] START TASK_9: Keyword Feature Extraction (TF-IDF, sentiment scores)
[2026-07-01 14:30:46] [TASK_9] [INFO] Timestamp: 2026-07-01T14:30:46.507396
[2026-07-01 14:30:46] [TASK_9] [INFO] ============================================================
[2026-07-01 14:30:46] [TASK_9] [INFO] Input: data/aggregated/news_by_quarter.csv (1450 rows)
[2026-07-01 14:30:46] [TASK_9] [INFO] ------------------------------------------------------------
[2026-07-01 14:30:46] [TASK_9] [INFO] END TASK_9 — completed in 0.0 seconds
[2026-07-01 14:30:46] [TASK_9] [INFO] ============================================================
[2026-07-01 14:31:45] [TASK_9] [INFO] ============================================================
[2026-07-01 14:31:45] [TASK_9] [INFO] START TASK_9: Keyword Feature Extraction (TF-IDF, sentiment scores)
[2026-07-01 14:31:45] [TASK_9] [INFO] Timestamp: 2026-07-01T14:31:45.739345
[2026-07-01 14:31:45] [TASK_9] [INFO] ============================================================
[2026-07-01 14:31:45] [TASK_9] [INFO] Input: data/aggregated/news_by_quarter.csv (1450 rows)
[2026-07-01 14:31:45] [TASK_9] [INFO] ------------------------------------------------------------
[2026-07-01 14:31:45] [TASK_9] [INFO] END TASK_9 — completed in 0.0 seconds
[2026-07-01 14:31:45] [TASK_9] [INFO] ============================================================
[2026-07-01 14:31:46] [TASK_9] [INFO] ============================================================
[2026-07-01 14:31:46] [TASK_9] [INFO] START TASK_9: Keyword Feature Extraction (TF-IDF, sentiment scores)
[2026-07-01 14:31:46] [TASK_9] [INFO] Timestamp: 2026-07-01T14:31:46.487898
[2026-07-01 14:31:46] [TASK_9] [INFO] ============================================================
[2026-07-01 14:31:46] [TASK_9] [INFO] Input: data/aggregated/news_by_quarter.csv (1450 rows)
[2026-07-01 14:31:46] [TASK_9] [INFO] ------------------------------------------------------------
[2026-07-01 14:31:46] [TASK_9] [INFO] END TASK_9 — completed in 0.0 seconds
[2026-07-01 14:31:46] [TASK_9] [INFO] ============================================================
[2026-07-01 14:48:17] [TASK_9] [INFO] ============================================================
[2026-07-01 14:48:17] [TASK_9] [INFO] START TASK_9: Keyword Feature Extraction (TF-IDF, sentiment scores)
[2026-07-01 14:48:17] [TASK_9] [INFO] Timestamp: 2026-07-01T14:48:17.242206
[2026-07-01 14:48:17] [TASK_9] [INFO] ============================================================
[2026-07-01 14:48:17] [TASK_9] [INFO] Input: data/aggregated/news_by_quarter.csv (1450 rows)
[2026-07-01 14:48:17] [TASK_9] [INFO] ------------------------------------------------------------
[2026-07-01 14:48:17] [TASK_9] [INFO] END TASK_9 — completed in 0.0 seconds
[2026-07-01 14:48:17] [TASK_9] [INFO] ============================================================
[2026-07-01 14:48:17] [TASK_9] [INFO] ============================================================
[2026-07-01 14:48:17] [TASK_9] [INFO] START TASK_9: Keyword Feature Extraction (TF-IDF, sentiment scores)
[2026-07-01 14:48:17] [TASK_9] [INFO] Timestamp: 2026-07-01T14:48:17.965167
[2026-07-01 14:48:17] [TASK_9] [INFO] ============================================================
[2026-07-01 14:48:18] [TASK_9] [INFO] Input: data/aggregated/news_by_quarter.csv (1450 rows)
[2026-07-01 14:48:18] [TASK_9] [INFO] ------------------------------------------------------------
[2026-07-01 14:48:18] [TASK_9] [INFO] END TASK_9 — completed in 0.0 seconds
[2026-07-01 14:48:18] [TASK_9] [INFO] ============================================================
[2026-07-01 14:49:20] [TASK_9] [INFO] ============================================================
[2026-07-01 14:49:20] [TASK_9] [INFO] START TASK_9: Keyword Feature Extraction (TF-IDF, sentiment scores)
[2026-07-01 14:49:20] [TASK_9] [INFO] Timestamp: 2026-07-01T14:49:20.808912
[2026-07-01 14:49:20] [TASK_9] [INFO] ============================================================
[2026-07-01 14:49:20] [TASK_9] [INFO] Input: data/aggregated/news_by_quarter.csv (1450 rows)
[2026-07-01 14:49:20] [TASK_9] [INFO] ------------------------------------------------------------
[2026-07-01 14:49:20] [TASK_9] [INFO] END TASK_9 — completed in 0.0 seconds
[2026-07-01 14:49:20] [TASK_9] [INFO] ============================================================
[2026-07-01 14:49:21] [TASK_9] [INFO] ============================================================
[2026-07-01 14:49:21] [TASK_9] [INFO] START TASK_9: Keyword Feature Extraction (TF-IDF, sentiment scores)
[2026-07-01 14:49:21] [TASK_9] [INFO] Timestamp: 2026-07-01T14:49:21.507392
[2026-07-01 14:49:21] [TASK_9] [INFO] ============================================================
[2026-07-01 14:49:21] [TASK_9] [INFO] Input: data/aggregated/news_by_quarter.csv (1450 rows)
[2026-07-01 14:49:21] [TASK_9] [INFO] ------------------------------------------------------------
[2026-07-01 14:49:21] [TASK_9] [INFO] END TASK_9 — completed in 0.0 seconds
[2026-07-01 14:49:21] [TASK_9] [INFO] ============================================================
[2026-07-01 16:08:34] [TASK_9] [INFO] ============================================================
[2026-07-01 16:08:34] [TASK_9] [INFO] START TASK_9: Keyword Feature Extraction (TF-IDF, sentiment scores)
[2026-07-01 16:08:34] [TASK_9] [INFO] Timestamp: 2026-07-01T16:08:34.199583
[2026-07-01 16:08:34] [TASK_9] [INFO] ============================================================
[2026-07-01 16:08:34] [TASK_9] [INFO] Input: data/aggregated/news_by_quarter.csv (1450 rows)
[2026-07-01 16:08:34] [TASK_9] [INFO] ------------------------------------------------------------
[2026-07-01 16:08:34] [TASK_9] [INFO] END TASK_9 — completed in 0.0 seconds
[2026-07-01 16:08:34] [TASK_9] [INFO] ============================================================
[2026-07-01 16:08:34] [TASK_9] [INFO] ============================================================
[2026-07-01 16:08:34] [TASK_9] [INFO] START TASK_9: Keyword Feature Extraction (TF-IDF, sentiment scores)
[2026-07-01 16:08:34] [TASK_9] [INFO] Timestamp: 2026-07-01T16:08:34.942944
[2026-07-01 16:08:34] [TASK_9] [INFO] ============================================================
[2026-07-01 16:08:34] [TASK_9] [INFO] Input: data/aggregated/news_by_quarter.csv (1450 rows)
[2026-07-01 16:08:34] [TASK_9] [INFO] ------------------------------------------------------------
[2026-07-01 16:08:34] [TASK_9] [INFO] END TASK_9 — completed in 0.0 seconds
[2026-07-01 16:08:34] [TASK_9] [INFO] ============================================================
[2026-07-01 16:09:52] [TASK_9] [INFO] ============================================================
[2026-07-01 16:09:52] [TASK_9] [INFO] START TASK_9: Keyword Feature Extraction (TF-IDF, sentiment scores)
[2026-07-01 16:09:52] [TASK_9] [INFO] Timestamp: 2026-07-01T16:09:52.371608
[2026-07-01 16:09:52] [TASK_9] [INFO] ============================================================
[2026-07-01 16:09:52] [TASK_9] [INFO] Input: data/aggregated/news_by_quarter.csv (1450 rows)
[2026-07-01 16:09:52] [TASK_9] [INFO] ------------------------------------------------------------
[2026-07-01 16:09:52] [TASK_9] [INFO] END TASK_9 — completed in 0.0 seconds
[2026-07-01 16:09:52] [TASK_9] [INFO] ============================================================
[2026-07-01 16:09:53] [TASK_9] [INFO] ============================================================
[2026-07-01 16:09:53] [TASK_9] [INFO] START TASK_9: Keyword Feature Extraction (TF-IDF, sentiment scores)
[2026-07-01 16:09:53] [TASK_9] [INFO] Timestamp: 2026-07-01T16:09:53.009417
[2026-07-01 16:09:53] [TASK_9] [INFO] ============================================================
[2026-07-01 16:09:53] [TASK_9] [INFO] Input: data/aggregated/news_by_quarter.csv (1450 rows)
[2026-07-01 16:09:53] [TASK_9] [INFO] ------------------------------------------------------------
[2026-07-01 16:09:53] [TASK_9] [INFO] END TASK_9 — completed in 0.0 seconds
[2026-07-01 16:09:53] [TASK_9] [INFO] ============================================================
[2026-07-01 17:19:10] [TASK_9] [INFO] ============================================================
[2026-07-01 17:19:10] [TASK_9] [INFO] START TASK_9: Keyword Feature Extraction (TF-IDF, sentiment scores)
[2026-07-01 17:19:10] [TASK_9] [INFO] Timestamp: 2026-07-01T17:19:10.657019
[2026-07-01 17:19:10] [TASK_9] [INFO] ============================================================
[2026-07-01 17:19:10] [TASK_9] [INFO] Input: data/aggregated/news_by_quarter.csv (1450 rows)
[2026-07-01 17:19:10] [TASK_9] [INFO] ------------------------------------------------------------
[2026-07-01 17:19:10] [TASK_9] [INFO] END TASK_9 — completed in 0.0 seconds
[2026-07-01 17:19:10] [TASK_9] [INFO] ============================================================
[2026-07-01 17:19:11] [TASK_9] [INFO] ============================================================
[2026-07-01 17:19:11] [TASK_9] [INFO] START TASK_9: Keyword Feature Extraction (TF-IDF, sentiment scores)
[2026-07-01 17:19:11] [TASK_9] [INFO] Timestamp: 2026-07-01T17:19:11.376057
[2026-07-01 17:19:11] [TASK_9] [INFO] ============================================================
[2026-07-01 17:19:11] [TASK_9] [INFO] Input: data/aggregated/news_by_quarter.csv (1450 rows)
[2026-07-01 17:19:11] [TASK_9] [INFO] ------------------------------------------------------------
[2026-07-01 17:19:11] [TASK_9] [INFO] END TASK_9 — completed in 0.0 seconds
[2026-07-01 17:19:11] [TASK_9] [INFO] ============================================================
[2026-07-01 17:31:11] [TASK_9] [INFO] ============================================================
[2026-07-01 17:31:11] [TASK_9] [INFO] START TASK_9: Keyword Feature Extraction (TF-IDF, sentiment scores)
[2026-07-01 17:31:11] [TASK_9] [INFO] Timestamp: 2026-07-01T17:31:11.400984
[2026-07-01 17:31:11] [TASK_9] [INFO] ============================================================
[2026-07-01 17:31:11] [TASK_9] [INFO] Input: data/aggregated/news_by_quarter.csv (1450 rows)
[2026-07-01 17:31:11] [TASK_9] [INFO] ------------------------------------------------------------
[2026-07-01 17:31:11] [TASK_9] [INFO] END TASK_9 — completed in 0.0 seconds
[2026-07-01 17:31:11] [TASK_9] [INFO] ============================================================
[2026-07-01 17:31:12] [TASK_9] [INFO] ============================================================
[2026-07-01 17:31:12] [TASK_9] [INFO] START TASK_9: Keyword Feature Extraction (TF-IDF, sentiment scores)
[2026-07-01 17:31:12] [TASK_9] [INFO] Timestamp: 2026-07-01T17:31:12.172084
[2026-07-01 17:31:12] [TASK_9] [INFO] ============================================================
[2026-07-01 17:31:12] [TASK_9] [INFO] Input: data/aggregated/news_by_quarter.csv (1450 rows)
[2026-07-01 17:31:12] [TASK_9] [INFO] ------------------------------------------------------------
[2026-07-01 17:31:12] [TASK_9] [INFO] END TASK_9 — completed in 0.0 seconds
[2026-07-01 17:31:12] [TASK_9] [INFO] ============================================================
[2026-07-01 17:34:05] [TASK_9] [INFO] ============================================================
[2026-07-01 17:34:05] [TASK_9] [INFO] START TASK_9: Keyword Feature Extraction (TF-IDF, sentiment scores)
[2026-07-01 17:34:05] [TASK_9] [INFO] Timestamp: 2026-07-01T17:34:05.334159
[2026-07-01 17:34:05] [TASK_9] [INFO] ============================================================
[2026-07-01 17:34:05] [TASK_9] [INFO] Input: data/aggregated/news_by_quarter.csv (1450 rows)
[2026-07-01 17:34:05] [TASK_9] [INFO] ------------------------------------------------------------
[2026-07-01 17:34:05] [TASK_9] [INFO] END TASK_9 — completed in 0.0 seconds
[2026-07-01 17:34:05] [TASK_9] [INFO] ============================================================
[2026-07-01 17:34:06] [TASK_9] [INFO] ============================================================
[2026-07-01 17:34:06] [TASK_9] [INFO] START TASK_9: Keyword Feature Extraction (TF-IDF, sentiment scores)
[2026-07-01 17:34:06] [TASK_9] [INFO] Timestamp: 2026-07-01T17:34:06.037012
[2026-07-01 17:34:06] [TASK_9] [INFO] ============================================================
[2026-07-01 17:34:06] [TASK_9] [INFO] Input: data/aggregated/news_by_quarter.csv (1450 rows)
[2026-07-01 17:34:06] [TASK_9] [INFO] ------------------------------------------------------------
[2026-07-01 17:34:06] [TASK_9] [INFO] END TASK_9 — completed in 0.0 seconds
[2026-07-01 17:34:06] [TASK_9] [INFO] ============================================================
[2026-07-01 17:36:36] [TASK_9] [INFO] ============================================================
[2026-07-01 17:36:36] [TASK_9] [INFO] START TASK_9: Keyword Feature Extraction (TF-IDF, sentiment scores)
[2026-07-01 17:36:36] [TASK_9] [INFO] Timestamp: 2026-07-01T17:36:36.693403
[2026-07-01 17:36:36] [TASK_9] [INFO] ============================================================
[2026-07-01 17:36:36] [TASK_9] [INFO] Input: data/aggregated/news_by_quarter.csv (1450 rows)
[2026-07-01 17:36:36] [TASK_9] [INFO] ------------------------------------------------------------
[2026-07-01 17:36:36] [TASK_9] [INFO] END TASK_9 — completed in 0.0 seconds
[2026-07-01 17:36:36] [TASK_9] [INFO] ============================================================
[2026-07-01 17:36:37] [TASK_9] [INFO] ============================================================
[2026-07-01 17:36:37] [TASK_9] [INFO] START TASK_9: Keyword Feature Extraction (TF-IDF, sentiment scores)
[2026-07-01 17:36:37] [TASK_9] [INFO] Timestamp: 2026-07-01T17:36:37.426760
[2026-07-01 17:36:37] [TASK_9] [INFO] ============================================================
[2026-07-01 17:36:37] [TASK_9] [INFO] Input: data/aggregated/news_by_quarter.csv (1450 rows)
[2026-07-01 17:36:37] [TASK_9] [INFO] ------------------------------------------------------------
[2026-07-01 17:36:37] [TASK_9] [INFO] END TASK_9 — completed in 0.0 seconds
[2026-07-01 17:36:37] [TASK_9] [INFO] ============================================================
[2026-07-01 17:41:18] [TASK_9] [INFO] ============================================================
[2026-07-01 17:41:18] [TASK_9] [INFO] START TASK_9: Keyword Feature Extraction (TF-IDF, sentiment scores)
[2026-07-01 17:41:18] [TASK_9] [INFO] Timestamp: 2026-07-01T17:41:18.000065
[2026-07-01 17:41:18] [TASK_9] [INFO] ============================================================
[2026-07-01 17:41:18] [TASK_9] [INFO] Input: data/aggregated/news_by_quarter.csv (1450 rows)
[2026-07-01 17:41:18] [TASK_9] [INFO] ------------------------------------------------------------
[2026-07-01 17:41:18] [TASK_9] [INFO] END TASK_9 — completed in 0.0 seconds
[2026-07-01 17:41:18] [TASK_9] [INFO] ============================================================
[2026-07-01 17:41:18] [TASK_9] [INFO] ============================================================
[2026-07-01 17:41:18] [TASK_9] [INFO] START TASK_9: Keyword Feature Extraction (TF-IDF, sentiment scores)
[2026-07-01 17:41:18] [TASK_9] [INFO] Timestamp: 2026-07-01T17:41:18.716589
[2026-07-01 17:41:18] [TASK_9] [INFO] ============================================================
[2026-07-01 17:41:18] [TASK_9] [INFO] Input: data/aggregated/news_by_quarter.csv (1450 rows)
[2026-07-01 17:41:18] [TASK_9] [INFO] ------------------------------------------------------------
[2026-07-01 17:41:18] [TASK_9] [INFO] END TASK_9 — completed in 0.0 seconds
[2026-07-01 17:41:18] [TASK_9] [INFO] ============================================================
