[2026-07-02 10:06:32] [TASK_7] [INFO] ============================================================
[2026-07-02 10:06:32] [TASK_7] [INFO] START TASK_7: Technical Feature Extraction (RSI, MACD, BB, SMA, EMA)
[2026-07-02 10:06:32] [TASK_7] [INFO] Timestamp: 2026-07-02T10:06:32.398110
[2026-07-02 10:06:32] [TASK_7] [INFO] ============================================================
[2026-07-02 10:06:32] [TASK_7] [INFO] Input: data/prices/all_vn30_prices.csv (93824 rows)
[2026-07-02 10:06:32] [TASK_7] [INFO] ------------------------------------------------------------
[2026-07-02 10:06:32] [TASK_7] [INFO] END TASK_7 — completed in 0.0 seconds
[2026-07-02 10:06:32] [TASK_7] [INFO] ============================================================
[2026-07-02 10:06:33] [TASK_7] [INFO] ============================================================
[2026-07-02 10:06:33] [TASK_7] [INFO] START TASK_7: Technical Feature Extraction (RSI, MACD, BB, SMA, EMA)
[2026-07-02 10:06:33] [TASK_7] [INFO] Timestamp: 2026-07-02T10:06:33.133284
[2026-07-02 10:06:33] [TASK_7] [INFO] ============================================================
[2026-07-02 10:06:33] [TASK_7] [INFO] Input: data/prices/all_vn30_prices.csv (93824 rows)
[2026-07-02 10:06:33] [TASK_7] [INFO] ------------------------------------------------------------
[2026-07-02 10:06:33] [TASK_7] [INFO] END TASK_7 — completed in 0.0 seconds
[2026-07-02 10:06:33] [TASK_7] [INFO] ============================================================
[2026-07-02 10:07:49] [TASK_7] [INFO] ============================================================
[2026-07-02 10:07:49] [TASK_7] [INFO] START TASK_7: Technical Feature Extraction (RSI, MACD, BB, SMA, EMA)
[2026-07-02 10:07:49] [TASK_7] [INFO] Timestamp: 2026-07-02T10:07:49.446000
[2026-07-02 10:07:49] [TASK_7] [INFO] ============================================================
[2026-07-02 10:07:49] [TASK_7] [INFO] Input: data/prices/all_vn30_prices.csv (93824 rows)
[2026-07-02 10:07:49] [TASK_7] [INFO] ------------------------------------------------------------
[2026-07-02 10:07:49] [TASK_7] [INFO] END TASK_7 — completed in 0.0 seconds
[2026-07-02 10:07:49] [TASK_7] [INFO] ============================================================
[2026-07-02 10:07:50] [TASK_7] [INFO] ============================================================
[2026-07-02 10:07:50] [TASK_7] [INFO] START TASK_7: Technical Feature Extraction (RSI, MACD, BB, SMA, EMA)
[2026-07-02 10:07:50] [TASK_7] [INFO] Timestamp: 2026-07-02T10:07:50.102668
[2026-07-02 10:07:50] [TASK_7] [INFO] ============================================================
[2026-07-02 10:07:50] [TASK_7] [INFO] Input: data/prices/all_vn30_prices.csv (93824 rows)
[2026-07-02 10:07:50] [TASK_7] [INFO] ------------------------------------------------------------
[2026-07-02 10:07:50] [TASK_7] [INFO] END TASK_7 — completed in 0.0 seconds
[2026-07-02 10:07:50] [TASK_7] [INFO] ============================================================
[2026-07-02 17:47:37] [TASK_7] [INFO] ============================================================
[2026-07-02 17:47:37] [TASK_7] [INFO] START TASK_7: Technical Feature Extraction (RSI, MACD, BB, SMA, EMA)
[2026-07-02 17:47:37] [TASK_7] [INFO] Timestamp: 2026-07-02T17:47:37.631710
[2026-07-02 17:47:37] [TASK_7] [INFO] ============================================================
[2026-07-02 17:47:37] [TASK_7] [INFO] Input: data/prices/all_vn30_prices.csv (93824 rows)
[2026-07-02 17:47:37] [TASK_7] [INFO] ------------------------------------------------------------
[2026-07-02 17:47:37] [TASK_7] [INFO] END TASK_7 — completed in 0.0 seconds
[2026-07-02 17:47:37] [TASK_7] [INFO] ============================================================
[2026-07-02 17:47:38] [TASK_7] [INFO] ============================================================
[2026-07-02 17:47:38] [TASK_7] [INFO] START TASK_7: Technical Feature Extraction (RSI, MACD, BB, SMA, EMA)
[2026-07-02 17:47:38] [TASK_7] [INFO] Timestamp: 2026-07-02T17:47:38.299174
[2026-07-02 17:47:38] [TASK_7] [INFO] ============================================================
[2026-07-02 17:47:38] [TASK_7] [INFO] Input: data/prices/all_vn30_prices.csv (93824 rows)
[2026-07-02 17:47:38] [TASK_7] [INFO] ------------------------------------------------------------
[2026-07-02 17:47:38] [TASK_7] [INFO] END TASK_7 — completed in 0.0 seconds
[2026-07-02 17:47:38] [TASK_7] [INFO] ============================================================
[2026-07-02 17:50:25] [TASK_7] [INFO] ============================================================
[2026-07-02 17:50:25] [TASK_7] [INFO] START TASK_7: Technical Feature Extraction (RSI, MACD, BB, SMA, EMA)
[2026-07-02 17:50:25] [TASK_7] [INFO] Timestamp: 2026-07-02T17:50:25.507869
[2026-07-02 17:50:25] [TASK_7] [INFO] ============================================================
[2026-07-02 17:50:25] [TASK_7] [INFO] Input: data/prices/all_vn30_prices.csv (93824 rows)
[2026-07-02 17:50:25] [TASK_7] [INFO] ------------------------------------------------------------
[2026-07-02 17:50:25] [TASK_7] [INFO] END TASK_7 — completed in 0.0 seconds
[2026-07-02 17:50:25] [TASK_7] [INFO] ============================================================
[2026-07-02 17:50:26] [TASK_7] [INFO] ============================================================
[2026-07-02 17:50:26] [TASK_7] [INFO] START TASK_7: Technical Feature Extraction (RSI, MACD, BB, SMA, EMA)
[2026-07-02 17:50:26] [TASK_7] [INFO] Timestamp: 2026-07-02T17:50:26.165521
[2026-07-02 17:50:26] [TASK_7] [INFO] ============================================================
[2026-07-02 17:50:26] [TASK_7] [INFO] Input: data/prices/all_vn30_prices.csv (93824 rows)
[2026-07-02 17:50:26] [TASK_7] [INFO] ------------------------------------------------------------
[2026-07-02 17:50:26] [TASK_7] [INFO] END TASK_7 — completed in 0.0 seconds
[2026-07-02 17:50:26] [TASK_7] [INFO] ============================================================
