[2026-06-30 13:11:28] [TASK_9] [INFO] ============================================================
[2026-06-30 13:11:28] [TASK_9] [INFO] START TASK_9: Keyword Feature Extraction (TF-IDF, sentiment scores)
[2026-06-30 13:11:28] [TASK_9] [INFO] Timestamp: 2026-06-30T13:11:28.144045
[2026-06-30 13:11:28] [TASK_9] [INFO] ============================================================
[2026-06-30 13:11:28] [TASK_9] [INFO] Input: data/aggregated/news_by_quarter.csv (560 rows)
[2026-06-30 13:11:28] [TASK_9] [INFO] Starting Keyword Feature Extraction (TASK 9)...
[2026-06-30 13:11:28] [TASK_9] [INFO] Loaded 560 (ticker, quarter) rows from data/aggregated/news_by_quarter.csv.
[2026-06-30 13:11:28] [TASK_9] [INFO] Using 106 keywords (43 pos, 54 neg, 9 neutral).
[2026-06-30 13:11:32] [TASK_9] [INFO] Saved keyword features (560 rows, 326 cols) to data/features/keyword_features.csv.
[2026-06-30 13:11:32] [TASK_9] [INFO] ======================================================================
[2026-06-30 13:11:32] [TASK_9] [INFO] KEYWORD FEATURE REPORT
[2026-06-30 13:11:32] [TASK_9] [INFO] ======================================================================
[2026-06-30 13:11:32] [TASK_9] [INFO] Total features generated: 324
[2026-06-30 13:11:32] [TASK_9] [INFO] 
Top 20 keywords by corpus frequency:
[2026-06-30 13:11:32] [TASK_9] [INFO]    1. tăng trưởng                               486
[2026-06-30 13:11:32] [TASK_9] [INFO]    2. tăng vốn điều lệ                          272
[2026-06-30 13:11:32] [TASK_9] [INFO]    3. kỷ lục                                    234
[2026-06-30 13:11:32] [TASK_9] [INFO]    4. báo lãi                                   213
[2026-06-30 13:11:32] [TASK_9] [INFO]    5. chia cổ tức                               187
[2026-06-30 13:11:32] [TASK_9] [INFO]    6. mua lại                                   137
[2026-06-30 13:11:32] [TASK_9] [INFO]    7. tăng mạnh                                 109
[2026-06-30 13:11:32] [TASK_9] [INFO]    8. cổ tức tiền mặt                           105
[2026-06-30 13:11:32] [TASK_9] [INFO]    9. nợ xấu                                    97
[2026-06-30 13:11:32] [TASK_9] [INFO]   10. giảm mạnh                                 83
[2026-06-30 13:11:32] [TASK_9] [INFO]   11. bứt phá                                   62
[2026-06-30 13:11:32] [TASK_9] [INFO]   12. lãi kỷ lục                                60
[2026-06-30 13:11:32] [TASK_9] [INFO]   13. phục hồi                                  59
[2026-06-30 13:11:32] [TASK_9] [INFO]   14. ký kết hợp đồng                           59
[2026-06-30 13:11:32] [TASK_9] [INFO]   15. đóng cửa                                  54
[2026-06-30 13:11:32] [TASK_9] [INFO]   16. lãi ròng                                  51
[2026-06-30 13:11:32] [TASK_9] [INFO]   17. thoái vốn                                 49
[2026-06-30 13:11:32] [TASK_9] [INFO]   18. trả nợ                                    44
[2026-06-30 13:11:32] [TASK_9] [INFO]   19. mua lại cổ phiếu                          41
[2026-06-30 13:11:32] [TASK_9] [INFO]   20. giảm sâu                                  35
[2026-06-30 13:11:32] [TASK_9] [INFO] 
Overall sparsity rate: 97.63%
[2026-06-30 13:11:32] [TASK_9] [INFO] 
Keywords with sparsity > 95% (93 candidates for removal):
[2026-06-30 13:11:32] [TASK_9] [INFO]   lợi nhuận cải thiện                       100.0%
[2026-06-30 13:11:32] [TASK_9] [INFO]   phát hành thưởng                          100.0%
[2026-06-30 13:11:32] [TASK_9] [INFO]   cải thiện tài chính                       100.0%
[2026-06-30 13:11:32] [TASK_9] [INFO]   dòng tiền dương                           100.0%
[2026-06-30 13:11:32] [TASK_9] [INFO]   tiền mặt dồi dào                          100.0%
[2026-06-30 13:11:32] [TASK_9] [INFO]   dưới kế hoạch                             100.0%
[2026-06-30 13:11:32] [TASK_9] [INFO]   kết quả tiêu cực                          100.0%
[2026-06-30 13:11:32] [TASK_9] [INFO]   kinh doanh sa sút                         100.0%
[2026-06-30 13:11:32] [TASK_9] [INFO]   lợi nhuận không tăng                      100.0%
[2026-06-30 13:11:32] [TASK_9] [INFO]   doanh thu không tăng                      100.0%
[2026-06-30 13:11:32] [TASK_9] [INFO]   không tăng trưởng                         100.0%
[2026-06-30 13:11:32] [TASK_9] [INFO]   tăng trưởng chậm lại                      100.0%
[2026-06-30 13:11:32] [TASK_9] [INFO]   hủy cổ tức                                100.0%
[2026-06-30 13:11:32] [TASK_9] [INFO]   giảm cổ tức                               100.0%
[2026-06-30 13:11:32] [TASK_9] [INFO]   phát hành pha loãng                       100.0%
[2026-06-30 13:11:32] [TASK_9] [INFO]   chào bán giá thấp                         100.0%
[2026-06-30 13:11:32] [TASK_9] [INFO]   nợ quá hạn                                100.0%
[2026-06-30 13:11:32] [TASK_9] [INFO]   hệ số nợ cao                              100.0%
[2026-06-30 13:11:32] [TASK_9] [INFO]   thiếu thanh khoản                         100.0%
[2026-06-30 13:11:32] [TASK_9] [INFO]   dòng tiền âm                              100.0%
[2026-06-30 13:11:32] [TASK_9] [INFO]   hủy hợp đồng                              100.0%
[2026-06-30 13:11:32] [TASK_9] [INFO]   dự án trì hoãn                            100.0%
[2026-06-30 13:11:32] [TASK_9] [INFO]   thu hẹp hoạt động                         100.0%
[2026-06-30 13:11:32] [TASK_9] [INFO]   dừng dự án                                100.0%
[2026-06-30 13:11:32] [TASK_9] [INFO]   bị thanh tra                              100.0%
[2026-06-30 13:11:32] [TASK_9] [INFO]   tranh chấp pháp lý                        100.0%
[2026-06-30 13:11:32] [TASK_9] [INFO]   bị kiện                                   100.0%
[2026-06-30 13:11:32] [TASK_9] [INFO]   họp HĐQT                                  100.0%
[2026-06-30 13:11:32] [TASK_9] [INFO]   thay đổi lãnh đạo                         100.0%
[2026-06-30 13:11:32] [TASK_9] [INFO]   phát hành cổ phiếu mới                    100.0%
[2026-06-30 13:11:32] [TASK_9] [INFO]   lợi nhuận sau thuế tăng                   99.8%
[2026-06-30 13:11:32] [TASK_9] [INFO]   xuất khẩu tăng                            99.8%
[2026-06-30 13:11:32] [TASK_9] [INFO]   lợi nhuận âm                              99.8%
[2026-06-30 13:11:32] [TASK_9] [INFO]   lợi nhuận thấp hơn                        99.8%
[2026-06-30 13:11:32] [TASK_9] [INFO]   tụt dốc                                   99.8%
[2026-06-30 13:11:32] [TASK_9] [INFO]   âm vốn chủ sở hữu                         99.8%
[2026-06-30 13:11:32] [TASK_9] [INFO]   không hoàn thành kế hoạch                 99.8%
[2026-06-30 13:11:32] [TASK_9] [INFO]   nợ vay tăng                               99.8%
[2026-06-30 13:11:32] [TASK_9] [INFO]   điều tra                                  99.8%
[2026-06-30 13:11:32] [TASK_9] [INFO]   niêm yết thêm                             99.8%
[2026-06-30 13:11:32] [TASK_9] [INFO]   kết quả tích cực                          99.6%
[2026-06-30 13:11:32] [TASK_9] [INFO]   đầu tư mới                                99.6%
[2026-06-30 13:11:32] [TASK_9] [INFO]   thắng thầu                                99.6%
[2026-06-30 13:11:32] [TASK_9] [INFO]   lỗ ròng                                   99.6%
[2026-06-30 13:11:32] [TASK_9] [INFO]   không đạt kế hoạch                        99.6%
[2026-06-30 13:11:32] [TASK_9] [INFO]   chưa có lãi                               99.6%
[2026-06-30 13:11:32] [TASK_9] [INFO]   áp lực tài chính                          99.6%
[2026-06-30 13:11:32] [TASK_9] [INFO]   bị kiểm toán từ chối                      99.6%
[2026-06-30 13:11:32] [TASK_9] [INFO]   lãi khủng                                 99.5%
[2026-06-30 13:11:32] [TASK_9] [INFO]   giảm nợ                                   99.5%
[2026-06-30 13:11:32] [TASK_9] [INFO]   hệ số an toàn vốn                         99.5%
[2026-06-30 13:11:32] [TASK_9] [INFO]   dự án mới                                 99.5%
[2026-06-30 13:11:32] [TASK_9] [INFO]   doanh thu giảm                            99.5%
[2026-06-30 13:11:32] [TASK_9] [INFO]   lỗ lớn                                    99.5%
[2026-06-30 13:11:32] [TASK_9] [INFO]   lỗ kỷ lục                                 99.5%
[2026-06-30 13:11:32] [TASK_9] [INFO]   thay CEO                                  99.5%
[2026-06-30 13:11:32] [TASK_9] [INFO]   lỗ nặng                                   99.3%
[2026-06-30 13:11:32] [TASK_9] [INFO]   đình chỉ                                  99.3%
[2026-06-30 13:11:32] [TASK_9] [INFO]   lợi nhuận kỷ lục                          99.1%
[2026-06-30 13:11:32] [TASK_9] [INFO]   cổ tức cao                                99.1%
[2026-06-30 13:11:32] [TASK_9] [INFO]   mở rộng thị trường                        99.1%
[2026-06-30 13:11:32] [TASK_9] [INFO]   không chia cổ tức                         99.1%
[2026-06-30 13:11:32] [TASK_9] [INFO]   khởi tố                                   98.9%
[2026-06-30 13:11:32] [TASK_9] [INFO]   báo lỗ                                    98.8%
[2026-06-30 13:11:32] [TASK_9] [INFO]   lỗ lũy kế                                 98.8%
[2026-06-30 13:11:32] [TASK_9] [INFO]   bị phạt                                   98.8%
[2026-06-30 13:11:32] [TASK_9] [INFO]   lãi đậm                                   98.6%
[2026-06-30 13:11:32] [TASK_9] [INFO]   cảnh báo                                  98.6%
[2026-06-30 13:11:32] [TASK_9] [INFO]   thua lỗ                                   98.4%
[2026-06-30 13:11:32] [TASK_9] [INFO]   hoàn thành kế hoạch                       98.2%
[2026-06-30 13:11:32] [TASK_9] [INFO]   lãi lớn                                   98.0%
[2026-06-30 13:11:32] [TASK_9] [INFO]   doanh thu kỷ lục                          98.0%
[2026-06-30 13:11:32] [TASK_9] [INFO]   lao dốc                                   98.0%
[2026-06-30 13:11:32] [TASK_9] [INFO]   lợi nhuận giảm                            97.9%
[2026-06-30 13:11:32] [TASK_9] [INFO]   vi phạm                                   97.9%
[2026-06-30 13:11:32] [TASK_9] [INFO]   doanh thu tăng                            97.7%
[2026-06-30 13:11:32] [TASK_9] [INFO]   sụt giảm                                  97.7%
[2026-06-30 13:11:32] [TASK_9] [INFO]   giảm sâu                                  97.7%
[2026-06-30 13:11:32] [TASK_9] [INFO]   sáp nhập                                  97.7%
[2026-06-30 13:11:32] [TASK_9] [INFO]   tăng vọt                                  97.5%
[2026-06-30 13:11:32] [TASK_9] [INFO]   lợi nhuận tăng                            97.3%
[2026-06-30 13:11:32] [TASK_9] [INFO]   khởi sắc                                  97.3%
[2026-06-30 13:11:32] [TASK_9] [INFO]   lập đỉnh                                  97.1%
[2026-06-30 13:11:32] [TASK_9] [INFO]   mua lại cổ phiếu                          97.1%
[2026-06-30 13:11:32] [TASK_9] [INFO]   hợp tác chiến lược                        97.0%
[2026-06-30 13:11:32] [TASK_9] [INFO]   đóng cửa                                  96.8%
[2026-06-30 13:11:32] [TASK_9] [INFO]   tăng trưởng mạnh                          96.4%
[2026-06-30 13:11:32] [TASK_9] [INFO]   trả nợ                                    95.9%
[2026-06-30 13:11:32] [TASK_9] [INFO]   thoái vốn                                 95.9%
[2026-06-30 13:11:32] [TASK_9] [INFO]   vượt kế hoạch                             95.7%
[2026-06-30 13:11:32] [TASK_9] [INFO]   lãi kỷ lục                                95.7%
[2026-06-30 13:11:32] [TASK_9] [INFO]   phục hồi                                  95.5%
[2026-06-30 13:11:32] [TASK_9] [INFO]   đại hội cổ đông                           95.5%
[2026-06-30 13:11:32] [TASK_9] [INFO] 
pos_score distribution:
[2026-06-30 13:11:32] [TASK_9] [INFO]   mean=0.0892  std=0.1056  min=0.0000  max=1.0000
[2026-06-30 13:11:32] [TASK_9] [INFO] neg_score distribution:
[2026-06-30 13:11:32] [TASK_9] [INFO]   mean=0.0125  std=0.0312  min=0.0000  max=0.2500
[2026-06-30 13:11:32] [TASK_9] [INFO] ======================================================================
[2026-06-30 13:11:32] [TASK_9] [INFO] TASK 9 complete.
[2026-06-30 13:11:32] [TASK_9] [INFO] ------------------------------------------------------------
[2026-06-30 13:11:32] [TASK_9] [INFO] END TASK_9 — completed in 4.8 seconds
[2026-06-30 13:11:32] [TASK_9] [INFO] Output: data/features/keyword_features.csv (560 rows)
[2026-06-30 13:11:32] [TASK_9] [INFO] ============================================================
[2026-06-30 16:38:44] [TASK_9] [INFO] ============================================================
[2026-06-30 16:38:44] [TASK_9] [INFO] START TASK_9: Keyword Feature Extraction (TF-IDF, sentiment scores)
[2026-06-30 16:38:44] [TASK_9] [INFO] Timestamp: 2026-06-30T16:38:44.199709
[2026-06-30 16:38:44] [TASK_9] [INFO] ============================================================
[2026-06-30 16:38:44] [TASK_9] [INFO] Input: data/aggregated/news_by_quarter.csv (1450 rows)
[2026-06-30 16:38:44] [TASK_9] [INFO] Starting Keyword Feature Extraction (TASK 9)...
[2026-06-30 16:38:44] [TASK_9] [INFO] Loaded 1450 (ticker, quarter) rows from data/aggregated/news_by_quarter.csv.
[2026-06-30 16:38:44] [TASK_9] [INFO] Using 106 keywords (43 pos, 54 neg, 9 neutral).
[2026-06-30 16:38:51] [TASK_9] [INFO] Saved keyword features (1450 rows, 326 cols) to data/features/keyword_features.csv.
[2026-06-30 16:38:51] [TASK_9] [INFO] ======================================================================
[2026-06-30 16:38:51] [TASK_9] [INFO] KEYWORD FEATURE REPORT
[2026-06-30 16:38:51] [TASK_9] [INFO] ======================================================================
[2026-06-30 16:38:51] [TASK_9] [INFO] Total features generated: 324
[2026-06-30 16:38:51] [TASK_9] [INFO] 
Top 20 keywords by corpus frequency:
[2026-06-30 16:38:51] [TASK_9] [INFO]    1. tăng trưởng                               662
[2026-06-30 16:38:51] [TASK_9] [INFO]    2. tăng vốn điều lệ                          604
[2026-06-30 16:38:51] [TASK_9] [INFO]    3. mua lại                                   388
[2026-06-30 16:38:51] [TASK_9] [INFO]    4. báo lãi                                   341
[2026-06-30 16:38:51] [TASK_9] [INFO]    5. kỷ lục                                    270
[2026-06-30 16:38:51] [TASK_9] [INFO]    6. chia cổ tức                               257
[2026-06-30 16:38:51] [TASK_9] [INFO]    7. vi phạm                                   194
[2026-06-30 16:38:51] [TASK_9] [INFO]    8. cổ tức tiền mặt                           147
[2026-06-30 16:38:51] [TASK_9] [INFO]    9. ký kết hợp đồng                           140
[2026-06-30 16:38:51] [TASK_9] [INFO]   10. tăng mạnh                                 137
[2026-06-30 16:38:51] [TASK_9] [INFO]   11. nợ xấu                                    115
[2026-06-30 16:38:51] [TASK_9] [INFO]   12. giảm mạnh                                 108
[2026-06-30 16:38:51] [TASK_9] [INFO]   13. lãi ròng                                  96
[2026-06-30 16:38:51] [TASK_9] [INFO]   14. mua lại cổ phiếu                          90
[2026-06-30 16:38:51] [TASK_9] [INFO]   15. lãi kỷ lục                                87
[2026-06-30 16:38:51] [TASK_9] [INFO]   16. bứt phá                                   84
[2026-06-30 16:38:51] [TASK_9] [INFO]   17. thoái vốn                                 83
[2026-06-30 16:38:51] [TASK_9] [INFO]   18. đóng cửa                                  73
[2026-06-30 16:38:51] [TASK_9] [INFO]   19. phục hồi                                  68
[2026-06-30 16:38:51] [TASK_9] [INFO]   20. cảnh báo                                  68
[2026-06-30 16:38:51] [TASK_9] [INFO] 
Overall sparsity rate: 98.29%
[2026-06-30 16:38:51] [TASK_9] [INFO] 
Keywords with sparsity > 95% (95 candidates for removal):
[2026-06-30 16:38:51] [TASK_9] [INFO]   lợi nhuận cải thiện                       100.0%
[2026-06-30 16:38:51] [TASK_9] [INFO]   phát hành thưởng                          100.0%
[2026-06-30 16:38:51] [TASK_9] [INFO]   cải thiện tài chính                       100.0%
[2026-06-30 16:38:51] [TASK_9] [INFO]   dòng tiền dương                           100.0%
[2026-06-30 16:38:51] [TASK_9] [INFO]   tiền mặt dồi dào                          100.0%
[2026-06-30 16:38:51] [TASK_9] [INFO]   dưới kế hoạch                             100.0%
[2026-06-30 16:38:51] [TASK_9] [INFO]   kết quả tiêu cực                          100.0%
[2026-06-30 16:38:51] [TASK_9] [INFO]   kinh doanh sa sút                         100.0%
[2026-06-30 16:38:51] [TASK_9] [INFO]   lợi nhuận không tăng                      100.0%
[2026-06-30 16:38:51] [TASK_9] [INFO]   doanh thu không tăng                      100.0%
[2026-06-30 16:38:51] [TASK_9] [INFO]   không tăng trưởng                         100.0%
[2026-06-30 16:38:51] [TASK_9] [INFO]   tăng trưởng chậm lại                      100.0%
[2026-06-30 16:38:51] [TASK_9] [INFO]   hủy cổ tức                                100.0%
[2026-06-30 16:38:51] [TASK_9] [INFO]   giảm cổ tức                               100.0%
[2026-06-30 16:38:51] [TASK_9] [INFO]   phát hành pha loãng                       100.0%
[2026-06-30 16:38:51] [TASK_9] [INFO]   chào bán giá thấp                         100.0%
[2026-06-30 16:38:51] [TASK_9] [INFO]   nợ quá hạn                                100.0%
[2026-06-30 16:38:51] [TASK_9] [INFO]   hệ số nợ cao                              100.0%
[2026-06-30 16:38:51] [TASK_9] [INFO]   thiếu thanh khoản                         100.0%
[2026-06-30 16:38:51] [TASK_9] [INFO]   dòng tiền âm                              100.0%
[2026-06-30 16:38:51] [TASK_9] [INFO]   hủy hợp đồng                              100.0%
[2026-06-30 16:38:51] [TASK_9] [INFO]   dự án trì hoãn                            100.0%
[2026-06-30 16:38:51] [TASK_9] [INFO]   thu hẹp hoạt động                         100.0%
[2026-06-30 16:38:51] [TASK_9] [INFO]   tranh chấp pháp lý                        100.0%
[2026-06-30 16:38:51] [TASK_9] [INFO]   bị kiện                                   100.0%
[2026-06-30 16:38:51] [TASK_9] [INFO]   thay đổi lãnh đạo                         100.0%
[2026-06-30 16:38:51] [TASK_9] [INFO]   phát hành cổ phiếu mới                    100.0%
[2026-06-30 16:38:51] [TASK_9] [INFO]   lợi nhuận sau thuế tăng                   99.9%
[2026-06-30 16:38:51] [TASK_9] [INFO]   xuất khẩu tăng                            99.9%
[2026-06-30 16:38:51] [TASK_9] [INFO]   lợi nhuận âm                              99.9%
[2026-06-30 16:38:51] [TASK_9] [INFO]   lợi nhuận thấp hơn                        99.9%
[2026-06-30 16:38:51] [TASK_9] [INFO]   tụt dốc                                   99.9%
[2026-06-30 16:38:51] [TASK_9] [INFO]   âm vốn chủ sở hữu                         99.9%
[2026-06-30 16:38:51] [TASK_9] [INFO]   dừng dự án                                99.9%
[2026-06-30 16:38:51] [TASK_9] [INFO]   niêm yết thêm                             99.9%
[2026-06-30 16:38:51] [TASK_9] [INFO]   thắng thầu                                99.9%
[2026-06-30 16:38:51] [TASK_9] [INFO]   không hoàn thành kế hoạch                 99.9%
[2026-06-30 16:38:51] [TASK_9] [INFO]   không đạt kế hoạch                        99.9%
[2026-06-30 16:38:51] [TASK_9] [INFO]   chưa có lãi                               99.9%
[2026-06-30 16:38:51] [TASK_9] [INFO]   nợ vay tăng                               99.9%
[2026-06-30 16:38:51] [TASK_9] [INFO]   áp lực tài chính                          99.9%
[2026-06-30 16:38:51] [TASK_9] [INFO]   bị thanh tra                              99.9%
[2026-06-30 16:38:51] [TASK_9] [INFO]   bị kiểm toán từ chối                      99.9%
[2026-06-30 16:38:51] [TASK_9] [INFO]   lãi khủng                                 99.8%
[2026-06-30 16:38:51] [TASK_9] [INFO]   giảm nợ                                   99.8%
[2026-06-30 16:38:51] [TASK_9] [INFO]   hệ số an toàn vốn                         99.8%
[2026-06-30 16:38:51] [TASK_9] [INFO]   dự án mới                                 99.8%
[2026-06-30 16:38:51] [TASK_9] [INFO]   điều tra                                  99.8%
[2026-06-30 16:38:51] [TASK_9] [INFO]   thay CEO                                  99.7%
[2026-06-30 16:38:51] [TASK_9] [INFO]   cổ tức cao                                99.7%
[2026-06-30 16:38:51] [TASK_9] [INFO]   đầu tư mới                                99.7%
[2026-06-30 16:38:51] [TASK_9] [INFO]   lỗ lớn                                    99.7%
[2026-06-30 16:38:51] [TASK_9] [INFO]   kết quả tích cực                          99.6%
[2026-06-30 16:38:51] [TASK_9] [INFO]   mở rộng thị trường                        99.6%
[2026-06-30 16:38:51] [TASK_9] [INFO]   lỗ nặng                                   99.6%
[2026-06-30 16:38:51] [TASK_9] [INFO]   lỗ kỷ lục                                 99.6%
[2026-06-30 16:38:51] [TASK_9] [INFO]   khởi tố                                   99.6%
[2026-06-30 16:38:51] [TASK_9] [INFO]   doanh thu giảm                            99.5%
[2026-06-30 16:38:51] [TASK_9] [INFO]   lợi nhuận kỷ lục                          99.4%
[2026-06-30 16:38:51] [TASK_9] [INFO]   lỗ ròng                                   99.4%
[2026-06-30 16:38:51] [TASK_9] [INFO]   lỗ lũy kế                                 99.4%
[2026-06-30 16:38:51] [TASK_9] [INFO]   đình chỉ                                  99.4%
[2026-06-30 16:38:51] [TASK_9] [INFO]   không chia cổ tức                         99.3%
[2026-06-30 16:38:51] [TASK_9] [INFO]   họp HĐQT                                  99.2%
[2026-06-30 16:38:51] [TASK_9] [INFO]   lãi đậm                                   99.1%
[2026-06-30 16:38:51] [TASK_9] [INFO]   doanh thu kỷ lục                          99.1%
[2026-06-30 16:38:51] [TASK_9] [INFO]   thua lỗ                                   99.1%
[2026-06-30 16:38:51] [TASK_9] [INFO]   báo lỗ                                    99.0%
[2026-06-30 16:38:51] [TASK_9] [INFO]   bị phạt                                   98.8%
[2026-06-30 16:38:51] [TASK_9] [INFO]   lợi nhuận giảm                            98.7%
[2026-06-30 16:38:51] [TASK_9] [INFO]   lãi lớn                                   98.6%
[2026-06-30 16:38:51] [TASK_9] [INFO]   khởi sắc                                  98.6%
[2026-06-30 16:38:51] [TASK_9] [INFO]   lao dốc                                   98.6%
[2026-06-30 16:38:51] [TASK_9] [INFO]   tăng vọt                                  98.5%
[2026-06-30 16:38:51] [TASK_9] [INFO]   doanh thu tăng                            98.3%
[2026-06-30 16:38:51] [TASK_9] [INFO]   hoàn thành kế hoạch                       98.3%
[2026-06-30 16:38:51] [TASK_9] [INFO]   hợp tác chiến lược                        98.3%
[2026-06-30 16:38:51] [TASK_9] [INFO]   sáp nhập                                  98.3%
[2026-06-30 16:38:51] [TASK_9] [INFO]   cảnh báo                                  98.2%
[2026-06-30 16:38:51] [TASK_9] [INFO]   tăng trưởng mạnh                          98.0%
[2026-06-30 16:38:51] [TASK_9] [INFO]   đóng cửa                                  98.0%
[2026-06-30 16:38:51] [TASK_9] [INFO]   lập đỉnh                                  97.9%
[2026-06-30 16:38:51] [TASK_9] [INFO]   trả nợ                                    97.9%
[2026-06-30 16:38:51] [TASK_9] [INFO]   giảm sâu                                  97.9%
[2026-06-30 16:38:51] [TASK_9] [INFO]   sụt giảm                                  97.7%
[2026-06-30 16:38:51] [TASK_9] [INFO]   vượt kế hoạch                             97.5%
[2026-06-30 16:38:51] [TASK_9] [INFO]   phục hồi                                  97.4%
[2026-06-30 16:38:51] [TASK_9] [INFO]   mua lại cổ phiếu                          97.4%
[2026-06-30 16:38:51] [TASK_9] [INFO]   đại hội cổ đông                           97.2%
[2026-06-30 16:38:51] [TASK_9] [INFO]   giảm mạnh                                 96.6%
[2026-06-30 16:38:51] [TASK_9] [INFO]   lợi nhuận tăng                            96.6%
[2026-06-30 16:38:51] [TASK_9] [INFO]   lãi kỷ lục                                96.4%
[2026-06-30 16:38:51] [TASK_9] [INFO]   thoái vốn                                 96.3%
[2026-06-30 16:38:51] [TASK_9] [INFO]   bứt phá                                   95.8%
[2026-06-30 16:38:51] [TASK_9] [INFO]   nợ xấu                                    95.2%
[2026-06-30 16:38:51] [TASK_9] [INFO] 
pos_score distribution:
[2026-06-30 16:38:51] [TASK_9] [INFO]   mean=0.1064  std=0.1671  min=0.0000  max=2.0000
[2026-06-30 16:38:51] [TASK_9] [INFO] neg_score distribution:
[2026-06-30 16:38:51] [TASK_9] [INFO]   mean=0.0309  std=0.1029  min=0.0000  max=1.5000
[2026-06-30 16:38:51] [TASK_9] [INFO] ======================================================================
[2026-06-30 16:38:51] [TASK_9] [INFO] TASK 9 complete.
[2026-06-30 16:38:51] [TASK_9] [INFO] ------------------------------------------------------------
[2026-06-30 16:38:51] [TASK_9] [INFO] END TASK_9 — completed in 7.3 seconds
[2026-06-30 16:38:51] [TASK_9] [INFO] Output: data/features/keyword_features.csv (1450 rows)
[2026-06-30 16:38:51] [TASK_9] [INFO] ============================================================
