[2026-07-05 07:07:36] [TASK_6] [INFO] ============================================================
[2026-07-05 07:07:36] [TASK_6] [INFO] START TASK_6: Label Building (binary classification labels)
[2026-07-05 07:07:36] [TASK_6] [INFO] Timestamp: 2026-07-05T07:07:36.311666
[2026-07-05 07:07:36] [TASK_6] [INFO] ============================================================
[2026-07-05 07:07:36] [TASK_6] [INFO] Input: data/aggregated/master_dataset.csv (1428 rows)
[2026-07-05 07:07:36] [TASK_6] [INFO] ------------------------------------------------------------
[2026-07-05 07:07:36] [TASK_6] [INFO] END TASK_6 — completed in 0.0 seconds
[2026-07-05 07:07:36] [TASK_6] [INFO] ============================================================
[2026-07-05 07:07:37] [TASK_6] [INFO] ============================================================
[2026-07-05 07:07:37] [TASK_6] [INFO] START TASK_6: Label Building (binary classification labels)
[2026-07-05 07:07:37] [TASK_6] [INFO] Timestamp: 2026-07-05T07:07:37.451562
[2026-07-05 07:07:37] [TASK_6] [INFO] ============================================================
[2026-07-05 07:07:37] [TASK_6] [INFO] Input: data/aggregated/master_dataset.csv (1428 rows)
[2026-07-05 07:07:37] [TASK_6] [INFO] ------------------------------------------------------------
[2026-07-05 07:07:37] [TASK_6] [INFO] END TASK_6 — completed in 0.0 seconds
[2026-07-05 07:07:37] [TASK_6] [INFO] ============================================================
[2026-07-05 15:16:52] [TASK_6] [INFO] ============================================================
[2026-07-05 15:16:52] [TASK_6] [INFO] START TASK_6: Label Building (binary classification labels)
[2026-07-05 15:16:52] [TASK_6] [INFO] Timestamp: 2026-07-05T15:16:52.299579
[2026-07-05 15:16:52] [TASK_6] [INFO] ============================================================
[2026-07-05 15:16:52] [TASK_6] [INFO] Input: data/aggregated/master_dataset.csv (1428 rows)
[2026-07-05 15:16:52] [TASK_6] [INFO] ------------------------------------------------------------
[2026-07-05 15:16:52] [TASK_6] [INFO] END TASK_6 — completed in 0.0 seconds
[2026-07-05 15:16:52] [TASK_6] [INFO] ============================================================
[2026-07-05 15:16:54] [TASK_6] [INFO] ============================================================
[2026-07-05 15:16:54] [TASK_6] [INFO] START TASK_6: Label Building (binary classification labels)
[2026-07-05 15:16:54] [TASK_6] [INFO] Timestamp: 2026-07-05T15:16:54.272999
[2026-07-05 15:16:54] [TASK_6] [INFO] ============================================================
[2026-07-05 15:16:54] [TASK_6] [INFO] Input: data/aggregated/master_dataset.csv (1428 rows)
[2026-07-05 15:16:54] [TASK_6] [INFO] ------------------------------------------------------------
[2026-07-05 15:16:54] [TASK_6] [INFO] END TASK_6 — completed in 0.0 seconds
[2026-07-05 15:16:54] [TASK_6] [INFO] ============================================================
