[2026-07-04 21:25:50] [TASK_11] [INFO] ============================================================
[2026-07-04 21:25:50] [TASK_11] [INFO] START TASK_11: SHAP Analysis (feature importance)
[2026-07-04 21:25:50] [TASK_11] [INFO] Timestamp: 2026-07-04T21:25:50.230168
[2026-07-04 21:25:50] [TASK_11] [INFO] ============================================================
[2026-07-04 21:25:50] [TASK_11] [INFO] ------------------------------------------------------------
[2026-07-04 21:25:50] [TASK_11] [INFO] END TASK_11 — completed in 0.0 seconds
[2026-07-04 21:25:50] [TASK_11] [INFO] ============================================================
[2026-07-04 21:25:50] [TASK_11] [INFO] ============================================================
[2026-07-04 21:25:50] [TASK_11] [INFO] START TASK_11: SHAP Analysis (feature importance)
[2026-07-04 21:25:50] [TASK_11] [INFO] Timestamp: 2026-07-04T21:25:50.944166
[2026-07-04 21:25:50] [TASK_11] [INFO] ============================================================
[2026-07-04 21:25:50] [TASK_11] [INFO] ------------------------------------------------------------
[2026-07-04 21:25:50] [TASK_11] [INFO] END TASK_11 — completed in 0.0 seconds
[2026-07-04 21:25:50] [TASK_11] [INFO] ============================================================
[2026-07-04 22:25:28] [TASK_11] [INFO] ============================================================
[2026-07-04 22:25:28] [TASK_11] [INFO] START TASK_11: SHAP Analysis (feature importance)
[2026-07-04 22:25:28] [TASK_11] [INFO] Timestamp: 2026-07-04T22:25:28.472287
[2026-07-04 22:25:28] [TASK_11] [INFO] ============================================================
[2026-07-04 22:25:28] [TASK_11] [INFO] ------------------------------------------------------------
[2026-07-04 22:25:28] [TASK_11] [INFO] END TASK_11 — completed in 0.0 seconds
[2026-07-04 22:25:28] [TASK_11] [INFO] ============================================================
[2026-07-04 22:25:29] [TASK_11] [INFO] ============================================================
[2026-07-04 22:25:29] [TASK_11] [INFO] START TASK_11: SHAP Analysis (feature importance)
[2026-07-04 22:25:29] [TASK_11] [INFO] Timestamp: 2026-07-04T22:25:29.333506
[2026-07-04 22:25:29] [TASK_11] [INFO] ============================================================
[2026-07-04 22:25:29] [TASK_11] [INFO] ------------------------------------------------------------
[2026-07-04 22:25:29] [TASK_11] [INFO] END TASK_11 — completed in 0.0 seconds
[2026-07-04 22:25:29] [TASK_11] [INFO] ============================================================
