[2026-07-12 09:10:12] [TASK_3] [INFO] ============================================================
[2026-07-12 09:10:12] [TASK_3] [INFO] START TASK_3: Entity Matching (articles → tickers)
[2026-07-12 09:10:12] [TASK_3] [INFO] Timestamp: 2026-07-12T09:10:12.607341
[2026-07-12 09:10:12] [TASK_3] [INFO] ============================================================
[2026-07-12 09:10:12] [TASK_3] [INFO] Input: data/news/tnck/tnck_raw.csv (1446 rows)
[2026-07-12 09:10:12] [TASK_3] [INFO] Input: data/news/vietnambiz/vietnambiz_raw.csv (3598 rows)
[2026-07-12 09:10:12] [TASK_3] [INFO] Input: data/news/vnexpress/vnexpress_raw.csv (1762 rows)
[2026-07-12 09:10:12] [TASK_3] [INFO] Input: data/news/kinhtechungkhoan/kinhtechungkhoan_raw.csv (8513 rows)
[2026-07-12 09:10:12] [TASK_3] [INFO] ------------------------------------------------------------
[2026-07-12 09:10:12] [TASK_3] [INFO] END TASK_3 — completed in 0.0 seconds
[2026-07-12 09:10:12] [TASK_3] [INFO] ============================================================
[2026-07-12 09:10:32] [TASK_3] [INFO] ============================================================
[2026-07-12 09:10:32] [TASK_3] [INFO] START TASK_3: Entity Matching (articles → tickers)
[2026-07-12 09:10:32] [TASK_3] [INFO] Timestamp: 2026-07-12T09:10:32.805214
[2026-07-12 09:10:32] [TASK_3] [INFO] ============================================================
[2026-07-12 09:10:32] [TASK_3] [INFO] Input: data/news/tnck/tnck_raw.csv (1446 rows)
[2026-07-12 09:10:32] [TASK_3] [INFO] Input: data/news/vietnambiz/vietnambiz_raw.csv (3598 rows)
[2026-07-12 09:10:32] [TASK_3] [INFO] Input: data/news/vnexpress/vnexpress_raw.csv (1762 rows)
[2026-07-12 09:10:32] [TASK_3] [INFO] Input: data/news/kinhtechungkhoan/kinhtechungkhoan_raw.csv (8513 rows)
[2026-07-12 09:10:32] [TASK_3] [INFO] ------------------------------------------------------------
[2026-07-12 09:10:32] [TASK_3] [INFO] END TASK_3 — completed in 0.0 seconds
[2026-07-12 09:10:32] [TASK_3] [INFO] ============================================================
[2026-07-12 09:11:06] [TASK_3] [INFO] Logged 1 unmatched article URLs to logs/unmatched_articles.log
[2026-07-12 09:11:06] [TASK_3] [INFO] Logged 1 unmatched article URLs to logs/unmatched_articles.log
[2026-07-12 09:11:06] [TASK_3] [INFO] Logged 1 unmatched article URLs to logs/unmatched_articles.log
