[2026-07-04 21:25:49] [TASK_4] [INFO] ============================================================
[2026-07-04 21:25:49] [TASK_4] [INFO] START TASK_4: Text Preprocessing (clean, tokenize, deduplicate)
[2026-07-04 21:25:49] [TASK_4] [INFO] Timestamp: 2026-07-04T21:25:49.556646
[2026-07-04 21:25:49] [TASK_4] [INFO] ============================================================
[2026-07-04 21:25:49] [TASK_4] [INFO] Input: data/news/matched/all_news_matched.csv (52807 rows)
[2026-07-04 21:25:49] [TASK_4] [INFO] ------------------------------------------------------------
[2026-07-04 21:25:49] [TASK_4] [INFO] END TASK_4 — completed in 0.0 seconds
[2026-07-04 21:25:49] [TASK_4] [INFO] ============================================================
[2026-07-04 21:25:50] [TASK_4] [INFO] ============================================================
[2026-07-04 21:25:50] [TASK_4] [INFO] START TASK_4: Text Preprocessing (clean, tokenize, deduplicate)
[2026-07-04 21:25:50] [TASK_4] [INFO] Timestamp: 2026-07-04T21:25:50.361047
[2026-07-04 21:25:50] [TASK_4] [INFO] ============================================================
[2026-07-04 21:25:50] [TASK_4] [INFO] Input: data/news/matched/all_news_matched.csv (52807 rows)
[2026-07-04 21:25:50] [TASK_4] [INFO] ------------------------------------------------------------
[2026-07-04 21:25:50] [TASK_4] [INFO] END TASK_4 — completed in 0.0 seconds
[2026-07-04 21:25:50] [TASK_4] [INFO] ============================================================
[2026-07-04 22:25:27] [TASK_4] [INFO] ============================================================
[2026-07-04 22:25:27] [TASK_4] [INFO] START TASK_4: Text Preprocessing (clean, tokenize, deduplicate)
[2026-07-04 22:25:27] [TASK_4] [INFO] Timestamp: 2026-07-04T22:25:27.762749
[2026-07-04 22:25:27] [TASK_4] [INFO] ============================================================
[2026-07-04 22:25:27] [TASK_4] [INFO] Input: data/news/enriched/all_news_enriched.csv (52807 rows)
[2026-07-04 22:25:27] [TASK_4] [INFO] Input: data/news/matched/all_news_matched.csv (52807 rows)
[2026-07-04 22:25:27] [TASK_4] [INFO] ------------------------------------------------------------
[2026-07-04 22:25:27] [TASK_4] [INFO] END TASK_4 — completed in 0.0 seconds
[2026-07-04 22:25:27] [TASK_4] [INFO] ============================================================
[2026-07-04 22:25:28] [TASK_4] [INFO] ============================================================
[2026-07-04 22:25:28] [TASK_4] [INFO] START TASK_4: Text Preprocessing (clean, tokenize, deduplicate)
[2026-07-04 22:25:28] [TASK_4] [INFO] Timestamp: 2026-07-04T22:25:28.616720
[2026-07-04 22:25:28] [TASK_4] [INFO] ============================================================
[2026-07-04 22:25:28] [TASK_4] [INFO] Input: data/news/enriched/all_news_enriched.csv (52807 rows)
[2026-07-04 22:25:28] [TASK_4] [INFO] Input: data/news/matched/all_news_matched.csv (52807 rows)
[2026-07-04 22:25:28] [TASK_4] [INFO] ------------------------------------------------------------
[2026-07-04 22:25:28] [TASK_4] [INFO] END TASK_4 — completed in 0.0 seconds
[2026-07-04 22:25:28] [TASK_4] [INFO] ============================================================
