[2026-07-02 10:06:32] [TASK_5] [INFO] ============================================================
[2026-07-02 10:06:32] [TASK_5] [INFO] START TASK_5: Data Aggregation (group by ticker × quarter)
[2026-07-02 10:06:32] [TASK_5] [INFO] Timestamp: 2026-07-02T10:06:32.136832
[2026-07-02 10:06:32] [TASK_5] [INFO] ============================================================
[2026-07-02 10:06:32] [TASK_5] [INFO] Input: data/prices/all_vn30_prices.csv (93824 rows)
[2026-07-02 10:06:32] [TASK_5] [INFO] Input: data/news/processed/all_news_processed.csv (34979 rows)
[2026-07-02 10:06:32] [TASK_5] [INFO] ------------------------------------------------------------
[2026-07-02 10:06:32] [TASK_5] [INFO] END TASK_5 — completed in 0.0 seconds
[2026-07-02 10:06:32] [TASK_5] [INFO] ============================================================
[2026-07-02 10:06:32] [TASK_5] [INFO] ============================================================
[2026-07-02 10:06:32] [TASK_5] [INFO] START TASK_5: Data Aggregation (group by ticker × quarter)
[2026-07-02 10:06:32] [TASK_5] [INFO] Timestamp: 2026-07-02T10:06:32.887961
[2026-07-02 10:06:32] [TASK_5] [INFO] ============================================================
[2026-07-02 10:06:32] [TASK_5] [INFO] Input: data/prices/all_vn30_prices.csv (93824 rows)
[2026-07-02 10:06:33] [TASK_5] [INFO] Input: data/news/processed/all_news_processed.csv (34979 rows)
[2026-07-02 10:06:33] [TASK_5] [INFO] ------------------------------------------------------------
[2026-07-02 10:06:33] [TASK_5] [INFO] END TASK_5 — completed in 0.0 seconds
[2026-07-02 10:06:33] [TASK_5] [INFO] ============================================================
[2026-07-02 10:07:49] [TASK_5] [INFO] ============================================================
[2026-07-02 10:07:49] [TASK_5] [INFO] START TASK_5: Data Aggregation (group by ticker × quarter)
[2026-07-02 10:07:49] [TASK_5] [INFO] Timestamp: 2026-07-02T10:07:49.206818
[2026-07-02 10:07:49] [TASK_5] [INFO] ============================================================
[2026-07-02 10:07:49] [TASK_5] [INFO] Input: data/prices/all_vn30_prices.csv (93824 rows)
[2026-07-02 10:07:49] [TASK_5] [INFO] Input: data/news/processed/all_news_processed.csv (34979 rows)
[2026-07-02 10:07:49] [TASK_5] [INFO] ------------------------------------------------------------
[2026-07-02 10:07:49] [TASK_5] [INFO] END TASK_5 — completed in 0.0 seconds
[2026-07-02 10:07:49] [TASK_5] [INFO] ============================================================
[2026-07-02 10:07:49] [TASK_5] [INFO] ============================================================
[2026-07-02 10:07:49] [TASK_5] [INFO] START TASK_5: Data Aggregation (group by ticker × quarter)
[2026-07-02 10:07:49] [TASK_5] [INFO] Timestamp: 2026-07-02T10:07:49.868159
[2026-07-02 10:07:49] [TASK_5] [INFO] ============================================================
[2026-07-02 10:07:49] [TASK_5] [INFO] Input: data/prices/all_vn30_prices.csv (93824 rows)
[2026-07-02 10:07:50] [TASK_5] [INFO] Input: data/news/processed/all_news_processed.csv (34979 rows)
[2026-07-02 10:07:50] [TASK_5] [INFO] ------------------------------------------------------------
[2026-07-02 10:07:50] [TASK_5] [INFO] END TASK_5 — completed in 0.0 seconds
[2026-07-02 10:07:50] [TASK_5] [INFO] ============================================================
[2026-07-02 17:47:37] [TASK_5] [INFO] ============================================================
[2026-07-02 17:47:37] [TASK_5] [INFO] START TASK_5: Data Aggregation (group by ticker × quarter)
[2026-07-02 17:47:37] [TASK_5] [INFO] Timestamp: 2026-07-02T17:47:37.400767
[2026-07-02 17:47:37] [TASK_5] [INFO] ============================================================
[2026-07-02 17:47:37] [TASK_5] [INFO] Input: data/prices/all_vn30_prices.csv (93824 rows)
[2026-07-02 17:47:37] [TASK_5] [INFO] Input: data/news/processed/all_news_processed.csv (34979 rows)
[2026-07-02 17:47:37] [TASK_5] [INFO] ------------------------------------------------------------
[2026-07-02 17:47:37] [TASK_5] [INFO] END TASK_5 — completed in 0.0 seconds
[2026-07-02 17:47:37] [TASK_5] [INFO] ============================================================
[2026-07-02 17:47:38] [TASK_5] [INFO] ============================================================
[2026-07-02 17:47:38] [TASK_5] [INFO] START TASK_5: Data Aggregation (group by ticker × quarter)
[2026-07-02 17:47:38] [TASK_5] [INFO] Timestamp: 2026-07-02T17:47:38.065128
[2026-07-02 17:47:38] [TASK_5] [INFO] ============================================================
[2026-07-02 17:47:38] [TASK_5] [INFO] Input: data/prices/all_vn30_prices.csv (93824 rows)
[2026-07-02 17:47:38] [TASK_5] [INFO] Input: data/news/processed/all_news_processed.csv (34979 rows)
[2026-07-02 17:47:38] [TASK_5] [INFO] ------------------------------------------------------------
[2026-07-02 17:47:38] [TASK_5] [INFO] END TASK_5 — completed in 0.0 seconds
[2026-07-02 17:47:38] [TASK_5] [INFO] ============================================================
[2026-07-02 17:50:25] [TASK_5] [INFO] ============================================================
[2026-07-02 17:50:25] [TASK_5] [INFO] START TASK_5: Data Aggregation (group by ticker × quarter)
[2026-07-02 17:50:25] [TASK_5] [INFO] Timestamp: 2026-07-02T17:50:25.282143
[2026-07-02 17:50:25] [TASK_5] [INFO] ============================================================
[2026-07-02 17:50:25] [TASK_5] [INFO] Input: data/prices/all_vn30_prices.csv (93824 rows)
[2026-07-02 17:50:25] [TASK_5] [INFO] Input: data/news/processed/all_news_processed.csv (34979 rows)
[2026-07-02 17:50:25] [TASK_5] [INFO] ------------------------------------------------------------
[2026-07-02 17:50:25] [TASK_5] [INFO] END TASK_5 — completed in 0.0 seconds
[2026-07-02 17:50:25] [TASK_5] [INFO] ============================================================
[2026-07-02 17:50:25] [TASK_5] [INFO] ============================================================
[2026-07-02 17:50:25] [TASK_5] [INFO] START TASK_5: Data Aggregation (group by ticker × quarter)
[2026-07-02 17:50:25] [TASK_5] [INFO] Timestamp: 2026-07-02T17:50:25.938016
[2026-07-02 17:50:25] [TASK_5] [INFO] ============================================================
[2026-07-02 17:50:25] [TASK_5] [INFO] Input: data/prices/all_vn30_prices.csv (93824 rows)
[2026-07-02 17:50:26] [TASK_5] [INFO] Input: data/news/processed/all_news_processed.csv (34979 rows)
[2026-07-02 17:50:26] [TASK_5] [INFO] ------------------------------------------------------------
[2026-07-02 17:50:26] [TASK_5] [INFO] END TASK_5 — completed in 0.0 seconds
[2026-07-02 17:50:26] [TASK_5] [INFO] ============================================================
