[2026-07-05 07:07:35] [TASK_4] [INFO] ============================================================
[2026-07-05 07:07:35] [TASK_4] [INFO] START TASK_4: Text Preprocessing (clean, tokenize, deduplicate)
[2026-07-05 07:07:35] [TASK_4] [INFO] Timestamp: 2026-07-05T07:07:35.656836
[2026-07-05 07:07:35] [TASK_4] [INFO] ============================================================
[2026-07-05 07:07:36] [TASK_4] [INFO] Input: data/news/enriched/all_news_enriched.csv (52812 rows)
[2026-07-05 07:07:36] [TASK_4] [INFO] Input: data/news/matched/all_news_matched.csv (52807 rows)
[2026-07-05 07:07:36] [TASK_4] [INFO] ------------------------------------------------------------
[2026-07-05 07:07:36] [TASK_4] [INFO] END TASK_4 — completed in 0.0 seconds
[2026-07-05 07:07:36] [TASK_4] [INFO] ============================================================
[2026-07-05 07:07:36] [TASK_4] [INFO] ============================================================
[2026-07-05 07:07:36] [TASK_4] [INFO] START TASK_4: Text Preprocessing (clean, tokenize, deduplicate)
[2026-07-05 07:07:36] [TASK_4] [INFO] Timestamp: 2026-07-05T07:07:36.826379
[2026-07-05 07:07:36] [TASK_4] [INFO] ============================================================
[2026-07-05 07:07:37] [TASK_4] [INFO] Input: data/news/enriched/all_news_enriched.csv (52812 rows)
[2026-07-05 07:07:37] [TASK_4] [INFO] Input: data/news/matched/all_news_matched.csv (52807 rows)
[2026-07-05 07:07:37] [TASK_4] [INFO] ------------------------------------------------------------
[2026-07-05 07:07:37] [TASK_4] [INFO] END TASK_4 — completed in 0.0 seconds
[2026-07-05 07:07:37] [TASK_4] [INFO] ============================================================
[2026-07-05 15:16:50] [TASK_4] [INFO] ============================================================
[2026-07-05 15:16:50] [TASK_4] [INFO] START TASK_4: Text Preprocessing (clean, tokenize, deduplicate)
[2026-07-05 15:16:50] [TASK_4] [INFO] Timestamp: 2026-07-05T15:16:50.803731
[2026-07-05 15:16:50] [TASK_4] [INFO] ============================================================
[2026-07-05 15:16:51] [TASK_4] [INFO] Input: data/news/enriched/all_news_enriched.csv (52812 rows)
[2026-07-05 15:16:52] [TASK_4] [INFO] Input: data/news/matched/all_news_matched.csv (52807 rows)
[2026-07-05 15:16:52] [TASK_4] [INFO] ------------------------------------------------------------
[2026-07-05 15:16:52] [TASK_4] [INFO] END TASK_4 — completed in 0.0 seconds
[2026-07-05 15:16:52] [TASK_4] [INFO] ============================================================
[2026-07-05 15:16:52] [TASK_4] [INFO] ============================================================
[2026-07-05 15:16:52] [TASK_4] [INFO] START TASK_4: Text Preprocessing (clean, tokenize, deduplicate)
[2026-07-05 15:16:52] [TASK_4] [INFO] Timestamp: 2026-07-05T15:16:52.780434
[2026-07-05 15:16:52] [TASK_4] [INFO] ============================================================
[2026-07-05 15:16:53] [TASK_4] [INFO] Input: data/news/enriched/all_news_enriched.csv (52812 rows)
[2026-07-05 15:16:54] [TASK_4] [INFO] Input: data/news/matched/all_news_matched.csv (52807 rows)
[2026-07-05 15:16:54] [TASK_4] [INFO] ------------------------------------------------------------
[2026-07-05 15:16:54] [TASK_4] [INFO] END TASK_4 — completed in 0.0 seconds
[2026-07-05 15:16:54] [TASK_4] [INFO] ============================================================
