[2026-07-05 07:07:36] [TASK_8] [INFO] ============================================================
[2026-07-05 07:07:36] [TASK_8] [INFO] START TASK_8: Keyword Building (curate financial keywords)
[2026-07-05 07:07:36] [TASK_8] [INFO] Timestamp: 2026-07-05T07:07:36.398854
[2026-07-05 07:07:36] [TASK_8] [INFO] ============================================================
[2026-07-05 07:07:36] [TASK_8] [INFO] Input: data/news/processed/all_news_processed.csv (34979 rows)
[2026-07-05 07:07:36] [TASK_8] [INFO] ------------------------------------------------------------
[2026-07-05 07:07:36] [TASK_8] [INFO] END TASK_8 — completed in 0.0 seconds
[2026-07-05 07:07:36] [TASK_8] [INFO] ============================================================
[2026-07-05 07:07:37] [TASK_8] [INFO] ============================================================
[2026-07-05 07:07:37] [TASK_8] [INFO] START TASK_8: Keyword Building (curate financial keywords)
[2026-07-05 07:07:37] [TASK_8] [INFO] Timestamp: 2026-07-05T07:07:37.515228
[2026-07-05 07:07:37] [TASK_8] [INFO] ============================================================
[2026-07-05 07:07:37] [TASK_8] [INFO] Input: data/news/processed/all_news_processed.csv (34979 rows)
[2026-07-05 07:07:37] [TASK_8] [INFO] ------------------------------------------------------------
[2026-07-05 07:07:37] [TASK_8] [INFO] END TASK_8 — completed in 0.0 seconds
[2026-07-05 07:07:37] [TASK_8] [INFO] ============================================================
[2026-07-05 15:16:52] [TASK_8] [INFO] ============================================================
[2026-07-05 15:16:52] [TASK_8] [INFO] START TASK_8: Keyword Building (curate financial keywords)
[2026-07-05 15:16:52] [TASK_8] [INFO] Timestamp: 2026-07-05T15:16:52.363814
[2026-07-05 15:16:52] [TASK_8] [INFO] ============================================================
[2026-07-05 15:16:52] [TASK_8] [INFO] Input: data/news/processed/all_news_processed.csv (34979 rows)
[2026-07-05 15:16:52] [TASK_8] [INFO] ------------------------------------------------------------
[2026-07-05 15:16:52] [TASK_8] [INFO] END TASK_8 — completed in 0.0 seconds
[2026-07-05 15:16:52] [TASK_8] [INFO] ============================================================
[2026-07-05 15:16:54] [TASK_8] [INFO] ============================================================
[2026-07-05 15:16:54] [TASK_8] [INFO] START TASK_8: Keyword Building (curate financial keywords)
[2026-07-05 15:16:54] [TASK_8] [INFO] Timestamp: 2026-07-05T15:16:54.310749
[2026-07-05 15:16:54] [TASK_8] [INFO] ============================================================
[2026-07-05 15:16:54] [TASK_8] [INFO] Input: data/news/processed/all_news_processed.csv (34979 rows)
[2026-07-05 15:16:54] [TASK_8] [INFO] ------------------------------------------------------------
[2026-07-05 15:16:54] [TASK_8] [INFO] END TASK_8 — completed in 0.0 seconds
[2026-07-05 15:16:54] [TASK_8] [INFO] ============================================================
