[2026-07-02 10:06:32] [TASK_6] [INFO] ============================================================
[2026-07-02 10:06:32] [TASK_6] [INFO] START TASK_6: Label Building (binary classification labels)
[2026-07-02 10:06:32] [TASK_6] [INFO] Timestamp: 2026-07-02T10:06:32.351697
[2026-07-02 10:06:32] [TASK_6] [INFO] ============================================================
[2026-07-02 10:06:32] [TASK_6] [INFO] Input: data/aggregated/master_dataset.csv (1428 rows)
[2026-07-02 10:06:32] [TASK_6] [INFO] ------------------------------------------------------------
[2026-07-02 10:06:32] [TASK_6] [INFO] END TASK_6 — completed in 0.0 seconds
[2026-07-02 10:06:32] [TASK_6] [INFO] ============================================================
[2026-07-02 10:06:33] [TASK_6] [INFO] ============================================================
[2026-07-02 10:06:33] [TASK_6] [INFO] START TASK_6: Label Building (binary classification labels)
[2026-07-02 10:06:33] [TASK_6] [INFO] Timestamp: 2026-07-02T10:06:33.079857
[2026-07-02 10:06:33] [TASK_6] [INFO] ============================================================
[2026-07-02 10:06:33] [TASK_6] [INFO] Input: data/aggregated/master_dataset.csv (1428 rows)
[2026-07-02 10:06:33] [TASK_6] [INFO] ------------------------------------------------------------
[2026-07-02 10:06:33] [TASK_6] [INFO] END TASK_6 — completed in 0.0 seconds
[2026-07-02 10:06:33] [TASK_6] [INFO] ============================================================
[2026-07-02 10:07:49] [TASK_6] [INFO] ============================================================
[2026-07-02 10:07:49] [TASK_6] [INFO] START TASK_6: Label Building (binary classification labels)
[2026-07-02 10:07:49] [TASK_6] [INFO] Timestamp: 2026-07-02T10:07:49.394436
[2026-07-02 10:07:49] [TASK_6] [INFO] ============================================================
[2026-07-02 10:07:49] [TASK_6] [INFO] Input: data/aggregated/master_dataset.csv (1428 rows)
[2026-07-02 10:07:49] [TASK_6] [INFO] ------------------------------------------------------------
[2026-07-02 10:07:49] [TASK_6] [INFO] END TASK_6 — completed in 0.0 seconds
[2026-07-02 10:07:49] [TASK_6] [INFO] ============================================================
[2026-07-02 10:07:50] [TASK_6] [INFO] ============================================================
[2026-07-02 10:07:50] [TASK_6] [INFO] START TASK_6: Label Building (binary classification labels)
[2026-07-02 10:07:50] [TASK_6] [INFO] Timestamp: 2026-07-02T10:07:50.070964
[2026-07-02 10:07:50] [TASK_6] [INFO] ============================================================
[2026-07-02 10:07:50] [TASK_6] [INFO] Input: data/aggregated/master_dataset.csv (1428 rows)
[2026-07-02 10:07:50] [TASK_6] [INFO] ------------------------------------------------------------
[2026-07-02 10:07:50] [TASK_6] [INFO] END TASK_6 — completed in 0.0 seconds
[2026-07-02 10:07:50] [TASK_6] [INFO] ============================================================
[2026-07-02 17:47:37] [TASK_6] [INFO] ============================================================
[2026-07-02 17:47:37] [TASK_6] [INFO] START TASK_6: Label Building (binary classification labels)
[2026-07-02 17:47:37] [TASK_6] [INFO] Timestamp: 2026-07-02T17:47:37.596523
[2026-07-02 17:47:37] [TASK_6] [INFO] ============================================================
[2026-07-02 17:47:37] [TASK_6] [INFO] Input: data/aggregated/master_dataset.csv (1428 rows)
[2026-07-02 17:47:37] [TASK_6] [INFO] ------------------------------------------------------------
[2026-07-02 17:47:37] [TASK_6] [INFO] END TASK_6 — completed in 0.0 seconds
[2026-07-02 17:47:37] [TASK_6] [INFO] ============================================================
[2026-07-02 17:47:38] [TASK_6] [INFO] ============================================================
[2026-07-02 17:47:38] [TASK_6] [INFO] START TASK_6: Label Building (binary classification labels)
[2026-07-02 17:47:38] [TASK_6] [INFO] Timestamp: 2026-07-02T17:47:38.259394
[2026-07-02 17:47:38] [TASK_6] [INFO] ============================================================
[2026-07-02 17:47:38] [TASK_6] [INFO] Input: data/aggregated/master_dataset.csv (1428 rows)
[2026-07-02 17:47:38] [TASK_6] [INFO] ------------------------------------------------------------
[2026-07-02 17:47:38] [TASK_6] [INFO] END TASK_6 — completed in 0.0 seconds
[2026-07-02 17:47:38] [TASK_6] [INFO] ============================================================
[2026-07-02 17:50:25] [TASK_6] [INFO] ============================================================
[2026-07-02 17:50:25] [TASK_6] [INFO] START TASK_6: Label Building (binary classification labels)
[2026-07-02 17:50:25] [TASK_6] [INFO] Timestamp: 2026-07-02T17:50:25.480253
[2026-07-02 17:50:25] [TASK_6] [INFO] ============================================================
[2026-07-02 17:50:25] [TASK_6] [INFO] Input: data/aggregated/master_dataset.csv (1428 rows)
[2026-07-02 17:50:25] [TASK_6] [INFO] ------------------------------------------------------------
[2026-07-02 17:50:25] [TASK_6] [INFO] END TASK_6 — completed in 0.0 seconds
[2026-07-02 17:50:25] [TASK_6] [INFO] ============================================================
[2026-07-02 17:50:26] [TASK_6] [INFO] ============================================================
[2026-07-02 17:50:26] [TASK_6] [INFO] START TASK_6: Label Building (binary classification labels)
[2026-07-02 17:50:26] [TASK_6] [INFO] Timestamp: 2026-07-02T17:50:26.126187
[2026-07-02 17:50:26] [TASK_6] [INFO] ============================================================
[2026-07-02 17:50:26] [TASK_6] [INFO] Input: data/aggregated/master_dataset.csv (1428 rows)
[2026-07-02 17:50:26] [TASK_6] [INFO] ------------------------------------------------------------
[2026-07-02 17:50:26] [TASK_6] [INFO] END TASK_6 — completed in 0.0 seconds
[2026-07-02 17:50:26] [TASK_6] [INFO] ============================================================
