[2026-06-27 22:31:45] [TASK_8] [INFO] ============================================================
[2026-06-27 22:31:45] [TASK_8] [INFO] START TASK_8: Keyword Building (curate financial keywords)
[2026-06-27 22:31:45] [TASK_8] [INFO] Timestamp: 2026-06-27T22:31:45.800686
[2026-06-27 22:31:45] [TASK_8] [INFO] ============================================================
[2026-06-27 22:31:45] [TASK_8] [INFO] ------------------------------------------------------------
[2026-06-27 22:31:45] [TASK_8] [INFO] END TASK_8 — completed in 0.0 seconds
[2026-06-27 22:31:45] [TASK_8] [INFO] ============================================================
[2026-06-27 22:31:45] [TASK_8] [INFO] ============================================================
[2026-06-27 22:31:45] [TASK_8] [INFO] START TASK_8: Keyword Building (curate financial keywords)
[2026-06-27 22:31:45] [TASK_8] [INFO] Timestamp: 2026-06-27T22:31:45.827919
[2026-06-27 22:31:45] [TASK_8] [INFO] ============================================================
[2026-06-27 22:31:45] [TASK_8] [INFO] ------------------------------------------------------------
[2026-06-27 22:31:45] [TASK_8] [INFO] END TASK_8 — completed in 0.0 seconds
[2026-06-27 22:31:45] [TASK_8] [INFO] ============================================================
[2026-06-27 22:32:01] [TASK_8] [INFO] Starting Keyword Builder (TASK 8)...
[2026-06-27 22:32:01] [TASK_8] [INFO] Loaded 23 stopwords.
[2026-06-27 22:32:01] [TASK_8] [INFO] Extracting keyword candidates from 10 documents...
[2026-06-27 22:32:01] [TASK_8] [INFO] Saved 176 keyword candidates to C:\Users\User\AppData\Local\Temp\tmptllddvsu\keyword_candidates.csv (unigrams: 83, bigrams: 93).
[2026-06-27 22:32:01] [TASK_8] [INFO] Curated keyword list: 28 positive, 36 negative, 9 neutral (total: 73).
[2026-06-27 22:32:01] [TASK_8] [INFO] Saved flat keyword list to C:\Users\User\AppData\Local\Temp\tmptllddvsu\keywords_finance.json.
[2026-06-27 22:32:01] [TASK_8] [INFO] Saved group-level keyword breakdown to C:\Users\User\AppData\Local\Temp\tmptllddvsu\keywords_by_group.json.
[2026-06-27 22:32:01] [TASK_8] [INFO] ======================================================================
[2026-06-27 22:32:01] [TASK_8] [INFO] KEYWORD CORPUS FREQUENCY REPORT
[2026-06-27 22:32:01] [TASK_8] [INFO] ======================================================================
[2026-06-27 22:32:01] [TASK_8] [INFO] 
--- POSITIVE keywords (28) ---
[2026-06-27 22:32:01] [TASK_8] [INFO]   lợi nhuận tăng                           1
[2026-06-27 22:32:01] [TASK_8] [INFO]   doanh thu tăng                           1
[2026-06-27 22:32:01] [TASK_8] [INFO]   kỷ lục                                   1
[2026-06-27 22:32:01] [TASK_8] [INFO]   tăng trưởng                              1
[2026-06-27 22:32:01] [TASK_8] [INFO]   chia cổ tức                              1
[2026-06-27 22:32:01] [TASK_8] [INFO]   cổ tức cao                               1
[2026-06-27 22:32:01] [TASK_8] [INFO]   cổ tức tiền mặt                          1
[2026-06-27 22:32:01] [TASK_8] [INFO]   giảm nợ                                  1
[2026-06-27 22:32:01] [TASK_8] [INFO]   trả nợ                                   1
[2026-06-27 22:32:01] [TASK_8] [INFO]   cải thiện tài chính                      1
[2026-06-27 22:32:01] [TASK_8] [INFO]   dòng tiền dương                          1
[2026-06-27 22:32:01] [TASK_8] [INFO]   ký kết hợp đồng                          1
[2026-06-27 22:32:01] [TASK_8] [INFO]   mở rộng thị trường                       1
[2026-06-27 22:32:01] [TASK_8] [INFO]   xuất khẩu tăng                           1
[2026-06-27 22:32:01] [TASK_8] [INFO]   tăng trưởng mạnh                         0
[2026-06-27 22:32:01] [TASK_8] [INFO]   vượt kế hoạch                            0
[2026-06-27 22:32:01] [TASK_8] [INFO]   lãi ròng                                 0
[2026-06-27 22:32:01] [TASK_8] [INFO]   lợi nhuận sau thuế tăng                  0
[2026-06-27 22:32:01] [TASK_8] [INFO]   kết quả tích cực                         0
[2026-06-27 22:32:01] [TASK_8] [INFO]   mua lại cổ phiếu                         0
[2026-06-27 22:32:01] [TASK_8] [INFO]   phát hành thưởng                         0
[2026-06-27 22:32:01] [TASK_8] [INFO]   tăng vốn điều lệ                         0
[2026-06-27 22:32:01] [TASK_8] [INFO]   hệ số an toàn vốn                        0
[2026-06-27 22:32:01] [TASK_8] [INFO]   tiền mặt dồi dào                         0
[2026-06-27 22:32:01] [TASK_8] [INFO]   dự án mới                                0
[2026-06-27 22:32:01] [TASK_8] [INFO]   đầu tư mới                               0
[2026-06-27 22:32:01] [TASK_8] [INFO]   hợp tác chiến lược                       0
[2026-06-27 22:32:01] [TASK_8] [INFO]   thắng thầu                               0
[2026-06-27 22:32:01] [TASK_8] [INFO] 
--- NEGATIVE keywords (36) ---
[2026-06-27 22:32:01] [TASK_8] [INFO]   lợi nhuận giảm                           1
[2026-06-27 22:32:01] [TASK_8] [INFO]   doanh thu giảm                           1
[2026-06-27 22:32:01] [TASK_8] [INFO]   sụt giảm                                 1
[2026-06-27 22:32:01] [TASK_8] [INFO]   nợ xấu                                   1
[2026-06-27 22:32:01] [TASK_8] [INFO]   áp lực tài chính                         1
[2026-06-27 22:32:01] [TASK_8] [INFO]   dòng tiền âm                             1
[2026-06-27 22:32:01] [TASK_8] [INFO]   hủy hợp đồng                             1
[2026-06-27 22:32:01] [TASK_8] [INFO]   dự án trì hoãn                           1
[2026-06-27 22:32:01] [TASK_8] [INFO]   đóng cửa                                 1
[2026-06-27 22:32:01] [TASK_8] [INFO]   bị phạt                                  1
[2026-06-27 22:32:01] [TASK_8] [INFO]   vi phạm                                  1
[2026-06-27 22:32:01] [TASK_8] [INFO]   bị thanh tra                             1
[2026-06-27 22:32:01] [TASK_8] [INFO]   lợi nhuận âm                             0
[2026-06-27 22:32:01] [TASK_8] [INFO]   thua lỗ                                  0
[2026-06-27 22:32:01] [TASK_8] [INFO]   lỗ ròng                                  0
[2026-06-27 22:32:01] [TASK_8] [INFO]   dưới kế hoạch                            0
[2026-06-27 22:32:01] [TASK_8] [INFO]   kết quả tiêu cực                         0
[2026-06-27 22:32:01] [TASK_8] [INFO]   lợi nhuận thấp hơn                       0
[2026-06-27 22:32:01] [TASK_8] [INFO]   không chia cổ tức                        0
[2026-06-27 22:32:01] [TASK_8] [INFO]   hủy cổ tức                               0
[2026-06-27 22:32:01] [TASK_8] [INFO]   giảm cổ tức                              0
[2026-06-27 22:32:01] [TASK_8] [INFO]   phát hành pha loãng                      0
[2026-06-27 22:32:01] [TASK_8] [INFO]   chào bán giá thấp                        0
[2026-06-27 22:32:01] [TASK_8] [INFO]   nợ vay tăng                              0
[2026-06-27 22:32:01] [TASK_8] [INFO]   nợ quá hạn                               0
[2026-06-27 22:32:01] [TASK_8] [INFO]   hệ số nợ cao                             0
[2026-06-27 22:32:01] [TASK_8] [INFO]   thiếu thanh khoản                        0
[2026-06-27 22:32:01] [TASK_8] [INFO]   thu hẹp hoạt động                        0
[2026-06-27 22:32:01] [TASK_8] [INFO]   dừng dự án                               0
[2026-06-27 22:32:01] [TASK_8] [INFO]   bị kiểm toán từ chối                     0
[2026-06-27 22:32:01] [TASK_8] [INFO]   cảnh báo                                 0
[2026-06-27 22:32:01] [TASK_8] [INFO]   đình chỉ                                 0
[2026-06-27 22:32:01] [TASK_8] [INFO]   khởi tố                                  0
[2026-06-27 22:32:01] [TASK_8] [INFO]   điều tra                                 0
[2026-06-27 22:32:01] [TASK_8] [INFO]   tranh chấp pháp lý                       0
[2026-06-27 22:32:01] [TASK_8] [INFO]   bị kiện                                  0
[2026-06-27 22:32:01] [TASK_8] [INFO] 
--- NEUTRAL keywords (9) ---
[2026-06-27 22:32:01] [TASK_8] [INFO]   đại hội cổ đông                          1
[2026-06-27 22:32:01] [TASK_8] [INFO]   thay đổi lãnh đạo                        1
[2026-06-27 22:32:01] [TASK_8] [INFO]   sáp nhập                                 1
[2026-06-27 22:32:01] [TASK_8] [INFO]   mua lại                                  1
[2026-06-27 22:32:01] [TASK_8] [INFO]   phát hành cổ phiếu mới                   1
[2026-06-27 22:32:01] [TASK_8] [INFO]   thoái vốn                                1
[2026-06-27 22:32:01] [TASK_8] [INFO]   họp HĐQT                                 0
[2026-06-27 22:32:01] [TASK_8] [INFO]   thay CEO                                 0
[2026-06-27 22:32:01] [TASK_8] [INFO]   niêm yết thêm                            0
[2026-06-27 22:32:01] [TASK_8] [INFO] 
Total keyword occurrences in corpus: 32
[2026-06-27 22:32:01] [TASK_8] [INFO] Keywords with zero occurrences: 41 / 73
[2026-06-27 22:32:01] [TASK_8] [INFO] ======================================================================
[2026-06-27 22:32:01] [TASK_8] [INFO] Keyword Builder (TASK 8) complete.
[2026-06-27 22:32:01] [TASK_8] [INFO] Starting Keyword Builder (TASK 8)...
[2026-06-27 22:32:01] [TASK_8] [INFO] Loaded 23 stopwords.
[2026-06-27 22:32:01] [TASK_8] [INFO] Extracting keyword candidates from 10 documents...
[2026-06-27 22:32:01] [TASK_8] [INFO] Saved 176 keyword candidates to C:\Users\User\AppData\Local\Temp\tmpkouj2rrr\keyword_candidates.csv (unigrams: 83, bigrams: 93).
[2026-06-27 22:32:01] [TASK_8] [INFO] Curated keyword list: 28 positive, 36 negative, 9 neutral (total: 73).
[2026-06-27 22:32:01] [TASK_8] [INFO] Saved flat keyword list to C:\Users\User\AppData\Local\Temp\tmpkouj2rrr\keywords_finance.json.
[2026-06-27 22:32:01] [TASK_8] [INFO] Saved group-level keyword breakdown to C:\Users\User\AppData\Local\Temp\tmpkouj2rrr\keywords_by_group.json.
[2026-06-27 22:32:01] [TASK_8] [INFO] ======================================================================
[2026-06-27 22:32:01] [TASK_8] [INFO] KEYWORD CORPUS FREQUENCY REPORT
[2026-06-27 22:32:01] [TASK_8] [INFO] ======================================================================
[2026-06-27 22:32:01] [TASK_8] [INFO] 
--- POSITIVE keywords (28) ---
[2026-06-27 22:32:01] [TASK_8] [INFO]   lợi nhuận tăng                           1
[2026-06-27 22:32:01] [TASK_8] [INFO]   doanh thu tăng                           1
[2026-06-27 22:32:01] [TASK_8] [INFO]   kỷ lục                                   1
[2026-06-27 22:32:01] [TASK_8] [INFO]   tăng trưởng                              1
[2026-06-27 22:32:01] [TASK_8] [INFO]   chia cổ tức                              1
[2026-06-27 22:32:01] [TASK_8] [INFO]   cổ tức cao                               1
[2026-06-27 22:32:01] [TASK_8] [INFO]   cổ tức tiền mặt                          1
[2026-06-27 22:32:01] [TASK_8] [INFO]   giảm nợ                                  1
[2026-06-27 22:32:01] [TASK_8] [INFO]   trả nợ                                   1
[2026-06-27 22:32:01] [TASK_8] [INFO]   cải thiện tài chính                      1
[2026-06-27 22:32:01] [TASK_8] [INFO]   dòng tiền dương                          1
[2026-06-27 22:32:01] [TASK_8] [INFO]   ký kết hợp đồng                          1
[2026-06-27 22:32:01] [TASK_8] [INFO]   mở rộng thị trường                       1
[2026-06-27 22:32:01] [TASK_8] [INFO]   xuất khẩu tăng                           1
[2026-06-27 22:32:01] [TASK_8] [INFO]   tăng trưởng mạnh                         0
[2026-06-27 22:32:01] [TASK_8] [INFO]   vượt kế hoạch                            0
[2026-06-27 22:32:01] [TASK_8] [INFO]   lãi ròng                                 0
[2026-06-27 22:32:01] [TASK_8] [INFO]   lợi nhuận sau thuế tăng                  0
[2026-06-27 22:32:01] [TASK_8] [INFO]   kết quả tích cực                         0
[2026-06-27 22:32:01] [TASK_8] [INFO]   mua lại cổ phiếu                         0
[2026-06-27 22:32:01] [TASK_8] [INFO]   phát hành thưởng                         0
[2026-06-27 22:32:01] [TASK_8] [INFO]   tăng vốn điều lệ                         0
[2026-06-27 22:32:01] [TASK_8] [INFO]   hệ số an toàn vốn                        0
[2026-06-27 22:32:01] [TASK_8] [INFO]   tiền mặt dồi dào                         0
[2026-06-27 22:32:01] [TASK_8] [INFO]   dự án mới                                0
[2026-06-27 22:32:01] [TASK_8] [INFO]   đầu tư mới                               0
[2026-06-27 22:32:01] [TASK_8] [INFO]   hợp tác chiến lược                       0
[2026-06-27 22:32:01] [TASK_8] [INFO]   thắng thầu                               0
[2026-06-27 22:32:01] [TASK_8] [INFO] 
--- NEGATIVE keywords (36) ---
[2026-06-27 22:32:01] [TASK_8] [INFO]   lợi nhuận giảm                           1
[2026-06-27 22:32:01] [TASK_8] [INFO]   doanh thu giảm                           1
[2026-06-27 22:32:01] [TASK_8] [INFO]   sụt giảm                                 1
[2026-06-27 22:32:01] [TASK_8] [INFO]   nợ xấu                                   1
[2026-06-27 22:32:01] [TASK_8] [INFO]   áp lực tài chính                         1
[2026-06-27 22:32:01] [TASK_8] [INFO]   dòng tiền âm                             1
[2026-06-27 22:32:01] [TASK_8] [INFO]   hủy hợp đồng                             1
[2026-06-27 22:32:01] [TASK_8] [INFO]   dự án trì hoãn                           1
[2026-06-27 22:32:01] [TASK_8] [INFO]   đóng cửa                                 1
[2026-06-27 22:32:01] [TASK_8] [INFO]   bị phạt                                  1
[2026-06-27 22:32:01] [TASK_8] [INFO]   vi phạm                                  1
[2026-06-27 22:32:01] [TASK_8] [INFO]   bị thanh tra                             1
[2026-06-27 22:32:01] [TASK_8] [INFO]   lợi nhuận âm                             0
[2026-06-27 22:32:01] [TASK_8] [INFO]   thua lỗ                                  0
[2026-06-27 22:32:01] [TASK_8] [INFO]   lỗ ròng                                  0
[2026-06-27 22:32:01] [TASK_8] [INFO]   dưới kế hoạch                            0
[2026-06-27 22:32:01] [TASK_8] [INFO]   kết quả tiêu cực                         0
[2026-06-27 22:32:01] [TASK_8] [INFO]   lợi nhuận thấp hơn                       0
[2026-06-27 22:32:01] [TASK_8] [INFO]   không chia cổ tức                        0
[2026-06-27 22:32:01] [TASK_8] [INFO]   hủy cổ tức                               0
[2026-06-27 22:32:01] [TASK_8] [INFO]   giảm cổ tức                              0
[2026-06-27 22:32:01] [TASK_8] [INFO]   phát hành pha loãng                      0
[2026-06-27 22:32:01] [TASK_8] [INFO]   chào bán giá thấp                        0
[2026-06-27 22:32:01] [TASK_8] [INFO]   nợ vay tăng                              0
[2026-06-27 22:32:01] [TASK_8] [INFO]   nợ quá hạn                               0
[2026-06-27 22:32:01] [TASK_8] [INFO]   hệ số nợ cao                             0
[2026-06-27 22:32:01] [TASK_8] [INFO]   thiếu thanh khoản                        0
[2026-06-27 22:32:01] [TASK_8] [INFO]   thu hẹp hoạt động                        0
[2026-06-27 22:32:01] [TASK_8] [INFO]   dừng dự án                               0
[2026-06-27 22:32:01] [TASK_8] [INFO]   bị kiểm toán từ chối                     0
[2026-06-27 22:32:01] [TASK_8] [INFO]   cảnh báo                                 0
[2026-06-27 22:32:01] [TASK_8] [INFO]   đình chỉ                                 0
[2026-06-27 22:32:01] [TASK_8] [INFO]   khởi tố                                  0
[2026-06-27 22:32:01] [TASK_8] [INFO]   điều tra                                 0
[2026-06-27 22:32:01] [TASK_8] [INFO]   tranh chấp pháp lý                       0
[2026-06-27 22:32:01] [TASK_8] [INFO]   bị kiện                                  0
[2026-06-27 22:32:01] [TASK_8] [INFO] 
--- NEUTRAL keywords (9) ---
[2026-06-27 22:32:01] [TASK_8] [INFO]   đại hội cổ đông                          1
[2026-06-27 22:32:01] [TASK_8] [INFO]   thay đổi lãnh đạo                        1
[2026-06-27 22:32:01] [TASK_8] [INFO]   sáp nhập                                 1
[2026-06-27 22:32:01] [TASK_8] [INFO]   mua lại                                  1
[2026-06-27 22:32:01] [TASK_8] [INFO]   phát hành cổ phiếu mới                   1
[2026-06-27 22:32:01] [TASK_8] [INFO]   thoái vốn                                1
[2026-06-27 22:32:01] [TASK_8] [INFO]   họp HĐQT                                 0
[2026-06-27 22:32:01] [TASK_8] [INFO]   thay CEO                                 0
[2026-06-27 22:32:01] [TASK_8] [INFO]   niêm yết thêm                            0
[2026-06-27 22:32:01] [TASK_8] [INFO] 
Total keyword occurrences in corpus: 32
[2026-06-27 22:32:01] [TASK_8] [INFO] Keywords with zero occurrences: 41 / 73
[2026-06-27 22:32:01] [TASK_8] [INFO] ======================================================================
[2026-06-27 22:32:01] [TASK_8] [INFO] Keyword Builder (TASK 8) complete.
[2026-06-27 22:32:01] [TASK_8] [INFO] Starting Keyword Builder (TASK 8)...
[2026-06-27 22:32:01] [TASK_8] [INFO] Loaded 23 stopwords.
[2026-06-27 22:32:01] [TASK_8] [INFO] No corpus provided — skipping candidate extraction.
[2026-06-27 22:32:01] [TASK_8] [INFO] Curated keyword list: 28 positive, 36 negative, 9 neutral (total: 73).
[2026-06-27 22:32:01] [TASK_8] [INFO] Saved flat keyword list to C:\Users\User\AppData\Local\Temp\tmpyooky36d\keywords_finance.json.
[2026-06-27 22:32:01] [TASK_8] [INFO] Saved group-level keyword breakdown to C:\Users\User\AppData\Local\Temp\tmpyooky36d\keywords_by_group.json.
[2026-06-27 22:32:01] [TASK_8] [INFO] No corpus provided — skipping frequency report.
[2026-06-27 22:32:01] [TASK_8] [INFO] Keyword Builder (TASK 8) complete.
[2026-06-27 22:32:14] [TASK_8] [INFO] ============================================================
[2026-06-27 22:32:14] [TASK_8] [INFO] START TASK_8: Keyword Building (curate financial keywords)
[2026-06-27 22:32:14] [TASK_8] [INFO] Timestamp: 2026-06-27T22:32:14.052411
[2026-06-27 22:32:14] [TASK_8] [INFO] ============================================================
[2026-06-27 22:32:14] [TASK_8] [INFO] ------------------------------------------------------------
[2026-06-27 22:32:14] [TASK_8] [INFO] END TASK_8 — completed in 0.0 seconds
[2026-06-27 22:32:14] [TASK_8] [INFO] ============================================================
[2026-06-27 22:32:14] [TASK_8] [INFO] ============================================================
[2026-06-27 22:32:14] [TASK_8] [INFO] START TASK_8: Keyword Building (curate financial keywords)
[2026-06-27 22:32:14] [TASK_8] [INFO] Timestamp: 2026-06-27T22:32:14.078405
[2026-06-27 22:32:14] [TASK_8] [INFO] ============================================================
[2026-06-27 22:32:14] [TASK_8] [INFO] ------------------------------------------------------------
[2026-06-27 22:32:14] [TASK_8] [INFO] END TASK_8 — completed in 0.0 seconds
[2026-06-27 22:32:14] [TASK_8] [INFO] ============================================================
[2026-06-27 22:32:28] [TASK_8] [INFO] Starting Keyword Builder (TASK 8)...
[2026-06-27 22:32:28] [TASK_8] [INFO] Loaded 23 stopwords.
[2026-06-27 22:32:28] [TASK_8] [INFO] Extracting keyword candidates from 10 documents...
[2026-06-27 22:32:28] [TASK_8] [INFO] Saved 176 keyword candidates to C:\Users\User\AppData\Local\Temp\tmp6hkj106k\keyword_candidates.csv (unigrams: 83, bigrams: 93).
[2026-06-27 22:32:28] [TASK_8] [INFO] Curated keyword list: 28 positive, 36 negative, 9 neutral (total: 73).
[2026-06-27 22:32:28] [TASK_8] [INFO] Saved flat keyword list to C:\Users\User\AppData\Local\Temp\tmp6hkj106k\keywords_finance.json.
[2026-06-27 22:32:28] [TASK_8] [INFO] Saved group-level keyword breakdown to C:\Users\User\AppData\Local\Temp\tmp6hkj106k\keywords_by_group.json.
[2026-06-27 22:32:28] [TASK_8] [INFO] ======================================================================
[2026-06-27 22:32:28] [TASK_8] [INFO] KEYWORD CORPUS FREQUENCY REPORT
[2026-06-27 22:32:28] [TASK_8] [INFO] ======================================================================
[2026-06-27 22:32:28] [TASK_8] [INFO] 
--- POSITIVE keywords (28) ---
[2026-06-27 22:32:28] [TASK_8] [INFO]   lợi nhuận tăng                           1
[2026-06-27 22:32:28] [TASK_8] [INFO]   doanh thu tăng                           1
[2026-06-27 22:32:28] [TASK_8] [INFO]   kỷ lục                                   1
[2026-06-27 22:32:28] [TASK_8] [INFO]   tăng trưởng                              1
[2026-06-27 22:32:28] [TASK_8] [INFO]   chia cổ tức                              1
[2026-06-27 22:32:28] [TASK_8] [INFO]   cổ tức cao                               1
[2026-06-27 22:32:28] [TASK_8] [INFO]   cổ tức tiền mặt                          1
[2026-06-27 22:32:28] [TASK_8] [INFO]   giảm nợ                                  1
[2026-06-27 22:32:28] [TASK_8] [INFO]   trả nợ                                   1
[2026-06-27 22:32:28] [TASK_8] [INFO]   cải thiện tài chính                      1
[2026-06-27 22:32:28] [TASK_8] [INFO]   dòng tiền dương                          1
[2026-06-27 22:32:28] [TASK_8] [INFO]   ký kết hợp đồng                          1
[2026-06-27 22:32:28] [TASK_8] [INFO]   mở rộng thị trường                       1
[2026-06-27 22:32:28] [TASK_8] [INFO]   xuất khẩu tăng                           1
[2026-06-27 22:32:28] [TASK_8] [INFO]   tăng trưởng mạnh                         0
[2026-06-27 22:32:28] [TASK_8] [INFO]   vượt kế hoạch                            0
[2026-06-27 22:32:28] [TASK_8] [INFO]   lãi ròng                                 0
[2026-06-27 22:32:28] [TASK_8] [INFO]   lợi nhuận sau thuế tăng                  0
[2026-06-27 22:32:28] [TASK_8] [INFO]   kết quả tích cực                         0
[2026-06-27 22:32:28] [TASK_8] [INFO]   mua lại cổ phiếu                         0
[2026-06-27 22:32:28] [TASK_8] [INFO]   phát hành thưởng                         0
[2026-06-27 22:32:28] [TASK_8] [INFO]   tăng vốn điều lệ                         0
[2026-06-27 22:32:28] [TASK_8] [INFO]   hệ số an toàn vốn                        0
[2026-06-27 22:32:28] [TASK_8] [INFO]   tiền mặt dồi dào                         0
[2026-06-27 22:32:28] [TASK_8] [INFO]   dự án mới                                0
[2026-06-27 22:32:28] [TASK_8] [INFO]   đầu tư mới                               0
[2026-06-27 22:32:28] [TASK_8] [INFO]   hợp tác chiến lược                       0
[2026-06-27 22:32:28] [TASK_8] [INFO]   thắng thầu                               0
[2026-06-27 22:32:28] [TASK_8] [INFO] 
--- NEGATIVE keywords (36) ---
[2026-06-27 22:32:28] [TASK_8] [INFO]   lợi nhuận giảm                           1
[2026-06-27 22:32:28] [TASK_8] [INFO]   doanh thu giảm                           1
[2026-06-27 22:32:28] [TASK_8] [INFO]   sụt giảm                                 1
[2026-06-27 22:32:28] [TASK_8] [INFO]   nợ xấu                                   1
[2026-06-27 22:32:28] [TASK_8] [INFO]   áp lực tài chính                         1
[2026-06-27 22:32:28] [TASK_8] [INFO]   dòng tiền âm                             1
[2026-06-27 22:32:28] [TASK_8] [INFO]   hủy hợp đồng                             1
[2026-06-27 22:32:28] [TASK_8] [INFO]   dự án trì hoãn                           1
[2026-06-27 22:32:28] [TASK_8] [INFO]   đóng cửa                                 1
[2026-06-27 22:32:28] [TASK_8] [INFO]   bị phạt                                  1
[2026-06-27 22:32:28] [TASK_8] [INFO]   vi phạm                                  1
[2026-06-27 22:32:28] [TASK_8] [INFO]   bị thanh tra                             1
[2026-06-27 22:32:28] [TASK_8] [INFO]   lợi nhuận âm                             0
[2026-06-27 22:32:28] [TASK_8] [INFO]   thua lỗ                                  0
[2026-06-27 22:32:28] [TASK_8] [INFO]   lỗ ròng                                  0
[2026-06-27 22:32:28] [TASK_8] [INFO]   dưới kế hoạch                            0
[2026-06-27 22:32:28] [TASK_8] [INFO]   kết quả tiêu cực                         0
[2026-06-27 22:32:28] [TASK_8] [INFO]   lợi nhuận thấp hơn                       0
[2026-06-27 22:32:28] [TASK_8] [INFO]   không chia cổ tức                        0
[2026-06-27 22:32:28] [TASK_8] [INFO]   hủy cổ tức                               0
[2026-06-27 22:32:28] [TASK_8] [INFO]   giảm cổ tức                              0
[2026-06-27 22:32:28] [TASK_8] [INFO]   phát hành pha loãng                      0
[2026-06-27 22:32:28] [TASK_8] [INFO]   chào bán giá thấp                        0
[2026-06-27 22:32:28] [TASK_8] [INFO]   nợ vay tăng                              0
[2026-06-27 22:32:28] [TASK_8] [INFO]   nợ quá hạn                               0
[2026-06-27 22:32:28] [TASK_8] [INFO]   hệ số nợ cao                             0
[2026-06-27 22:32:28] [TASK_8] [INFO]   thiếu thanh khoản                        0
[2026-06-27 22:32:28] [TASK_8] [INFO]   thu hẹp hoạt động                        0
[2026-06-27 22:32:28] [TASK_8] [INFO]   dừng dự án                               0
[2026-06-27 22:32:28] [TASK_8] [INFO]   bị kiểm toán từ chối                     0
[2026-06-27 22:32:28] [TASK_8] [INFO]   cảnh báo                                 0
[2026-06-27 22:32:28] [TASK_8] [INFO]   đình chỉ                                 0
[2026-06-27 22:32:28] [TASK_8] [INFO]   khởi tố                                  0
[2026-06-27 22:32:28] [TASK_8] [INFO]   điều tra                                 0
[2026-06-27 22:32:28] [TASK_8] [INFO]   tranh chấp pháp lý                       0
[2026-06-27 22:32:28] [TASK_8] [INFO]   bị kiện                                  0
[2026-06-27 22:32:28] [TASK_8] [INFO] 
--- NEUTRAL keywords (9) ---
[2026-06-27 22:32:28] [TASK_8] [INFO]   đại hội cổ đông                          1
[2026-06-27 22:32:28] [TASK_8] [INFO]   thay đổi lãnh đạo                        1
[2026-06-27 22:32:28] [TASK_8] [INFO]   sáp nhập                                 1
[2026-06-27 22:32:28] [TASK_8] [INFO]   mua lại                                  1
[2026-06-27 22:32:28] [TASK_8] [INFO]   phát hành cổ phiếu mới                   1
[2026-06-27 22:32:28] [TASK_8] [INFO]   thoái vốn                                1
[2026-06-27 22:32:28] [TASK_8] [INFO]   họp HĐQT                                 0
[2026-06-27 22:32:28] [TASK_8] [INFO]   thay CEO                                 0
[2026-06-27 22:32:28] [TASK_8] [INFO]   niêm yết thêm                            0
[2026-06-27 22:32:28] [TASK_8] [INFO] 
Total keyword occurrences in corpus: 32
[2026-06-27 22:32:28] [TASK_8] [INFO] Keywords with zero occurrences: 41 / 73
[2026-06-27 22:32:28] [TASK_8] [INFO] ======================================================================
[2026-06-27 22:32:28] [TASK_8] [INFO] Keyword Builder (TASK 8) complete.
[2026-06-27 22:32:28] [TASK_8] [INFO] Starting Keyword Builder (TASK 8)...
[2026-06-27 22:32:28] [TASK_8] [INFO] Loaded 23 stopwords.
[2026-06-27 22:32:28] [TASK_8] [INFO] Extracting keyword candidates from 10 documents...
[2026-06-27 22:32:28] [TASK_8] [INFO] Saved 176 keyword candidates to C:\Users\User\AppData\Local\Temp\tmpwzqef3f4\keyword_candidates.csv (unigrams: 83, bigrams: 93).
[2026-06-27 22:32:28] [TASK_8] [INFO] Curated keyword list: 28 positive, 36 negative, 9 neutral (total: 73).
[2026-06-27 22:32:28] [TASK_8] [INFO] Saved flat keyword list to C:\Users\User\AppData\Local\Temp\tmpwzqef3f4\keywords_finance.json.
[2026-06-27 22:32:28] [TASK_8] [INFO] Saved group-level keyword breakdown to C:\Users\User\AppData\Local\Temp\tmpwzqef3f4\keywords_by_group.json.
[2026-06-27 22:32:28] [TASK_8] [INFO] ======================================================================
[2026-06-27 22:32:28] [TASK_8] [INFO] KEYWORD CORPUS FREQUENCY REPORT
[2026-06-27 22:32:28] [TASK_8] [INFO] ======================================================================
[2026-06-27 22:32:28] [TASK_8] [INFO] 
--- POSITIVE keywords (28) ---
[2026-06-27 22:32:28] [TASK_8] [INFO]   lợi nhuận tăng                           1
[2026-06-27 22:32:28] [TASK_8] [INFO]   doanh thu tăng                           1
[2026-06-27 22:32:28] [TASK_8] [INFO]   kỷ lục                                   1
[2026-06-27 22:32:28] [TASK_8] [INFO]   tăng trưởng                              1
[2026-06-27 22:32:28] [TASK_8] [INFO]   chia cổ tức                              1
[2026-06-27 22:32:28] [TASK_8] [INFO]   cổ tức cao                               1
[2026-06-27 22:32:28] [TASK_8] [INFO]   cổ tức tiền mặt                          1
[2026-06-27 22:32:28] [TASK_8] [INFO]   giảm nợ                                  1
[2026-06-27 22:32:28] [TASK_8] [INFO]   trả nợ                                   1
[2026-06-27 22:32:28] [TASK_8] [INFO]   cải thiện tài chính                      1
[2026-06-27 22:32:28] [TASK_8] [INFO]   dòng tiền dương                          1
[2026-06-27 22:32:28] [TASK_8] [INFO]   ký kết hợp đồng                          1
[2026-06-27 22:32:28] [TASK_8] [INFO]   mở rộng thị trường                       1
[2026-06-27 22:32:28] [TASK_8] [INFO]   xuất khẩu tăng                           1
[2026-06-27 22:32:28] [TASK_8] [INFO]   tăng trưởng mạnh                         0
[2026-06-27 22:32:28] [TASK_8] [INFO]   vượt kế hoạch                            0
[2026-06-27 22:32:28] [TASK_8] [INFO]   lãi ròng                                 0
[2026-06-27 22:32:28] [TASK_8] [INFO]   lợi nhuận sau thuế tăng                  0
[2026-06-27 22:32:28] [TASK_8] [INFO]   kết quả tích cực                         0
[2026-06-27 22:32:28] [TASK_8] [INFO]   mua lại cổ phiếu                         0
[2026-06-27 22:32:28] [TASK_8] [INFO]   phát hành thưởng                         0
[2026-06-27 22:32:28] [TASK_8] [INFO]   tăng vốn điều lệ                         0
[2026-06-27 22:32:28] [TASK_8] [INFO]   hệ số an toàn vốn                        0
[2026-06-27 22:32:28] [TASK_8] [INFO]   tiền mặt dồi dào                         0
[2026-06-27 22:32:28] [TASK_8] [INFO]   dự án mới                                0
[2026-06-27 22:32:28] [TASK_8] [INFO]   đầu tư mới                               0
[2026-06-27 22:32:28] [TASK_8] [INFO]   hợp tác chiến lược                       0
[2026-06-27 22:32:28] [TASK_8] [INFO]   thắng thầu                               0
[2026-06-27 22:32:28] [TASK_8] [INFO] 
--- NEGATIVE keywords (36) ---
[2026-06-27 22:32:28] [TASK_8] [INFO]   lợi nhuận giảm                           1
[2026-06-27 22:32:28] [TASK_8] [INFO]   doanh thu giảm                           1
[2026-06-27 22:32:28] [TASK_8] [INFO]   sụt giảm                                 1
[2026-06-27 22:32:28] [TASK_8] [INFO]   nợ xấu                                   1
[2026-06-27 22:32:28] [TASK_8] [INFO]   áp lực tài chính                         1
[2026-06-27 22:32:28] [TASK_8] [INFO]   dòng tiền âm                             1
[2026-06-27 22:32:28] [TASK_8] [INFO]   hủy hợp đồng                             1
[2026-06-27 22:32:28] [TASK_8] [INFO]   dự án trì hoãn                           1
[2026-06-27 22:32:28] [TASK_8] [INFO]   đóng cửa                                 1
[2026-06-27 22:32:28] [TASK_8] [INFO]   bị phạt                                  1
[2026-06-27 22:32:28] [TASK_8] [INFO]   vi phạm                                  1
[2026-06-27 22:32:28] [TASK_8] [INFO]   bị thanh tra                             1
[2026-06-27 22:32:28] [TASK_8] [INFO]   lợi nhuận âm                             0
[2026-06-27 22:32:28] [TASK_8] [INFO]   thua lỗ                                  0
[2026-06-27 22:32:28] [TASK_8] [INFO]   lỗ ròng                                  0
[2026-06-27 22:32:28] [TASK_8] [INFO]   dưới kế hoạch                            0
[2026-06-27 22:32:28] [TASK_8] [INFO]   kết quả tiêu cực                         0
[2026-06-27 22:32:28] [TASK_8] [INFO]   lợi nhuận thấp hơn                       0
[2026-06-27 22:32:28] [TASK_8] [INFO]   không chia cổ tức                        0
[2026-06-27 22:32:28] [TASK_8] [INFO]   hủy cổ tức                               0
[2026-06-27 22:32:28] [TASK_8] [INFO]   giảm cổ tức                              0
[2026-06-27 22:32:28] [TASK_8] [INFO]   phát hành pha loãng                      0
[2026-06-27 22:32:28] [TASK_8] [INFO]   chào bán giá thấp                        0
[2026-06-27 22:32:28] [TASK_8] [INFO]   nợ vay tăng                              0
[2026-06-27 22:32:28] [TASK_8] [INFO]   nợ quá hạn                               0
[2026-06-27 22:32:28] [TASK_8] [INFO]   hệ số nợ cao                             0
[2026-06-27 22:32:28] [TASK_8] [INFO]   thiếu thanh khoản                        0
[2026-06-27 22:32:28] [TASK_8] [INFO]   thu hẹp hoạt động                        0
[2026-06-27 22:32:28] [TASK_8] [INFO]   dừng dự án                               0
[2026-06-27 22:32:28] [TASK_8] [INFO]   bị kiểm toán từ chối                     0
[2026-06-27 22:32:28] [TASK_8] [INFO]   cảnh báo                                 0
[2026-06-27 22:32:28] [TASK_8] [INFO]   đình chỉ                                 0
[2026-06-27 22:32:28] [TASK_8] [INFO]   khởi tố                                  0
[2026-06-27 22:32:28] [TASK_8] [INFO]   điều tra                                 0
[2026-06-27 22:32:28] [TASK_8] [INFO]   tranh chấp pháp lý                       0
[2026-06-27 22:32:28] [TASK_8] [INFO]   bị kiện                                  0
[2026-06-27 22:32:28] [TASK_8] [INFO] 
--- NEUTRAL keywords (9) ---
[2026-06-27 22:32:28] [TASK_8] [INFO]   đại hội cổ đông                          1
[2026-06-27 22:32:28] [TASK_8] [INFO]   thay đổi lãnh đạo                        1
[2026-06-27 22:32:28] [TASK_8] [INFO]   sáp nhập                                 1
[2026-06-27 22:32:28] [TASK_8] [INFO]   mua lại                                  1
[2026-06-27 22:32:28] [TASK_8] [INFO]   phát hành cổ phiếu mới                   1
[2026-06-27 22:32:28] [TASK_8] [INFO]   thoái vốn                                1
[2026-06-27 22:32:28] [TASK_8] [INFO]   họp HĐQT                                 0
[2026-06-27 22:32:28] [TASK_8] [INFO]   thay CEO                                 0
[2026-06-27 22:32:28] [TASK_8] [INFO]   niêm yết thêm                            0
[2026-06-27 22:32:28] [TASK_8] [INFO] 
Total keyword occurrences in corpus: 32
[2026-06-27 22:32:28] [TASK_8] [INFO] Keywords with zero occurrences: 41 / 73
[2026-06-27 22:32:28] [TASK_8] [INFO] ======================================================================
[2026-06-27 22:32:28] [TASK_8] [INFO] Keyword Builder (TASK 8) complete.
[2026-06-27 22:32:28] [TASK_8] [INFO] Starting Keyword Builder (TASK 8)...
[2026-06-27 22:32:28] [TASK_8] [INFO] Loaded 23 stopwords.
[2026-06-27 22:32:28] [TASK_8] [INFO] No corpus provided — skipping candidate extraction.
[2026-06-27 22:32:28] [TASK_8] [INFO] Curated keyword list: 28 positive, 36 negative, 9 neutral (total: 73).
[2026-06-27 22:32:28] [TASK_8] [INFO] Saved flat keyword list to C:\Users\User\AppData\Local\Temp\tmpid7uffwb\keywords_finance.json.
[2026-06-27 22:32:28] [TASK_8] [INFO] Saved group-level keyword breakdown to C:\Users\User\AppData\Local\Temp\tmpid7uffwb\keywords_by_group.json.
[2026-06-27 22:32:28] [TASK_8] [INFO] No corpus provided — skipping frequency report.
[2026-06-27 22:32:28] [TASK_8] [INFO] Keyword Builder (TASK 8) complete.
[2026-06-27 23:05:46] [TASK_8] [INFO] ============================================================
[2026-06-27 23:05:46] [TASK_8] [INFO] START TASK_8: Keyword Building (curate financial keywords)
[2026-06-27 23:05:46] [TASK_8] [INFO] Timestamp: 2026-06-27T23:05:46.202082
[2026-06-27 23:05:46] [TASK_8] [INFO] ============================================================
[2026-06-27 23:05:46] [TASK_8] [INFO] ------------------------------------------------------------
[2026-06-27 23:05:46] [TASK_8] [INFO] END TASK_8 — completed in 0.0 seconds
[2026-06-27 23:05:46] [TASK_8] [INFO] ============================================================
[2026-06-27 23:05:46] [TASK_8] [INFO] ============================================================
[2026-06-27 23:05:46] [TASK_8] [INFO] START TASK_8: Keyword Building (curate financial keywords)
[2026-06-27 23:05:46] [TASK_8] [INFO] Timestamp: 2026-06-27T23:05:46.234993
[2026-06-27 23:05:46] [TASK_8] [INFO] ============================================================
[2026-06-27 23:05:46] [TASK_8] [INFO] ------------------------------------------------------------
[2026-06-27 23:05:46] [TASK_8] [INFO] END TASK_8 — completed in 0.0 seconds
[2026-06-27 23:05:46] [TASK_8] [INFO] ============================================================
[2026-06-27 23:06:02] [TASK_8] [INFO] Starting Keyword Builder (TASK 8)...
[2026-06-27 23:06:02] [TASK_8] [INFO] Loaded 23 stopwords.
[2026-06-27 23:06:02] [TASK_8] [INFO] Extracting keyword candidates from 10 documents...
[2026-06-27 23:06:02] [TASK_8] [INFO] Saved 176 keyword candidates to C:\Users\User\AppData\Local\Temp\tmp7xqn9mcn\keyword_candidates.csv (unigrams: 83, bigrams: 93).
[2026-06-27 23:06:02] [TASK_8] [INFO] Curated keyword list: 28 positive, 36 negative, 9 neutral (total: 73).
[2026-06-27 23:06:02] [TASK_8] [INFO] Saved flat keyword list to C:\Users\User\AppData\Local\Temp\tmp7xqn9mcn\keywords_finance.json.
[2026-06-27 23:06:02] [TASK_8] [INFO] Saved group-level keyword breakdown to C:\Users\User\AppData\Local\Temp\tmp7xqn9mcn\keywords_by_group.json.
[2026-06-27 23:06:02] [TASK_8] [INFO] ======================================================================
[2026-06-27 23:06:02] [TASK_8] [INFO] KEYWORD CORPUS FREQUENCY REPORT
[2026-06-27 23:06:02] [TASK_8] [INFO] ======================================================================
[2026-06-27 23:06:02] [TASK_8] [INFO] 
--- POSITIVE keywords (28) ---
[2026-06-27 23:06:02] [TASK_8] [INFO]   lợi nhuận tăng                           1
[2026-06-27 23:06:02] [TASK_8] [INFO]   doanh thu tăng                           1
[2026-06-27 23:06:02] [TASK_8] [INFO]   kỷ lục                                   1
[2026-06-27 23:06:02] [TASK_8] [INFO]   tăng trưởng                              1
[2026-06-27 23:06:02] [TASK_8] [INFO]   chia cổ tức                              1
[2026-06-27 23:06:02] [TASK_8] [INFO]   cổ tức cao                               1
[2026-06-27 23:06:02] [TASK_8] [INFO]   cổ tức tiền mặt                          1
[2026-06-27 23:06:02] [TASK_8] [INFO]   giảm nợ                                  1
[2026-06-27 23:06:02] [TASK_8] [INFO]   trả nợ                                   1
[2026-06-27 23:06:02] [TASK_8] [INFO]   cải thiện tài chính                      1
[2026-06-27 23:06:02] [TASK_8] [INFO]   dòng tiền dương                          1
[2026-06-27 23:06:02] [TASK_8] [INFO]   ký kết hợp đồng                          1
[2026-06-27 23:06:02] [TASK_8] [INFO]   mở rộng thị trường                       1
[2026-06-27 23:06:02] [TASK_8] [INFO]   xuất khẩu tăng                           1
[2026-06-27 23:06:02] [TASK_8] [INFO]   tăng trưởng mạnh                         0
[2026-06-27 23:06:02] [TASK_8] [INFO]   vượt kế hoạch                            0
[2026-06-27 23:06:02] [TASK_8] [INFO]   lãi ròng                                 0
[2026-06-27 23:06:02] [TASK_8] [INFO]   lợi nhuận sau thuế tăng                  0
[2026-06-27 23:06:02] [TASK_8] [INFO]   kết quả tích cực                         0
[2026-06-27 23:06:02] [TASK_8] [INFO]   mua lại cổ phiếu                         0
[2026-06-27 23:06:02] [TASK_8] [INFO]   phát hành thưởng                         0
[2026-06-27 23:06:02] [TASK_8] [INFO]   tăng vốn điều lệ                         0
[2026-06-27 23:06:02] [TASK_8] [INFO]   hệ số an toàn vốn                        0
[2026-06-27 23:06:02] [TASK_8] [INFO]   tiền mặt dồi dào                         0
[2026-06-27 23:06:02] [TASK_8] [INFO]   dự án mới                                0
[2026-06-27 23:06:02] [TASK_8] [INFO]   đầu tư mới                               0
[2026-06-27 23:06:02] [TASK_8] [INFO]   hợp tác chiến lược                       0
[2026-06-27 23:06:02] [TASK_8] [INFO]   thắng thầu                               0
[2026-06-27 23:06:02] [TASK_8] [INFO] 
--- NEGATIVE keywords (36) ---
[2026-06-27 23:06:02] [TASK_8] [INFO]   lợi nhuận giảm                           1
[2026-06-27 23:06:02] [TASK_8] [INFO]   doanh thu giảm                           1
[2026-06-27 23:06:02] [TASK_8] [INFO]   sụt giảm                                 1
[2026-06-27 23:06:02] [TASK_8] [INFO]   nợ xấu                                   1
[2026-06-27 23:06:02] [TASK_8] [INFO]   áp lực tài chính                         1
[2026-06-27 23:06:02] [TASK_8] [INFO]   dòng tiền âm                             1
[2026-06-27 23:06:02] [TASK_8] [INFO]   hủy hợp đồng                             1
[2026-06-27 23:06:02] [TASK_8] [INFO]   dự án trì hoãn                           1
[2026-06-27 23:06:02] [TASK_8] [INFO]   đóng cửa                                 1
[2026-06-27 23:06:02] [TASK_8] [INFO]   bị phạt                                  1
[2026-06-27 23:06:02] [TASK_8] [INFO]   vi phạm                                  1
[2026-06-27 23:06:02] [TASK_8] [INFO]   bị thanh tra                             1
[2026-06-27 23:06:02] [TASK_8] [INFO]   lợi nhuận âm                             0
[2026-06-27 23:06:02] [TASK_8] [INFO]   thua lỗ                                  0
[2026-06-27 23:06:02] [TASK_8] [INFO]   lỗ ròng                                  0
[2026-06-27 23:06:02] [TASK_8] [INFO]   dưới kế hoạch                            0
[2026-06-27 23:06:02] [TASK_8] [INFO]   kết quả tiêu cực                         0
[2026-06-27 23:06:02] [TASK_8] [INFO]   lợi nhuận thấp hơn                       0
[2026-06-27 23:06:02] [TASK_8] [INFO]   không chia cổ tức                        0
[2026-06-27 23:06:02] [TASK_8] [INFO]   hủy cổ tức                               0
[2026-06-27 23:06:02] [TASK_8] [INFO]   giảm cổ tức                              0
[2026-06-27 23:06:02] [TASK_8] [INFO]   phát hành pha loãng                      0
[2026-06-27 23:06:02] [TASK_8] [INFO]   chào bán giá thấp                        0
[2026-06-27 23:06:02] [TASK_8] [INFO]   nợ vay tăng                              0
[2026-06-27 23:06:02] [TASK_8] [INFO]   nợ quá hạn                               0
[2026-06-27 23:06:02] [TASK_8] [INFO]   hệ số nợ cao                             0
[2026-06-27 23:06:02] [TASK_8] [INFO]   thiếu thanh khoản                        0
[2026-06-27 23:06:02] [TASK_8] [INFO]   thu hẹp hoạt động                        0
[2026-06-27 23:06:02] [TASK_8] [INFO]   dừng dự án                               0
[2026-06-27 23:06:02] [TASK_8] [INFO]   bị kiểm toán từ chối                     0
[2026-06-27 23:06:02] [TASK_8] [INFO]   cảnh báo                                 0
[2026-06-27 23:06:02] [TASK_8] [INFO]   đình chỉ                                 0
[2026-06-27 23:06:02] [TASK_8] [INFO]   khởi tố                                  0
[2026-06-27 23:06:02] [TASK_8] [INFO]   điều tra                                 0
[2026-06-27 23:06:02] [TASK_8] [INFO]   tranh chấp pháp lý                       0
[2026-06-27 23:06:02] [TASK_8] [INFO]   bị kiện                                  0
[2026-06-27 23:06:02] [TASK_8] [INFO] 
--- NEUTRAL keywords (9) ---
[2026-06-27 23:06:02] [TASK_8] [INFO]   đại hội cổ đông                          1
[2026-06-27 23:06:02] [TASK_8] [INFO]   thay đổi lãnh đạo                        1
[2026-06-27 23:06:02] [TASK_8] [INFO]   sáp nhập                                 1
[2026-06-27 23:06:02] [TASK_8] [INFO]   mua lại                                  1
[2026-06-27 23:06:02] [TASK_8] [INFO]   phát hành cổ phiếu mới                   1
[2026-06-27 23:06:02] [TASK_8] [INFO]   thoái vốn                                1
[2026-06-27 23:06:02] [TASK_8] [INFO]   họp HĐQT                                 0
[2026-06-27 23:06:02] [TASK_8] [INFO]   thay CEO                                 0
[2026-06-27 23:06:02] [TASK_8] [INFO]   niêm yết thêm                            0
[2026-06-27 23:06:02] [TASK_8] [INFO] 
Total keyword occurrences in corpus: 32
[2026-06-27 23:06:02] [TASK_8] [INFO] Keywords with zero occurrences: 41 / 73
[2026-06-27 23:06:02] [TASK_8] [INFO] ======================================================================
[2026-06-27 23:06:02] [TASK_8] [INFO] Keyword Builder (TASK 8) complete.
[2026-06-27 23:06:02] [TASK_8] [INFO] Starting Keyword Builder (TASK 8)...
[2026-06-27 23:06:02] [TASK_8] [INFO] Loaded 23 stopwords.
[2026-06-27 23:06:02] [TASK_8] [INFO] Extracting keyword candidates from 10 documents...
[2026-06-27 23:06:02] [TASK_8] [INFO] Saved 176 keyword candidates to C:\Users\User\AppData\Local\Temp\tmpr7xtkm50\keyword_candidates.csv (unigrams: 83, bigrams: 93).
[2026-06-27 23:06:02] [TASK_8] [INFO] Curated keyword list: 28 positive, 36 negative, 9 neutral (total: 73).
[2026-06-27 23:06:02] [TASK_8] [INFO] Saved flat keyword list to C:\Users\User\AppData\Local\Temp\tmpr7xtkm50\keywords_finance.json.
[2026-06-27 23:06:02] [TASK_8] [INFO] Saved group-level keyword breakdown to C:\Users\User\AppData\Local\Temp\tmpr7xtkm50\keywords_by_group.json.
[2026-06-27 23:06:02] [TASK_8] [INFO] ======================================================================
[2026-06-27 23:06:02] [TASK_8] [INFO] KEYWORD CORPUS FREQUENCY REPORT
[2026-06-27 23:06:02] [TASK_8] [INFO] ======================================================================
[2026-06-27 23:06:02] [TASK_8] [INFO] 
--- POSITIVE keywords (28) ---
[2026-06-27 23:06:02] [TASK_8] [INFO]   lợi nhuận tăng                           1
[2026-06-27 23:06:02] [TASK_8] [INFO]   doanh thu tăng                           1
[2026-06-27 23:06:02] [TASK_8] [INFO]   kỷ lục                                   1
[2026-06-27 23:06:02] [TASK_8] [INFO]   tăng trưởng                              1
[2026-06-27 23:06:02] [TASK_8] [INFO]   chia cổ tức                              1
[2026-06-27 23:06:02] [TASK_8] [INFO]   cổ tức cao                               1
[2026-06-27 23:06:02] [TASK_8] [INFO]   cổ tức tiền mặt                          1
[2026-06-27 23:06:02] [TASK_8] [INFO]   giảm nợ                                  1
[2026-06-27 23:06:02] [TASK_8] [INFO]   trả nợ                                   1
[2026-06-27 23:06:02] [TASK_8] [INFO]   cải thiện tài chính                      1
[2026-06-27 23:06:02] [TASK_8] [INFO]   dòng tiền dương                          1
[2026-06-27 23:06:02] [TASK_8] [INFO]   ký kết hợp đồng                          1
[2026-06-27 23:06:02] [TASK_8] [INFO]   mở rộng thị trường                       1
[2026-06-27 23:06:02] [TASK_8] [INFO]   xuất khẩu tăng                           1
[2026-06-27 23:06:02] [TASK_8] [INFO]   tăng trưởng mạnh                         0
[2026-06-27 23:06:02] [TASK_8] [INFO]   vượt kế hoạch                            0
[2026-06-27 23:06:02] [TASK_8] [INFO]   lãi ròng                                 0
[2026-06-27 23:06:02] [TASK_8] [INFO]   lợi nhuận sau thuế tăng                  0
[2026-06-27 23:06:02] [TASK_8] [INFO]   kết quả tích cực                         0
[2026-06-27 23:06:02] [TASK_8] [INFO]   mua lại cổ phiếu                         0
[2026-06-27 23:06:02] [TASK_8] [INFO]   phát hành thưởng                         0
[2026-06-27 23:06:02] [TASK_8] [INFO]   tăng vốn điều lệ                         0
[2026-06-27 23:06:02] [TASK_8] [INFO]   hệ số an toàn vốn                        0
[2026-06-27 23:06:02] [TASK_8] [INFO]   tiền mặt dồi dào                         0
[2026-06-27 23:06:02] [TASK_8] [INFO]   dự án mới                                0
[2026-06-27 23:06:02] [TASK_8] [INFO]   đầu tư mới                               0
[2026-06-27 23:06:02] [TASK_8] [INFO]   hợp tác chiến lược                       0
[2026-06-27 23:06:02] [TASK_8] [INFO]   thắng thầu                               0
[2026-06-27 23:06:02] [TASK_8] [INFO] 
--- NEGATIVE keywords (36) ---
[2026-06-27 23:06:02] [TASK_8] [INFO]   lợi nhuận giảm                           1
[2026-06-27 23:06:02] [TASK_8] [INFO]   doanh thu giảm                           1
[2026-06-27 23:06:02] [TASK_8] [INFO]   sụt giảm                                 1
[2026-06-27 23:06:02] [TASK_8] [INFO]   nợ xấu                                   1
[2026-06-27 23:06:02] [TASK_8] [INFO]   áp lực tài chính                         1
[2026-06-27 23:06:02] [TASK_8] [INFO]   dòng tiền âm                             1
[2026-06-27 23:06:02] [TASK_8] [INFO]   hủy hợp đồng                             1
[2026-06-27 23:06:02] [TASK_8] [INFO]   dự án trì hoãn                           1
[2026-06-27 23:06:02] [TASK_8] [INFO]   đóng cửa                                 1
[2026-06-27 23:06:02] [TASK_8] [INFO]   bị phạt                                  1
[2026-06-27 23:06:02] [TASK_8] [INFO]   vi phạm                                  1
[2026-06-27 23:06:02] [TASK_8] [INFO]   bị thanh tra                             1
[2026-06-27 23:06:02] [TASK_8] [INFO]   lợi nhuận âm                             0
[2026-06-27 23:06:02] [TASK_8] [INFO]   thua lỗ                                  0
[2026-06-27 23:06:02] [TASK_8] [INFO]   lỗ ròng                                  0
[2026-06-27 23:06:02] [TASK_8] [INFO]   dưới kế hoạch                            0
[2026-06-27 23:06:02] [TASK_8] [INFO]   kết quả tiêu cực                         0
[2026-06-27 23:06:02] [TASK_8] [INFO]   lợi nhuận thấp hơn                       0
[2026-06-27 23:06:02] [TASK_8] [INFO]   không chia cổ tức                        0
[2026-06-27 23:06:02] [TASK_8] [INFO]   hủy cổ tức                               0
[2026-06-27 23:06:02] [TASK_8] [INFO]   giảm cổ tức                              0
[2026-06-27 23:06:02] [TASK_8] [INFO]   phát hành pha loãng                      0
[2026-06-27 23:06:02] [TASK_8] [INFO]   chào bán giá thấp                        0
[2026-06-27 23:06:02] [TASK_8] [INFO]   nợ vay tăng                              0
[2026-06-27 23:06:02] [TASK_8] [INFO]   nợ quá hạn                               0
[2026-06-27 23:06:02] [TASK_8] [INFO]   hệ số nợ cao                             0
[2026-06-27 23:06:02] [TASK_8] [INFO]   thiếu thanh khoản                        0
[2026-06-27 23:06:02] [TASK_8] [INFO]   thu hẹp hoạt động                        0
[2026-06-27 23:06:02] [TASK_8] [INFO]   dừng dự án                               0
[2026-06-27 23:06:02] [TASK_8] [INFO]   bị kiểm toán từ chối                     0
[2026-06-27 23:06:02] [TASK_8] [INFO]   cảnh báo                                 0
[2026-06-27 23:06:02] [TASK_8] [INFO]   đình chỉ                                 0
[2026-06-27 23:06:02] [TASK_8] [INFO]   khởi tố                                  0
[2026-06-27 23:06:02] [TASK_8] [INFO]   điều tra                                 0
[2026-06-27 23:06:02] [TASK_8] [INFO]   tranh chấp pháp lý                       0
[2026-06-27 23:06:02] [TASK_8] [INFO]   bị kiện                                  0
[2026-06-27 23:06:02] [TASK_8] [INFO] 
--- NEUTRAL keywords (9) ---
[2026-06-27 23:06:02] [TASK_8] [INFO]   đại hội cổ đông                          1
[2026-06-27 23:06:02] [TASK_8] [INFO]   thay đổi lãnh đạo                        1
[2026-06-27 23:06:02] [TASK_8] [INFO]   sáp nhập                                 1
[2026-06-27 23:06:02] [TASK_8] [INFO]   mua lại                                  1
[2026-06-27 23:06:02] [TASK_8] [INFO]   phát hành cổ phiếu mới                   1
[2026-06-27 23:06:02] [TASK_8] [INFO]   thoái vốn                                1
[2026-06-27 23:06:02] [TASK_8] [INFO]   họp HĐQT                                 0
[2026-06-27 23:06:02] [TASK_8] [INFO]   thay CEO                                 0
[2026-06-27 23:06:02] [TASK_8] [INFO]   niêm yết thêm                            0
[2026-06-27 23:06:02] [TASK_8] [INFO] 
Total keyword occurrences in corpus: 32
[2026-06-27 23:06:02] [TASK_8] [INFO] Keywords with zero occurrences: 41 / 73
[2026-06-27 23:06:02] [TASK_8] [INFO] ======================================================================
[2026-06-27 23:06:02] [TASK_8] [INFO] Keyword Builder (TASK 8) complete.
[2026-06-27 23:06:02] [TASK_8] [INFO] Starting Keyword Builder (TASK 8)...
[2026-06-27 23:06:02] [TASK_8] [INFO] Loaded 23 stopwords.
[2026-06-27 23:06:02] [TASK_8] [INFO] No corpus provided — skipping candidate extraction.
[2026-06-27 23:06:02] [TASK_8] [INFO] Curated keyword list: 28 positive, 36 negative, 9 neutral (total: 73).
[2026-06-27 23:06:02] [TASK_8] [INFO] Saved flat keyword list to C:\Users\User\AppData\Local\Temp\tmp_bz2yfdg\keywords_finance.json.
[2026-06-27 23:06:02] [TASK_8] [INFO] Saved group-level keyword breakdown to C:\Users\User\AppData\Local\Temp\tmp_bz2yfdg\keywords_by_group.json.
[2026-06-27 23:06:02] [TASK_8] [INFO] No corpus provided — skipping frequency report.
[2026-06-27 23:06:02] [TASK_8] [INFO] Keyword Builder (TASK 8) complete.
[2026-06-27 23:06:10] [TASK_8] [INFO] ============================================================
[2026-06-27 23:06:10] [TASK_8] [INFO] START TASK_8: Keyword Building (curate financial keywords)
[2026-06-27 23:06:10] [TASK_8] [INFO] Timestamp: 2026-06-27T23:06:10.412620
[2026-06-27 23:06:10] [TASK_8] [INFO] ============================================================
[2026-06-27 23:06:10] [TASK_8] [INFO] ------------------------------------------------------------
[2026-06-27 23:06:10] [TASK_8] [INFO] END TASK_8 — completed in 0.0 seconds
[2026-06-27 23:06:10] [TASK_8] [INFO] ============================================================
[2026-06-27 23:06:10] [TASK_8] [INFO] ============================================================
[2026-06-27 23:06:10] [TASK_8] [INFO] START TASK_8: Keyword Building (curate financial keywords)
[2026-06-27 23:06:10] [TASK_8] [INFO] Timestamp: 2026-06-27T23:06:10.438290
[2026-06-27 23:06:10] [TASK_8] [INFO] ============================================================
[2026-06-27 23:06:10] [TASK_8] [INFO] ------------------------------------------------------------
[2026-06-27 23:06:10] [TASK_8] [INFO] END TASK_8 — completed in 0.0 seconds
[2026-06-27 23:06:10] [TASK_8] [INFO] ============================================================
[2026-06-27 23:06:24] [TASK_8] [INFO] Starting Keyword Builder (TASK 8)...
[2026-06-27 23:06:24] [TASK_8] [INFO] Loaded 23 stopwords.
[2026-06-27 23:06:24] [TASK_8] [INFO] Extracting keyword candidates from 10 documents...
[2026-06-27 23:06:24] [TASK_8] [INFO] Saved 176 keyword candidates to C:\Users\User\AppData\Local\Temp\tmpd5kjqstd\keyword_candidates.csv (unigrams: 83, bigrams: 93).
[2026-06-27 23:06:24] [TASK_8] [INFO] Curated keyword list: 28 positive, 36 negative, 9 neutral (total: 73).
[2026-06-27 23:06:24] [TASK_8] [INFO] Saved flat keyword list to C:\Users\User\AppData\Local\Temp\tmpd5kjqstd\keywords_finance.json.
[2026-06-27 23:06:24] [TASK_8] [INFO] Saved group-level keyword breakdown to C:\Users\User\AppData\Local\Temp\tmpd5kjqstd\keywords_by_group.json.
[2026-06-27 23:06:24] [TASK_8] [INFO] ======================================================================
[2026-06-27 23:06:24] [TASK_8] [INFO] KEYWORD CORPUS FREQUENCY REPORT
[2026-06-27 23:06:24] [TASK_8] [INFO] ======================================================================
[2026-06-27 23:06:24] [TASK_8] [INFO] 
--- POSITIVE keywords (28) ---
[2026-06-27 23:06:24] [TASK_8] [INFO]   lợi nhuận tăng                           1
[2026-06-27 23:06:24] [TASK_8] [INFO]   doanh thu tăng                           1
[2026-06-27 23:06:24] [TASK_8] [INFO]   kỷ lục                                   1
[2026-06-27 23:06:24] [TASK_8] [INFO]   tăng trưởng                              1
[2026-06-27 23:06:24] [TASK_8] [INFO]   chia cổ tức                              1
[2026-06-27 23:06:24] [TASK_8] [INFO]   cổ tức cao                               1
[2026-06-27 23:06:24] [TASK_8] [INFO]   cổ tức tiền mặt                          1
[2026-06-27 23:06:24] [TASK_8] [INFO]   giảm nợ                                  1
[2026-06-27 23:06:24] [TASK_8] [INFO]   trả nợ                                   1
[2026-06-27 23:06:24] [TASK_8] [INFO]   cải thiện tài chính                      1
[2026-06-27 23:06:24] [TASK_8] [INFO]   dòng tiền dương                          1
[2026-06-27 23:06:24] [TASK_8] [INFO]   ký kết hợp đồng                          1
[2026-06-27 23:06:24] [TASK_8] [INFO]   mở rộng thị trường                       1
[2026-06-27 23:06:24] [TASK_8] [INFO]   xuất khẩu tăng                           1
[2026-06-27 23:06:24] [TASK_8] [INFO]   tăng trưởng mạnh                         0
[2026-06-27 23:06:24] [TASK_8] [INFO]   vượt kế hoạch                            0
[2026-06-27 23:06:24] [TASK_8] [INFO]   lãi ròng                                 0
[2026-06-27 23:06:24] [TASK_8] [INFO]   lợi nhuận sau thuế tăng                  0
[2026-06-27 23:06:24] [TASK_8] [INFO]   kết quả tích cực                         0
[2026-06-27 23:06:24] [TASK_8] [INFO]   mua lại cổ phiếu                         0
[2026-06-27 23:06:24] [TASK_8] [INFO]   phát hành thưởng                         0
[2026-06-27 23:06:24] [TASK_8] [INFO]   tăng vốn điều lệ                         0
[2026-06-27 23:06:24] [TASK_8] [INFO]   hệ số an toàn vốn                        0
[2026-06-27 23:06:24] [TASK_8] [INFO]   tiền mặt dồi dào                         0
[2026-06-27 23:06:24] [TASK_8] [INFO]   dự án mới                                0
[2026-06-27 23:06:24] [TASK_8] [INFO]   đầu tư mới                               0
[2026-06-27 23:06:24] [TASK_8] [INFO]   hợp tác chiến lược                       0
[2026-06-27 23:06:24] [TASK_8] [INFO]   thắng thầu                               0
[2026-06-27 23:06:24] [TASK_8] [INFO] 
--- NEGATIVE keywords (36) ---
[2026-06-27 23:06:24] [TASK_8] [INFO]   lợi nhuận giảm                           1
[2026-06-27 23:06:24] [TASK_8] [INFO]   doanh thu giảm                           1
[2026-06-27 23:06:24] [TASK_8] [INFO]   sụt giảm                                 1
[2026-06-27 23:06:24] [TASK_8] [INFO]   nợ xấu                                   1
[2026-06-27 23:06:24] [TASK_8] [INFO]   áp lực tài chính                         1
[2026-06-27 23:06:24] [TASK_8] [INFO]   dòng tiền âm                             1
[2026-06-27 23:06:24] [TASK_8] [INFO]   hủy hợp đồng                             1
[2026-06-27 23:06:24] [TASK_8] [INFO]   dự án trì hoãn                           1
[2026-06-27 23:06:24] [TASK_8] [INFO]   đóng cửa                                 1
[2026-06-27 23:06:24] [TASK_8] [INFO]   bị phạt                                  1
[2026-06-27 23:06:24] [TASK_8] [INFO]   vi phạm                                  1
[2026-06-27 23:06:24] [TASK_8] [INFO]   bị thanh tra                             1
[2026-06-27 23:06:24] [TASK_8] [INFO]   lợi nhuận âm                             0
[2026-06-27 23:06:24] [TASK_8] [INFO]   thua lỗ                                  0
[2026-06-27 23:06:24] [TASK_8] [INFO]   lỗ ròng                                  0
[2026-06-27 23:06:24] [TASK_8] [INFO]   dưới kế hoạch                            0
[2026-06-27 23:06:24] [TASK_8] [INFO]   kết quả tiêu cực                         0
[2026-06-27 23:06:24] [TASK_8] [INFO]   lợi nhuận thấp hơn                       0
[2026-06-27 23:06:24] [TASK_8] [INFO]   không chia cổ tức                        0
[2026-06-27 23:06:24] [TASK_8] [INFO]   hủy cổ tức                               0
[2026-06-27 23:06:24] [TASK_8] [INFO]   giảm cổ tức                              0
[2026-06-27 23:06:24] [TASK_8] [INFO]   phát hành pha loãng                      0
[2026-06-27 23:06:24] [TASK_8] [INFO]   chào bán giá thấp                        0
[2026-06-27 23:06:24] [TASK_8] [INFO]   nợ vay tăng                              0
[2026-06-27 23:06:24] [TASK_8] [INFO]   nợ quá hạn                               0
[2026-06-27 23:06:24] [TASK_8] [INFO]   hệ số nợ cao                             0
[2026-06-27 23:06:24] [TASK_8] [INFO]   thiếu thanh khoản                        0
[2026-06-27 23:06:24] [TASK_8] [INFO]   thu hẹp hoạt động                        0
[2026-06-27 23:06:24] [TASK_8] [INFO]   dừng dự án                               0
[2026-06-27 23:06:24] [TASK_8] [INFO]   bị kiểm toán từ chối                     0
[2026-06-27 23:06:24] [TASK_8] [INFO]   cảnh báo                                 0
[2026-06-27 23:06:24] [TASK_8] [INFO]   đình chỉ                                 0
[2026-06-27 23:06:24] [TASK_8] [INFO]   khởi tố                                  0
[2026-06-27 23:06:24] [TASK_8] [INFO]   điều tra                                 0
[2026-06-27 23:06:24] [TASK_8] [INFO]   tranh chấp pháp lý                       0
[2026-06-27 23:06:24] [TASK_8] [INFO]   bị kiện                                  0
[2026-06-27 23:06:24] [TASK_8] [INFO] 
--- NEUTRAL keywords (9) ---
[2026-06-27 23:06:24] [TASK_8] [INFO]   đại hội cổ đông                          1
[2026-06-27 23:06:24] [TASK_8] [INFO]   thay đổi lãnh đạo                        1
[2026-06-27 23:06:24] [TASK_8] [INFO]   sáp nhập                                 1
[2026-06-27 23:06:24] [TASK_8] [INFO]   mua lại                                  1
[2026-06-27 23:06:24] [TASK_8] [INFO]   phát hành cổ phiếu mới                   1
[2026-06-27 23:06:24] [TASK_8] [INFO]   thoái vốn                                1
[2026-06-27 23:06:24] [TASK_8] [INFO]   họp HĐQT                                 0
[2026-06-27 23:06:24] [TASK_8] [INFO]   thay CEO                                 0
[2026-06-27 23:06:24] [TASK_8] [INFO]   niêm yết thêm                            0
[2026-06-27 23:06:24] [TASK_8] [INFO] 
Total keyword occurrences in corpus: 32
[2026-06-27 23:06:24] [TASK_8] [INFO] Keywords with zero occurrences: 41 / 73
[2026-06-27 23:06:24] [TASK_8] [INFO] ======================================================================
[2026-06-27 23:06:24] [TASK_8] [INFO] Keyword Builder (TASK 8) complete.
[2026-06-27 23:06:24] [TASK_8] [INFO] Starting Keyword Builder (TASK 8)...
[2026-06-27 23:06:24] [TASK_8] [INFO] Loaded 23 stopwords.
[2026-06-27 23:06:24] [TASK_8] [INFO] Extracting keyword candidates from 10 documents...
[2026-06-27 23:06:24] [TASK_8] [INFO] Saved 176 keyword candidates to C:\Users\User\AppData\Local\Temp\tmpclf2ouzs\keyword_candidates.csv (unigrams: 83, bigrams: 93).
[2026-06-27 23:06:24] [TASK_8] [INFO] Curated keyword list: 28 positive, 36 negative, 9 neutral (total: 73).
[2026-06-27 23:06:24] [TASK_8] [INFO] Saved flat keyword list to C:\Users\User\AppData\Local\Temp\tmpclf2ouzs\keywords_finance.json.
[2026-06-27 23:06:24] [TASK_8] [INFO] Saved group-level keyword breakdown to C:\Users\User\AppData\Local\Temp\tmpclf2ouzs\keywords_by_group.json.
[2026-06-27 23:06:24] [TASK_8] [INFO] ======================================================================
[2026-06-27 23:06:24] [TASK_8] [INFO] KEYWORD CORPUS FREQUENCY REPORT
[2026-06-27 23:06:24] [TASK_8] [INFO] ======================================================================
[2026-06-27 23:06:24] [TASK_8] [INFO] 
--- POSITIVE keywords (28) ---
[2026-06-27 23:06:24] [TASK_8] [INFO]   lợi nhuận tăng                           1
[2026-06-27 23:06:24] [TASK_8] [INFO]   doanh thu tăng                           1
[2026-06-27 23:06:24] [TASK_8] [INFO]   kỷ lục                                   1
[2026-06-27 23:06:24] [TASK_8] [INFO]   tăng trưởng                              1
[2026-06-27 23:06:24] [TASK_8] [INFO]   chia cổ tức                              1
[2026-06-27 23:06:24] [TASK_8] [INFO]   cổ tức cao                               1
[2026-06-27 23:06:24] [TASK_8] [INFO]   cổ tức tiền mặt                          1
[2026-06-27 23:06:24] [TASK_8] [INFO]   giảm nợ                                  1
[2026-06-27 23:06:24] [TASK_8] [INFO]   trả nợ                                   1
[2026-06-27 23:06:24] [TASK_8] [INFO]   cải thiện tài chính                      1
[2026-06-27 23:06:24] [TASK_8] [INFO]   dòng tiền dương                          1
[2026-06-27 23:06:24] [TASK_8] [INFO]   ký kết hợp đồng                          1
[2026-06-27 23:06:24] [TASK_8] [INFO]   mở rộng thị trường                       1
[2026-06-27 23:06:24] [TASK_8] [INFO]   xuất khẩu tăng                           1
[2026-06-27 23:06:24] [TASK_8] [INFO]   tăng trưởng mạnh                         0
[2026-06-27 23:06:24] [TASK_8] [INFO]   vượt kế hoạch                            0
[2026-06-27 23:06:24] [TASK_8] [INFO]   lãi ròng                                 0
[2026-06-27 23:06:24] [TASK_8] [INFO]   lợi nhuận sau thuế tăng                  0
[2026-06-27 23:06:24] [TASK_8] [INFO]   kết quả tích cực                         0
[2026-06-27 23:06:24] [TASK_8] [INFO]   mua lại cổ phiếu                         0
[2026-06-27 23:06:24] [TASK_8] [INFO]   phát hành thưởng                         0
[2026-06-27 23:06:24] [TASK_8] [INFO]   tăng vốn điều lệ                         0
[2026-06-27 23:06:24] [TASK_8] [INFO]   hệ số an toàn vốn                        0
[2026-06-27 23:06:24] [TASK_8] [INFO]   tiền mặt dồi dào                         0
[2026-06-27 23:06:24] [TASK_8] [INFO]   dự án mới                                0
[2026-06-27 23:06:24] [TASK_8] [INFO]   đầu tư mới                               0
[2026-06-27 23:06:24] [TASK_8] [INFO]   hợp tác chiến lược                       0
[2026-06-27 23:06:24] [TASK_8] [INFO]   thắng thầu                               0
[2026-06-27 23:06:24] [TASK_8] [INFO] 
--- NEGATIVE keywords (36) ---
[2026-06-27 23:06:24] [TASK_8] [INFO]   lợi nhuận giảm                           1
[2026-06-27 23:06:24] [TASK_8] [INFO]   doanh thu giảm                           1
[2026-06-27 23:06:24] [TASK_8] [INFO]   sụt giảm                                 1
[2026-06-27 23:06:24] [TASK_8] [INFO]   nợ xấu                                   1
[2026-06-27 23:06:24] [TASK_8] [INFO]   áp lực tài chính                         1
[2026-06-27 23:06:24] [TASK_8] [INFO]   dòng tiền âm                             1
[2026-06-27 23:06:24] [TASK_8] [INFO]   hủy hợp đồng                             1
[2026-06-27 23:06:24] [TASK_8] [INFO]   dự án trì hoãn                           1
[2026-06-27 23:06:24] [TASK_8] [INFO]   đóng cửa                                 1
[2026-06-27 23:06:24] [TASK_8] [INFO]   bị phạt                                  1
[2026-06-27 23:06:24] [TASK_8] [INFO]   vi phạm                                  1
[2026-06-27 23:06:24] [TASK_8] [INFO]   bị thanh tra                             1
[2026-06-27 23:06:24] [TASK_8] [INFO]   lợi nhuận âm                             0
[2026-06-27 23:06:24] [TASK_8] [INFO]   thua lỗ                                  0
[2026-06-27 23:06:24] [TASK_8] [INFO]   lỗ ròng                                  0
[2026-06-27 23:06:24] [TASK_8] [INFO]   dưới kế hoạch                            0
[2026-06-27 23:06:24] [TASK_8] [INFO]   kết quả tiêu cực                         0
[2026-06-27 23:06:24] [TASK_8] [INFO]   lợi nhuận thấp hơn                       0
[2026-06-27 23:06:24] [TASK_8] [INFO]   không chia cổ tức                        0
[2026-06-27 23:06:24] [TASK_8] [INFO]   hủy cổ tức                               0
[2026-06-27 23:06:24] [TASK_8] [INFO]   giảm cổ tức                              0
[2026-06-27 23:06:24] [TASK_8] [INFO]   phát hành pha loãng                      0
[2026-06-27 23:06:24] [TASK_8] [INFO]   chào bán giá thấp                        0
[2026-06-27 23:06:24] [TASK_8] [INFO]   nợ vay tăng                              0
[2026-06-27 23:06:24] [TASK_8] [INFO]   nợ quá hạn                               0
[2026-06-27 23:06:24] [TASK_8] [INFO]   hệ số nợ cao                             0
[2026-06-27 23:06:24] [TASK_8] [INFO]   thiếu thanh khoản                        0
[2026-06-27 23:06:24] [TASK_8] [INFO]   thu hẹp hoạt động                        0
[2026-06-27 23:06:24] [TASK_8] [INFO]   dừng dự án                               0
[2026-06-27 23:06:24] [TASK_8] [INFO]   bị kiểm toán từ chối                     0
[2026-06-27 23:06:24] [TASK_8] [INFO]   cảnh báo                                 0
[2026-06-27 23:06:24] [TASK_8] [INFO]   đình chỉ                                 0
[2026-06-27 23:06:24] [TASK_8] [INFO]   khởi tố                                  0
[2026-06-27 23:06:24] [TASK_8] [INFO]   điều tra                                 0
[2026-06-27 23:06:24] [TASK_8] [INFO]   tranh chấp pháp lý                       0
[2026-06-27 23:06:24] [TASK_8] [INFO]   bị kiện                                  0
[2026-06-27 23:06:24] [TASK_8] [INFO] 
--- NEUTRAL keywords (9) ---
[2026-06-27 23:06:24] [TASK_8] [INFO]   đại hội cổ đông                          1
[2026-06-27 23:06:24] [TASK_8] [INFO]   thay đổi lãnh đạo                        1
[2026-06-27 23:06:24] [TASK_8] [INFO]   sáp nhập                                 1
[2026-06-27 23:06:24] [TASK_8] [INFO]   mua lại                                  1
[2026-06-27 23:06:24] [TASK_8] [INFO]   phát hành cổ phiếu mới                   1
[2026-06-27 23:06:24] [TASK_8] [INFO]   thoái vốn                                1
[2026-06-27 23:06:24] [TASK_8] [INFO]   họp HĐQT                                 0
[2026-06-27 23:06:24] [TASK_8] [INFO]   thay CEO                                 0
[2026-06-27 23:06:24] [TASK_8] [INFO]   niêm yết thêm                            0
[2026-06-27 23:06:24] [TASK_8] [INFO] 
Total keyword occurrences in corpus: 32
[2026-06-27 23:06:24] [TASK_8] [INFO] Keywords with zero occurrences: 41 / 73
[2026-06-27 23:06:24] [TASK_8] [INFO] ======================================================================
[2026-06-27 23:06:24] [TASK_8] [INFO] Keyword Builder (TASK 8) complete.
[2026-06-27 23:06:24] [TASK_8] [INFO] Starting Keyword Builder (TASK 8)...
[2026-06-27 23:06:24] [TASK_8] [INFO] Loaded 23 stopwords.
[2026-06-27 23:06:24] [TASK_8] [INFO] No corpus provided — skipping candidate extraction.
[2026-06-27 23:06:24] [TASK_8] [INFO] Curated keyword list: 28 positive, 36 negative, 9 neutral (total: 73).
[2026-06-27 23:06:24] [TASK_8] [INFO] Saved flat keyword list to C:\Users\User\AppData\Local\Temp\tmpkgv9ghfz\keywords_finance.json.
[2026-06-27 23:06:25] [TASK_8] [INFO] Saved group-level keyword breakdown to C:\Users\User\AppData\Local\Temp\tmpkgv9ghfz\keywords_by_group.json.
[2026-06-27 23:06:25] [TASK_8] [INFO] No corpus provided — skipping frequency report.
[2026-06-27 23:06:25] [TASK_8] [INFO] Keyword Builder (TASK 8) complete.
[2026-06-27 23:32:37] [TASK_8] [INFO] ============================================================
[2026-06-27 23:32:37] [TASK_8] [INFO] START TASK_8: Keyword Building (curate financial keywords)
[2026-06-27 23:32:37] [TASK_8] [INFO] Timestamp: 2026-06-27T23:32:37.609025
[2026-06-27 23:32:37] [TASK_8] [INFO] ============================================================
[2026-06-27 23:32:37] [TASK_8] [INFO] Input: data/news/processed/all_news_processed.csv (0 rows)
[2026-06-27 23:32:37] [TASK_8] [INFO] Loaded 0 articles from data/news/processed/all_news_processed.csv.
[2026-06-27 23:32:37] [TASK_8] [INFO] Starting Keyword Builder (TASK 8)...
[2026-06-27 23:32:37] [TASK_8] [INFO] Loaded 23 stopwords.
[2026-06-27 23:32:37] [TASK_8] [INFO] No corpus provided — skipping candidate extraction.
[2026-06-27 23:32:37] [TASK_8] [INFO] Curated keyword list: 28 positive, 36 negative, 9 neutral (total: 73).
[2026-06-27 23:32:37] [TASK_8] [INFO] Saved flat keyword list to config/keywords_finance.json.
[2026-06-27 23:32:37] [TASK_8] [INFO] Saved group-level keyword breakdown to config/keywords_by_group.json.
[2026-06-27 23:32:37] [TASK_8] [INFO] No corpus provided — skipping frequency report.
[2026-06-27 23:32:37] [TASK_8] [INFO] Keyword Builder (TASK 8) complete.
[2026-06-27 23:32:37] [TASK_8] [INFO] ------------------------------------------------------------
[2026-06-27 23:32:37] [TASK_8] [INFO] END TASK_8 — completed in 0.0 seconds
[2026-06-27 23:32:37] [TASK_8] [INFO] Output: config/keywords_finance.json (80 rows)
[2026-06-27 23:32:37] [TASK_8] [INFO] ============================================================
[2026-06-27 23:39:44] [TASK_8] [INFO] ============================================================
[2026-06-27 23:39:44] [TASK_8] [INFO] START TASK_8: Keyword Building (curate financial keywords)
[2026-06-27 23:39:44] [TASK_8] [INFO] Timestamp: 2026-06-27T23:39:44.360102
[2026-06-27 23:39:44] [TASK_8] [INFO] ============================================================
[2026-06-27 23:39:44] [TASK_8] [INFO] Input: data/news/processed/all_news_processed.csv (0 rows)
[2026-06-27 23:39:44] [TASK_8] [INFO] Loaded 0 articles from data/news/processed/all_news_processed.csv.
[2026-06-27 23:39:44] [TASK_8] [INFO] Starting Keyword Builder (TASK 8)...
[2026-06-27 23:39:44] [TASK_8] [INFO] Loaded 23 stopwords.
[2026-06-27 23:39:44] [TASK_8] [INFO] No corpus provided — skipping candidate extraction.
[2026-06-27 23:39:44] [TASK_8] [INFO] Curated keyword list: 28 positive, 36 negative, 9 neutral (total: 73).
[2026-06-27 23:39:44] [TASK_8] [INFO] Saved flat keyword list to config/keywords_finance.json.
[2026-06-27 23:39:44] [TASK_8] [INFO] Saved group-level keyword breakdown to config/keywords_by_group.json.
[2026-06-27 23:39:44] [TASK_8] [INFO] No corpus provided — skipping frequency report.
[2026-06-27 23:39:44] [TASK_8] [INFO] Keyword Builder (TASK 8) complete.
[2026-06-27 23:39:44] [TASK_8] [INFO] ------------------------------------------------------------
[2026-06-27 23:39:44] [TASK_8] [INFO] END TASK_8 — completed in 0.0 seconds
[2026-06-27 23:39:44] [TASK_8] [INFO] Output: config/keywords_finance.json (80 rows)
[2026-06-27 23:39:44] [TASK_8] [INFO] ============================================================
[2026-06-27 23:44:07] [TASK_8] [INFO] ============================================================
[2026-06-27 23:44:07] [TASK_8] [INFO] START TASK_8: Keyword Building (curate financial keywords)
[2026-06-27 23:44:07] [TASK_8] [INFO] Timestamp: 2026-06-27T23:44:07.634407
[2026-06-27 23:44:07] [TASK_8] [INFO] ============================================================
[2026-06-27 23:44:07] [TASK_8] [INFO] Input: data/news/processed/all_news_processed.csv (0 rows)
[2026-06-27 23:44:07] [TASK_8] [INFO] ------------------------------------------------------------
[2026-06-27 23:44:07] [TASK_8] [INFO] END TASK_8 — completed in 0.0 seconds
[2026-06-27 23:44:07] [TASK_8] [INFO] ============================================================
[2026-06-27 23:44:07] [TASK_8] [INFO] ============================================================
[2026-06-27 23:44:07] [TASK_8] [INFO] START TASK_8: Keyword Building (curate financial keywords)
[2026-06-27 23:44:07] [TASK_8] [INFO] Timestamp: 2026-06-27T23:44:07.674496
[2026-06-27 23:44:07] [TASK_8] [INFO] ============================================================
[2026-06-27 23:44:07] [TASK_8] [INFO] Input: data/news/processed/all_news_processed.csv (0 rows)
[2026-06-27 23:44:07] [TASK_8] [INFO] ------------------------------------------------------------
[2026-06-27 23:44:07] [TASK_8] [INFO] END TASK_8 — completed in 0.0 seconds
[2026-06-27 23:44:07] [TASK_8] [INFO] ============================================================
[2026-06-27 23:44:23] [TASK_8] [INFO] Starting Keyword Builder (TASK 8)...
[2026-06-27 23:44:23] [TASK_8] [INFO] Loaded 23 stopwords.
[2026-06-27 23:44:23] [TASK_8] [INFO] Extracting keyword candidates from 10 documents...
[2026-06-27 23:44:23] [TASK_8] [INFO] Saved 176 keyword candidates to C:\Users\User\AppData\Local\Temp\tmp0pd_cjr5\keyword_candidates.csv (unigrams: 83, bigrams: 93).
[2026-06-27 23:44:23] [TASK_8] [INFO] Curated keyword list: 28 positive, 36 negative, 9 neutral (total: 73).
[2026-06-27 23:44:23] [TASK_8] [INFO] Saved flat keyword list to C:\Users\User\AppData\Local\Temp\tmp0pd_cjr5\keywords_finance.json.
[2026-06-27 23:44:23] [TASK_8] [INFO] Saved group-level keyword breakdown to C:\Users\User\AppData\Local\Temp\tmp0pd_cjr5\keywords_by_group.json.
[2026-06-27 23:44:23] [TASK_8] [INFO] ======================================================================
[2026-06-27 23:44:23] [TASK_8] [INFO] KEYWORD CORPUS FREQUENCY REPORT
[2026-06-27 23:44:23] [TASK_8] [INFO] ======================================================================
[2026-06-27 23:44:23] [TASK_8] [INFO] 
--- POSITIVE keywords (28) ---
[2026-06-27 23:44:23] [TASK_8] [INFO]   lợi nhuận tăng                           1
[2026-06-27 23:44:23] [TASK_8] [INFO]   doanh thu tăng                           1
[2026-06-27 23:44:23] [TASK_8] [INFO]   kỷ lục                                   1
[2026-06-27 23:44:23] [TASK_8] [INFO]   tăng trưởng                              1
[2026-06-27 23:44:23] [TASK_8] [INFO]   chia cổ tức                              1
[2026-06-27 23:44:23] [TASK_8] [INFO]   cổ tức cao                               1
[2026-06-27 23:44:23] [TASK_8] [INFO]   cổ tức tiền mặt                          1
[2026-06-27 23:44:23] [TASK_8] [INFO]   giảm nợ                                  1
[2026-06-27 23:44:23] [TASK_8] [INFO]   trả nợ                                   1
[2026-06-27 23:44:23] [TASK_8] [INFO]   cải thiện tài chính                      1
[2026-06-27 23:44:23] [TASK_8] [INFO]   dòng tiền dương                          1
[2026-06-27 23:44:23] [TASK_8] [INFO]   ký kết hợp đồng                          1
[2026-06-27 23:44:23] [TASK_8] [INFO]   mở rộng thị trường                       1
[2026-06-27 23:44:23] [TASK_8] [INFO]   xuất khẩu tăng                           1
[2026-06-27 23:44:23] [TASK_8] [INFO]   tăng trưởng mạnh                         0
[2026-06-27 23:44:23] [TASK_8] [INFO]   vượt kế hoạch                            0
[2026-06-27 23:44:23] [TASK_8] [INFO]   lãi ròng                                 0
[2026-06-27 23:44:23] [TASK_8] [INFO]   lợi nhuận sau thuế tăng                  0
[2026-06-27 23:44:23] [TASK_8] [INFO]   kết quả tích cực                         0
[2026-06-27 23:44:23] [TASK_8] [INFO]   mua lại cổ phiếu                         0
[2026-06-27 23:44:23] [TASK_8] [INFO]   phát hành thưởng                         0
[2026-06-27 23:44:23] [TASK_8] [INFO]   tăng vốn điều lệ                         0
[2026-06-27 23:44:23] [TASK_8] [INFO]   hệ số an toàn vốn                        0
[2026-06-27 23:44:23] [TASK_8] [INFO]   tiền mặt dồi dào                         0
[2026-06-27 23:44:23] [TASK_8] [INFO]   dự án mới                                0
[2026-06-27 23:44:23] [TASK_8] [INFO]   đầu tư mới                               0
[2026-06-27 23:44:23] [TASK_8] [INFO]   hợp tác chiến lược                       0
[2026-06-27 23:44:23] [TASK_8] [INFO]   thắng thầu                               0
[2026-06-27 23:44:23] [TASK_8] [INFO] 
--- NEGATIVE keywords (36) ---
[2026-06-27 23:44:23] [TASK_8] [INFO]   lợi nhuận giảm                           1
[2026-06-27 23:44:23] [TASK_8] [INFO]   doanh thu giảm                           1
[2026-06-27 23:44:23] [TASK_8] [INFO]   sụt giảm                                 1
[2026-06-27 23:44:23] [TASK_8] [INFO]   nợ xấu                                   1
[2026-06-27 23:44:23] [TASK_8] [INFO]   áp lực tài chính                         1
[2026-06-27 23:44:23] [TASK_8] [INFO]   dòng tiền âm                             1
[2026-06-27 23:44:23] [TASK_8] [INFO]   hủy hợp đồng                             1
[2026-06-27 23:44:23] [TASK_8] [INFO]   dự án trì hoãn                           1
[2026-06-27 23:44:23] [TASK_8] [INFO]   đóng cửa                                 1
[2026-06-27 23:44:23] [TASK_8] [INFO]   bị phạt                                  1
[2026-06-27 23:44:23] [TASK_8] [INFO]   vi phạm                                  1
[2026-06-27 23:44:23] [TASK_8] [INFO]   bị thanh tra                             1
[2026-06-27 23:44:23] [TASK_8] [INFO]   lợi nhuận âm                             0
[2026-06-27 23:44:23] [TASK_8] [INFO]   thua lỗ                                  0
[2026-06-27 23:44:23] [TASK_8] [INFO]   lỗ ròng                                  0
[2026-06-27 23:44:23] [TASK_8] [INFO]   dưới kế hoạch                            0
[2026-06-27 23:44:23] [TASK_8] [INFO]   kết quả tiêu cực                         0
[2026-06-27 23:44:23] [TASK_8] [INFO]   lợi nhuận thấp hơn                       0
[2026-06-27 23:44:23] [TASK_8] [INFO]   không chia cổ tức                        0
[2026-06-27 23:44:23] [TASK_8] [INFO]   hủy cổ tức                               0
[2026-06-27 23:44:23] [TASK_8] [INFO]   giảm cổ tức                              0
[2026-06-27 23:44:23] [TASK_8] [INFO]   phát hành pha loãng                      0
[2026-06-27 23:44:23] [TASK_8] [INFO]   chào bán giá thấp                        0
[2026-06-27 23:44:23] [TASK_8] [INFO]   nợ vay tăng                              0
[2026-06-27 23:44:23] [TASK_8] [INFO]   nợ quá hạn                               0
[2026-06-27 23:44:23] [TASK_8] [INFO]   hệ số nợ cao                             0
[2026-06-27 23:44:23] [TASK_8] [INFO]   thiếu thanh khoản                        0
[2026-06-27 23:44:23] [TASK_8] [INFO]   thu hẹp hoạt động                        0
[2026-06-27 23:44:23] [TASK_8] [INFO]   dừng dự án                               0
[2026-06-27 23:44:23] [TASK_8] [INFO]   bị kiểm toán từ chối                     0
[2026-06-27 23:44:23] [TASK_8] [INFO]   cảnh báo                                 0
[2026-06-27 23:44:23] [TASK_8] [INFO]   đình chỉ                                 0
[2026-06-27 23:44:23] [TASK_8] [INFO]   khởi tố                                  0
[2026-06-27 23:44:23] [TASK_8] [INFO]   điều tra                                 0
[2026-06-27 23:44:23] [TASK_8] [INFO]   tranh chấp pháp lý                       0
[2026-06-27 23:44:23] [TASK_8] [INFO]   bị kiện                                  0
[2026-06-27 23:44:23] [TASK_8] [INFO] 
--- NEUTRAL keywords (9) ---
[2026-06-27 23:44:23] [TASK_8] [INFO]   đại hội cổ đông                          1
[2026-06-27 23:44:23] [TASK_8] [INFO]   thay đổi lãnh đạo                        1
[2026-06-27 23:44:23] [TASK_8] [INFO]   sáp nhập                                 1
[2026-06-27 23:44:23] [TASK_8] [INFO]   mua lại                                  1
[2026-06-27 23:44:23] [TASK_8] [INFO]   phát hành cổ phiếu mới                   1
[2026-06-27 23:44:23] [TASK_8] [INFO]   thoái vốn                                1
[2026-06-27 23:44:23] [TASK_8] [INFO]   họp HĐQT                                 0
[2026-06-27 23:44:23] [TASK_8] [INFO]   thay CEO                                 0
[2026-06-27 23:44:23] [TASK_8] [INFO]   niêm yết thêm                            0
[2026-06-27 23:44:23] [TASK_8] [INFO] 
Total keyword occurrences in corpus: 32
[2026-06-27 23:44:23] [TASK_8] [INFO] Keywords with zero occurrences: 41 / 73
[2026-06-27 23:44:23] [TASK_8] [INFO] ======================================================================
[2026-06-27 23:44:23] [TASK_8] [INFO] Keyword Builder (TASK 8) complete.
[2026-06-27 23:44:23] [TASK_8] [INFO] Starting Keyword Builder (TASK 8)...
[2026-06-27 23:44:23] [TASK_8] [INFO] Loaded 23 stopwords.
[2026-06-27 23:44:23] [TASK_8] [INFO] Extracting keyword candidates from 10 documents...
[2026-06-27 23:44:23] [TASK_8] [INFO] Saved 176 keyword candidates to C:\Users\User\AppData\Local\Temp\tmp791ojyo1\keyword_candidates.csv (unigrams: 83, bigrams: 93).
[2026-06-27 23:44:23] [TASK_8] [INFO] Curated keyword list: 28 positive, 36 negative, 9 neutral (total: 73).
[2026-06-27 23:44:23] [TASK_8] [INFO] Saved flat keyword list to C:\Users\User\AppData\Local\Temp\tmp791ojyo1\keywords_finance.json.
[2026-06-27 23:44:23] [TASK_8] [INFO] Saved group-level keyword breakdown to C:\Users\User\AppData\Local\Temp\tmp791ojyo1\keywords_by_group.json.
[2026-06-27 23:44:23] [TASK_8] [INFO] ======================================================================
[2026-06-27 23:44:23] [TASK_8] [INFO] KEYWORD CORPUS FREQUENCY REPORT
[2026-06-27 23:44:23] [TASK_8] [INFO] ======================================================================
[2026-06-27 23:44:23] [TASK_8] [INFO] 
--- POSITIVE keywords (28) ---
[2026-06-27 23:44:23] [TASK_8] [INFO]   lợi nhuận tăng                           1
[2026-06-27 23:44:23] [TASK_8] [INFO]   doanh thu tăng                           1
[2026-06-27 23:44:23] [TASK_8] [INFO]   kỷ lục                                   1
[2026-06-27 23:44:23] [TASK_8] [INFO]   tăng trưởng                              1
[2026-06-27 23:44:23] [TASK_8] [INFO]   chia cổ tức                              1
[2026-06-27 23:44:23] [TASK_8] [INFO]   cổ tức cao                               1
[2026-06-27 23:44:23] [TASK_8] [INFO]   cổ tức tiền mặt                          1
[2026-06-27 23:44:23] [TASK_8] [INFO]   giảm nợ                                  1
[2026-06-27 23:44:23] [TASK_8] [INFO]   trả nợ                                   1
[2026-06-27 23:44:23] [TASK_8] [INFO]   cải thiện tài chính                      1
[2026-06-27 23:44:23] [TASK_8] [INFO]   dòng tiền dương                          1
[2026-06-27 23:44:23] [TASK_8] [INFO]   ký kết hợp đồng                          1
[2026-06-27 23:44:23] [TASK_8] [INFO]   mở rộng thị trường                       1
[2026-06-27 23:44:23] [TASK_8] [INFO]   xuất khẩu tăng                           1
[2026-06-27 23:44:23] [TASK_8] [INFO]   tăng trưởng mạnh                         0
[2026-06-27 23:44:23] [TASK_8] [INFO]   vượt kế hoạch                            0
[2026-06-27 23:44:23] [TASK_8] [INFO]   lãi ròng                                 0
[2026-06-27 23:44:23] [TASK_8] [INFO]   lợi nhuận sau thuế tăng                  0
[2026-06-27 23:44:23] [TASK_8] [INFO]   kết quả tích cực                         0
[2026-06-27 23:44:23] [TASK_8] [INFO]   mua lại cổ phiếu                         0
[2026-06-27 23:44:23] [TASK_8] [INFO]   phát hành thưởng                         0
[2026-06-27 23:44:23] [TASK_8] [INFO]   tăng vốn điều lệ                         0
[2026-06-27 23:44:23] [TASK_8] [INFO]   hệ số an toàn vốn                        0
[2026-06-27 23:44:23] [TASK_8] [INFO]   tiền mặt dồi dào                         0
[2026-06-27 23:44:23] [TASK_8] [INFO]   dự án mới                                0
[2026-06-27 23:44:23] [TASK_8] [INFO]   đầu tư mới                               0
[2026-06-27 23:44:23] [TASK_8] [INFO]   hợp tác chiến lược                       0
[2026-06-27 23:44:23] [TASK_8] [INFO]   thắng thầu                               0
[2026-06-27 23:44:23] [TASK_8] [INFO] 
--- NEGATIVE keywords (36) ---
[2026-06-27 23:44:23] [TASK_8] [INFO]   lợi nhuận giảm                           1
[2026-06-27 23:44:23] [TASK_8] [INFO]   doanh thu giảm                           1
[2026-06-27 23:44:23] [TASK_8] [INFO]   sụt giảm                                 1
[2026-06-27 23:44:23] [TASK_8] [INFO]   nợ xấu                                   1
[2026-06-27 23:44:23] [TASK_8] [INFO]   áp lực tài chính                         1
[2026-06-27 23:44:23] [TASK_8] [INFO]   dòng tiền âm                             1
[2026-06-27 23:44:23] [TASK_8] [INFO]   hủy hợp đồng                             1
[2026-06-27 23:44:23] [TASK_8] [INFO]   dự án trì hoãn                           1
[2026-06-27 23:44:23] [TASK_8] [INFO]   đóng cửa                                 1
[2026-06-27 23:44:23] [TASK_8] [INFO]   bị phạt                                  1
[2026-06-27 23:44:23] [TASK_8] [INFO]   vi phạm                                  1
[2026-06-27 23:44:23] [TASK_8] [INFO]   bị thanh tra                             1
[2026-06-27 23:44:23] [TASK_8] [INFO]   lợi nhuận âm                             0
[2026-06-27 23:44:23] [TASK_8] [INFO]   thua lỗ                                  0
[2026-06-27 23:44:23] [TASK_8] [INFO]   lỗ ròng                                  0
[2026-06-27 23:44:23] [TASK_8] [INFO]   dưới kế hoạch                            0
[2026-06-27 23:44:23] [TASK_8] [INFO]   kết quả tiêu cực                         0
[2026-06-27 23:44:23] [TASK_8] [INFO]   lợi nhuận thấp hơn                       0
[2026-06-27 23:44:23] [TASK_8] [INFO]   không chia cổ tức                        0
[2026-06-27 23:44:23] [TASK_8] [INFO]   hủy cổ tức                               0
[2026-06-27 23:44:23] [TASK_8] [INFO]   giảm cổ tức                              0
[2026-06-27 23:44:23] [TASK_8] [INFO]   phát hành pha loãng                      0
[2026-06-27 23:44:23] [TASK_8] [INFO]   chào bán giá thấp                        0
[2026-06-27 23:44:23] [TASK_8] [INFO]   nợ vay tăng                              0
[2026-06-27 23:44:23] [TASK_8] [INFO]   nợ quá hạn                               0
[2026-06-27 23:44:23] [TASK_8] [INFO]   hệ số nợ cao                             0
[2026-06-27 23:44:23] [TASK_8] [INFO]   thiếu thanh khoản                        0
[2026-06-27 23:44:23] [TASK_8] [INFO]   thu hẹp hoạt động                        0
[2026-06-27 23:44:23] [TASK_8] [INFO]   dừng dự án                               0
[2026-06-27 23:44:23] [TASK_8] [INFO]   bị kiểm toán từ chối                     0
[2026-06-27 23:44:23] [TASK_8] [INFO]   cảnh báo                                 0
[2026-06-27 23:44:23] [TASK_8] [INFO]   đình chỉ                                 0
[2026-06-27 23:44:23] [TASK_8] [INFO]   khởi tố                                  0
[2026-06-27 23:44:23] [TASK_8] [INFO]   điều tra                                 0
[2026-06-27 23:44:23] [TASK_8] [INFO]   tranh chấp pháp lý                       0
[2026-06-27 23:44:23] [TASK_8] [INFO]   bị kiện                                  0
[2026-06-27 23:44:23] [TASK_8] [INFO] 
--- NEUTRAL keywords (9) ---
[2026-06-27 23:44:23] [TASK_8] [INFO]   đại hội cổ đông                          1
[2026-06-27 23:44:23] [TASK_8] [INFO]   thay đổi lãnh đạo                        1
[2026-06-27 23:44:23] [TASK_8] [INFO]   sáp nhập                                 1
[2026-06-27 23:44:23] [TASK_8] [INFO]   mua lại                                  1
[2026-06-27 23:44:23] [TASK_8] [INFO]   phát hành cổ phiếu mới                   1
[2026-06-27 23:44:23] [TASK_8] [INFO]   thoái vốn                                1
[2026-06-27 23:44:23] [TASK_8] [INFO]   họp HĐQT                                 0
[2026-06-27 23:44:23] [TASK_8] [INFO]   thay CEO                                 0
[2026-06-27 23:44:23] [TASK_8] [INFO]   niêm yết thêm                            0
[2026-06-27 23:44:23] [TASK_8] [INFO] 
Total keyword occurrences in corpus: 32
[2026-06-27 23:44:23] [TASK_8] [INFO] Keywords with zero occurrences: 41 / 73
[2026-06-27 23:44:23] [TASK_8] [INFO] ======================================================================
[2026-06-27 23:44:23] [TASK_8] [INFO] Keyword Builder (TASK 8) complete.
[2026-06-27 23:44:23] [TASK_8] [INFO] Starting Keyword Builder (TASK 8)...
[2026-06-27 23:44:23] [TASK_8] [INFO] Loaded 23 stopwords.
[2026-06-27 23:44:23] [TASK_8] [INFO] No corpus provided — skipping candidate extraction.
[2026-06-27 23:44:23] [TASK_8] [INFO] Curated keyword list: 28 positive, 36 negative, 9 neutral (total: 73).
[2026-06-27 23:44:23] [TASK_8] [INFO] Saved flat keyword list to C:\Users\User\AppData\Local\Temp\tmpr81f6olh\keywords_finance.json.
[2026-06-27 23:44:23] [TASK_8] [INFO] Saved group-level keyword breakdown to C:\Users\User\AppData\Local\Temp\tmpr81f6olh\keywords_by_group.json.
[2026-06-27 23:44:23] [TASK_8] [INFO] No corpus provided — skipping frequency report.
[2026-06-27 23:44:23] [TASK_8] [INFO] Keyword Builder (TASK 8) complete.
