[2026-07-08 21:53:24] [TASK_4] [INFO] ============================================================
[2026-07-08 21:53:24] [TASK_4] [INFO] START TASK_4: Text Preprocessing (clean, tokenize, deduplicate)
[2026-07-08 21:53:24] [TASK_4] [INFO] Timestamp: 2026-07-08T21:53:24.440878
[2026-07-08 21:53:24] [TASK_4] [INFO] ============================================================
[2026-07-08 21:53:27] [TASK_4] [INFO] Input: data/news/enriched/all_news_enriched.csv (52812 rows)
[2026-07-08 21:53:27] [TASK_4] [INFO] Input: data/news/matched/all_news_matched.csv (52807 rows)
[2026-07-08 21:53:27] [TASK_4] [INFO] ------------------------------------------------------------
[2026-07-08 21:53:27] [TASK_4] [INFO] END TASK_4 — completed in 0.0 seconds
[2026-07-08 21:53:27] [TASK_4] [INFO] ============================================================
[2026-07-08 21:53:42] [TASK_4] [INFO] ============================================================
[2026-07-08 21:53:42] [TASK_4] [INFO] START TASK_4: Text Preprocessing (clean, tokenize, deduplicate)
[2026-07-08 21:53:42] [TASK_4] [INFO] Timestamp: 2026-07-08T21:53:42.516143
[2026-07-08 21:53:42] [TASK_4] [INFO] ============================================================
[2026-07-08 21:53:45] [TASK_4] [INFO] Input: data/news/enriched/all_news_enriched.csv (52812 rows)
[2026-07-08 21:53:45] [TASK_4] [INFO] Input: data/news/matched/all_news_matched.csv (52807 rows)
[2026-07-08 21:53:45] [TASK_4] [INFO] ------------------------------------------------------------
[2026-07-08 21:53:45] [TASK_4] [INFO] END TASK_4 — completed in 0.0 seconds
[2026-07-08 21:53:45] [TASK_4] [INFO] ============================================================
[2026-07-08 21:56:17] [TASK_4] [INFO] ============================================================
[2026-07-08 21:56:17] [TASK_4] [INFO] START TASK_4: Text Preprocessing (clean, tokenize, deduplicate)
[2026-07-08 21:56:17] [TASK_4] [INFO] Timestamp: 2026-07-08T21:56:17.786766
[2026-07-08 21:56:17] [TASK_4] [INFO] ============================================================
[2026-07-08 21:56:20] [TASK_4] [INFO] Input: data/news/enriched/all_news_enriched.csv (52812 rows)
[2026-07-08 21:56:20] [TASK_4] [INFO] Input: data/news/matched/all_news_matched.csv (52807 rows)
[2026-07-08 21:56:20] [TASK_4] [INFO] ------------------------------------------------------------
[2026-07-08 21:56:20] [TASK_4] [INFO] END TASK_4 — completed in 0.0 seconds
[2026-07-08 21:56:20] [TASK_4] [INFO] ============================================================
[2026-07-08 21:56:35] [TASK_4] [INFO] ============================================================
[2026-07-08 21:56:35] [TASK_4] [INFO] START TASK_4: Text Preprocessing (clean, tokenize, deduplicate)
[2026-07-08 21:56:35] [TASK_4] [INFO] Timestamp: 2026-07-08T21:56:35.047114
[2026-07-08 21:56:35] [TASK_4] [INFO] ============================================================
[2026-07-08 21:56:37] [TASK_4] [INFO] Input: data/news/enriched/all_news_enriched.csv (52812 rows)
[2026-07-08 21:56:38] [TASK_4] [INFO] Input: data/news/matched/all_news_matched.csv (52807 rows)
[2026-07-08 21:56:38] [TASK_4] [INFO] ------------------------------------------------------------
[2026-07-08 21:56:38] [TASK_4] [INFO] END TASK_4 — completed in 0.0 seconds
[2026-07-08 21:56:38] [TASK_4] [INFO] ============================================================
[2026-07-08 21:58:46] [TASK_4] [INFO] ============================================================
[2026-07-08 21:58:46] [TASK_4] [INFO] START TASK_4: Text Preprocessing (clean, tokenize, deduplicate)
[2026-07-08 21:58:46] [TASK_4] [INFO] Timestamp: 2026-07-08T21:58:46.964653
[2026-07-08 21:58:46] [TASK_4] [INFO] ============================================================
[2026-07-08 21:58:50] [TASK_4] [INFO] Input: data/news/enriched/all_news_enriched.csv (52812 rows)
[2026-07-08 21:58:50] [TASK_4] [INFO] Input: data/news/matched/all_news_matched.csv (52807 rows)
[2026-07-08 21:58:50] [TASK_4] [INFO] ------------------------------------------------------------
[2026-07-08 21:58:50] [TASK_4] [INFO] END TASK_4 — completed in 0.0 seconds
[2026-07-08 21:58:50] [TASK_4] [INFO] ============================================================
[2026-07-08 21:59:07] [TASK_4] [INFO] ============================================================
[2026-07-08 21:59:07] [TASK_4] [INFO] START TASK_4: Text Preprocessing (clean, tokenize, deduplicate)
[2026-07-08 21:59:07] [TASK_4] [INFO] Timestamp: 2026-07-08T21:59:07.410532
[2026-07-08 21:59:07] [TASK_4] [INFO] ============================================================
[2026-07-08 21:59:10] [TASK_4] [INFO] Input: data/news/enriched/all_news_enriched.csv (52812 rows)
[2026-07-08 21:59:11] [TASK_4] [INFO] Input: data/news/matched/all_news_matched.csv (52807 rows)
[2026-07-08 21:59:11] [TASK_4] [INFO] ------------------------------------------------------------
[2026-07-08 21:59:11] [TASK_4] [INFO] END TASK_4 — completed in 0.0 seconds
[2026-07-08 21:59:11] [TASK_4] [INFO] ============================================================
[2026-07-08 22:02:56] [TASK_4] [INFO] ============================================================
[2026-07-08 22:02:56] [TASK_4] [INFO] START TASK_4: Text Preprocessing (clean, tokenize, deduplicate)
[2026-07-08 22:02:56] [TASK_4] [INFO] Timestamp: 2026-07-08T22:02:56.934469
[2026-07-08 22:02:56] [TASK_4] [INFO] ============================================================
[2026-07-08 22:03:00] [TASK_4] [INFO] Input: data/news/enriched/all_news_enriched.csv (52812 rows)
[2026-07-08 22:03:00] [TASK_4] [INFO] Input: data/news/matched/all_news_matched.csv (52807 rows)
[2026-07-08 22:03:00] [TASK_4] [INFO] ------------------------------------------------------------
[2026-07-08 22:03:00] [TASK_4] [INFO] END TASK_4 — completed in 0.0 seconds
[2026-07-08 22:03:00] [TASK_4] [INFO] ============================================================
[2026-07-08 22:03:15] [TASK_4] [INFO] ============================================================
[2026-07-08 22:03:15] [TASK_4] [INFO] START TASK_4: Text Preprocessing (clean, tokenize, deduplicate)
[2026-07-08 22:03:15] [TASK_4] [INFO] Timestamp: 2026-07-08T22:03:15.389115
[2026-07-08 22:03:15] [TASK_4] [INFO] ============================================================
[2026-07-08 22:03:18] [TASK_4] [INFO] Input: data/news/enriched/all_news_enriched.csv (52812 rows)
[2026-07-08 22:03:18] [TASK_4] [INFO] Input: data/news/matched/all_news_matched.csv (52807 rows)
[2026-07-08 22:03:18] [TASK_4] [INFO] ------------------------------------------------------------
[2026-07-08 22:03:18] [TASK_4] [INFO] END TASK_4 — completed in 0.0 seconds
[2026-07-08 22:03:18] [TASK_4] [INFO] ============================================================
