[2026-07-08 21:53:42] [TASK_11] [INFO] ============================================================
[2026-07-08 21:53:42] [TASK_11] [INFO] START TASK_11: SHAP Analysis (feature importance)
[2026-07-08 21:53:42] [TASK_11] [INFO] Timestamp: 2026-07-08T21:53:42.358454
[2026-07-08 21:53:42] [TASK_11] [INFO] ============================================================
[2026-07-08 21:53:42] [TASK_11] [INFO] ------------------------------------------------------------
[2026-07-08 21:53:42] [TASK_11] [INFO] END TASK_11 — completed in 0.0 seconds
[2026-07-08 21:53:42] [TASK_11] [INFO] ============================================================
[2026-07-08 21:53:59] [TASK_11] [INFO] ============================================================
[2026-07-08 21:53:59] [TASK_11] [INFO] START TASK_11: SHAP Analysis (feature importance)
[2026-07-08 21:53:59] [TASK_11] [INFO] Timestamp: 2026-07-08T21:53:59.669513
[2026-07-08 21:53:59] [TASK_11] [INFO] ============================================================
[2026-07-08 21:53:59] [TASK_11] [INFO] ------------------------------------------------------------
[2026-07-08 21:53:59] [TASK_11] [INFO] END TASK_11 — completed in 0.0 seconds
[2026-07-08 21:53:59] [TASK_11] [INFO] ============================================================
[2026-07-08 21:54:03] [TASK_11] [INFO] Saved tree-based feature importance plot to C:\Users\User\AppData\Local\Temp\pytest-of-User\pytest-349\test_returns_sorted_series0\feat_imp.png
[2026-07-08 21:54:03] [TASK_11] [INFO] Saved tree-based feature importance plot to C:\Users\User\AppData\Local\Temp\pytest-of-User\pytest-349\test_top_n_limits_output0\feat_imp.png
[2026-07-08 21:54:03] [TASK_11] [INFO] Saved permutation importance plot to C:\Users\User\AppData\Local\Temp\pytest-of-User\pytest-349\test_returns_sorted_series1\perm_imp.png
[2026-07-08 21:54:03] [TASK_11] [INFO] All top 5 keyword directions are aligned with their labels.
[2026-07-08 21:54:03] [TASK_11] [INFO] Saved top 5 keyword analysis to C:\Users\User\AppData\Local\Temp\pytest-of-User\pytest-349\test_returns_dataframe0\top_kw.csv
[2026-07-08 21:54:03] [TASK_11] [INFO] All top 10 keyword directions are aligned with their labels.
[2026-07-08 21:54:03] [TASK_11] [INFO] Saved top 10 keyword analysis to C:\Users\User\AppData\Local\Temp\pytest-of-User\pytest-349\test_only_keyword_features_inc0\top_kw.csv
[2026-07-08 21:54:03] [TASK_11] [INFO] All top 10 keyword directions are aligned with their labels.
[2026-07-08 21:54:03] [TASK_11] [INFO] Saved top 10 keyword analysis to C:\Users\User\AppData\Local\Temp\pytest-of-User\pytest-349\test_direction_labels_present0\top_kw.csv
[2026-07-08 21:54:03] [TASK_11] [INFO] ============================================================
[2026-07-08 21:54:03] [TASK_11] [INFO] GROUP CONTRIBUTION ANALYSIS (H1 Evidence)
[2026-07-08 21:54:03] [TASK_11] [INFO] ============================================================
[2026-07-08 21:54:03] [TASK_11] [INFO] Technical features: mean|SHAP| = 0.275000  (75.3%)
[2026-07-08 21:54:03] [TASK_11] [INFO] Keyword features:   mean|SHAP| = 0.090000  (24.7%)
[2026-07-08 21:54:03] [TASK_11] [INFO] ============================================================
[2026-07-08 21:54:03] [TASK_11] [INFO] Keyword features contribute 24.7% of total SHAP importance, providing empirical evidence for H1.
[2026-07-08 21:54:03] [TASK_11] [INFO] ============================================================
[2026-07-08 21:54:03] [TASK_11] [INFO] GROUP CONTRIBUTION ANALYSIS (H1 Evidence)
[2026-07-08 21:54:03] [TASK_11] [INFO] ============================================================
[2026-07-08 21:54:03] [TASK_11] [INFO] Technical features: mean|SHAP| = 0.275000  (100.0%)
[2026-07-08 21:54:03] [TASK_11] [INFO] Keyword features:   mean|SHAP| = 0.000000  (0.0%)
[2026-07-08 21:54:03] [TASK_11] [INFO] ============================================================
[2026-07-08 21:54:03] [TASK_11] [INFO] Keyword features contribute 0%% of total SHAP importance. This suggests keywords may not add predictive value (H1 not supported).
[2026-07-08 21:54:03] [TASK_11] [INFO] ============================================================
[2026-07-08 21:54:03] [TASK_11] [INFO] GROUP CONTRIBUTION ANALYSIS (H1 Evidence)
[2026-07-08 21:54:03] [TASK_11] [INFO] ============================================================
[2026-07-08 21:54:03] [TASK_11] [INFO] Technical features: mean|SHAP| = 0.000000  (0.0%)
[2026-07-08 21:54:03] [TASK_11] [INFO] Keyword features:   mean|SHAP| = 0.275000  (100.0%)
[2026-07-08 21:54:03] [TASK_11] [INFO] ============================================================
[2026-07-08 21:54:03] [TASK_11] [INFO] Keyword features contribute 100.0% of total SHAP importance, providing empirical evidence for H1.
[2026-07-08 21:56:34] [TASK_11] [INFO] ============================================================
[2026-07-08 21:56:34] [TASK_11] [INFO] START TASK_11: SHAP Analysis (feature importance)
[2026-07-08 21:56:34] [TASK_11] [INFO] Timestamp: 2026-07-08T21:56:34.904469
[2026-07-08 21:56:34] [TASK_11] [INFO] ============================================================
[2026-07-08 21:56:34] [TASK_11] [INFO] ------------------------------------------------------------
[2026-07-08 21:56:34] [TASK_11] [INFO] END TASK_11 — completed in 0.0 seconds
[2026-07-08 21:56:34] [TASK_11] [INFO] ============================================================
[2026-07-08 21:56:52] [TASK_11] [INFO] ============================================================
[2026-07-08 21:56:52] [TASK_11] [INFO] START TASK_11: SHAP Analysis (feature importance)
[2026-07-08 21:56:52] [TASK_11] [INFO] Timestamp: 2026-07-08T21:56:52.588802
[2026-07-08 21:56:52] [TASK_11] [INFO] ============================================================
[2026-07-08 21:56:52] [TASK_11] [INFO] ------------------------------------------------------------
[2026-07-08 21:56:52] [TASK_11] [INFO] END TASK_11 — completed in 0.0 seconds
[2026-07-08 21:56:52] [TASK_11] [INFO] ============================================================
[2026-07-08 21:56:56] [TASK_11] [INFO] Saved tree-based feature importance plot to C:\Users\User\AppData\Local\Temp\pytest-of-User\pytest-351\test_returns_sorted_series0\feat_imp.png
[2026-07-08 21:56:56] [TASK_11] [INFO] Saved tree-based feature importance plot to C:\Users\User\AppData\Local\Temp\pytest-of-User\pytest-351\test_top_n_limits_output0\feat_imp.png
[2026-07-08 21:56:56] [TASK_11] [INFO] Saved permutation importance plot to C:\Users\User\AppData\Local\Temp\pytest-of-User\pytest-351\test_returns_sorted_series1\perm_imp.png
[2026-07-08 21:56:56] [TASK_11] [INFO] All top 5 keyword directions are aligned with their labels.
[2026-07-08 21:56:56] [TASK_11] [INFO] Saved top 5 keyword analysis to C:\Users\User\AppData\Local\Temp\pytest-of-User\pytest-351\test_returns_dataframe0\top_kw.csv
[2026-07-08 21:56:56] [TASK_11] [INFO] All top 10 keyword directions are aligned with their labels.
[2026-07-08 21:56:56] [TASK_11] [INFO] Saved top 10 keyword analysis to C:\Users\User\AppData\Local\Temp\pytest-of-User\pytest-351\test_only_keyword_features_inc0\top_kw.csv
[2026-07-08 21:56:56] [TASK_11] [INFO] All top 10 keyword directions are aligned with their labels.
[2026-07-08 21:56:56] [TASK_11] [INFO] Saved top 10 keyword analysis to C:\Users\User\AppData\Local\Temp\pytest-of-User\pytest-351\test_direction_labels_present0\top_kw.csv
[2026-07-08 21:56:56] [TASK_11] [INFO] ============================================================
[2026-07-08 21:56:56] [TASK_11] [INFO] GROUP CONTRIBUTION ANALYSIS (H1 Evidence)
[2026-07-08 21:56:56] [TASK_11] [INFO] ============================================================
[2026-07-08 21:56:56] [TASK_11] [INFO] Technical features: mean|SHAP| = 0.275000  (75.3%)
[2026-07-08 21:56:56] [TASK_11] [INFO] Keyword features:   mean|SHAP| = 0.090000  (24.7%)
[2026-07-08 21:56:56] [TASK_11] [INFO] ============================================================
[2026-07-08 21:56:56] [TASK_11] [INFO] Keyword features contribute 24.7% of total SHAP importance, providing empirical evidence for H1.
[2026-07-08 21:56:56] [TASK_11] [INFO] ============================================================
[2026-07-08 21:56:56] [TASK_11] [INFO] GROUP CONTRIBUTION ANALYSIS (H1 Evidence)
[2026-07-08 21:56:56] [TASK_11] [INFO] ============================================================
[2026-07-08 21:56:56] [TASK_11] [INFO] Technical features: mean|SHAP| = 0.275000  (100.0%)
[2026-07-08 21:56:56] [TASK_11] [INFO] Keyword features:   mean|SHAP| = 0.000000  (0.0%)
[2026-07-08 21:56:56] [TASK_11] [INFO] ============================================================
[2026-07-08 21:56:56] [TASK_11] [INFO] Keyword features contribute 0%% of total SHAP importance. This suggests keywords may not add predictive value (H1 not supported).
[2026-07-08 21:56:56] [TASK_11] [INFO] ============================================================
[2026-07-08 21:56:56] [TASK_11] [INFO] GROUP CONTRIBUTION ANALYSIS (H1 Evidence)
[2026-07-08 21:56:56] [TASK_11] [INFO] ============================================================
[2026-07-08 21:56:56] [TASK_11] [INFO] Technical features: mean|SHAP| = 0.000000  (0.0%)
[2026-07-08 21:56:56] [TASK_11] [INFO] Keyword features:   mean|SHAP| = 0.275000  (100.0%)
[2026-07-08 21:56:56] [TASK_11] [INFO] ============================================================
[2026-07-08 21:56:56] [TASK_11] [INFO] Keyword features contribute 100.0% of total SHAP importance, providing empirical evidence for H1.
[2026-07-08 21:59:07] [TASK_11] [INFO] ============================================================
[2026-07-08 21:59:07] [TASK_11] [INFO] START TASK_11: SHAP Analysis (feature importance)
[2026-07-08 21:59:07] [TASK_11] [INFO] Timestamp: 2026-07-08T21:59:07.238949
[2026-07-08 21:59:07] [TASK_11] [INFO] ============================================================
[2026-07-08 21:59:07] [TASK_11] [INFO] ------------------------------------------------------------
[2026-07-08 21:59:07] [TASK_11] [INFO] END TASK_11 — completed in 0.0 seconds
[2026-07-08 21:59:07] [TASK_11] [INFO] ============================================================
[2026-07-08 21:59:26] [TASK_11] [INFO] ============================================================
[2026-07-08 21:59:26] [TASK_11] [INFO] START TASK_11: SHAP Analysis (feature importance)
[2026-07-08 21:59:26] [TASK_11] [INFO] Timestamp: 2026-07-08T21:59:26.233056
[2026-07-08 21:59:26] [TASK_11] [INFO] ============================================================
[2026-07-08 21:59:26] [TASK_11] [INFO] ------------------------------------------------------------
[2026-07-08 21:59:26] [TASK_11] [INFO] END TASK_11 — completed in 0.0 seconds
[2026-07-08 21:59:26] [TASK_11] [INFO] ============================================================
[2026-07-08 21:59:29] [TASK_11] [INFO] Saved tree-based feature importance plot to C:\Users\User\AppData\Local\Temp\pytest-of-User\pytest-352\test_returns_sorted_series0\feat_imp.png
[2026-07-08 21:59:29] [TASK_11] [INFO] Saved tree-based feature importance plot to C:\Users\User\AppData\Local\Temp\pytest-of-User\pytest-352\test_top_n_limits_output0\feat_imp.png
[2026-07-08 21:59:30] [TASK_11] [INFO] Saved permutation importance plot to C:\Users\User\AppData\Local\Temp\pytest-of-User\pytest-352\test_returns_sorted_series1\perm_imp.png
[2026-07-08 21:59:30] [TASK_11] [INFO] All top 5 keyword directions are aligned with their labels.
[2026-07-08 21:59:30] [TASK_11] [INFO] Saved top 5 keyword analysis to C:\Users\User\AppData\Local\Temp\pytest-of-User\pytest-352\test_returns_dataframe0\top_kw.csv
[2026-07-08 21:59:30] [TASK_11] [INFO] All top 10 keyword directions are aligned with their labels.
[2026-07-08 21:59:30] [TASK_11] [INFO] Saved top 10 keyword analysis to C:\Users\User\AppData\Local\Temp\pytest-of-User\pytest-352\test_only_keyword_features_inc0\top_kw.csv
[2026-07-08 21:59:30] [TASK_11] [INFO] All top 10 keyword directions are aligned with their labels.
[2026-07-08 21:59:30] [TASK_11] [INFO] Saved top 10 keyword analysis to C:\Users\User\AppData\Local\Temp\pytest-of-User\pytest-352\test_direction_labels_present0\top_kw.csv
[2026-07-08 21:59:30] [TASK_11] [INFO] ============================================================
[2026-07-08 21:59:30] [TASK_11] [INFO] GROUP CONTRIBUTION ANALYSIS (H1 Evidence)
[2026-07-08 21:59:30] [TASK_11] [INFO] ============================================================
[2026-07-08 21:59:30] [TASK_11] [INFO] Technical features: mean|SHAP| = 0.275000  (75.3%)
[2026-07-08 21:59:30] [TASK_11] [INFO] Keyword features:   mean|SHAP| = 0.090000  (24.7%)
[2026-07-08 21:59:30] [TASK_11] [INFO] ============================================================
[2026-07-08 21:59:30] [TASK_11] [INFO] Keyword features contribute 24.7% of total SHAP importance, providing empirical evidence for H1.
[2026-07-08 21:59:30] [TASK_11] [INFO] ============================================================
[2026-07-08 21:59:30] [TASK_11] [INFO] GROUP CONTRIBUTION ANALYSIS (H1 Evidence)
[2026-07-08 21:59:30] [TASK_11] [INFO] ============================================================
[2026-07-08 21:59:30] [TASK_11] [INFO] Technical features: mean|SHAP| = 0.275000  (100.0%)
[2026-07-08 21:59:30] [TASK_11] [INFO] Keyword features:   mean|SHAP| = 0.000000  (0.0%)
[2026-07-08 21:59:30] [TASK_11] [INFO] ============================================================
[2026-07-08 21:59:30] [TASK_11] [INFO] Keyword features contribute 0%% of total SHAP importance. This suggests keywords may not add predictive value (H1 not supported).
[2026-07-08 21:59:30] [TASK_11] [INFO] ============================================================
[2026-07-08 21:59:30] [TASK_11] [INFO] GROUP CONTRIBUTION ANALYSIS (H1 Evidence)
[2026-07-08 21:59:30] [TASK_11] [INFO] ============================================================
[2026-07-08 21:59:30] [TASK_11] [INFO] Technical features: mean|SHAP| = 0.000000  (0.0%)
[2026-07-08 21:59:30] [TASK_11] [INFO] Keyword features:   mean|SHAP| = 0.275000  (100.0%)
[2026-07-08 21:59:30] [TASK_11] [INFO] ============================================================
[2026-07-08 21:59:30] [TASK_11] [INFO] Keyword features contribute 100.0% of total SHAP importance, providing empirical evidence for H1.
[2026-07-08 22:03:15] [TASK_11] [INFO] ============================================================
[2026-07-08 22:03:15] [TASK_11] [INFO] START TASK_11: SHAP Analysis (feature importance)
[2026-07-08 22:03:15] [TASK_11] [INFO] Timestamp: 2026-07-08T22:03:15.232197
[2026-07-08 22:03:15] [TASK_11] [INFO] ============================================================
[2026-07-08 22:03:15] [TASK_11] [INFO] ------------------------------------------------------------
[2026-07-08 22:03:15] [TASK_11] [INFO] END TASK_11 — completed in 0.0 seconds
[2026-07-08 22:03:15] [TASK_11] [INFO] ============================================================
[2026-07-08 22:03:33] [TASK_11] [INFO] ============================================================
[2026-07-08 22:03:33] [TASK_11] [INFO] START TASK_11: SHAP Analysis (feature importance)
[2026-07-08 22:03:33] [TASK_11] [INFO] Timestamp: 2026-07-08T22:03:33.596993
[2026-07-08 22:03:33] [TASK_11] [INFO] ============================================================
[2026-07-08 22:03:33] [TASK_11] [INFO] ------------------------------------------------------------
[2026-07-08 22:03:33] [TASK_11] [INFO] END TASK_11 — completed in 0.0 seconds
[2026-07-08 22:03:33] [TASK_11] [INFO] ============================================================
[2026-07-08 22:03:36] [TASK_11] [INFO] Saved tree-based feature importance plot to C:\Users\User\AppData\Local\Temp\pytest-of-User\pytest-354\test_returns_sorted_series0\feat_imp.png
[2026-07-08 22:03:37] [TASK_11] [INFO] Saved tree-based feature importance plot to C:\Users\User\AppData\Local\Temp\pytest-of-User\pytest-354\test_top_n_limits_output0\feat_imp.png
[2026-07-08 22:03:37] [TASK_11] [INFO] Saved permutation importance plot to C:\Users\User\AppData\Local\Temp\pytest-of-User\pytest-354\test_returns_sorted_series1\perm_imp.png
[2026-07-08 22:03:37] [TASK_11] [INFO] All top 5 keyword directions are aligned with their labels.
[2026-07-08 22:03:37] [TASK_11] [INFO] Saved top 5 keyword analysis to C:\Users\User\AppData\Local\Temp\pytest-of-User\pytest-354\test_returns_dataframe0\top_kw.csv
[2026-07-08 22:03:37] [TASK_11] [INFO] All top 10 keyword directions are aligned with their labels.
[2026-07-08 22:03:37] [TASK_11] [INFO] Saved top 10 keyword analysis to C:\Users\User\AppData\Local\Temp\pytest-of-User\pytest-354\test_only_keyword_features_inc0\top_kw.csv
[2026-07-08 22:03:37] [TASK_11] [INFO] All top 10 keyword directions are aligned with their labels.
[2026-07-08 22:03:37] [TASK_11] [INFO] Saved top 10 keyword analysis to C:\Users\User\AppData\Local\Temp\pytest-of-User\pytest-354\test_direction_labels_present0\top_kw.csv
[2026-07-08 22:03:37] [TASK_11] [INFO] ============================================================
[2026-07-08 22:03:37] [TASK_11] [INFO] GROUP CONTRIBUTION ANALYSIS (H1 Evidence)
[2026-07-08 22:03:37] [TASK_11] [INFO] ============================================================
[2026-07-08 22:03:37] [TASK_11] [INFO] Technical features: mean|SHAP| = 0.275000  (75.3%)
[2026-07-08 22:03:37] [TASK_11] [INFO] Keyword features:   mean|SHAP| = 0.090000  (24.7%)
[2026-07-08 22:03:37] [TASK_11] [INFO] ============================================================
[2026-07-08 22:03:37] [TASK_11] [INFO] Keyword features contribute 24.7% of total SHAP importance, providing empirical evidence for H1.
[2026-07-08 22:03:37] [TASK_11] [INFO] ============================================================
[2026-07-08 22:03:37] [TASK_11] [INFO] GROUP CONTRIBUTION ANALYSIS (H1 Evidence)
[2026-07-08 22:03:37] [TASK_11] [INFO] ============================================================
[2026-07-08 22:03:37] [TASK_11] [INFO] Technical features: mean|SHAP| = 0.275000  (100.0%)
[2026-07-08 22:03:37] [TASK_11] [INFO] Keyword features:   mean|SHAP| = 0.000000  (0.0%)
[2026-07-08 22:03:37] [TASK_11] [INFO] ============================================================
[2026-07-08 22:03:37] [TASK_11] [INFO] Keyword features contribute 0%% of total SHAP importance. This suggests keywords may not add predictive value (H1 not supported).
[2026-07-08 22:03:37] [TASK_11] [INFO] ============================================================
[2026-07-08 22:03:37] [TASK_11] [INFO] GROUP CONTRIBUTION ANALYSIS (H1 Evidence)
[2026-07-08 22:03:37] [TASK_11] [INFO] ============================================================
[2026-07-08 22:03:37] [TASK_11] [INFO] Technical features: mean|SHAP| = 0.000000  (0.0%)
[2026-07-08 22:03:37] [TASK_11] [INFO] Keyword features:   mean|SHAP| = 0.275000  (100.0%)
[2026-07-08 22:03:37] [TASK_11] [INFO] ============================================================
[2026-07-08 22:03:37] [TASK_11] [INFO] Keyword features contribute 100.0% of total SHAP importance, providing empirical evidence for H1.
