[2026-07-05 07:07:36] [TASK_10] [INFO] ============================================================
[2026-07-05 07:07:36] [TASK_10] [INFO] START TASK_10: Model Training (3 configs × 4 algorithms)
[2026-07-05 07:07:36] [TASK_10] [INFO] Timestamp: 2026-07-05T07:07:36.607695
[2026-07-05 07:07:36] [TASK_10] [INFO] ============================================================
[2026-07-05 07:07:36] [TASK_10] [INFO] Input: data/features/technical_features.csv (1521 rows)
[2026-07-05 07:07:36] [TASK_10] [INFO] Input: data/features/keyword_features.csv (1450 rows)
[2026-07-05 07:07:36] [TASK_10] [INFO] Input: data/aggregated/master_with_labels.csv (1428 rows)
[2026-07-05 07:07:36] [TASK_10] [INFO] ------------------------------------------------------------
[2026-07-05 07:07:36] [TASK_10] [INFO] END TASK_10 — completed in 0.0 seconds
[2026-07-05 07:07:36] [TASK_10] [INFO] ============================================================
[2026-07-05 07:07:37] [TASK_10] [INFO] ============================================================
[2026-07-05 07:07:37] [TASK_10] [INFO] START TASK_10: Model Training (3 configs × 4 algorithms)
[2026-07-05 07:07:37] [TASK_10] [INFO] Timestamp: 2026-07-05T07:07:37.719603
[2026-07-05 07:07:37] [TASK_10] [INFO] ============================================================
[2026-07-05 07:07:37] [TASK_10] [INFO] Input: data/features/technical_features.csv (1521 rows)
[2026-07-05 07:07:37] [TASK_10] [INFO] Input: data/features/keyword_features.csv (1450 rows)
[2026-07-05 07:07:37] [TASK_10] [INFO] Input: data/aggregated/master_with_labels.csv (1428 rows)
[2026-07-05 07:07:37] [TASK_10] [INFO] ------------------------------------------------------------
[2026-07-05 07:07:37] [TASK_10] [INFO] END TASK_10 — completed in 0.0 seconds
[2026-07-05 07:07:37] [TASK_10] [INFO] ============================================================
[2026-07-05 15:16:52] [TASK_10] [INFO] ============================================================
[2026-07-05 15:16:52] [TASK_10] [INFO] START TASK_10: Model Training (3 configs × 4 algorithms)
[2026-07-05 15:16:52] [TASK_10] [INFO] Timestamp: 2026-07-05T15:16:52.562661
[2026-07-05 15:16:52] [TASK_10] [INFO] ============================================================
[2026-07-05 15:16:52] [TASK_10] [INFO] Input: data/features/technical_features.csv (1521 rows)
[2026-07-05 15:16:52] [TASK_10] [INFO] Input: data/features/keyword_features.csv (1450 rows)
[2026-07-05 15:16:52] [TASK_10] [INFO] Input: data/aggregated/master_with_labels.csv (1428 rows)
[2026-07-05 15:16:52] [TASK_10] [INFO] ------------------------------------------------------------
[2026-07-05 15:16:52] [TASK_10] [INFO] END TASK_10 — completed in 0.0 seconds
[2026-07-05 15:16:52] [TASK_10] [INFO] ============================================================
[2026-07-05 15:16:54] [TASK_10] [INFO] ============================================================
[2026-07-05 15:16:54] [TASK_10] [INFO] START TASK_10: Model Training (3 configs × 4 algorithms)
[2026-07-05 15:16:54] [TASK_10] [INFO] Timestamp: 2026-07-05T15:16:54.523389
[2026-07-05 15:16:54] [TASK_10] [INFO] ============================================================
[2026-07-05 15:16:54] [TASK_10] [INFO] Input: data/features/technical_features.csv (1521 rows)
[2026-07-05 15:16:54] [TASK_10] [INFO] Input: data/features/keyword_features.csv (1450 rows)
[2026-07-05 15:16:54] [TASK_10] [INFO] Input: data/aggregated/master_with_labels.csv (1428 rows)
[2026-07-05 15:16:54] [TASK_10] [INFO] ------------------------------------------------------------
[2026-07-05 15:16:54] [TASK_10] [INFO] END TASK_10 — completed in 0.0 seconds
[2026-07-05 15:16:54] [TASK_10] [INFO] ============================================================
