[2026-06-30 10:01:19] [TASK_11] [INFO] ============================================================
[2026-06-30 10:01:19] [TASK_11] [INFO] START TASK_11: SHAP Analysis (feature importance)
[2026-06-30 10:01:19] [TASK_11] [INFO] Timestamp: 2026-06-30T10:01:19.986543
[2026-06-30 10:01:19] [TASK_11] [INFO] ============================================================
[2026-06-30 10:01:30] [TASK_11] [INFO] Starting SHAP Analysis (TASK 11)...
[2026-06-30 10:01:30] [TASK_11] [INFO] Loaded best model from models/best_model.pkl
[2026-06-30 10:01:30] [TASK_11] [INFO] SHAP analysis using Config_A (16 features) per best-model metadata.
[2026-06-30 10:01:30] [TASK_11] [INFO] Config_C data — train: 360 samples, test: 150 samples, features: 16
[2026-06-30 10:01:30] [TASK_11] [INFO] --- 17.1: Tree-based feature importance ---
[2026-06-30 10:01:31] [TASK_11] [INFO] Saved tree-based feature importance plot to reports\feature_importance.png
[2026-06-30 10:01:31] [TASK_11] [INFO] --- 17.2: Permutation importance ---
[2026-06-30 10:01:41] [TASK_11] [INFO] Saved permutation importance plot to reports\permutation_importance.png
[2026-06-30 10:01:41] [TASK_11] [INFO] --- 17.3: SHAP values ---
[2026-06-30 10:01:41] [TASK_11] [INFO] Computed SHAP values with RandomForestClassifier: shape=(150, 16)
[2026-06-30 10:01:42] [TASK_11] [INFO] Saved SHAP beeswarm summary to reports\shap_summary.png
[2026-06-30 10:01:43] [TASK_11] [INFO] Saved SHAP bar plot to reports\shap_bar.png
[2026-06-30 10:01:43] [TASK_11] [INFO] --- 17.4: Top keyword analysis ---
[2026-06-30 10:01:43] [TASK_11] [WARNING] No keyword features found in SHAP values.
[2026-06-30 10:01:43] [TASK_11] [INFO] --- 17.5: Group contribution analysis ---
[2026-06-30 10:01:43] [TASK_11] [INFO] ============================================================
[2026-06-30 10:01:43] [TASK_11] [INFO] GROUP CONTRIBUTION ANALYSIS (H1 Evidence)
[2026-06-30 10:01:43] [TASK_11] [INFO] ============================================================
[2026-06-30 10:01:43] [TASK_11] [INFO] Technical features: mean|SHAP| = 0.424954  (100.0%)
[2026-06-30 10:01:43] [TASK_11] [INFO] Keyword features:   mean|SHAP| = 0.000000  (0.0%)
[2026-06-30 10:01:43] [TASK_11] [INFO] ============================================================
[2026-06-30 10:01:43] [TASK_11] [INFO] Keyword features contribute 0%% of total SHAP importance. This suggests keywords may not add predictive value (H1 not supported).
[2026-06-30 10:01:43] [TASK_11] [INFO] --- 17.6: SHAP case studies ---
[2026-06-30 10:01:44] [TASK_11] [INFO] No (ticker, quarter) pairs found where Config_C is correct but Config_A is wrong. Skipping case studies.
[2026-06-30 10:01:44] [TASK_11] [INFO] TASK 11 complete.
[2026-06-30 10:01:44] [TASK_11] [INFO] ------------------------------------------------------------
[2026-06-30 10:01:44] [TASK_11] [INFO] END TASK_11 — completed in 24.1 seconds
[2026-06-30 10:01:44] [TASK_11] [INFO] ============================================================
[2026-06-30 13:11:45] [TASK_11] [INFO] ============================================================
[2026-06-30 13:11:45] [TASK_11] [INFO] START TASK_11: SHAP Analysis (feature importance)
[2026-06-30 13:11:45] [TASK_11] [INFO] Timestamp: 2026-06-30T13:11:45.076387
[2026-06-30 13:11:45] [TASK_11] [INFO] ============================================================
[2026-06-30 13:11:53] [TASK_11] [INFO] Starting SHAP Analysis (TASK 11)...
[2026-06-30 13:11:53] [TASK_11] [INFO] Loaded best model from models/best_model.pkl
[2026-06-30 13:11:53] [TASK_11] [INFO] SHAP analysis using Config_A (16 features) per best-model metadata.
[2026-06-30 13:11:53] [TASK_11] [INFO] Config_C data — train: 360 samples, test: 150 samples, features: 16
[2026-06-30 13:11:53] [TASK_11] [INFO] --- 17.1: Tree-based feature importance ---
[2026-06-30 13:11:53] [TASK_11] [INFO] Saved tree-based feature importance plot to reports\feature_importance.png
[2026-06-30 13:11:53] [TASK_11] [INFO] --- 17.2: Permutation importance ---
[2026-06-30 13:12:02] [TASK_11] [INFO] Saved permutation importance plot to reports\permutation_importance.png
[2026-06-30 13:12:02] [TASK_11] [INFO] --- 17.3: SHAP values ---
[2026-06-30 13:12:02] [TASK_11] [INFO] Computed SHAP values with RandomForestClassifier: shape=(150, 16)
[2026-06-30 13:12:03] [TASK_11] [INFO] Saved SHAP beeswarm summary to reports\shap_summary.png
[2026-06-30 13:12:04] [TASK_11] [INFO] Saved SHAP bar plot to reports\shap_bar.png
[2026-06-30 13:12:04] [TASK_11] [INFO] --- 17.4: Top keyword analysis ---
[2026-06-30 13:12:04] [TASK_11] [WARNING] No keyword features found in SHAP values.
[2026-06-30 13:12:04] [TASK_11] [INFO] --- 17.5: Group contribution analysis ---
[2026-06-30 13:12:04] [TASK_11] [INFO] ============================================================
[2026-06-30 13:12:04] [TASK_11] [INFO] GROUP CONTRIBUTION ANALYSIS (H1 Evidence)
[2026-06-30 13:12:04] [TASK_11] [INFO] ============================================================
[2026-06-30 13:12:04] [TASK_11] [INFO] Technical features: mean|SHAP| = 0.424954  (100.0%)
[2026-06-30 13:12:04] [TASK_11] [INFO] Keyword features:   mean|SHAP| = 0.000000  (0.0%)
[2026-06-30 13:12:04] [TASK_11] [INFO] ============================================================
[2026-06-30 13:12:04] [TASK_11] [INFO] Keyword features contribute 0%% of total SHAP importance. This suggests keywords may not add predictive value (H1 not supported).
[2026-06-30 13:12:04] [TASK_11] [INFO] --- 17.6: SHAP case studies ---
[2026-06-30 13:12:05] [TASK_11] [INFO] No (ticker, quarter) pairs found where Config_C is correct but Config_A is wrong. Skipping case studies.
[2026-06-30 13:12:05] [TASK_11] [INFO] TASK 11 complete.
[2026-06-30 13:12:05] [TASK_11] [INFO] ------------------------------------------------------------
[2026-06-30 13:12:05] [TASK_11] [INFO] END TASK_11 — completed in 20.0 seconds
[2026-06-30 13:12:05] [TASK_11] [INFO] ============================================================
[2026-06-30 16:39:00] [TASK_11] [INFO] ============================================================
[2026-06-30 16:39:00] [TASK_11] [INFO] START TASK_11: SHAP Analysis (feature importance)
[2026-06-30 16:39:00] [TASK_11] [INFO] Timestamp: 2026-06-30T16:39:00.263433
[2026-06-30 16:39:00] [TASK_11] [INFO] ============================================================
[2026-06-30 16:39:01] [TASK_11] [INFO] Starting SHAP Analysis (TASK 11)...
[2026-06-30 16:39:01] [TASK_11] [INFO] Loaded best model from models/best_model.pkl
[2026-06-30 16:39:01] [TASK_11] [INFO] SHAP analysis using Config_A (16 features) per best-model metadata.
[2026-06-30 16:39:01] [TASK_11] [INFO] Config_C data — train: 948 samples, test: 400 samples, features: 16
[2026-06-30 16:39:01] [TASK_11] [INFO] --- 17.1: Tree-based feature importance ---
[2026-06-30 16:39:02] [TASK_11] [INFO] Saved tree-based feature importance plot to reports\feature_importance.png
[2026-06-30 16:39:02] [TASK_11] [INFO] --- 17.2: Permutation importance ---
[2026-06-30 16:39:09] [TASK_11] [INFO] Saved permutation importance plot to reports\permutation_importance.png
[2026-06-30 16:39:09] [TASK_11] [INFO] --- 17.3: SHAP values ---
[2026-06-30 16:39:10] [TASK_11] [INFO] Computed SHAP values with LGBMClassifier: shape=(400, 16)
[2026-06-30 16:39:10] [TASK_11] [INFO] Saved SHAP beeswarm summary to reports\shap_summary.png
[2026-06-30 16:39:11] [TASK_11] [INFO] Saved SHAP bar plot to reports\shap_bar.png
[2026-06-30 16:39:11] [TASK_11] [INFO] --- 17.4: Top keyword analysis ---
[2026-06-30 16:39:11] [TASK_11] [WARNING] No keyword features found in SHAP values.
[2026-06-30 16:39:11] [TASK_11] [INFO] --- 17.5: Group contribution analysis ---
[2026-06-30 16:39:11] [TASK_11] [INFO] ============================================================
[2026-06-30 16:39:11] [TASK_11] [INFO] GROUP CONTRIBUTION ANALYSIS (H1 Evidence)
[2026-06-30 16:39:11] [TASK_11] [INFO] ============================================================
[2026-06-30 16:39:11] [TASK_11] [INFO] Technical features: mean|SHAP| = 5.863083  (100.0%)
[2026-06-30 16:39:11] [TASK_11] [INFO] Keyword features:   mean|SHAP| = 0.000000  (0.0%)
[2026-06-30 16:39:11] [TASK_11] [INFO] ============================================================
[2026-06-30 16:39:11] [TASK_11] [INFO] Keyword features contribute 0%% of total SHAP importance. This suggests keywords may not add predictive value (H1 not supported).
[2026-06-30 16:39:11] [TASK_11] [INFO] --- 17.6: SHAP case studies ---
[2026-06-30 16:39:11] [TASK_11] [INFO] No (ticker, quarter) pairs found where Config_C is correct but Config_A is wrong. Skipping case studies.
[2026-06-30 16:39:12] [TASK_11] [INFO] TASK 11 complete.
[2026-06-30 16:39:12] [TASK_11] [INFO] ------------------------------------------------------------
[2026-06-30 16:39:12] [TASK_11] [INFO] END TASK_11 — completed in 11.7 seconds
[2026-06-30 16:39:12] [TASK_11] [INFO] ============================================================
