[2026-07-08 21:53:27] [TASK_5] [INFO] ============================================================
[2026-07-08 21:53:27] [TASK_5] [INFO] START TASK_5: Data Aggregation (group by ticker × quarter)
[2026-07-08 21:53:27] [TASK_5] [INFO] Timestamp: 2026-07-08T21:53:27.826343
[2026-07-08 21:53:27] [TASK_5] [INFO] ============================================================
[2026-07-08 21:53:27] [TASK_5] [INFO] Input: data/prices/all_vn30_prices.csv (93824 rows)
[2026-07-08 21:53:32] [TASK_5] [INFO] Input: data/news/processed/all_news_processed.csv (35175 rows)
[2026-07-08 21:53:32] [TASK_5] [INFO] ------------------------------------------------------------
[2026-07-08 21:53:32] [TASK_5] [INFO] END TASK_5 — completed in 0.0 seconds
[2026-07-08 21:53:32] [TASK_5] [INFO] ============================================================
[2026-07-08 21:53:45] [TASK_5] [INFO] ============================================================
[2026-07-08 21:53:45] [TASK_5] [INFO] START TASK_5: Data Aggregation (group by ticker × quarter)
[2026-07-08 21:53:45] [TASK_5] [INFO] Timestamp: 2026-07-08T21:53:45.633571
[2026-07-08 21:53:45] [TASK_5] [INFO] ============================================================
[2026-07-08 21:53:45] [TASK_5] [INFO] Input: data/prices/all_vn30_prices.csv (93824 rows)
[2026-07-08 21:53:50] [TASK_5] [INFO] Input: data/news/processed/all_news_processed.csv (35175 rows)
[2026-07-08 21:53:50] [TASK_5] [INFO] ------------------------------------------------------------
[2026-07-08 21:53:50] [TASK_5] [INFO] END TASK_5 — completed in 0.0 seconds
[2026-07-08 21:53:50] [TASK_5] [INFO] ============================================================
[2026-07-08 21:56:20] [TASK_5] [INFO] ============================================================
[2026-07-08 21:56:20] [TASK_5] [INFO] START TASK_5: Data Aggregation (group by ticker × quarter)
[2026-07-08 21:56:20] [TASK_5] [INFO] Timestamp: 2026-07-08T21:56:20.832085
[2026-07-08 21:56:20] [TASK_5] [INFO] ============================================================
[2026-07-08 21:56:20] [TASK_5] [INFO] Input: data/prices/all_vn30_prices.csv (93824 rows)
[2026-07-08 21:56:25] [TASK_5] [INFO] Input: data/news/processed/all_news_processed.csv (35175 rows)
[2026-07-08 21:56:25] [TASK_5] [INFO] ------------------------------------------------------------
[2026-07-08 21:56:25] [TASK_5] [INFO] END TASK_5 — completed in 0.0 seconds
[2026-07-08 21:56:25] [TASK_5] [INFO] ============================================================
[2026-07-08 21:56:38] [TASK_5] [INFO] ============================================================
[2026-07-08 21:56:38] [TASK_5] [INFO] START TASK_5: Data Aggregation (group by ticker × quarter)
[2026-07-08 21:56:38] [TASK_5] [INFO] Timestamp: 2026-07-08T21:56:38.087225
[2026-07-08 21:56:38] [TASK_5] [INFO] ============================================================
[2026-07-08 21:56:38] [TASK_5] [INFO] Input: data/prices/all_vn30_prices.csv (93824 rows)
[2026-07-08 21:56:43] [TASK_5] [INFO] Input: data/news/processed/all_news_processed.csv (35175 rows)
[2026-07-08 21:56:43] [TASK_5] [INFO] ------------------------------------------------------------
[2026-07-08 21:56:43] [TASK_5] [INFO] END TASK_5 — completed in 0.0 seconds
[2026-07-08 21:56:43] [TASK_5] [INFO] ============================================================
[2026-07-08 21:58:50] [TASK_5] [INFO] ============================================================
[2026-07-08 21:58:50] [TASK_5] [INFO] START TASK_5: Data Aggregation (group by ticker × quarter)
[2026-07-08 21:58:50] [TASK_5] [INFO] Timestamp: 2026-07-08T21:58:50.617737
[2026-07-08 21:58:50] [TASK_5] [INFO] ============================================================
[2026-07-08 21:58:50] [TASK_5] [INFO] Input: data/prices/all_vn30_prices.csv (93824 rows)
[2026-07-08 21:58:56] [TASK_5] [INFO] Input: data/news/processed/all_news_processed.csv (35175 rows)
[2026-07-08 21:58:56] [TASK_5] [INFO] ------------------------------------------------------------
[2026-07-08 21:58:56] [TASK_5] [INFO] END TASK_5 — completed in 0.0 seconds
[2026-07-08 21:58:56] [TASK_5] [INFO] ============================================================
[2026-07-08 21:59:11] [TASK_5] [INFO] ============================================================
[2026-07-08 21:59:11] [TASK_5] [INFO] START TASK_5: Data Aggregation (group by ticker × quarter)
[2026-07-08 21:59:11] [TASK_5] [INFO] Timestamp: 2026-07-08T21:59:11.092884
[2026-07-08 21:59:11] [TASK_5] [INFO] ============================================================
[2026-07-08 21:59:11] [TASK_5] [INFO] Input: data/prices/all_vn30_prices.csv (93824 rows)
[2026-07-08 21:59:16] [TASK_5] [INFO] Input: data/news/processed/all_news_processed.csv (35175 rows)
[2026-07-08 21:59:16] [TASK_5] [INFO] ------------------------------------------------------------
[2026-07-08 21:59:16] [TASK_5] [INFO] END TASK_5 — completed in 0.0 seconds
[2026-07-08 21:59:16] [TASK_5] [INFO] ============================================================
[2026-07-08 22:03:00] [TASK_5] [INFO] ============================================================
[2026-07-08 22:03:00] [TASK_5] [INFO] START TASK_5: Data Aggregation (group by ticker × quarter)
[2026-07-08 22:03:00] [TASK_5] [INFO] Timestamp: 2026-07-08T22:03:00.248921
[2026-07-08 22:03:00] [TASK_5] [INFO] ============================================================
[2026-07-08 22:03:00] [TASK_5] [INFO] Input: data/prices/all_vn30_prices.csv (93824 rows)
[2026-07-08 22:03:05] [TASK_5] [INFO] Input: data/news/processed/all_news_processed.csv (35175 rows)
[2026-07-08 22:03:05] [TASK_5] [INFO] ------------------------------------------------------------
[2026-07-08 22:03:05] [TASK_5] [INFO] END TASK_5 — completed in 0.0 seconds
[2026-07-08 22:03:05] [TASK_5] [INFO] ============================================================
[2026-07-08 22:03:18] [TASK_5] [INFO] ============================================================
[2026-07-08 22:03:18] [TASK_5] [INFO] START TASK_5: Data Aggregation (group by ticker × quarter)
[2026-07-08 22:03:18] [TASK_5] [INFO] Timestamp: 2026-07-08T22:03:18.619736
[2026-07-08 22:03:18] [TASK_5] [INFO] ============================================================
[2026-07-08 22:03:18] [TASK_5] [INFO] Input: data/prices/all_vn30_prices.csv (93824 rows)
[2026-07-08 22:03:23] [TASK_5] [INFO] Input: data/news/processed/all_news_processed.csv (35175 rows)
[2026-07-08 22:03:23] [TASK_5] [INFO] ------------------------------------------------------------
[2026-07-08 22:03:23] [TASK_5] [INFO] END TASK_5 — completed in 0.0 seconds
[2026-07-08 22:03:23] [TASK_5] [INFO] ============================================================
