[2026-05-04 11:43:57] [TASK_8] [INFO] Starting Keyword Builder (TASK 8)...
[2026-05-04 11:43:57] [TASK_8] [INFO] Loaded 23 stopwords.
[2026-05-04 11:43:57] [TASK_8] [INFO] Extracting keyword candidates from 10 documents...
[2026-05-04 11:43:57] [TASK_8] [INFO] Saved 176 keyword candidates to C:\Users\User\AppData\Local\Temp\tmpumedcmb0\keyword_candidates.csv (unigrams: 83, bigrams: 93).
[2026-05-04 11:43:57] [TASK_8] [INFO] Curated keyword list: 28 positive, 36 negative, 9 neutral (total: 73).
[2026-05-04 11:43:57] [TASK_8] [INFO] Saved flat keyword list to C:\Users\User\AppData\Local\Temp\tmpumedcmb0\keywords_finance.json.
[2026-05-04 11:43:57] [TASK_8] [INFO] Saved group-level keyword breakdown to C:\Users\User\AppData\Local\Temp\tmpumedcmb0\keywords_by_group.json.
[2026-05-04 11:43:57] [TASK_8] [INFO] ======================================================================
[2026-05-04 11:43:57] [TASK_8] [INFO] KEYWORD CORPUS FREQUENCY REPORT
[2026-05-04 11:43:57] [TASK_8] [INFO] ======================================================================
[2026-05-04 11:43:57] [TASK_8] [INFO] 
--- POSITIVE keywords (28) ---
[2026-05-04 11:43:57] [TASK_8] [INFO]   lợi nhuận tăng                           1
[2026-05-04 11:43:57] [TASK_8] [INFO]   doanh thu tăng                           1
[2026-05-04 11:43:57] [TASK_8] [INFO]   kỷ lục                                   1
[2026-05-04 11:43:57] [TASK_8] [INFO]   tăng trưởng                              1
[2026-05-04 11:43:57] [TASK_8] [INFO]   chia cổ tức                              1
[2026-05-04 11:43:57] [TASK_8] [INFO]   cổ tức cao                               1
[2026-05-04 11:43:57] [TASK_8] [INFO]   cổ tức tiền mặt                          1
[2026-05-04 11:43:57] [TASK_8] [INFO]   giảm nợ                                  1
[2026-05-04 11:43:57] [TASK_8] [INFO]   trả nợ                                   1
[2026-05-04 11:43:57] [TASK_8] [INFO]   cải thiện tài chính                      1
[2026-05-04 11:43:57] [TASK_8] [INFO]   dòng tiền dương                          1
[2026-05-04 11:43:57] [TASK_8] [INFO]   ký kết hợp đồng                          1
[2026-05-04 11:43:57] [TASK_8] [INFO]   mở rộng thị trường                       1
[2026-05-04 11:43:57] [TASK_8] [INFO]   xuất khẩu tăng                           1
[2026-05-04 11:43:57] [TASK_8] [INFO]   tăng trưởng mạnh                         0
[2026-05-04 11:43:57] [TASK_8] [INFO]   vượt kế hoạch                            0
[2026-05-04 11:43:57] [TASK_8] [INFO]   lãi ròng                                 0
[2026-05-04 11:43:57] [TASK_8] [INFO]   lợi nhuận sau thuế tăng                  0
[2026-05-04 11:43:57] [TASK_8] [INFO]   kết quả tích cực                         0
[2026-05-04 11:43:57] [TASK_8] [INFO]   mua lại cổ phiếu                         0
[2026-05-04 11:43:57] [TASK_8] [INFO]   phát hành thưởng                         0
[2026-05-04 11:43:57] [TASK_8] [INFO]   tăng vốn điều lệ                         0
[2026-05-04 11:43:57] [TASK_8] [INFO]   hệ số an toàn vốn                        0
[2026-05-04 11:43:57] [TASK_8] [INFO]   tiền mặt dồi dào                         0
[2026-05-04 11:43:57] [TASK_8] [INFO]   dự án mới                                0
[2026-05-04 11:43:57] [TASK_8] [INFO]   đầu tư mới                               0
[2026-05-04 11:43:57] [TASK_8] [INFO]   hợp tác chiến lược                       0
[2026-05-04 11:43:57] [TASK_8] [INFO]   thắng thầu                               0
[2026-05-04 11:43:57] [TASK_8] [INFO] 
--- NEGATIVE keywords (36) ---
[2026-05-04 11:43:57] [TASK_8] [INFO]   lợi nhuận giảm                           1
[2026-05-04 11:43:57] [TASK_8] [INFO]   doanh thu giảm                           1
[2026-05-04 11:43:57] [TASK_8] [INFO]   sụt giảm                                 1
[2026-05-04 11:43:57] [TASK_8] [INFO]   nợ xấu                                   1
[2026-05-04 11:43:57] [TASK_8] [INFO]   áp lực tài chính                         1
[2026-05-04 11:43:57] [TASK_8] [INFO]   dòng tiền âm                             1
[2026-05-04 11:43:57] [TASK_8] [INFO]   hủy hợp đồng                             1
[2026-05-04 11:43:57] [TASK_8] [INFO]   dự án trì hoãn                           1
[2026-05-04 11:43:57] [TASK_8] [INFO]   đóng cửa                                 1
[2026-05-04 11:43:57] [TASK_8] [INFO]   bị phạt                                  1
[2026-05-04 11:43:57] [TASK_8] [INFO]   vi phạm                                  1
[2026-05-04 11:43:57] [TASK_8] [INFO]   bị thanh tra                             1
[2026-05-04 11:43:57] [TASK_8] [INFO]   lợi nhuận âm                             0
[2026-05-04 11:43:57] [TASK_8] [INFO]   thua lỗ                                  0
[2026-05-04 11:43:57] [TASK_8] [INFO]   lỗ ròng                                  0
[2026-05-04 11:43:57] [TASK_8] [INFO]   dưới kế hoạch                            0
[2026-05-04 11:43:57] [TASK_8] [INFO]   kết quả tiêu cực                         0
[2026-05-04 11:43:57] [TASK_8] [INFO]   lợi nhuận thấp hơn                       0
[2026-05-04 11:43:57] [TASK_8] [INFO]   không chia cổ tức                        0
[2026-05-04 11:43:57] [TASK_8] [INFO]   hủy cổ tức                               0
[2026-05-04 11:43:57] [TASK_8] [INFO]   giảm cổ tức                              0
[2026-05-04 11:43:57] [TASK_8] [INFO]   phát hành pha loãng                      0
[2026-05-04 11:43:57] [TASK_8] [INFO]   chào bán giá thấp                        0
[2026-05-04 11:43:57] [TASK_8] [INFO]   nợ vay tăng                              0
[2026-05-04 11:43:57] [TASK_8] [INFO]   nợ quá hạn                               0
[2026-05-04 11:43:57] [TASK_8] [INFO]   hệ số nợ cao                             0
[2026-05-04 11:43:57] [TASK_8] [INFO]   thiếu thanh khoản                        0
[2026-05-04 11:43:57] [TASK_8] [INFO]   thu hẹp hoạt động                        0
[2026-05-04 11:43:57] [TASK_8] [INFO]   dừng dự án                               0
[2026-05-04 11:43:57] [TASK_8] [INFO]   bị kiểm toán từ chối                     0
[2026-05-04 11:43:57] [TASK_8] [INFO]   cảnh báo                                 0
[2026-05-04 11:43:57] [TASK_8] [INFO]   đình chỉ                                 0
[2026-05-04 11:43:57] [TASK_8] [INFO]   khởi tố                                  0
[2026-05-04 11:43:57] [TASK_8] [INFO]   điều tra                                 0
[2026-05-04 11:43:57] [TASK_8] [INFO]   tranh chấp pháp lý                       0
[2026-05-04 11:43:57] [TASK_8] [INFO]   bị kiện                                  0
[2026-05-04 11:43:57] [TASK_8] [INFO] 
--- NEUTRAL keywords (9) ---
[2026-05-04 11:43:57] [TASK_8] [INFO]   đại hội cổ đông                          1
[2026-05-04 11:43:57] [TASK_8] [INFO]   thay đổi lãnh đạo                        1
[2026-05-04 11:43:57] [TASK_8] [INFO]   sáp nhập                                 1
[2026-05-04 11:43:57] [TASK_8] [INFO]   mua lại                                  1
[2026-05-04 11:43:57] [TASK_8] [INFO]   phát hành cổ phiếu mới                   1
[2026-05-04 11:43:57] [TASK_8] [INFO]   thoái vốn                                1
[2026-05-04 11:43:57] [TASK_8] [INFO]   họp HĐQT                                 0
[2026-05-04 11:43:57] [TASK_8] [INFO]   thay CEO                                 0
[2026-05-04 11:43:57] [TASK_8] [INFO]   niêm yết thêm                            0
[2026-05-04 11:43:57] [TASK_8] [INFO] 
Total keyword occurrences in corpus: 32
[2026-05-04 11:43:57] [TASK_8] [INFO] Keywords with zero occurrences: 41 / 73
[2026-05-04 11:43:57] [TASK_8] [INFO] ======================================================================
[2026-05-04 11:43:57] [TASK_8] [INFO] Keyword Builder (TASK 8) complete.
[2026-05-04 11:43:57] [TASK_8] [INFO] Starting Keyword Builder (TASK 8)...
[2026-05-04 11:43:57] [TASK_8] [INFO] Loaded 23 stopwords.
[2026-05-04 11:43:57] [TASK_8] [INFO] Extracting keyword candidates from 10 documents...
[2026-05-04 11:43:57] [TASK_8] [INFO] Saved 176 keyword candidates to C:\Users\User\AppData\Local\Temp\tmp4ei29cqe\keyword_candidates.csv (unigrams: 83, bigrams: 93).
[2026-05-04 11:43:57] [TASK_8] [INFO] Curated keyword list: 28 positive, 36 negative, 9 neutral (total: 73).
[2026-05-04 11:43:57] [TASK_8] [INFO] Saved flat keyword list to C:\Users\User\AppData\Local\Temp\tmp4ei29cqe\keywords_finance.json.
[2026-05-04 11:43:57] [TASK_8] [INFO] Saved group-level keyword breakdown to C:\Users\User\AppData\Local\Temp\tmp4ei29cqe\keywords_by_group.json.
[2026-05-04 11:43:57] [TASK_8] [INFO] ======================================================================
[2026-05-04 11:43:57] [TASK_8] [INFO] KEYWORD CORPUS FREQUENCY REPORT
[2026-05-04 11:43:57] [TASK_8] [INFO] ======================================================================
[2026-05-04 11:43:57] [TASK_8] [INFO] 
--- POSITIVE keywords (28) ---
[2026-05-04 11:43:57] [TASK_8] [INFO]   lợi nhuận tăng                           1
[2026-05-04 11:43:57] [TASK_8] [INFO]   doanh thu tăng                           1
[2026-05-04 11:43:57] [TASK_8] [INFO]   kỷ lục                                   1
[2026-05-04 11:43:57] [TASK_8] [INFO]   tăng trưởng                              1
[2026-05-04 11:43:57] [TASK_8] [INFO]   chia cổ tức                              1
[2026-05-04 11:43:57] [TASK_8] [INFO]   cổ tức cao                               1
[2026-05-04 11:43:57] [TASK_8] [INFO]   cổ tức tiền mặt                          1
[2026-05-04 11:43:57] [TASK_8] [INFO]   giảm nợ                                  1
[2026-05-04 11:43:57] [TASK_8] [INFO]   trả nợ                                   1
[2026-05-04 11:43:57] [TASK_8] [INFO]   cải thiện tài chính                      1
[2026-05-04 11:43:57] [TASK_8] [INFO]   dòng tiền dương                          1
[2026-05-04 11:43:57] [TASK_8] [INFO]   ký kết hợp đồng                          1
[2026-05-04 11:43:57] [TASK_8] [INFO]   mở rộng thị trường                       1
[2026-05-04 11:43:57] [TASK_8] [INFO]   xuất khẩu tăng                           1
[2026-05-04 11:43:57] [TASK_8] [INFO]   tăng trưởng mạnh                         0
[2026-05-04 11:43:57] [TASK_8] [INFO]   vượt kế hoạch                            0
[2026-05-04 11:43:57] [TASK_8] [INFO]   lãi ròng                                 0
[2026-05-04 11:43:57] [TASK_8] [INFO]   lợi nhuận sau thuế tăng                  0
[2026-05-04 11:43:57] [TASK_8] [INFO]   kết quả tích cực                         0
[2026-05-04 11:43:57] [TASK_8] [INFO]   mua lại cổ phiếu                         0
[2026-05-04 11:43:57] [TASK_8] [INFO]   phát hành thưởng                         0
[2026-05-04 11:43:57] [TASK_8] [INFO]   tăng vốn điều lệ                         0
[2026-05-04 11:43:57] [TASK_8] [INFO]   hệ số an toàn vốn                        0
[2026-05-04 11:43:57] [TASK_8] [INFO]   tiền mặt dồi dào                         0
[2026-05-04 11:43:57] [TASK_8] [INFO]   dự án mới                                0
[2026-05-04 11:43:57] [TASK_8] [INFO]   đầu tư mới                               0
[2026-05-04 11:43:57] [TASK_8] [INFO]   hợp tác chiến lược                       0
[2026-05-04 11:43:57] [TASK_8] [INFO]   thắng thầu                               0
[2026-05-04 11:43:57] [TASK_8] [INFO] 
--- NEGATIVE keywords (36) ---
[2026-05-04 11:43:57] [TASK_8] [INFO]   lợi nhuận giảm                           1
[2026-05-04 11:43:57] [TASK_8] [INFO]   doanh thu giảm                           1
[2026-05-04 11:43:57] [TASK_8] [INFO]   sụt giảm                                 1
[2026-05-04 11:43:57] [TASK_8] [INFO]   nợ xấu                                   1
[2026-05-04 11:43:57] [TASK_8] [INFO]   áp lực tài chính                         1
[2026-05-04 11:43:57] [TASK_8] [INFO]   dòng tiền âm                             1
[2026-05-04 11:43:57] [TASK_8] [INFO]   hủy hợp đồng                             1
[2026-05-04 11:43:57] [TASK_8] [INFO]   dự án trì hoãn                           1
[2026-05-04 11:43:57] [TASK_8] [INFO]   đóng cửa                                 1
[2026-05-04 11:43:57] [TASK_8] [INFO]   bị phạt                                  1
[2026-05-04 11:43:57] [TASK_8] [INFO]   vi phạm                                  1
[2026-05-04 11:43:57] [TASK_8] [INFO]   bị thanh tra                             1
[2026-05-04 11:43:57] [TASK_8] [INFO]   lợi nhuận âm                             0
[2026-05-04 11:43:57] [TASK_8] [INFO]   thua lỗ                                  0
[2026-05-04 11:43:57] [TASK_8] [INFO]   lỗ ròng                                  0
[2026-05-04 11:43:57] [TASK_8] [INFO]   dưới kế hoạch                            0
[2026-05-04 11:43:57] [TASK_8] [INFO]   kết quả tiêu cực                         0
[2026-05-04 11:43:57] [TASK_8] [INFO]   lợi nhuận thấp hơn                       0
[2026-05-04 11:43:57] [TASK_8] [INFO]   không chia cổ tức                        0
[2026-05-04 11:43:57] [TASK_8] [INFO]   hủy cổ tức                               0
[2026-05-04 11:43:57] [TASK_8] [INFO]   giảm cổ tức                              0
[2026-05-04 11:43:57] [TASK_8] [INFO]   phát hành pha loãng                      0
[2026-05-04 11:43:57] [TASK_8] [INFO]   chào bán giá thấp                        0
[2026-05-04 11:43:57] [TASK_8] [INFO]   nợ vay tăng                              0
[2026-05-04 11:43:57] [TASK_8] [INFO]   nợ quá hạn                               0
[2026-05-04 11:43:57] [TASK_8] [INFO]   hệ số nợ cao                             0
[2026-05-04 11:43:57] [TASK_8] [INFO]   thiếu thanh khoản                        0
[2026-05-04 11:43:57] [TASK_8] [INFO]   thu hẹp hoạt động                        0
[2026-05-04 11:43:57] [TASK_8] [INFO]   dừng dự án                               0
[2026-05-04 11:43:57] [TASK_8] [INFO]   bị kiểm toán từ chối                     0
[2026-05-04 11:43:57] [TASK_8] [INFO]   cảnh báo                                 0
[2026-05-04 11:43:57] [TASK_8] [INFO]   đình chỉ                                 0
[2026-05-04 11:43:57] [TASK_8] [INFO]   khởi tố                                  0
[2026-05-04 11:43:57] [TASK_8] [INFO]   điều tra                                 0
[2026-05-04 11:43:57] [TASK_8] [INFO]   tranh chấp pháp lý                       0
[2026-05-04 11:43:57] [TASK_8] [INFO]   bị kiện                                  0
[2026-05-04 11:43:57] [TASK_8] [INFO] 
--- NEUTRAL keywords (9) ---
[2026-05-04 11:43:57] [TASK_8] [INFO]   đại hội cổ đông                          1
[2026-05-04 11:43:57] [TASK_8] [INFO]   thay đổi lãnh đạo                        1
[2026-05-04 11:43:57] [TASK_8] [INFO]   sáp nhập                                 1
[2026-05-04 11:43:57] [TASK_8] [INFO]   mua lại                                  1
[2026-05-04 11:43:57] [TASK_8] [INFO]   phát hành cổ phiếu mới                   1
[2026-05-04 11:43:57] [TASK_8] [INFO]   thoái vốn                                1
[2026-05-04 11:43:57] [TASK_8] [INFO]   họp HĐQT                                 0
[2026-05-04 11:43:57] [TASK_8] [INFO]   thay CEO                                 0
[2026-05-04 11:43:57] [TASK_8] [INFO]   niêm yết thêm                            0
[2026-05-04 11:43:57] [TASK_8] [INFO] 
Total keyword occurrences in corpus: 32
[2026-05-04 11:43:57] [TASK_8] [INFO] Keywords with zero occurrences: 41 / 73
[2026-05-04 11:43:57] [TASK_8] [INFO] ======================================================================
[2026-05-04 11:43:57] [TASK_8] [INFO] Keyword Builder (TASK 8) complete.
[2026-05-04 11:43:57] [TASK_8] [INFO] Starting Keyword Builder (TASK 8)...
[2026-05-04 11:43:57] [TASK_8] [INFO] Loaded 23 stopwords.
[2026-05-04 11:43:57] [TASK_8] [INFO] No corpus provided — skipping candidate extraction.
[2026-05-04 11:43:57] [TASK_8] [INFO] Curated keyword list: 28 positive, 36 negative, 9 neutral (total: 73).
[2026-05-04 11:43:57] [TASK_8] [INFO] Saved flat keyword list to C:\Users\User\AppData\Local\Temp\tmpzqcsv6hf\keywords_finance.json.
[2026-05-04 11:43:57] [TASK_8] [INFO] Saved group-level keyword breakdown to C:\Users\User\AppData\Local\Temp\tmpzqcsv6hf\keywords_by_group.json.
[2026-05-04 11:43:57] [TASK_8] [INFO] No corpus provided — skipping frequency report.
[2026-05-04 11:43:57] [TASK_8] [INFO] Keyword Builder (TASK 8) complete.
[2026-05-04 12:27:18] [TASK_8] [INFO] Starting Keyword Builder (TASK 8)...
[2026-05-04 12:27:18] [TASK_8] [INFO] Loaded 23 stopwords.
[2026-05-04 12:27:18] [TASK_8] [INFO] Extracting keyword candidates from 10 documents...
[2026-05-04 12:27:18] [TASK_8] [INFO] Saved 176 keyword candidates to C:\Users\User\AppData\Local\Temp\tmpemqh95me\keyword_candidates.csv (unigrams: 83, bigrams: 93).
[2026-05-04 12:27:18] [TASK_8] [INFO] Curated keyword list: 28 positive, 36 negative, 9 neutral (total: 73).
[2026-05-04 12:27:18] [TASK_8] [INFO] Saved flat keyword list to C:\Users\User\AppData\Local\Temp\tmpemqh95me\keywords_finance.json.
[2026-05-04 12:27:18] [TASK_8] [INFO] Saved group-level keyword breakdown to C:\Users\User\AppData\Local\Temp\tmpemqh95me\keywords_by_group.json.
[2026-05-04 12:27:18] [TASK_8] [INFO] ======================================================================
[2026-05-04 12:27:18] [TASK_8] [INFO] KEYWORD CORPUS FREQUENCY REPORT
[2026-05-04 12:27:18] [TASK_8] [INFO] ======================================================================
[2026-05-04 12:27:18] [TASK_8] [INFO] 
--- POSITIVE keywords (28) ---
[2026-05-04 12:27:18] [TASK_8] [INFO]   lợi nhuận tăng                           1
[2026-05-04 12:27:18] [TASK_8] [INFO]   doanh thu tăng                           1
[2026-05-04 12:27:18] [TASK_8] [INFO]   kỷ lục                                   1
[2026-05-04 12:27:18] [TASK_8] [INFO]   tăng trưởng                              1
[2026-05-04 12:27:18] [TASK_8] [INFO]   chia cổ tức                              1
[2026-05-04 12:27:18] [TASK_8] [INFO]   cổ tức cao                               1
[2026-05-04 12:27:18] [TASK_8] [INFO]   cổ tức tiền mặt                          1
[2026-05-04 12:27:18] [TASK_8] [INFO]   giảm nợ                                  1
[2026-05-04 12:27:18] [TASK_8] [INFO]   trả nợ                                   1
[2026-05-04 12:27:18] [TASK_8] [INFO]   cải thiện tài chính                      1
[2026-05-04 12:27:18] [TASK_8] [INFO]   dòng tiền dương                          1
[2026-05-04 12:27:18] [TASK_8] [INFO]   ký kết hợp đồng                          1
[2026-05-04 12:27:18] [TASK_8] [INFO]   mở rộng thị trường                       1
[2026-05-04 12:27:18] [TASK_8] [INFO]   xuất khẩu tăng                           1
[2026-05-04 12:27:18] [TASK_8] [INFO]   tăng trưởng mạnh                         0
[2026-05-04 12:27:18] [TASK_8] [INFO]   vượt kế hoạch                            0
[2026-05-04 12:27:18] [TASK_8] [INFO]   lãi ròng                                 0
[2026-05-04 12:27:18] [TASK_8] [INFO]   lợi nhuận sau thuế tăng                  0
[2026-05-04 12:27:18] [TASK_8] [INFO]   kết quả tích cực                         0
[2026-05-04 12:27:18] [TASK_8] [INFO]   mua lại cổ phiếu                         0
[2026-05-04 12:27:18] [TASK_8] [INFO]   phát hành thưởng                         0
[2026-05-04 12:27:18] [TASK_8] [INFO]   tăng vốn điều lệ                         0
[2026-05-04 12:27:18] [TASK_8] [INFO]   hệ số an toàn vốn                        0
[2026-05-04 12:27:18] [TASK_8] [INFO]   tiền mặt dồi dào                         0
[2026-05-04 12:27:18] [TASK_8] [INFO]   dự án mới                                0
[2026-05-04 12:27:18] [TASK_8] [INFO]   đầu tư mới                               0
[2026-05-04 12:27:18] [TASK_8] [INFO]   hợp tác chiến lược                       0
[2026-05-04 12:27:18] [TASK_8] [INFO]   thắng thầu                               0
[2026-05-04 12:27:18] [TASK_8] [INFO] 
--- NEGATIVE keywords (36) ---
[2026-05-04 12:27:18] [TASK_8] [INFO]   lợi nhuận giảm                           1
[2026-05-04 12:27:18] [TASK_8] [INFO]   doanh thu giảm                           1
[2026-05-04 12:27:18] [TASK_8] [INFO]   sụt giảm                                 1
[2026-05-04 12:27:18] [TASK_8] [INFO]   nợ xấu                                   1
[2026-05-04 12:27:18] [TASK_8] [INFO]   áp lực tài chính                         1
[2026-05-04 12:27:18] [TASK_8] [INFO]   dòng tiền âm                             1
[2026-05-04 12:27:18] [TASK_8] [INFO]   hủy hợp đồng                             1
[2026-05-04 12:27:18] [TASK_8] [INFO]   dự án trì hoãn                           1
[2026-05-04 12:27:18] [TASK_8] [INFO]   đóng cửa                                 1
[2026-05-04 12:27:18] [TASK_8] [INFO]   bị phạt                                  1
[2026-05-04 12:27:18] [TASK_8] [INFO]   vi phạm                                  1
[2026-05-04 12:27:18] [TASK_8] [INFO]   bị thanh tra                             1
[2026-05-04 12:27:18] [TASK_8] [INFO]   lợi nhuận âm                             0
[2026-05-04 12:27:18] [TASK_8] [INFO]   thua lỗ                                  0
[2026-05-04 12:27:18] [TASK_8] [INFO]   lỗ ròng                                  0
[2026-05-04 12:27:18] [TASK_8] [INFO]   dưới kế hoạch                            0
[2026-05-04 12:27:18] [TASK_8] [INFO]   kết quả tiêu cực                         0
[2026-05-04 12:27:18] [TASK_8] [INFO]   lợi nhuận thấp hơn                       0
[2026-05-04 12:27:18] [TASK_8] [INFO]   không chia cổ tức                        0
[2026-05-04 12:27:18] [TASK_8] [INFO]   hủy cổ tức                               0
[2026-05-04 12:27:18] [TASK_8] [INFO]   giảm cổ tức                              0
[2026-05-04 12:27:18] [TASK_8] [INFO]   phát hành pha loãng                      0
[2026-05-04 12:27:18] [TASK_8] [INFO]   chào bán giá thấp                        0
[2026-05-04 12:27:18] [TASK_8] [INFO]   nợ vay tăng                              0
[2026-05-04 12:27:18] [TASK_8] [INFO]   nợ quá hạn                               0
[2026-05-04 12:27:18] [TASK_8] [INFO]   hệ số nợ cao                             0
[2026-05-04 12:27:18] [TASK_8] [INFO]   thiếu thanh khoản                        0
[2026-05-04 12:27:18] [TASK_8] [INFO]   thu hẹp hoạt động                        0
[2026-05-04 12:27:18] [TASK_8] [INFO]   dừng dự án                               0
[2026-05-04 12:27:18] [TASK_8] [INFO]   bị kiểm toán từ chối                     0
[2026-05-04 12:27:18] [TASK_8] [INFO]   cảnh báo                                 0
[2026-05-04 12:27:18] [TASK_8] [INFO]   đình chỉ                                 0
[2026-05-04 12:27:18] [TASK_8] [INFO]   khởi tố                                  0
[2026-05-04 12:27:18] [TASK_8] [INFO]   điều tra                                 0
[2026-05-04 12:27:18] [TASK_8] [INFO]   tranh chấp pháp lý                       0
[2026-05-04 12:27:18] [TASK_8] [INFO]   bị kiện                                  0
[2026-05-04 12:27:18] [TASK_8] [INFO] 
--- NEUTRAL keywords (9) ---
[2026-05-04 12:27:18] [TASK_8] [INFO]   đại hội cổ đông                          1
[2026-05-04 12:27:18] [TASK_8] [INFO]   thay đổi lãnh đạo                        1
[2026-05-04 12:27:18] [TASK_8] [INFO]   sáp nhập                                 1
[2026-05-04 12:27:18] [TASK_8] [INFO]   mua lại                                  1
[2026-05-04 12:27:18] [TASK_8] [INFO]   phát hành cổ phiếu mới                   1
[2026-05-04 12:27:18] [TASK_8] [INFO]   thoái vốn                                1
[2026-05-04 12:27:18] [TASK_8] [INFO]   họp HĐQT                                 0
[2026-05-04 12:27:18] [TASK_8] [INFO]   thay CEO                                 0
[2026-05-04 12:27:18] [TASK_8] [INFO]   niêm yết thêm                            0
[2026-05-04 12:27:18] [TASK_8] [INFO] 
Total keyword occurrences in corpus: 32
[2026-05-04 12:27:18] [TASK_8] [INFO] Keywords with zero occurrences: 41 / 73
[2026-05-04 12:27:18] [TASK_8] [INFO] ======================================================================
[2026-05-04 12:27:18] [TASK_8] [INFO] Keyword Builder (TASK 8) complete.
[2026-05-04 12:27:19] [TASK_8] [INFO] Starting Keyword Builder (TASK 8)...
[2026-05-04 12:27:19] [TASK_8] [INFO] Loaded 23 stopwords.
[2026-05-04 12:27:19] [TASK_8] [INFO] Extracting keyword candidates from 10 documents...
[2026-05-04 12:27:19] [TASK_8] [INFO] Saved 176 keyword candidates to C:\Users\User\AppData\Local\Temp\tmpyjxgkhwr\keyword_candidates.csv (unigrams: 83, bigrams: 93).
[2026-05-04 12:27:19] [TASK_8] [INFO] Curated keyword list: 28 positive, 36 negative, 9 neutral (total: 73).
[2026-05-04 12:27:19] [TASK_8] [INFO] Saved flat keyword list to C:\Users\User\AppData\Local\Temp\tmpyjxgkhwr\keywords_finance.json.
[2026-05-04 12:27:19] [TASK_8] [INFO] Saved group-level keyword breakdown to C:\Users\User\AppData\Local\Temp\tmpyjxgkhwr\keywords_by_group.json.
[2026-05-04 12:27:19] [TASK_8] [INFO] ======================================================================
[2026-05-04 12:27:19] [TASK_8] [INFO] KEYWORD CORPUS FREQUENCY REPORT
[2026-05-04 12:27:19] [TASK_8] [INFO] ======================================================================
[2026-05-04 12:27:19] [TASK_8] [INFO] 
--- POSITIVE keywords (28) ---
[2026-05-04 12:27:19] [TASK_8] [INFO]   lợi nhuận tăng                           1
[2026-05-04 12:27:19] [TASK_8] [INFO]   doanh thu tăng                           1
[2026-05-04 12:27:19] [TASK_8] [INFO]   kỷ lục                                   1
[2026-05-04 12:27:19] [TASK_8] [INFO]   tăng trưởng                              1
[2026-05-04 12:27:19] [TASK_8] [INFO]   chia cổ tức                              1
[2026-05-04 12:27:19] [TASK_8] [INFO]   cổ tức cao                               1
[2026-05-04 12:27:19] [TASK_8] [INFO]   cổ tức tiền mặt                          1
[2026-05-04 12:27:19] [TASK_8] [INFO]   giảm nợ                                  1
[2026-05-04 12:27:19] [TASK_8] [INFO]   trả nợ                                   1
[2026-05-04 12:27:19] [TASK_8] [INFO]   cải thiện tài chính                      1
[2026-05-04 12:27:19] [TASK_8] [INFO]   dòng tiền dương                          1
[2026-05-04 12:27:19] [TASK_8] [INFO]   ký kết hợp đồng                          1
[2026-05-04 12:27:19] [TASK_8] [INFO]   mở rộng thị trường                       1
[2026-05-04 12:27:19] [TASK_8] [INFO]   xuất khẩu tăng                           1
[2026-05-04 12:27:19] [TASK_8] [INFO]   tăng trưởng mạnh                         0
[2026-05-04 12:27:19] [TASK_8] [INFO]   vượt kế hoạch                            0
[2026-05-04 12:27:19] [TASK_8] [INFO]   lãi ròng                                 0
[2026-05-04 12:27:19] [TASK_8] [INFO]   lợi nhuận sau thuế tăng                  0
[2026-05-04 12:27:19] [TASK_8] [INFO]   kết quả tích cực                         0
[2026-05-04 12:27:19] [TASK_8] [INFO]   mua lại cổ phiếu                         0
[2026-05-04 12:27:19] [TASK_8] [INFO]   phát hành thưởng                         0
[2026-05-04 12:27:19] [TASK_8] [INFO]   tăng vốn điều lệ                         0
[2026-05-04 12:27:19] [TASK_8] [INFO]   hệ số an toàn vốn                        0
[2026-05-04 12:27:19] [TASK_8] [INFO]   tiền mặt dồi dào                         0
[2026-05-04 12:27:19] [TASK_8] [INFO]   dự án mới                                0
[2026-05-04 12:27:19] [TASK_8] [INFO]   đầu tư mới                               0
[2026-05-04 12:27:19] [TASK_8] [INFO]   hợp tác chiến lược                       0
[2026-05-04 12:27:19] [TASK_8] [INFO]   thắng thầu                               0
[2026-05-04 12:27:19] [TASK_8] [INFO] 
--- NEGATIVE keywords (36) ---
[2026-05-04 12:27:19] [TASK_8] [INFO]   lợi nhuận giảm                           1
[2026-05-04 12:27:19] [TASK_8] [INFO]   doanh thu giảm                           1
[2026-05-04 12:27:19] [TASK_8] [INFO]   sụt giảm                                 1
[2026-05-04 12:27:19] [TASK_8] [INFO]   nợ xấu                                   1
[2026-05-04 12:27:19] [TASK_8] [INFO]   áp lực tài chính                         1
[2026-05-04 12:27:19] [TASK_8] [INFO]   dòng tiền âm                             1
[2026-05-04 12:27:19] [TASK_8] [INFO]   hủy hợp đồng                             1
[2026-05-04 12:27:19] [TASK_8] [INFO]   dự án trì hoãn                           1
[2026-05-04 12:27:19] [TASK_8] [INFO]   đóng cửa                                 1
[2026-05-04 12:27:19] [TASK_8] [INFO]   bị phạt                                  1
[2026-05-04 12:27:19] [TASK_8] [INFO]   vi phạm                                  1
[2026-05-04 12:27:19] [TASK_8] [INFO]   bị thanh tra                             1
[2026-05-04 12:27:19] [TASK_8] [INFO]   lợi nhuận âm                             0
[2026-05-04 12:27:19] [TASK_8] [INFO]   thua lỗ                                  0
[2026-05-04 12:27:19] [TASK_8] [INFO]   lỗ ròng                                  0
[2026-05-04 12:27:19] [TASK_8] [INFO]   dưới kế hoạch                            0
[2026-05-04 12:27:19] [TASK_8] [INFO]   kết quả tiêu cực                         0
[2026-05-04 12:27:19] [TASK_8] [INFO]   lợi nhuận thấp hơn                       0
[2026-05-04 12:27:19] [TASK_8] [INFO]   không chia cổ tức                        0
[2026-05-04 12:27:19] [TASK_8] [INFO]   hủy cổ tức                               0
[2026-05-04 12:27:19] [TASK_8] [INFO]   giảm cổ tức                              0
[2026-05-04 12:27:19] [TASK_8] [INFO]   phát hành pha loãng                      0
[2026-05-04 12:27:19] [TASK_8] [INFO]   chào bán giá thấp                        0
[2026-05-04 12:27:19] [TASK_8] [INFO]   nợ vay tăng                              0
[2026-05-04 12:27:19] [TASK_8] [INFO]   nợ quá hạn                               0
[2026-05-04 12:27:19] [TASK_8] [INFO]   hệ số nợ cao                             0
[2026-05-04 12:27:19] [TASK_8] [INFO]   thiếu thanh khoản                        0
[2026-05-04 12:27:19] [TASK_8] [INFO]   thu hẹp hoạt động                        0
[2026-05-04 12:27:19] [TASK_8] [INFO]   dừng dự án                               0
[2026-05-04 12:27:19] [TASK_8] [INFO]   bị kiểm toán từ chối                     0
[2026-05-04 12:27:19] [TASK_8] [INFO]   cảnh báo                                 0
[2026-05-04 12:27:19] [TASK_8] [INFO]   đình chỉ                                 0
[2026-05-04 12:27:19] [TASK_8] [INFO]   khởi tố                                  0
[2026-05-04 12:27:19] [TASK_8] [INFO]   điều tra                                 0
[2026-05-04 12:27:19] [TASK_8] [INFO]   tranh chấp pháp lý                       0
[2026-05-04 12:27:19] [TASK_8] [INFO]   bị kiện                                  0
[2026-05-04 12:27:19] [TASK_8] [INFO] 
--- NEUTRAL keywords (9) ---
[2026-05-04 12:27:19] [TASK_8] [INFO]   đại hội cổ đông                          1
[2026-05-04 12:27:19] [TASK_8] [INFO]   thay đổi lãnh đạo                        1
[2026-05-04 12:27:19] [TASK_8] [INFO]   sáp nhập                                 1
[2026-05-04 12:27:19] [TASK_8] [INFO]   mua lại                                  1
[2026-05-04 12:27:19] [TASK_8] [INFO]   phát hành cổ phiếu mới                   1
[2026-05-04 12:27:19] [TASK_8] [INFO]   thoái vốn                                1
[2026-05-04 12:27:19] [TASK_8] [INFO]   họp HĐQT                                 0
[2026-05-04 12:27:19] [TASK_8] [INFO]   thay CEO                                 0
[2026-05-04 12:27:19] [TASK_8] [INFO]   niêm yết thêm                            0
[2026-05-04 12:27:19] [TASK_8] [INFO] 
Total keyword occurrences in corpus: 32
[2026-05-04 12:27:19] [TASK_8] [INFO] Keywords with zero occurrences: 41 / 73
[2026-05-04 12:27:19] [TASK_8] [INFO] ======================================================================
[2026-05-04 12:27:19] [TASK_8] [INFO] Keyword Builder (TASK 8) complete.
[2026-05-04 12:27:19] [TASK_8] [INFO] Starting Keyword Builder (TASK 8)...
[2026-05-04 12:27:19] [TASK_8] [INFO] Loaded 23 stopwords.
[2026-05-04 12:27:19] [TASK_8] [INFO] No corpus provided — skipping candidate extraction.
[2026-05-04 12:27:19] [TASK_8] [INFO] Curated keyword list: 28 positive, 36 negative, 9 neutral (total: 73).
[2026-05-04 12:27:19] [TASK_8] [INFO] Saved flat keyword list to C:\Users\User\AppData\Local\Temp\tmp0uz865bg\keywords_finance.json.
[2026-05-04 12:27:19] [TASK_8] [INFO] Saved group-level keyword breakdown to C:\Users\User\AppData\Local\Temp\tmp0uz865bg\keywords_by_group.json.
[2026-05-04 12:27:19] [TASK_8] [INFO] No corpus provided — skipping frequency report.
[2026-05-04 12:27:19] [TASK_8] [INFO] Keyword Builder (TASK 8) complete.
[2026-05-04 12:27:51] [TASK_8] [INFO] Starting Keyword Builder (TASK 8)...
[2026-05-04 12:27:51] [TASK_8] [INFO] Loaded 23 stopwords.
[2026-05-04 12:27:51] [TASK_8] [INFO] Extracting keyword candidates from 10 documents...
[2026-05-04 12:27:51] [TASK_8] [INFO] Saved 176 keyword candidates to C:\Users\User\AppData\Local\Temp\tmplqbg24dv\keyword_candidates.csv (unigrams: 83, bigrams: 93).
[2026-05-04 12:27:51] [TASK_8] [INFO] Curated keyword list: 28 positive, 36 negative, 9 neutral (total: 73).
[2026-05-04 12:27:51] [TASK_8] [INFO] Saved flat keyword list to C:\Users\User\AppData\Local\Temp\tmplqbg24dv\keywords_finance.json.
[2026-05-04 12:27:51] [TASK_8] [INFO] Saved group-level keyword breakdown to C:\Users\User\AppData\Local\Temp\tmplqbg24dv\keywords_by_group.json.
[2026-05-04 12:27:51] [TASK_8] [INFO] ======================================================================
[2026-05-04 12:27:51] [TASK_8] [INFO] KEYWORD CORPUS FREQUENCY REPORT
[2026-05-04 12:27:51] [TASK_8] [INFO] ======================================================================
[2026-05-04 12:27:51] [TASK_8] [INFO] 
--- POSITIVE keywords (28) ---
[2026-05-04 12:27:51] [TASK_8] [INFO]   lợi nhuận tăng                           1
[2026-05-04 12:27:51] [TASK_8] [INFO]   doanh thu tăng                           1
[2026-05-04 12:27:51] [TASK_8] [INFO]   kỷ lục                                   1
[2026-05-04 12:27:51] [TASK_8] [INFO]   tăng trưởng                              1
[2026-05-04 12:27:51] [TASK_8] [INFO]   chia cổ tức                              1
[2026-05-04 12:27:51] [TASK_8] [INFO]   cổ tức cao                               1
[2026-05-04 12:27:51] [TASK_8] [INFO]   cổ tức tiền mặt                          1
[2026-05-04 12:27:51] [TASK_8] [INFO]   giảm nợ                                  1
[2026-05-04 12:27:51] [TASK_8] [INFO]   trả nợ                                   1
[2026-05-04 12:27:51] [TASK_8] [INFO]   cải thiện tài chính                      1
[2026-05-04 12:27:51] [TASK_8] [INFO]   dòng tiền dương                          1
[2026-05-04 12:27:51] [TASK_8] [INFO]   ký kết hợp đồng                          1
[2026-05-04 12:27:51] [TASK_8] [INFO]   mở rộng thị trường                       1
[2026-05-04 12:27:51] [TASK_8] [INFO]   xuất khẩu tăng                           1
[2026-05-04 12:27:51] [TASK_8] [INFO]   tăng trưởng mạnh                         0
[2026-05-04 12:27:51] [TASK_8] [INFO]   vượt kế hoạch                            0
[2026-05-04 12:27:51] [TASK_8] [INFO]   lãi ròng                                 0
[2026-05-04 12:27:51] [TASK_8] [INFO]   lợi nhuận sau thuế tăng                  0
[2026-05-04 12:27:51] [TASK_8] [INFO]   kết quả tích cực                         0
[2026-05-04 12:27:51] [TASK_8] [INFO]   mua lại cổ phiếu                         0
[2026-05-04 12:27:51] [TASK_8] [INFO]   phát hành thưởng                         0
[2026-05-04 12:27:51] [TASK_8] [INFO]   tăng vốn điều lệ                         0
[2026-05-04 12:27:51] [TASK_8] [INFO]   hệ số an toàn vốn                        0
[2026-05-04 12:27:51] [TASK_8] [INFO]   tiền mặt dồi dào                         0
[2026-05-04 12:27:51] [TASK_8] [INFO]   dự án mới                                0
[2026-05-04 12:27:51] [TASK_8] [INFO]   đầu tư mới                               0
[2026-05-04 12:27:51] [TASK_8] [INFO]   hợp tác chiến lược                       0
[2026-05-04 12:27:51] [TASK_8] [INFO]   thắng thầu                               0
[2026-05-04 12:27:51] [TASK_8] [INFO] 
--- NEGATIVE keywords (36) ---
[2026-05-04 12:27:51] [TASK_8] [INFO]   lợi nhuận giảm                           1
[2026-05-04 12:27:51] [TASK_8] [INFO]   doanh thu giảm                           1
[2026-05-04 12:27:51] [TASK_8] [INFO]   sụt giảm                                 1
[2026-05-04 12:27:51] [TASK_8] [INFO]   nợ xấu                                   1
[2026-05-04 12:27:51] [TASK_8] [INFO]   áp lực tài chính                         1
[2026-05-04 12:27:51] [TASK_8] [INFO]   dòng tiền âm                             1
[2026-05-04 12:27:51] [TASK_8] [INFO]   hủy hợp đồng                             1
[2026-05-04 12:27:51] [TASK_8] [INFO]   dự án trì hoãn                           1
[2026-05-04 12:27:51] [TASK_8] [INFO]   đóng cửa                                 1
[2026-05-04 12:27:51] [TASK_8] [INFO]   bị phạt                                  1
[2026-05-04 12:27:51] [TASK_8] [INFO]   vi phạm                                  1
[2026-05-04 12:27:51] [TASK_8] [INFO]   bị thanh tra                             1
[2026-05-04 12:27:51] [TASK_8] [INFO]   lợi nhuận âm                             0
[2026-05-04 12:27:51] [TASK_8] [INFO]   thua lỗ                                  0
[2026-05-04 12:27:51] [TASK_8] [INFO]   lỗ ròng                                  0
[2026-05-04 12:27:51] [TASK_8] [INFO]   dưới kế hoạch                            0
[2026-05-04 12:27:51] [TASK_8] [INFO]   kết quả tiêu cực                         0
[2026-05-04 12:27:51] [TASK_8] [INFO]   lợi nhuận thấp hơn                       0
[2026-05-04 12:27:51] [TASK_8] [INFO]   không chia cổ tức                        0
[2026-05-04 12:27:51] [TASK_8] [INFO]   hủy cổ tức                               0
[2026-05-04 12:27:51] [TASK_8] [INFO]   giảm cổ tức                              0
[2026-05-04 12:27:51] [TASK_8] [INFO]   phát hành pha loãng                      0
[2026-05-04 12:27:51] [TASK_8] [INFO]   chào bán giá thấp                        0
[2026-05-04 12:27:51] [TASK_8] [INFO]   nợ vay tăng                              0
[2026-05-04 12:27:51] [TASK_8] [INFO]   nợ quá hạn                               0
[2026-05-04 12:27:51] [TASK_8] [INFO]   hệ số nợ cao                             0
[2026-05-04 12:27:51] [TASK_8] [INFO]   thiếu thanh khoản                        0
[2026-05-04 12:27:51] [TASK_8] [INFO]   thu hẹp hoạt động                        0
[2026-05-04 12:27:51] [TASK_8] [INFO]   dừng dự án                               0
[2026-05-04 12:27:51] [TASK_8] [INFO]   bị kiểm toán từ chối                     0
[2026-05-04 12:27:51] [TASK_8] [INFO]   cảnh báo                                 0
[2026-05-04 12:27:51] [TASK_8] [INFO]   đình chỉ                                 0
[2026-05-04 12:27:51] [TASK_8] [INFO]   khởi tố                                  0
[2026-05-04 12:27:51] [TASK_8] [INFO]   điều tra                                 0
[2026-05-04 12:27:51] [TASK_8] [INFO]   tranh chấp pháp lý                       0
[2026-05-04 12:27:51] [TASK_8] [INFO]   bị kiện                                  0
[2026-05-04 12:27:51] [TASK_8] [INFO] 
--- NEUTRAL keywords (9) ---
[2026-05-04 12:27:51] [TASK_8] [INFO]   đại hội cổ đông                          1
[2026-05-04 12:27:51] [TASK_8] [INFO]   thay đổi lãnh đạo                        1
[2026-05-04 12:27:51] [TASK_8] [INFO]   sáp nhập                                 1
[2026-05-04 12:27:51] [TASK_8] [INFO]   mua lại                                  1
[2026-05-04 12:27:51] [TASK_8] [INFO]   phát hành cổ phiếu mới                   1
[2026-05-04 12:27:51] [TASK_8] [INFO]   thoái vốn                                1
[2026-05-04 12:27:51] [TASK_8] [INFO]   họp HĐQT                                 0
[2026-05-04 12:27:51] [TASK_8] [INFO]   thay CEO                                 0
[2026-05-04 12:27:51] [TASK_8] [INFO]   niêm yết thêm                            0
[2026-05-04 12:27:51] [TASK_8] [INFO] 
Total keyword occurrences in corpus: 32
[2026-05-04 12:27:51] [TASK_8] [INFO] Keywords with zero occurrences: 41 / 73
[2026-05-04 12:27:51] [TASK_8] [INFO] ======================================================================
[2026-05-04 12:27:51] [TASK_8] [INFO] Keyword Builder (TASK 8) complete.
[2026-05-04 12:27:51] [TASK_8] [INFO] Starting Keyword Builder (TASK 8)...
[2026-05-04 12:27:51] [TASK_8] [INFO] Loaded 23 stopwords.
[2026-05-04 12:27:51] [TASK_8] [INFO] Extracting keyword candidates from 10 documents...
[2026-05-04 12:27:51] [TASK_8] [INFO] Saved 176 keyword candidates to C:\Users\User\AppData\Local\Temp\tmp2pou_tvh\keyword_candidates.csv (unigrams: 83, bigrams: 93).
[2026-05-04 12:27:51] [TASK_8] [INFO] Curated keyword list: 28 positive, 36 negative, 9 neutral (total: 73).
[2026-05-04 12:27:51] [TASK_8] [INFO] Saved flat keyword list to C:\Users\User\AppData\Local\Temp\tmp2pou_tvh\keywords_finance.json.
[2026-05-04 12:27:51] [TASK_8] [INFO] Saved group-level keyword breakdown to C:\Users\User\AppData\Local\Temp\tmp2pou_tvh\keywords_by_group.json.
[2026-05-04 12:27:51] [TASK_8] [INFO] ======================================================================
[2026-05-04 12:27:51] [TASK_8] [INFO] KEYWORD CORPUS FREQUENCY REPORT
[2026-05-04 12:27:51] [TASK_8] [INFO] ======================================================================
[2026-05-04 12:27:51] [TASK_8] [INFO] 
--- POSITIVE keywords (28) ---
[2026-05-04 12:27:51] [TASK_8] [INFO]   lợi nhuận tăng                           1
[2026-05-04 12:27:51] [TASK_8] [INFO]   doanh thu tăng                           1
[2026-05-04 12:27:51] [TASK_8] [INFO]   kỷ lục                                   1
[2026-05-04 12:27:51] [TASK_8] [INFO]   tăng trưởng                              1
[2026-05-04 12:27:51] [TASK_8] [INFO]   chia cổ tức                              1
[2026-05-04 12:27:51] [TASK_8] [INFO]   cổ tức cao                               1
[2026-05-04 12:27:51] [TASK_8] [INFO]   cổ tức tiền mặt                          1
[2026-05-04 12:27:51] [TASK_8] [INFO]   giảm nợ                                  1
[2026-05-04 12:27:51] [TASK_8] [INFO]   trả nợ                                   1
[2026-05-04 12:27:51] [TASK_8] [INFO]   cải thiện tài chính                      1
[2026-05-04 12:27:51] [TASK_8] [INFO]   dòng tiền dương                          1
[2026-05-04 12:27:51] [TASK_8] [INFO]   ký kết hợp đồng                          1
[2026-05-04 12:27:51] [TASK_8] [INFO]   mở rộng thị trường                       1
[2026-05-04 12:27:51] [TASK_8] [INFO]   xuất khẩu tăng                           1
[2026-05-04 12:27:51] [TASK_8] [INFO]   tăng trưởng mạnh                         0
[2026-05-04 12:27:51] [TASK_8] [INFO]   vượt kế hoạch                            0
[2026-05-04 12:27:51] [TASK_8] [INFO]   lãi ròng                                 0
[2026-05-04 12:27:51] [TASK_8] [INFO]   lợi nhuận sau thuế tăng                  0
[2026-05-04 12:27:51] [TASK_8] [INFO]   kết quả tích cực                         0
[2026-05-04 12:27:51] [TASK_8] [INFO]   mua lại cổ phiếu                         0
[2026-05-04 12:27:51] [TASK_8] [INFO]   phát hành thưởng                         0
[2026-05-04 12:27:51] [TASK_8] [INFO]   tăng vốn điều lệ                         0
[2026-05-04 12:27:51] [TASK_8] [INFO]   hệ số an toàn vốn                        0
[2026-05-04 12:27:51] [TASK_8] [INFO]   tiền mặt dồi dào                         0
[2026-05-04 12:27:51] [TASK_8] [INFO]   dự án mới                                0
[2026-05-04 12:27:51] [TASK_8] [INFO]   đầu tư mới                               0
[2026-05-04 12:27:51] [TASK_8] [INFO]   hợp tác chiến lược                       0
[2026-05-04 12:27:51] [TASK_8] [INFO]   thắng thầu                               0
[2026-05-04 12:27:51] [TASK_8] [INFO] 
--- NEGATIVE keywords (36) ---
[2026-05-04 12:27:51] [TASK_8] [INFO]   lợi nhuận giảm                           1
[2026-05-04 12:27:51] [TASK_8] [INFO]   doanh thu giảm                           1
[2026-05-04 12:27:51] [TASK_8] [INFO]   sụt giảm                                 1
[2026-05-04 12:27:51] [TASK_8] [INFO]   nợ xấu                                   1
[2026-05-04 12:27:51] [TASK_8] [INFO]   áp lực tài chính                         1
[2026-05-04 12:27:51] [TASK_8] [INFO]   dòng tiền âm                             1
[2026-05-04 12:27:51] [TASK_8] [INFO]   hủy hợp đồng                             1
[2026-05-04 12:27:51] [TASK_8] [INFO]   dự án trì hoãn                           1
[2026-05-04 12:27:51] [TASK_8] [INFO]   đóng cửa                                 1
[2026-05-04 12:27:51] [TASK_8] [INFO]   bị phạt                                  1
[2026-05-04 12:27:51] [TASK_8] [INFO]   vi phạm                                  1
[2026-05-04 12:27:51] [TASK_8] [INFO]   bị thanh tra                             1
[2026-05-04 12:27:51] [TASK_8] [INFO]   lợi nhuận âm                             0
[2026-05-04 12:27:51] [TASK_8] [INFO]   thua lỗ                                  0
[2026-05-04 12:27:51] [TASK_8] [INFO]   lỗ ròng                                  0
[2026-05-04 12:27:51] [TASK_8] [INFO]   dưới kế hoạch                            0
[2026-05-04 12:27:51] [TASK_8] [INFO]   kết quả tiêu cực                         0
[2026-05-04 12:27:51] [TASK_8] [INFO]   lợi nhuận thấp hơn                       0
[2026-05-04 12:27:51] [TASK_8] [INFO]   không chia cổ tức                        0
[2026-05-04 12:27:51] [TASK_8] [INFO]   hủy cổ tức                               0
[2026-05-04 12:27:51] [TASK_8] [INFO]   giảm cổ tức                              0
[2026-05-04 12:27:51] [TASK_8] [INFO]   phát hành pha loãng                      0
[2026-05-04 12:27:51] [TASK_8] [INFO]   chào bán giá thấp                        0
[2026-05-04 12:27:51] [TASK_8] [INFO]   nợ vay tăng                              0
[2026-05-04 12:27:51] [TASK_8] [INFO]   nợ quá hạn                               0
[2026-05-04 12:27:51] [TASK_8] [INFO]   hệ số nợ cao                             0
[2026-05-04 12:27:51] [TASK_8] [INFO]   thiếu thanh khoản                        0
[2026-05-04 12:27:51] [TASK_8] [INFO]   thu hẹp hoạt động                        0
[2026-05-04 12:27:51] [TASK_8] [INFO]   dừng dự án                               0
[2026-05-04 12:27:51] [TASK_8] [INFO]   bị kiểm toán từ chối                     0
[2026-05-04 12:27:51] [TASK_8] [INFO]   cảnh báo                                 0
[2026-05-04 12:27:51] [TASK_8] [INFO]   đình chỉ                                 0
[2026-05-04 12:27:51] [TASK_8] [INFO]   khởi tố                                  0
[2026-05-04 12:27:51] [TASK_8] [INFO]   điều tra                                 0
[2026-05-04 12:27:51] [TASK_8] [INFO]   tranh chấp pháp lý                       0
[2026-05-04 12:27:51] [TASK_8] [INFO]   bị kiện                                  0
[2026-05-04 12:27:51] [TASK_8] [INFO] 
--- NEUTRAL keywords (9) ---
[2026-05-04 12:27:51] [TASK_8] [INFO]   đại hội cổ đông                          1
[2026-05-04 12:27:51] [TASK_8] [INFO]   thay đổi lãnh đạo                        1
[2026-05-04 12:27:51] [TASK_8] [INFO]   sáp nhập                                 1
[2026-05-04 12:27:51] [TASK_8] [INFO]   mua lại                                  1
[2026-05-04 12:27:51] [TASK_8] [INFO]   phát hành cổ phiếu mới                   1
[2026-05-04 12:27:51] [TASK_8] [INFO]   thoái vốn                                1
[2026-05-04 12:27:51] [TASK_8] [INFO]   họp HĐQT                                 0
[2026-05-04 12:27:51] [TASK_8] [INFO]   thay CEO                                 0
[2026-05-04 12:27:51] [TASK_8] [INFO]   niêm yết thêm                            0
[2026-05-04 12:27:51] [TASK_8] [INFO] 
Total keyword occurrences in corpus: 32
[2026-05-04 12:27:51] [TASK_8] [INFO] Keywords with zero occurrences: 41 / 73
[2026-05-04 12:27:51] [TASK_8] [INFO] ======================================================================
[2026-05-04 12:27:51] [TASK_8] [INFO] Keyword Builder (TASK 8) complete.
[2026-05-04 12:27:51] [TASK_8] [INFO] Starting Keyword Builder (TASK 8)...
[2026-05-04 12:27:51] [TASK_8] [INFO] Loaded 23 stopwords.
[2026-05-04 12:27:51] [TASK_8] [INFO] No corpus provided — skipping candidate extraction.
[2026-05-04 12:27:51] [TASK_8] [INFO] Curated keyword list: 28 positive, 36 negative, 9 neutral (total: 73).
[2026-05-04 12:27:51] [TASK_8] [INFO] Saved flat keyword list to C:\Users\User\AppData\Local\Temp\tmp3m8p2omx\keywords_finance.json.
[2026-05-04 12:27:51] [TASK_8] [INFO] Saved group-level keyword breakdown to C:\Users\User\AppData\Local\Temp\tmp3m8p2omx\keywords_by_group.json.
[2026-05-04 12:27:51] [TASK_8] [INFO] No corpus provided — skipping frequency report.
[2026-05-04 12:27:51] [TASK_8] [INFO] Keyword Builder (TASK 8) complete.
[2026-05-04 13:06:51] [TASK_8] [INFO] Starting Keyword Builder (TASK 8)...
[2026-05-04 13:06:51] [TASK_8] [INFO] Loaded 23 stopwords.
[2026-05-04 13:06:51] [TASK_8] [INFO] Extracting keyword candidates from 10 documents...
[2026-05-04 13:06:51] [TASK_8] [INFO] Saved 176 keyword candidates to C:\Users\User\AppData\Local\Temp\tmptk7b2e01\keyword_candidates.csv (unigrams: 83, bigrams: 93).
[2026-05-04 13:06:51] [TASK_8] [INFO] Curated keyword list: 28 positive, 36 negative, 9 neutral (total: 73).
[2026-05-04 13:06:51] [TASK_8] [INFO] Saved flat keyword list to C:\Users\User\AppData\Local\Temp\tmptk7b2e01\keywords_finance.json.
[2026-05-04 13:06:51] [TASK_8] [INFO] Saved group-level keyword breakdown to C:\Users\User\AppData\Local\Temp\tmptk7b2e01\keywords_by_group.json.
[2026-05-04 13:06:51] [TASK_8] [INFO] ======================================================================
[2026-05-04 13:06:51] [TASK_8] [INFO] KEYWORD CORPUS FREQUENCY REPORT
[2026-05-04 13:06:51] [TASK_8] [INFO] ======================================================================
[2026-05-04 13:06:51] [TASK_8] [INFO] 
--- POSITIVE keywords (28) ---
[2026-05-04 13:06:51] [TASK_8] [INFO]   lợi nhuận tăng                           1
[2026-05-04 13:06:51] [TASK_8] [INFO]   doanh thu tăng                           1
[2026-05-04 13:06:51] [TASK_8] [INFO]   kỷ lục                                   1
[2026-05-04 13:06:51] [TASK_8] [INFO]   tăng trưởng                              1
[2026-05-04 13:06:51] [TASK_8] [INFO]   chia cổ tức                              1
[2026-05-04 13:06:51] [TASK_8] [INFO]   cổ tức cao                               1
[2026-05-04 13:06:51] [TASK_8] [INFO]   cổ tức tiền mặt                          1
[2026-05-04 13:06:51] [TASK_8] [INFO]   giảm nợ                                  1
[2026-05-04 13:06:51] [TASK_8] [INFO]   trả nợ                                   1
[2026-05-04 13:06:51] [TASK_8] [INFO]   cải thiện tài chính                      1
[2026-05-04 13:06:51] [TASK_8] [INFO]   dòng tiền dương                          1
[2026-05-04 13:06:51] [TASK_8] [INFO]   ký kết hợp đồng                          1
[2026-05-04 13:06:51] [TASK_8] [INFO]   mở rộng thị trường                       1
[2026-05-04 13:06:51] [TASK_8] [INFO]   xuất khẩu tăng                           1
[2026-05-04 13:06:51] [TASK_8] [INFO]   tăng trưởng mạnh                         0
[2026-05-04 13:06:51] [TASK_8] [INFO]   vượt kế hoạch                            0
[2026-05-04 13:06:51] [TASK_8] [INFO]   lãi ròng                                 0
[2026-05-04 13:06:51] [TASK_8] [INFO]   lợi nhuận sau thuế tăng                  0
[2026-05-04 13:06:51] [TASK_8] [INFO]   kết quả tích cực                         0
[2026-05-04 13:06:51] [TASK_8] [INFO]   mua lại cổ phiếu                         0
[2026-05-04 13:06:51] [TASK_8] [INFO]   phát hành thưởng                         0
[2026-05-04 13:06:51] [TASK_8] [INFO]   tăng vốn điều lệ                         0
[2026-05-04 13:06:51] [TASK_8] [INFO]   hệ số an toàn vốn                        0
[2026-05-04 13:06:51] [TASK_8] [INFO]   tiền mặt dồi dào                         0
[2026-05-04 13:06:51] [TASK_8] [INFO]   dự án mới                                0
[2026-05-04 13:06:51] [TASK_8] [INFO]   đầu tư mới                               0
[2026-05-04 13:06:51] [TASK_8] [INFO]   hợp tác chiến lược                       0
[2026-05-04 13:06:51] [TASK_8] [INFO]   thắng thầu                               0
[2026-05-04 13:06:51] [TASK_8] [INFO] 
--- NEGATIVE keywords (36) ---
[2026-05-04 13:06:51] [TASK_8] [INFO]   lợi nhuận giảm                           1
[2026-05-04 13:06:51] [TASK_8] [INFO]   doanh thu giảm                           1
[2026-05-04 13:06:51] [TASK_8] [INFO]   sụt giảm                                 1
[2026-05-04 13:06:51] [TASK_8] [INFO]   nợ xấu                                   1
[2026-05-04 13:06:51] [TASK_8] [INFO]   áp lực tài chính                         1
[2026-05-04 13:06:51] [TASK_8] [INFO]   dòng tiền âm                             1
[2026-05-04 13:06:51] [TASK_8] [INFO]   hủy hợp đồng                             1
[2026-05-04 13:06:51] [TASK_8] [INFO]   dự án trì hoãn                           1
[2026-05-04 13:06:51] [TASK_8] [INFO]   đóng cửa                                 1
[2026-05-04 13:06:51] [TASK_8] [INFO]   bị phạt                                  1
[2026-05-04 13:06:51] [TASK_8] [INFO]   vi phạm                                  1
[2026-05-04 13:06:51] [TASK_8] [INFO]   bị thanh tra                             1
[2026-05-04 13:06:51] [TASK_8] [INFO]   lợi nhuận âm                             0
[2026-05-04 13:06:51] [TASK_8] [INFO]   thua lỗ                                  0
[2026-05-04 13:06:51] [TASK_8] [INFO]   lỗ ròng                                  0
[2026-05-04 13:06:51] [TASK_8] [INFO]   dưới kế hoạch                            0
[2026-05-04 13:06:51] [TASK_8] [INFO]   kết quả tiêu cực                         0
[2026-05-04 13:06:51] [TASK_8] [INFO]   lợi nhuận thấp hơn                       0
[2026-05-04 13:06:51] [TASK_8] [INFO]   không chia cổ tức                        0
[2026-05-04 13:06:51] [TASK_8] [INFO]   hủy cổ tức                               0
[2026-05-04 13:06:51] [TASK_8] [INFO]   giảm cổ tức                              0
[2026-05-04 13:06:51] [TASK_8] [INFO]   phát hành pha loãng                      0
[2026-05-04 13:06:51] [TASK_8] [INFO]   chào bán giá thấp                        0
[2026-05-04 13:06:51] [TASK_8] [INFO]   nợ vay tăng                              0
[2026-05-04 13:06:51] [TASK_8] [INFO]   nợ quá hạn                               0
[2026-05-04 13:06:51] [TASK_8] [INFO]   hệ số nợ cao                             0
[2026-05-04 13:06:51] [TASK_8] [INFO]   thiếu thanh khoản                        0
[2026-05-04 13:06:51] [TASK_8] [INFO]   thu hẹp hoạt động                        0
[2026-05-04 13:06:51] [TASK_8] [INFO]   dừng dự án                               0
[2026-05-04 13:06:51] [TASK_8] [INFO]   bị kiểm toán từ chối                     0
[2026-05-04 13:06:51] [TASK_8] [INFO]   cảnh báo                                 0
[2026-05-04 13:06:51] [TASK_8] [INFO]   đình chỉ                                 0
[2026-05-04 13:06:51] [TASK_8] [INFO]   khởi tố                                  0
[2026-05-04 13:06:51] [TASK_8] [INFO]   điều tra                                 0
[2026-05-04 13:06:51] [TASK_8] [INFO]   tranh chấp pháp lý                       0
[2026-05-04 13:06:51] [TASK_8] [INFO]   bị kiện                                  0
[2026-05-04 13:06:51] [TASK_8] [INFO] 
--- NEUTRAL keywords (9) ---
[2026-05-04 13:06:51] [TASK_8] [INFO]   đại hội cổ đông                          1
[2026-05-04 13:06:51] [TASK_8] [INFO]   thay đổi lãnh đạo                        1
[2026-05-04 13:06:51] [TASK_8] [INFO]   sáp nhập                                 1
[2026-05-04 13:06:51] [TASK_8] [INFO]   mua lại                                  1
[2026-05-04 13:06:51] [TASK_8] [INFO]   phát hành cổ phiếu mới                   1
[2026-05-04 13:06:51] [TASK_8] [INFO]   thoái vốn                                1
[2026-05-04 13:06:51] [TASK_8] [INFO]   họp HĐQT                                 0
[2026-05-04 13:06:51] [TASK_8] [INFO]   thay CEO                                 0
[2026-05-04 13:06:51] [TASK_8] [INFO]   niêm yết thêm                            0
[2026-05-04 13:06:51] [TASK_8] [INFO] 
Total keyword occurrences in corpus: 32
[2026-05-04 13:06:51] [TASK_8] [INFO] Keywords with zero occurrences: 41 / 73
[2026-05-04 13:06:51] [TASK_8] [INFO] ======================================================================
[2026-05-04 13:06:51] [TASK_8] [INFO] Keyword Builder (TASK 8) complete.
[2026-05-04 13:06:51] [TASK_8] [INFO] Starting Keyword Builder (TASK 8)...
[2026-05-04 13:06:51] [TASK_8] [INFO] Loaded 23 stopwords.
[2026-05-04 13:06:51] [TASK_8] [INFO] Extracting keyword candidates from 10 documents...
[2026-05-04 13:06:51] [TASK_8] [INFO] Saved 176 keyword candidates to C:\Users\User\AppData\Local\Temp\tmpx_0jvfd4\keyword_candidates.csv (unigrams: 83, bigrams: 93).
[2026-05-04 13:06:51] [TASK_8] [INFO] Curated keyword list: 28 positive, 36 negative, 9 neutral (total: 73).
[2026-05-04 13:06:51] [TASK_8] [INFO] Saved flat keyword list to C:\Users\User\AppData\Local\Temp\tmpx_0jvfd4\keywords_finance.json.
[2026-05-04 13:06:51] [TASK_8] [INFO] Saved group-level keyword breakdown to C:\Users\User\AppData\Local\Temp\tmpx_0jvfd4\keywords_by_group.json.
[2026-05-04 13:06:51] [TASK_8] [INFO] ======================================================================
[2026-05-04 13:06:51] [TASK_8] [INFO] KEYWORD CORPUS FREQUENCY REPORT
[2026-05-04 13:06:51] [TASK_8] [INFO] ======================================================================
[2026-05-04 13:06:51] [TASK_8] [INFO] 
--- POSITIVE keywords (28) ---
[2026-05-04 13:06:51] [TASK_8] [INFO]   lợi nhuận tăng                           1
[2026-05-04 13:06:51] [TASK_8] [INFO]   doanh thu tăng                           1
[2026-05-04 13:06:51] [TASK_8] [INFO]   kỷ lục                                   1
[2026-05-04 13:06:51] [TASK_8] [INFO]   tăng trưởng                              1
[2026-05-04 13:06:51] [TASK_8] [INFO]   chia cổ tức                              1
[2026-05-04 13:06:51] [TASK_8] [INFO]   cổ tức cao                               1
[2026-05-04 13:06:51] [TASK_8] [INFO]   cổ tức tiền mặt                          1
[2026-05-04 13:06:51] [TASK_8] [INFO]   giảm nợ                                  1
[2026-05-04 13:06:51] [TASK_8] [INFO]   trả nợ                                   1
[2026-05-04 13:06:51] [TASK_8] [INFO]   cải thiện tài chính                      1
[2026-05-04 13:06:51] [TASK_8] [INFO]   dòng tiền dương                          1
[2026-05-04 13:06:51] [TASK_8] [INFO]   ký kết hợp đồng                          1
[2026-05-04 13:06:51] [TASK_8] [INFO]   mở rộng thị trường                       1
[2026-05-04 13:06:51] [TASK_8] [INFO]   xuất khẩu tăng                           1
[2026-05-04 13:06:51] [TASK_8] [INFO]   tăng trưởng mạnh                         0
[2026-05-04 13:06:51] [TASK_8] [INFO]   vượt kế hoạch                            0
[2026-05-04 13:06:51] [TASK_8] [INFO]   lãi ròng                                 0
[2026-05-04 13:06:51] [TASK_8] [INFO]   lợi nhuận sau thuế tăng                  0
[2026-05-04 13:06:51] [TASK_8] [INFO]   kết quả tích cực                         0
[2026-05-04 13:06:51] [TASK_8] [INFO]   mua lại cổ phiếu                         0
[2026-05-04 13:06:51] [TASK_8] [INFO]   phát hành thưởng                         0
[2026-05-04 13:06:51] [TASK_8] [INFO]   tăng vốn điều lệ                         0
[2026-05-04 13:06:51] [TASK_8] [INFO]   hệ số an toàn vốn                        0
[2026-05-04 13:06:51] [TASK_8] [INFO]   tiền mặt dồi dào                         0
[2026-05-04 13:06:51] [TASK_8] [INFO]   dự án mới                                0
[2026-05-04 13:06:51] [TASK_8] [INFO]   đầu tư mới                               0
[2026-05-04 13:06:51] [TASK_8] [INFO]   hợp tác chiến lược                       0
[2026-05-04 13:06:51] [TASK_8] [INFO]   thắng thầu                               0
[2026-05-04 13:06:51] [TASK_8] [INFO] 
--- NEGATIVE keywords (36) ---
[2026-05-04 13:06:51] [TASK_8] [INFO]   lợi nhuận giảm                           1
[2026-05-04 13:06:51] [TASK_8] [INFO]   doanh thu giảm                           1
[2026-05-04 13:06:51] [TASK_8] [INFO]   sụt giảm                                 1
[2026-05-04 13:06:51] [TASK_8] [INFO]   nợ xấu                                   1
[2026-05-04 13:06:51] [TASK_8] [INFO]   áp lực tài chính                         1
[2026-05-04 13:06:51] [TASK_8] [INFO]   dòng tiền âm                             1
[2026-05-04 13:06:51] [TASK_8] [INFO]   hủy hợp đồng                             1
[2026-05-04 13:06:51] [TASK_8] [INFO]   dự án trì hoãn                           1
[2026-05-04 13:06:51] [TASK_8] [INFO]   đóng cửa                                 1
[2026-05-04 13:06:51] [TASK_8] [INFO]   bị phạt                                  1
[2026-05-04 13:06:51] [TASK_8] [INFO]   vi phạm                                  1
[2026-05-04 13:06:51] [TASK_8] [INFO]   bị thanh tra                             1
[2026-05-04 13:06:51] [TASK_8] [INFO]   lợi nhuận âm                             0
[2026-05-04 13:06:51] [TASK_8] [INFO]   thua lỗ                                  0
[2026-05-04 13:06:51] [TASK_8] [INFO]   lỗ ròng                                  0
[2026-05-04 13:06:51] [TASK_8] [INFO]   dưới kế hoạch                            0
[2026-05-04 13:06:51] [TASK_8] [INFO]   kết quả tiêu cực                         0
[2026-05-04 13:06:51] [TASK_8] [INFO]   lợi nhuận thấp hơn                       0
[2026-05-04 13:06:51] [TASK_8] [INFO]   không chia cổ tức                        0
[2026-05-04 13:06:51] [TASK_8] [INFO]   hủy cổ tức                               0
[2026-05-04 13:06:51] [TASK_8] [INFO]   giảm cổ tức                              0
[2026-05-04 13:06:51] [TASK_8] [INFO]   phát hành pha loãng                      0
[2026-05-04 13:06:51] [TASK_8] [INFO]   chào bán giá thấp                        0
[2026-05-04 13:06:51] [TASK_8] [INFO]   nợ vay tăng                              0
[2026-05-04 13:06:51] [TASK_8] [INFO]   nợ quá hạn                               0
[2026-05-04 13:06:51] [TASK_8] [INFO]   hệ số nợ cao                             0
[2026-05-04 13:06:51] [TASK_8] [INFO]   thiếu thanh khoản                        0
[2026-05-04 13:06:51] [TASK_8] [INFO]   thu hẹp hoạt động                        0
[2026-05-04 13:06:51] [TASK_8] [INFO]   dừng dự án                               0
[2026-05-04 13:06:51] [TASK_8] [INFO]   bị kiểm toán từ chối                     0
[2026-05-04 13:06:51] [TASK_8] [INFO]   cảnh báo                                 0
[2026-05-04 13:06:51] [TASK_8] [INFO]   đình chỉ                                 0
[2026-05-04 13:06:51] [TASK_8] [INFO]   khởi tố                                  0
[2026-05-04 13:06:51] [TASK_8] [INFO]   điều tra                                 0
[2026-05-04 13:06:51] [TASK_8] [INFO]   tranh chấp pháp lý                       0
[2026-05-04 13:06:51] [TASK_8] [INFO]   bị kiện                                  0
[2026-05-04 13:06:51] [TASK_8] [INFO] 
--- NEUTRAL keywords (9) ---
[2026-05-04 13:06:51] [TASK_8] [INFO]   đại hội cổ đông                          1
[2026-05-04 13:06:51] [TASK_8] [INFO]   thay đổi lãnh đạo                        1
[2026-05-04 13:06:51] [TASK_8] [INFO]   sáp nhập                                 1
[2026-05-04 13:06:51] [TASK_8] [INFO]   mua lại                                  1
[2026-05-04 13:06:51] [TASK_8] [INFO]   phát hành cổ phiếu mới                   1
[2026-05-04 13:06:51] [TASK_8] [INFO]   thoái vốn                                1
[2026-05-04 13:06:51] [TASK_8] [INFO]   họp HĐQT                                 0
[2026-05-04 13:06:51] [TASK_8] [INFO]   thay CEO                                 0
[2026-05-04 13:06:51] [TASK_8] [INFO]   niêm yết thêm                            0
[2026-05-04 13:06:51] [TASK_8] [INFO] 
Total keyword occurrences in corpus: 32
[2026-05-04 13:06:51] [TASK_8] [INFO] Keywords with zero occurrences: 41 / 73
[2026-05-04 13:06:51] [TASK_8] [INFO] ======================================================================
[2026-05-04 13:06:51] [TASK_8] [INFO] Keyword Builder (TASK 8) complete.
[2026-05-04 13:06:51] [TASK_8] [INFO] Starting Keyword Builder (TASK 8)...
[2026-05-04 13:06:51] [TASK_8] [INFO] Loaded 23 stopwords.
[2026-05-04 13:06:51] [TASK_8] [INFO] No corpus provided — skipping candidate extraction.
[2026-05-04 13:06:51] [TASK_8] [INFO] Curated keyword list: 28 positive, 36 negative, 9 neutral (total: 73).
[2026-05-04 13:06:51] [TASK_8] [INFO] Saved flat keyword list to C:\Users\User\AppData\Local\Temp\tmpwko6i7cb\keywords_finance.json.
[2026-05-04 13:06:51] [TASK_8] [INFO] Saved group-level keyword breakdown to C:\Users\User\AppData\Local\Temp\tmpwko6i7cb\keywords_by_group.json.
[2026-05-04 13:06:51] [TASK_8] [INFO] No corpus provided — skipping frequency report.
[2026-05-04 13:06:51] [TASK_8] [INFO] Keyword Builder (TASK 8) complete.
[2026-05-04 13:57:34] [TASK_8] [INFO] ============================================================
[2026-05-04 13:57:34] [TASK_8] [INFO] START TASK_8: Keyword Building (curate financial keywords)
[2026-05-04 13:57:34] [TASK_8] [INFO] Timestamp: 2026-05-04T13:57:34.753908
[2026-05-04 13:57:34] [TASK_8] [INFO] ============================================================
[2026-05-04 13:57:34] [TASK_8] [INFO] ------------------------------------------------------------
[2026-05-04 13:57:34] [TASK_8] [INFO] END TASK_8 — completed in 0.0 seconds
[2026-05-04 13:57:34] [TASK_8] [INFO] ============================================================
[2026-05-04 13:57:35] [TASK_8] [INFO] ============================================================
[2026-05-04 13:57:35] [TASK_8] [INFO] START TASK_8: Keyword Building (curate financial keywords)
[2026-05-04 13:57:35] [TASK_8] [INFO] Timestamp: 2026-05-04T13:57:35.536261
[2026-05-04 13:57:35] [TASK_8] [INFO] ============================================================
[2026-05-04 13:57:35] [TASK_8] [INFO] ------------------------------------------------------------
[2026-05-04 13:57:35] [TASK_8] [INFO] END TASK_8 — completed in 0.0 seconds
[2026-05-04 13:57:35] [TASK_8] [INFO] ============================================================
