[2026-07-05 07:07:36] [TASK_5] [INFO] ============================================================
[2026-07-05 07:07:36] [TASK_5] [INFO] START TASK_5: Data Aggregation (group by ticker × quarter)
[2026-07-05 07:07:36] [TASK_5] [INFO] Timestamp: 2026-07-05T07:07:36.127564
[2026-07-05 07:07:36] [TASK_5] [INFO] ============================================================
[2026-07-05 07:07:36] [TASK_5] [INFO] Input: data/prices/all_vn30_prices.csv (93824 rows)
[2026-07-05 07:07:36] [TASK_5] [INFO] Input: data/news/processed/all_news_processed.csv (34979 rows)
[2026-07-05 07:07:36] [TASK_5] [INFO] ------------------------------------------------------------
[2026-07-05 07:07:36] [TASK_5] [INFO] END TASK_5 — completed in 0.0 seconds
[2026-07-05 07:07:36] [TASK_5] [INFO] ============================================================
[2026-07-05 07:07:37] [TASK_5] [INFO] ============================================================
[2026-07-05 07:07:37] [TASK_5] [INFO] START TASK_5: Data Aggregation (group by ticker × quarter)
[2026-07-05 07:07:37] [TASK_5] [INFO] Timestamp: 2026-07-05T07:07:37.278157
[2026-07-05 07:07:37] [TASK_5] [INFO] ============================================================
[2026-07-05 07:07:37] [TASK_5] [INFO] Input: data/prices/all_vn30_prices.csv (93824 rows)
[2026-07-05 07:07:37] [TASK_5] [INFO] Input: data/news/processed/all_news_processed.csv (34979 rows)
[2026-07-05 07:07:37] [TASK_5] [INFO] ------------------------------------------------------------
[2026-07-05 07:07:37] [TASK_5] [INFO] END TASK_5 — completed in 0.0 seconds
[2026-07-05 07:07:37] [TASK_5] [INFO] ============================================================
[2026-07-05 15:16:52] [TASK_5] [INFO] ============================================================
[2026-07-05 15:16:52] [TASK_5] [INFO] START TASK_5: Data Aggregation (group by ticker × quarter)
[2026-07-05 15:16:52] [TASK_5] [INFO] Timestamp: 2026-07-05T15:16:52.099541
[2026-07-05 15:16:52] [TASK_5] [INFO] ============================================================
[2026-07-05 15:16:52] [TASK_5] [INFO] Input: data/prices/all_vn30_prices.csv (93824 rows)
[2026-07-05 15:16:52] [TASK_5] [INFO] Input: data/news/processed/all_news_processed.csv (34979 rows)
[2026-07-05 15:16:52] [TASK_5] [INFO] ------------------------------------------------------------
[2026-07-05 15:16:52] [TASK_5] [INFO] END TASK_5 — completed in 0.0 seconds
[2026-07-05 15:16:52] [TASK_5] [INFO] ============================================================
[2026-07-05 15:16:54] [TASK_5] [INFO] ============================================================
[2026-07-05 15:16:54] [TASK_5] [INFO] START TASK_5: Data Aggregation (group by ticker × quarter)
[2026-07-05 15:16:54] [TASK_5] [INFO] Timestamp: 2026-07-05T15:16:54.093437
[2026-07-05 15:16:54] [TASK_5] [INFO] ============================================================
[2026-07-05 15:16:54] [TASK_5] [INFO] Input: data/prices/all_vn30_prices.csv (93824 rows)
[2026-07-05 15:16:54] [TASK_5] [INFO] Input: data/news/processed/all_news_processed.csv (34979 rows)
[2026-07-05 15:16:54] [TASK_5] [INFO] ------------------------------------------------------------
[2026-07-05 15:16:54] [TASK_5] [INFO] END TASK_5 — completed in 0.0 seconds
[2026-07-05 15:16:54] [TASK_5] [INFO] ============================================================
