[2026-06-27 22:31:45] [TASK_9] [INFO] ============================================================
[2026-06-27 22:31:45] [TASK_9] [INFO] START TASK_9: Keyword Feature Extraction (TF-IDF, sentiment scores)
[2026-06-27 22:31:45] [TASK_9] [INFO] Timestamp: 2026-06-27T22:31:45.803197
[2026-06-27 22:31:45] [TASK_9] [INFO] ============================================================
[2026-06-27 22:31:45] [TASK_9] [INFO] ------------------------------------------------------------
[2026-06-27 22:31:45] [TASK_9] [INFO] END TASK_9 — completed in 0.0 seconds
[2026-06-27 22:31:45] [TASK_9] [INFO] ============================================================
[2026-06-27 22:31:45] [TASK_9] [INFO] ============================================================
[2026-06-27 22:31:45] [TASK_9] [INFO] START TASK_9: Keyword Feature Extraction (TF-IDF, sentiment scores)
[2026-06-27 22:31:45] [TASK_9] [INFO] Timestamp: 2026-06-27T22:31:45.829799
[2026-06-27 22:31:45] [TASK_9] [INFO] ============================================================
[2026-06-27 22:31:45] [TASK_9] [INFO] ------------------------------------------------------------
[2026-06-27 22:31:45] [TASK_9] [INFO] END TASK_9 — completed in 0.0 seconds
[2026-06-27 22:31:45] [TASK_9] [INFO] ============================================================
[2026-06-27 22:32:14] [TASK_9] [INFO] ============================================================
[2026-06-27 22:32:14] [TASK_9] [INFO] START TASK_9: Keyword Feature Extraction (TF-IDF, sentiment scores)
[2026-06-27 22:32:14] [TASK_9] [INFO] Timestamp: 2026-06-27T22:32:14.053409
[2026-06-27 22:32:14] [TASK_9] [INFO] ============================================================
[2026-06-27 22:32:14] [TASK_9] [INFO] ------------------------------------------------------------
[2026-06-27 22:32:14] [TASK_9] [INFO] END TASK_9 — completed in 0.0 seconds
[2026-06-27 22:32:14] [TASK_9] [INFO] ============================================================
[2026-06-27 22:32:14] [TASK_9] [INFO] ============================================================
[2026-06-27 22:32:14] [TASK_9] [INFO] START TASK_9: Keyword Feature Extraction (TF-IDF, sentiment scores)
[2026-06-27 22:32:14] [TASK_9] [INFO] Timestamp: 2026-06-27T22:32:14.079402
[2026-06-27 22:32:14] [TASK_9] [INFO] ============================================================
[2026-06-27 22:32:14] [TASK_9] [INFO] ------------------------------------------------------------
[2026-06-27 22:32:14] [TASK_9] [INFO] END TASK_9 — completed in 0.0 seconds
[2026-06-27 22:32:14] [TASK_9] [INFO] ============================================================
[2026-06-27 23:05:46] [TASK_9] [INFO] ============================================================
[2026-06-27 23:05:46] [TASK_9] [INFO] START TASK_9: Keyword Feature Extraction (TF-IDF, sentiment scores)
[2026-06-27 23:05:46] [TASK_9] [INFO] Timestamp: 2026-06-27T23:05:46.205074
[2026-06-27 23:05:46] [TASK_9] [INFO] ============================================================
[2026-06-27 23:05:46] [TASK_9] [INFO] ------------------------------------------------------------
[2026-06-27 23:05:46] [TASK_9] [INFO] END TASK_9 — completed in 0.0 seconds
[2026-06-27 23:05:46] [TASK_9] [INFO] ============================================================
[2026-06-27 23:05:46] [TASK_9] [INFO] ============================================================
[2026-06-27 23:05:46] [TASK_9] [INFO] START TASK_9: Keyword Feature Extraction (TF-IDF, sentiment scores)
[2026-06-27 23:05:46] [TASK_9] [INFO] Timestamp: 2026-06-27T23:05:46.236987
[2026-06-27 23:05:46] [TASK_9] [INFO] ============================================================
[2026-06-27 23:05:46] [TASK_9] [INFO] ------------------------------------------------------------
[2026-06-27 23:05:46] [TASK_9] [INFO] END TASK_9 — completed in 0.0 seconds
[2026-06-27 23:05:46] [TASK_9] [INFO] ============================================================
[2026-06-27 23:06:10] [TASK_9] [INFO] ============================================================
[2026-06-27 23:06:10] [TASK_9] [INFO] START TASK_9: Keyword Feature Extraction (TF-IDF, sentiment scores)
[2026-06-27 23:06:10] [TASK_9] [INFO] Timestamp: 2026-06-27T23:06:10.413616
[2026-06-27 23:06:10] [TASK_9] [INFO] ============================================================
[2026-06-27 23:06:10] [TASK_9] [INFO] ------------------------------------------------------------
[2026-06-27 23:06:10] [TASK_9] [INFO] END TASK_9 — completed in 0.0 seconds
[2026-06-27 23:06:10] [TASK_9] [INFO] ============================================================
[2026-06-27 23:06:10] [TASK_9] [INFO] ============================================================
[2026-06-27 23:06:10] [TASK_9] [INFO] START TASK_9: Keyword Feature Extraction (TF-IDF, sentiment scores)
[2026-06-27 23:06:10] [TASK_9] [INFO] Timestamp: 2026-06-27T23:06:10.440265
[2026-06-27 23:06:10] [TASK_9] [INFO] ============================================================
[2026-06-27 23:06:10] [TASK_9] [INFO] ------------------------------------------------------------
[2026-06-27 23:06:10] [TASK_9] [INFO] END TASK_9 — completed in 0.0 seconds
[2026-06-27 23:06:10] [TASK_9] [INFO] ============================================================
[2026-06-27 23:32:37] [TASK_9] [INFO] ============================================================
[2026-06-27 23:32:37] [TASK_9] [INFO] START TASK_9: Keyword Feature Extraction (TF-IDF, sentiment scores)
[2026-06-27 23:32:37] [TASK_9] [INFO] Timestamp: 2026-06-27T23:32:37.624707
[2026-06-27 23:32:37] [TASK_9] [INFO] ============================================================
[2026-06-27 23:32:37] [TASK_9] [INFO] Input: data/aggregated/news_by_quarter.csv (0 rows)
[2026-06-27 23:32:37] [TASK_9] [INFO] Starting Keyword Feature Extraction (TASK 9)...
[2026-06-27 23:32:37] [TASK_9] [INFO] Loaded 0 (ticker, quarter) rows from data/aggregated/news_by_quarter.csv.
[2026-06-27 23:32:37] [TASK_9] [INFO] Using 73 keywords (28 pos, 36 neg, 9 neutral).
[2026-06-27 23:32:37] [TASK_9] [ERROR] TASK FAILED: TASK_9 after 0.1 seconds
[2026-06-27 23:32:37] [TASK_9] [ERROR] Exception: 'lợi nhuận tăng'
[2026-06-27 23:32:37] [TASK_9] [ERROR] Stack trace:
Traceback (most recent call last):
  File "C:\Users\User\KLTN_MASTER\pipeline\run_pipeline.py", line 647, in run_pipeline
    executor(config, task_logger, smoke_test=smoke_test)
  File "C:\Users\User\KLTN_MASTER\pipeline\run_pipeline.py", line 413, in execute_task_9
    run_keyword_feature_extraction()
  File "C:\Users\User\KLTN_MASTER\pipeline\task9_kw_features.py", line 498, in run_keyword_feature_extraction
    result = extract_keyword_features(df, keywords_by_direction)
  File "C:\Users\User\KLTN_MASTER\pipeline\task9_kw_features.py", line 429, in extract_keyword_features
    result = compute_keyword_counts(df, all_keywords)
  File "C:\Users\User\KLTN_MASTER\pipeline\task9_kw_features.py", line 124, in compute_keyword_counts
    result[col_raw] = raw_df[kw]
  File "C:\Users\User\AppData\Local\Packages\PythonSoftwareFoundation.Python.3.10_qbz5n2kfra8p0\LocalCache\local-packages\Python310\site-packages\pandas\core\frame.py", line 4113, in __getitem__
    indexer = self.columns.get_loc(key)
  File "C:\Users\User\AppData\Local\Packages\PythonSoftwareFoundation.Python.3.10_qbz5n2kfra8p0\LocalCache\local-packages\Python310\site-packages\pandas\core\indexes\range.py", line 417, in get_loc
    raise KeyError(key)
KeyError: 'lợi nhuận tăng'

[2026-06-27 23:39:44] [TASK_9] [INFO] ============================================================
[2026-06-27 23:39:44] [TASK_9] [INFO] START TASK_9: Keyword Feature Extraction (TF-IDF, sentiment scores)
[2026-06-27 23:39:44] [TASK_9] [INFO] Timestamp: 2026-06-27T23:39:44.376485
[2026-06-27 23:39:44] [TASK_9] [INFO] ============================================================
[2026-06-27 23:39:44] [TASK_9] [INFO] Input: data/aggregated/news_by_quarter.csv (0 rows)
[2026-06-27 23:39:44] [TASK_9] [INFO] Starting Keyword Feature Extraction (TASK 9)...
[2026-06-27 23:39:44] [TASK_9] [INFO] Loaded 0 (ticker, quarter) rows from data/aggregated/news_by_quarter.csv.
[2026-06-27 23:39:44] [TASK_9] [INFO] Using 73 keywords (28 pos, 36 neg, 9 neutral).
[2026-06-27 23:39:44] [TASK_9] [INFO] Saved keyword features (0 rows, 227 cols) to data/features/keyword_features.csv.
[2026-06-27 23:39:44] [TASK_9] [INFO] ======================================================================
[2026-06-27 23:39:44] [TASK_9] [INFO] KEYWORD FEATURE REPORT
[2026-06-27 23:39:44] [TASK_9] [INFO] ======================================================================
[2026-06-27 23:39:44] [TASK_9] [INFO] Total features generated: 225
[2026-06-27 23:39:44] [TASK_9] [INFO] 
Top 20 keywords by corpus frequency:
[2026-06-27 23:39:44] [TASK_9] [INFO]    1. lợi nhuận tăng                            0
[2026-06-27 23:39:44] [TASK_9] [INFO]    2. doanh thu tăng                            0
[2026-06-27 23:39:44] [TASK_9] [INFO]    3. tăng trưởng mạnh                          0
[2026-06-27 23:39:44] [TASK_9] [INFO]    4. vượt kế hoạch                             0
[2026-06-27 23:39:44] [TASK_9] [INFO]    5. kỷ lục                                    0
[2026-06-27 23:39:44] [TASK_9] [INFO]    6. tăng trưởng                               0
[2026-06-27 23:39:44] [TASK_9] [INFO]    7. lãi ròng                                  0
[2026-06-27 23:39:44] [TASK_9] [INFO]    8. lợi nhuận sau thuế tăng                   0
[2026-06-27 23:39:44] [TASK_9] [INFO]    9. kết quả tích cực                          0
[2026-06-27 23:39:44] [TASK_9] [INFO]   10. chia cổ tức                               0
[2026-06-27 23:39:44] [TASK_9] [INFO]   11. cổ tức cao                                0
[2026-06-27 23:39:44] [TASK_9] [INFO]   12. mua lại cổ phiếu                          0
[2026-06-27 23:39:44] [TASK_9] [INFO]   13. phát hành thưởng                          0
[2026-06-27 23:39:44] [TASK_9] [INFO]   14. tăng vốn điều lệ                          0
[2026-06-27 23:39:44] [TASK_9] [INFO]   15. cổ tức tiền mặt                           0
[2026-06-27 23:39:44] [TASK_9] [INFO]   16. giảm nợ                                   0
[2026-06-27 23:39:44] [TASK_9] [INFO]   17. trả nợ                                    0
[2026-06-27 23:39:44] [TASK_9] [INFO]   18. cải thiện tài chính                       0
[2026-06-27 23:39:44] [TASK_9] [INFO]   19. hệ số an toàn vốn                         0
[2026-06-27 23:39:44] [TASK_9] [INFO]   20. dòng tiền dương                           0
[2026-06-27 23:39:44] [TASK_9] [INFO] 
Overall sparsity rate: 0.00%
[2026-06-27 23:39:44] [TASK_9] [INFO] 
No keywords with sparsity > 95%%.
[2026-06-27 23:39:44] [TASK_9] [INFO] 
pos_score distribution:
[2026-06-27 23:39:44] [TASK_9] [INFO]   mean=nan  std=nan  min=nan  max=nan
[2026-06-27 23:39:44] [TASK_9] [INFO] neg_score distribution:
[2026-06-27 23:39:44] [TASK_9] [INFO]   mean=nan  std=nan  min=nan  max=nan
[2026-06-27 23:39:44] [TASK_9] [INFO] ======================================================================
[2026-06-27 23:39:44] [TASK_9] [INFO] TASK 9 complete.
[2026-06-27 23:39:44] [TASK_9] [INFO] ------------------------------------------------------------
[2026-06-27 23:39:44] [TASK_9] [INFO] END TASK_9 — completed in 0.3 seconds
[2026-06-27 23:39:44] [TASK_9] [INFO] Output: data/features/keyword_features.csv (0 rows)
[2026-06-27 23:39:44] [TASK_9] [INFO] ============================================================
[2026-06-27 23:44:07] [TASK_9] [INFO] ============================================================
[2026-06-27 23:44:07] [TASK_9] [INFO] START TASK_9: Keyword Feature Extraction (TF-IDF, sentiment scores)
[2026-06-27 23:44:07] [TASK_9] [INFO] Timestamp: 2026-06-27T23:44:07.636403
[2026-06-27 23:44:07] [TASK_9] [INFO] ============================================================
[2026-06-27 23:44:07] [TASK_9] [INFO] Input: data/aggregated/news_by_quarter.csv (0 rows)
[2026-06-27 23:44:07] [TASK_9] [INFO] ------------------------------------------------------------
[2026-06-27 23:44:07] [TASK_9] [INFO] END TASK_9 — completed in 0.0 seconds
[2026-06-27 23:44:07] [TASK_9] [INFO] ============================================================
[2026-06-27 23:44:07] [TASK_9] [INFO] ============================================================
[2026-06-27 23:44:07] [TASK_9] [INFO] START TASK_9: Keyword Feature Extraction (TF-IDF, sentiment scores)
[2026-06-27 23:44:07] [TASK_9] [INFO] Timestamp: 2026-06-27T23:44:07.676490
[2026-06-27 23:44:07] [TASK_9] [INFO] ============================================================
[2026-06-27 23:44:07] [TASK_9] [INFO] Input: data/aggregated/news_by_quarter.csv (0 rows)
[2026-06-27 23:44:07] [TASK_9] [INFO] ------------------------------------------------------------
[2026-06-27 23:44:07] [TASK_9] [INFO] END TASK_9 — completed in 0.0 seconds
[2026-06-27 23:44:07] [TASK_9] [INFO] ============================================================
