[2026-07-06 08:47:48] [TASK_4] [INFO] ============================================================
[2026-07-06 08:47:48] [TASK_4] [INFO] START TASK_4: Text Preprocessing (clean, tokenize, deduplicate)
[2026-07-06 08:47:48] [TASK_4] [INFO] Timestamp: 2026-07-06T08:47:48.712288
[2026-07-06 08:47:48] [TASK_4] [INFO] ============================================================
[2026-07-06 08:47:51] [TASK_4] [INFO] Input: data/news/enriched/all_news_enriched.csv (52812 rows)
[2026-07-06 08:47:51] [TASK_4] [INFO] Input: data/news/matched/all_news_matched.csv (52807 rows)
[2026-07-06 08:47:51] [TASK_4] [INFO] ------------------------------------------------------------
[2026-07-06 08:47:51] [TASK_4] [INFO] END TASK_4 — completed in 0.0 seconds
[2026-07-06 08:47:51] [TASK_4] [INFO] ============================================================
[2026-07-06 08:47:52] [TASK_4] [INFO] ============================================================
[2026-07-06 08:47:52] [TASK_4] [INFO] START TASK_4: Text Preprocessing (clean, tokenize, deduplicate)
[2026-07-06 08:47:52] [TASK_4] [INFO] Timestamp: 2026-07-06T08:47:52.510372
[2026-07-06 08:47:52] [TASK_4] [INFO] ============================================================
[2026-07-06 08:47:55] [TASK_4] [INFO] Input: data/news/enriched/all_news_enriched.csv (52812 rows)
[2026-07-06 08:47:55] [TASK_4] [INFO] Input: data/news/matched/all_news_matched.csv (52807 rows)
[2026-07-06 08:47:55] [TASK_4] [INFO] ------------------------------------------------------------
[2026-07-06 08:47:55] [TASK_4] [INFO] END TASK_4 — completed in 0.0 seconds
[2026-07-06 08:47:55] [TASK_4] [INFO] ============================================================
[2026-07-06 08:56:20] [TASK_4] [INFO] ============================================================
[2026-07-06 08:56:20] [TASK_4] [INFO] START TASK_4: Text Preprocessing (clean, tokenize, deduplicate)
[2026-07-06 08:56:20] [TASK_4] [INFO] Timestamp: 2026-07-06T08:56:20.753994
[2026-07-06 08:56:20] [TASK_4] [INFO] ============================================================
[2026-07-06 08:56:23] [TASK_4] [INFO] Input: data/news/enriched/all_news_enriched.csv (52812 rows)
[2026-07-06 08:56:24] [TASK_4] [INFO] Input: data/news/matched/all_news_matched.csv (52807 rows)
[2026-07-06 08:56:24] [TASK_4] [INFO] ------------------------------------------------------------
[2026-07-06 08:56:24] [TASK_4] [INFO] END TASK_4 — completed in 0.0 seconds
[2026-07-06 08:56:24] [TASK_4] [INFO] ============================================================
[2026-07-06 08:56:24] [TASK_4] [INFO] ============================================================
[2026-07-06 08:56:24] [TASK_4] [INFO] START TASK_4: Text Preprocessing (clean, tokenize, deduplicate)
[2026-07-06 08:56:24] [TASK_4] [INFO] Timestamp: 2026-07-06T08:56:24.745958
[2026-07-06 08:56:24] [TASK_4] [INFO] ============================================================
[2026-07-06 08:56:27] [TASK_4] [INFO] Input: data/news/enriched/all_news_enriched.csv (52812 rows)
[2026-07-06 08:56:27] [TASK_4] [INFO] Input: data/news/matched/all_news_matched.csv (52807 rows)
[2026-07-06 08:56:27] [TASK_4] [INFO] ------------------------------------------------------------
[2026-07-06 08:56:27] [TASK_4] [INFO] END TASK_4 — completed in 0.0 seconds
[2026-07-06 08:56:27] [TASK_4] [INFO] ============================================================
[2026-07-06 14:10:37] [TASK_4] [INFO] ============================================================
[2026-07-06 14:10:37] [TASK_4] [INFO] START TASK_4: Text Preprocessing (clean, tokenize, deduplicate)
[2026-07-06 14:10:37] [TASK_4] [INFO] Timestamp: 2026-07-06T14:10:37.479984
[2026-07-06 14:10:37] [TASK_4] [INFO] ============================================================
[2026-07-06 14:10:38] [TASK_4] [INFO] Input: data/news/enriched/all_news_enriched.csv (52812 rows)
[2026-07-06 14:10:38] [TASK_4] [INFO] Input: data/news/matched/all_news_matched.csv (52807 rows)
[2026-07-06 14:10:38] [TASK_4] [INFO] ------------------------------------------------------------
[2026-07-06 14:10:38] [TASK_4] [INFO] END TASK_4 — completed in 0.0 seconds
[2026-07-06 14:10:38] [TASK_4] [INFO] ============================================================
[2026-07-06 14:10:40] [TASK_4] [INFO] ============================================================
[2026-07-06 14:10:40] [TASK_4] [INFO] START TASK_4: Text Preprocessing (clean, tokenize, deduplicate)
[2026-07-06 14:10:40] [TASK_4] [INFO] Timestamp: 2026-07-06T14:10:40.361530
[2026-07-06 14:10:40] [TASK_4] [INFO] ============================================================
[2026-07-06 14:10:41] [TASK_4] [INFO] Input: data/news/enriched/all_news_enriched.csv (52812 rows)
[2026-07-06 14:10:41] [TASK_4] [INFO] Input: data/news/matched/all_news_matched.csv (52807 rows)
[2026-07-06 14:10:41] [TASK_4] [INFO] ------------------------------------------------------------
[2026-07-06 14:10:41] [TASK_4] [INFO] END TASK_4 — completed in 0.0 seconds
[2026-07-06 14:10:41] [TASK_4] [INFO] ============================================================
[2026-07-06 15:29:01] [TASK_4] [INFO] ============================================================
[2026-07-06 15:29:01] [TASK_4] [INFO] START TASK_4: Text Preprocessing (clean, tokenize, deduplicate)
[2026-07-06 15:29:01] [TASK_4] [INFO] Timestamp: 2026-07-06T15:29:01.350615
[2026-07-06 15:29:01] [TASK_4] [INFO] ============================================================
[2026-07-06 15:29:04] [TASK_4] [INFO] Input: data/news/enriched/all_news_enriched.csv (52812 rows)
[2026-07-06 15:29:04] [TASK_4] [INFO] Input: data/news/matched/all_news_matched.csv (52807 rows)
[2026-07-06 15:29:04] [TASK_4] [INFO] ------------------------------------------------------------
[2026-07-06 15:29:04] [TASK_4] [INFO] END TASK_4 — completed in 0.0 seconds
[2026-07-06 15:29:04] [TASK_4] [INFO] ============================================================
[2026-07-06 15:29:04] [TASK_4] [INFO] ============================================================
[2026-07-06 15:29:04] [TASK_4] [INFO] START TASK_4: Text Preprocessing (clean, tokenize, deduplicate)
[2026-07-06 15:29:04] [TASK_4] [INFO] Timestamp: 2026-07-06T15:29:04.863850
[2026-07-06 15:29:04] [TASK_4] [INFO] ============================================================
[2026-07-06 15:29:07] [TASK_4] [INFO] Input: data/news/enriched/all_news_enriched.csv (52812 rows)
[2026-07-06 15:29:07] [TASK_4] [INFO] Input: data/news/matched/all_news_matched.csv (52807 rows)
[2026-07-06 15:29:07] [TASK_4] [INFO] ------------------------------------------------------------
[2026-07-06 15:29:07] [TASK_4] [INFO] END TASK_4 — completed in 0.0 seconds
[2026-07-06 15:29:07] [TASK_4] [INFO] ============================================================
[2026-07-06 20:55:42] [TASK_4] [INFO] ============================================================
[2026-07-06 20:55:42] [TASK_4] [INFO] START TASK_4: Text Preprocessing (clean, tokenize, deduplicate)
[2026-07-06 20:55:42] [TASK_4] [INFO] Timestamp: 2026-07-06T20:55:42.194696
[2026-07-06 20:55:42] [TASK_4] [INFO] ============================================================
[2026-07-06 20:55:45] [TASK_4] [INFO] Input: data/news/enriched/all_news_enriched.csv (52812 rows)
[2026-07-06 20:55:45] [TASK_4] [INFO] Input: data/news/matched/all_news_matched.csv (52807 rows)
[2026-07-06 20:55:45] [TASK_4] [INFO] ------------------------------------------------------------
[2026-07-06 20:55:45] [TASK_4] [INFO] END TASK_4 — completed in 0.0 seconds
[2026-07-06 20:55:45] [TASK_4] [INFO] ============================================================
[2026-07-06 20:55:46] [TASK_4] [INFO] ============================================================
[2026-07-06 20:55:46] [TASK_4] [INFO] START TASK_4: Text Preprocessing (clean, tokenize, deduplicate)
[2026-07-06 20:55:46] [TASK_4] [INFO] Timestamp: 2026-07-06T20:55:46.420326
[2026-07-06 20:55:46] [TASK_4] [INFO] ============================================================
[2026-07-06 20:55:49] [TASK_4] [INFO] Input: data/news/enriched/all_news_enriched.csv (52812 rows)
[2026-07-06 20:55:49] [TASK_4] [INFO] Input: data/news/matched/all_news_matched.csv (52807 rows)
[2026-07-06 20:55:49] [TASK_4] [INFO] ------------------------------------------------------------
[2026-07-06 20:55:49] [TASK_4] [INFO] END TASK_4 — completed in 0.0 seconds
[2026-07-06 20:55:49] [TASK_4] [INFO] ============================================================
[2026-07-06 20:56:19] [TASK_4] [INFO] ============================================================
[2026-07-06 20:56:19] [TASK_4] [INFO] START TASK_4: Text Preprocessing (clean, tokenize, deduplicate)
[2026-07-06 20:56:19] [TASK_4] [INFO] Timestamp: 2026-07-06T20:56:19.844620
[2026-07-06 20:56:19] [TASK_4] [INFO] ============================================================
[2026-07-06 20:56:22] [TASK_4] [INFO] Input: data/news/enriched/all_news_enriched.csv (52812 rows)
[2026-07-06 20:56:22] [TASK_4] [INFO] Input: data/news/matched/all_news_matched.csv (52807 rows)
[2026-07-06 20:56:22] [TASK_4] [INFO] ------------------------------------------------------------
[2026-07-06 20:56:22] [TASK_4] [INFO] END TASK_4 — completed in 0.0 seconds
[2026-07-06 20:56:22] [TASK_4] [INFO] ============================================================
[2026-07-06 20:56:23] [TASK_4] [INFO] ============================================================
[2026-07-06 20:56:23] [TASK_4] [INFO] START TASK_4: Text Preprocessing (clean, tokenize, deduplicate)
[2026-07-06 20:56:23] [TASK_4] [INFO] Timestamp: 2026-07-06T20:56:23.528244
[2026-07-06 20:56:23] [TASK_4] [INFO] ============================================================
[2026-07-06 20:56:26] [TASK_4] [INFO] Input: data/news/enriched/all_news_enriched.csv (52812 rows)
[2026-07-06 20:56:26] [TASK_4] [INFO] Input: data/news/matched/all_news_matched.csv (52807 rows)
[2026-07-06 20:56:26] [TASK_4] [INFO] ------------------------------------------------------------
[2026-07-06 20:56:26] [TASK_4] [INFO] END TASK_4 — completed in 0.0 seconds
[2026-07-06 20:56:26] [TASK_4] [INFO] ============================================================
[2026-07-06 20:56:59] [TASK_4] [INFO] ============================================================
[2026-07-06 20:56:59] [TASK_4] [INFO] START TASK_4: Text Preprocessing (clean, tokenize, deduplicate)
[2026-07-06 20:56:59] [TASK_4] [INFO] Timestamp: 2026-07-06T20:56:59.283276
[2026-07-06 20:56:59] [TASK_4] [INFO] ============================================================
[2026-07-06 20:57:03] [TASK_4] [INFO] Input: data/news/enriched/all_news_enriched.csv (52812 rows)
[2026-07-06 20:57:03] [TASK_4] [INFO] Input: data/news/matched/all_news_matched.csv (52807 rows)
[2026-07-06 20:57:04] [TASK_4] [INFO] Starting Text Preprocessing (TASK 4)...
[2026-07-06 20:57:08] [TASK_4] [INFO] Loaded 52790 articles from data/news/enriched/all_news_enriched.csv.
[2026-07-06 20:57:08] [TASK_4] [INFO] Loaded 23 stopwords from config/stopwords_finance.txt.
[2026-07-06 20:57:08] [TASK_4] [INFO] URL deduplication: 52790 → 45968 (removed 6822 duplicates).
[2026-07-06 20:57:41] [TASK_4] [INFO] Fuzzy title deduplication: 45968 → 35158 (removed 10810 near-duplicates, threshold=90%).
[2026-07-06 20:57:41] [TASK_4] [INFO] Cleaning text...
[2026-07-06 20:58:12] [TASK_4] [INFO] Tokenizing 35158 articles...
[2026-07-06 20:58:12] [TASK_4] [INFO] Using multiprocessing for 35158 articles (threshold=10000).
[2026-07-06 21:14:14] [TASK_4] [INFO] Removing stopwords...
[2026-07-06 21:14:43] [TASK_4] [INFO] Saved 35158 processed articles to data/news/processed/all_news_processed.csv.
[2026-07-06 21:14:43] [TASK_4] [INFO] ============================================================
[2026-07-06 21:14:43] [TASK_4] [INFO] TEXT PREPROCESSING REPORT
[2026-07-06 21:14:43] [TASK_4] [INFO] ============================================================
[2026-07-06 21:14:43] [TASK_4] [INFO] Articles before deduplication : 52790
[2026-07-06 21:14:43] [TASK_4] [INFO] Articles after deduplication  : 35158
[2026-07-06 21:14:43] [TASK_4] [INFO] Articles in final output      : 35158
[2026-07-06 21:14:46] [TASK_4] [INFO] Average token count per article: 714.8
[2026-07-06 21:14:52] [TASK_4] [INFO] 
Top 50 most frequent tokens:
[2026-07-06 21:14:52] [TASK_4] [INFO]   ,                              1065807
[2026-07-06 21:14:52] [TASK_4] [INFO]   và                             608432
[2026-07-06 21:14:52] [TASK_4] [INFO]   .                              567606
[2026-07-06 21:14:52] [TASK_4] [INFO]   trong                          251628
[2026-07-06 21:14:52] [TASK_4] [INFO]   của                            221787
[2026-07-06 21:14:52] [TASK_4] [INFO]   năm                            209029
[2026-07-06 21:14:52] [TASK_4] [INFO]   cổ_phiếu                       201659
[2026-07-06 21:14:52] [TASK_4] [INFO]   với                            186029
[2026-07-06 21:14:52] [TASK_4] [INFO]   %                              182602
[2026-07-06 21:14:52] [TASK_4] [INFO]   tỷ                             179777
[2026-07-06 21:14:52] [TASK_4] [INFO]   giao_dịch                      172525
[2026-07-06 21:14:52] [TASK_4] [INFO]   tài_chính                      172089
[2026-07-06 21:14:52] [TASK_4] [INFO]   đồng                           170644
[2026-07-06 21:14:52] [TASK_4] [INFO]   các                            164487
[2026-07-06 21:14:52] [TASK_4] [INFO]   thị_trường                     149540
[2026-07-06 21:14:52] [TASK_4] [INFO]   đầu_tư                         147342
[2026-07-06 21:14:52] [TASK_4] [INFO]   tăng                           135108
[2026-07-06 21:14:52] [TASK_4] [INFO]   ngày                           134097
[2026-07-06 21:14:52] [TASK_4] [INFO]   ngân_hàng                      132225
[2026-07-06 21:14:52] [TASK_4] [INFO]   được                           124144
[2026-07-06 21:14:52] [TASK_4] [INFO]   dịch_vụ                        121186
[2026-07-06 21:14:52] [TASK_4] [INFO]   về                             119989
[2026-07-06 21:14:52] [TASK_4] [INFO]   từ                             119275
[2026-07-06 21:14:52] [TASK_4] [INFO]   cho                            111998
[2026-07-06 21:14:52] [TASK_4] [INFO]   đã                             104420
[2026-07-06 21:14:52] [TASK_4] [INFO]   là                             103060
[2026-07-06 21:14:52] [TASK_4] [INFO]   phân_tích                      102271
[2026-07-06 21:14:52] [TASK_4] [INFO]   ngành                          94455
[2026-07-06 21:14:52] [TASK_4] [INFO]   có                             90664
[2026-07-06 21:14:52] [TASK_4] [INFO]   việc                           90222
[2026-07-06 21:14:52] [TASK_4] [INFO]   báo_cáo                        90179
[2026-07-06 21:14:52] [TASK_4] [INFO]   sau                            90088
[2026-07-06 21:14:52] [TASK_4] [INFO]   hơn                            88946
[2026-07-06 21:14:52] [TASK_4] [INFO]   tại                            86254
[2026-07-06 21:14:52] [TASK_4] [INFO]   2026                           85721
[2026-07-06 21:14:52] [TASK_4] [INFO]   trái_phiếu                     85487
[2026-07-06 21:14:52] [TASK_4] [INFO]   vốn                            82588
[2026-07-06 21:14:52] [TASK_4] [INFO]   hàng                           80137
[2026-07-06 21:14:52] [TASK_4] [INFO]   cổ_phần                        79622
[2026-07-06 21:14:52] [TASK_4] [INFO]   thương_mại                     76920
[2026-07-06 21:14:52] [TASK_4] [INFO]   chăm_sóc                       76453
[2026-07-06 21:14:52] [TASK_4] [INFO]   kinh_tế                        76208
[2026-07-06 21:14:52] [TASK_4] [INFO]   khi                            74815
[2026-07-06 21:14:52] [TASK_4] [INFO]   cổ_đông                        73971
[2026-07-06 21:14:52] [TASK_4] [INFO]   chứng_khoán                    73238
[2026-07-06 21:14:52] [TASK_4] [INFO]   niêm_yết                       72859
[2026-07-06 21:14:52] [TASK_4] [INFO]   đến                            71291
[2026-07-06 21:14:52] [TASK_4] [INFO]   số                             69736
[2026-07-06 21:14:52] [TASK_4] [INFO]   hóa                            69377
[2026-07-06 21:14:52] [TASK_4] [INFO]   việt_nam                       66807
[2026-07-06 21:14:52] [TASK_4] [INFO] ============================================================
[2026-07-06 21:14:52] [TASK_4] [INFO] ------------------------------------------------------------
[2026-07-06 21:14:52] [TASK_4] [INFO] END TASK_4 — completed in 1069.1 seconds
[2026-07-06 21:14:57] [TASK_4] [INFO] Output: data/news/processed/all_news_processed.csv (35175 rows)
[2026-07-06 21:14:57] [TASK_4] [INFO] ============================================================
[2026-07-06 23:10:44] [TASK_4] [INFO] ============================================================
[2026-07-06 23:10:44] [TASK_4] [INFO] START TASK_4: Text Preprocessing (clean, tokenize, deduplicate)
[2026-07-06 23:10:44] [TASK_4] [INFO] Timestamp: 2026-07-06T23:10:44.793091
[2026-07-06 23:10:44] [TASK_4] [INFO] ============================================================
[2026-07-06 23:10:48] [TASK_4] [INFO] Input: data/news/enriched/all_news_enriched.csv (52812 rows)
[2026-07-06 23:10:48] [TASK_4] [INFO] Input: data/news/matched/all_news_matched.csv (52807 rows)
[2026-07-06 23:10:48] [TASK_4] [INFO] ------------------------------------------------------------
[2026-07-06 23:10:48] [TASK_4] [INFO] END TASK_4 — completed in 0.0 seconds
[2026-07-06 23:10:48] [TASK_4] [INFO] ============================================================
[2026-07-06 23:11:03] [TASK_4] [INFO] ============================================================
[2026-07-06 23:11:03] [TASK_4] [INFO] START TASK_4: Text Preprocessing (clean, tokenize, deduplicate)
[2026-07-06 23:11:03] [TASK_4] [INFO] Timestamp: 2026-07-06T23:11:03.895807
[2026-07-06 23:11:03] [TASK_4] [INFO] ============================================================
[2026-07-06 23:11:07] [TASK_4] [INFO] Input: data/news/enriched/all_news_enriched.csv (52812 rows)
[2026-07-06 23:11:07] [TASK_4] [INFO] Input: data/news/matched/all_news_matched.csv (52807 rows)
[2026-07-06 23:11:07] [TASK_4] [INFO] ------------------------------------------------------------
[2026-07-06 23:11:07] [TASK_4] [INFO] END TASK_4 — completed in 0.0 seconds
[2026-07-06 23:11:07] [TASK_4] [INFO] ============================================================
[2026-07-06 23:12:03] [TASK_4] [INFO] ============================================================
[2026-07-06 23:12:03] [TASK_4] [INFO] START TASK_4: Text Preprocessing (clean, tokenize, deduplicate)
[2026-07-06 23:12:03] [TASK_4] [INFO] Timestamp: 2026-07-06T23:12:03.512685
[2026-07-06 23:12:03] [TASK_4] [INFO] ============================================================
[2026-07-06 23:12:06] [TASK_4] [INFO] Input: data/news/enriched/all_news_enriched.csv (52812 rows)
[2026-07-06 23:12:06] [TASK_4] [INFO] Input: data/news/matched/all_news_matched.csv (52807 rows)
[2026-07-06 23:12:06] [TASK_4] [INFO] ------------------------------------------------------------
[2026-07-06 23:12:06] [TASK_4] [INFO] END TASK_4 — completed in 0.0 seconds
[2026-07-06 23:12:06] [TASK_4] [INFO] ============================================================
[2026-07-06 23:12:21] [TASK_4] [INFO] ============================================================
[2026-07-06 23:12:21] [TASK_4] [INFO] START TASK_4: Text Preprocessing (clean, tokenize, deduplicate)
[2026-07-06 23:12:21] [TASK_4] [INFO] Timestamp: 2026-07-06T23:12:21.895211
[2026-07-06 23:12:21] [TASK_4] [INFO] ============================================================
[2026-07-06 23:12:25] [TASK_4] [INFO] Input: data/news/enriched/all_news_enriched.csv (52812 rows)
[2026-07-06 23:12:25] [TASK_4] [INFO] Input: data/news/matched/all_news_matched.csv (52807 rows)
[2026-07-06 23:12:25] [TASK_4] [INFO] ------------------------------------------------------------
[2026-07-06 23:12:25] [TASK_4] [INFO] END TASK_4 — completed in 0.0 seconds
[2026-07-06 23:12:25] [TASK_4] [INFO] ============================================================
