[2026-06-30 10:01:06] [TASK_10] [INFO] ============================================================
[2026-06-30 10:01:06] [TASK_10] [INFO] START TASK_10: Model Training (3 configs × 4 algorithms)
[2026-06-30 10:01:06] [TASK_10] [INFO] Timestamp: 2026-06-30T10:01:06.205212
[2026-06-30 10:01:06] [TASK_10] [INFO] ============================================================
[2026-06-30 10:01:06] [TASK_10] [INFO] Input: data/features/technical_features.csv (570 rows)
[2026-06-30 10:01:06] [TASK_10] [INFO] Input: data/features/keyword_features.csv (560 rows)
[2026-06-30 10:01:06] [TASK_10] [INFO] Input: data/aggregated/master_with_labels.csv (540 rows)
[2026-06-30 10:01:12] [TASK_10] [INFO] Merged dataset: 510 rows, 343 columns
[2026-06-30 10:01:12] [TASK_10] [INFO] Feature columns — technical: 16, keyword: 324
[2026-06-30 10:01:12] [TASK_10] [INFO] Time-series split — train: 360 rows (12 quarters), test: 150 rows (5 quarters)
[2026-06-30 10:01:12] [TASK_10] [INFO] === Config_A (16 features) ===
[2026-06-30 10:01:12] [TASK_10] [INFO]   Train: 360 samples, Test: 150 samples, Features: 16
[2026-06-30 10:01:12] [TASK_10] [INFO] Confusion matrix for Majority_Class - Config_A:
[[71  0]
 [79  0]]
[2026-06-30 10:01:12] [TASK_10] [INFO] Confusion matrix for Naive_Momentum - Config_A:
[[42 29]
 [43 36]]
[2026-06-30 10:01:13] [TASK_10] [INFO]   Training Logistic_Regression …
[2026-06-30 10:01:13] [TASK_10] [INFO] Confusion matrix for Logistic_Regression - Config_A:
[[58 13]
 [29 50]]
[2026-06-30 10:01:13] [TASK_10] [INFO]   Training Random_Forest …
[2026-06-30 10:01:13] [TASK_10] [INFO] Confusion matrix for Random_Forest - Config_A:
[[59 12]
 [24 55]]
[2026-06-30 10:01:13] [TASK_10] [INFO]   Training XGBoost …
[2026-06-30 10:01:14] [TASK_10] [INFO] Confusion matrix for XGBoost - Config_A:
[[58 13]
 [29 50]]
[2026-06-30 10:01:14] [TASK_10] [INFO]   Training LightGBM …
[2026-06-30 10:01:15] [TASK_10] [INFO] Confusion matrix for LightGBM - Config_A:
[[56 15]
 [27 52]]
[2026-06-30 10:01:15] [TASK_10] [INFO] === Config_B (324 features) ===
[2026-06-30 10:01:15] [TASK_10] [INFO]   Train: 360 samples, Test: 150 samples, Features: 324
[2026-06-30 10:01:15] [TASK_10] [INFO] Confusion matrix for Majority_Class - Config_B:
[[71  0]
 [79  0]]
[2026-06-30 10:01:16] [TASK_10] [INFO] Confusion matrix for Naive_Momentum - Config_B:
[[42 29]
 [43 36]]
[2026-06-30 10:01:16] [TASK_10] [INFO]   Training Logistic_Regression …
[2026-06-30 10:01:16] [TASK_10] [INFO] Confusion matrix for Logistic_Regression - Config_B:
[[32 39]
 [36 43]]
[2026-06-30 10:01:16] [TASK_10] [INFO]   Training Random_Forest …
[2026-06-30 10:01:16] [TASK_10] [INFO] Confusion matrix for Random_Forest - Config_B:
[[34 37]
 [21 58]]
[2026-06-30 10:01:16] [TASK_10] [INFO]   Training XGBoost …
[2026-06-30 10:01:17] [TASK_10] [INFO] Confusion matrix for XGBoost - Config_B:
[[37 34]
 [37 42]]
[2026-06-30 10:01:17] [TASK_10] [INFO]   Training LightGBM …
[2026-06-30 10:01:17] [TASK_10] [INFO] Confusion matrix for LightGBM - Config_B:
[[33 38]
 [32 47]]
[2026-06-30 10:01:17] [TASK_10] [INFO] === Config_C (340 features) ===
[2026-06-30 10:01:17] [TASK_10] [INFO]   Train: 360 samples, Test: 150 samples, Features: 340
[2026-06-30 10:01:17] [TASK_10] [INFO] Confusion matrix for Majority_Class - Config_C:
[[71  0]
 [79  0]]
[2026-06-30 10:01:18] [TASK_10] [INFO] Confusion matrix for Naive_Momentum - Config_C:
[[42 29]
 [43 36]]
[2026-06-30 10:01:18] [TASK_10] [INFO]   Training Logistic_Regression …
[2026-06-30 10:01:18] [TASK_10] [INFO] Confusion matrix for Logistic_Regression - Config_C:
[[54 17]
 [28 51]]
[2026-06-30 10:01:18] [TASK_10] [INFO]   Training Random_Forest …
[2026-06-30 10:01:18] [TASK_10] [INFO] Confusion matrix for Random_Forest - Config_C:
[[52 19]
 [18 61]]
[2026-06-30 10:01:18] [TASK_10] [INFO]   Training XGBoost …
[2026-06-30 10:01:19] [TASK_10] [INFO] Confusion matrix for XGBoost - Config_C:
[[53 18]
 [25 54]]
[2026-06-30 10:01:19] [TASK_10] [INFO]   Training LightGBM …
[2026-06-30 10:01:19] [TASK_10] [INFO] Confusion matrix for LightGBM - Config_C:
[[52 19]
 [25 54]]
[2026-06-30 10:01:19] [TASK_10] [INFO] Saved model comparison to reports/model_comparison.csv (18 rows)
[2026-06-30 10:01:19] [TASK_10] [INFO] Best model: Random_Forest (Config_A) — Balanced Accuracy = 0.7636
[2026-06-30 10:01:19] [TASK_10] [INFO] Majority_Class: Config_C does not improve over Config_A by 0.0000 (BA: 0.5000 → 0.5000)
[2026-06-30 10:01:19] [TASK_10] [INFO] Note: Config_C does not improve over Config_A for Majority_Class. This is still a valid research finding.
[2026-06-30 10:01:19] [TASK_10] [INFO] Naive_Momentum: Config_C does not improve over Config_A by 0.0000 (BA: 0.5236 → 0.5236)
[2026-06-30 10:01:19] [TASK_10] [INFO] Note: Config_C does not improve over Config_A for Naive_Momentum. This is still a valid research finding.
[2026-06-30 10:01:19] [TASK_10] [INFO] Logistic_Regression: Config_C does not improve over Config_A by 0.0218 (BA: 0.7249 → 0.7031)
[2026-06-30 10:01:19] [TASK_10] [INFO] Note: Config_C does not improve over Config_A for Logistic_Regression. This is still a valid research finding.
[2026-06-30 10:01:19] [TASK_10] [INFO] Random_Forest: Config_C does not improve over Config_A by 0.0113 (BA: 0.7636 → 0.7523)
[2026-06-30 10:01:19] [TASK_10] [INFO] Note: Config_C does not improve over Config_A for Random_Forest. This is still a valid research finding.
[2026-06-30 10:01:19] [TASK_10] [INFO] XGBoost: Config_C does not improve over Config_A by 0.0099 (BA: 0.7249 → 0.7150)
[2026-06-30 10:01:19] [TASK_10] [INFO] Note: Config_C does not improve over Config_A for XGBoost. This is still a valid research finding.
[2026-06-30 10:01:19] [TASK_10] [INFO] LightGBM: Config_C does not improve over Config_A by 0.0155 (BA: 0.7235 → 0.7080)
[2026-06-30 10:01:19] [TASK_10] [INFO] Note: Config_C does not improve over Config_A for LightGBM. This is still a valid research finding.
[2026-06-30 10:01:19] [TASK_10] [INFO] Saved best model to models/best_model.pkl
[2026-06-30 10:01:19] [TASK_10] [INFO] Saved best model metadata to models/best_model.pkl.meta.json
[2026-06-30 10:01:19] [TASK_10] [INFO] ------------------------------------------------------------
[2026-06-30 10:01:19] [TASK_10] [INFO] END TASK_10 — completed in 13.7 seconds
[2026-06-30 10:01:19] [TASK_10] [INFO] Output: reports/model_comparison.csv (18 rows)
[2026-06-30 10:01:19] [TASK_10] [INFO] ============================================================
[2026-06-30 10:01:30] [TASK_10] [INFO] Merged dataset: 510 rows, 343 columns
[2026-06-30 10:01:30] [TASK_10] [INFO] Time-series split — train: 360 rows (12 quarters), test: 150 rows (5 quarters)
[2026-06-30 10:01:43] [TASK_10] [INFO] Merged dataset: 510 rows, 343 columns
[2026-06-30 10:01:43] [TASK_10] [INFO] Time-series split — train: 360 rows (12 quarters), test: 150 rows (5 quarters)
[2026-06-30 10:01:43] [TASK_10] [INFO] Merged dataset: 510 rows, 343 columns
[2026-06-30 10:01:43] [TASK_10] [INFO] Time-series split — train: 360 rows (12 quarters), test: 150 rows (5 quarters)
[2026-06-30 10:01:47] [TASK_10] [INFO] Merged dataset: 510 rows, 343 columns
[2026-06-30 13:11:33] [TASK_10] [INFO] ============================================================
[2026-06-30 13:11:33] [TASK_10] [INFO] START TASK_10: Model Training (3 configs × 4 algorithms)
[2026-06-30 13:11:33] [TASK_10] [INFO] Timestamp: 2026-06-30T13:11:33.630665
[2026-06-30 13:11:33] [TASK_10] [INFO] ============================================================
[2026-06-30 13:11:33] [TASK_10] [INFO] Input: data/features/technical_features.csv (1521 rows)
[2026-06-30 13:11:33] [TASK_10] [INFO] Input: data/features/keyword_features.csv (560 rows)
[2026-06-30 13:11:33] [TASK_10] [INFO] Input: data/aggregated/master_with_labels.csv (540 rows)
[2026-06-30 13:11:38] [TASK_10] [INFO] Merged dataset: 510 rows, 343 columns
[2026-06-30 13:11:38] [TASK_10] [INFO] Feature columns — technical: 16, keyword: 324
[2026-06-30 13:11:38] [TASK_10] [INFO] Time-series split — train: 360 rows (12 quarters), test: 150 rows (5 quarters)
[2026-06-30 13:11:38] [TASK_10] [INFO] === Config_A (16 features) ===
[2026-06-30 13:11:38] [TASK_10] [INFO]   Train: 360 samples, Test: 150 samples, Features: 16
[2026-06-30 13:11:38] [TASK_10] [INFO] Confusion matrix for Majority_Class - Config_A:
[[71  0]
 [79  0]]
[2026-06-30 13:11:38] [TASK_10] [INFO] Confusion matrix for Naive_Momentum - Config_A:
[[42 29]
 [43 36]]
[2026-06-30 13:11:39] [TASK_10] [INFO]   Training Logistic_Regression …
[2026-06-30 13:11:39] [TASK_10] [INFO] Confusion matrix for Logistic_Regression - Config_A:
[[58 13]
 [29 50]]
[2026-06-30 13:11:39] [TASK_10] [INFO]   Training Random_Forest …
[2026-06-30 13:11:39] [TASK_10] [INFO] Confusion matrix for Random_Forest - Config_A:
[[59 12]
 [24 55]]
[2026-06-30 13:11:39] [TASK_10] [INFO]   Training XGBoost …
[2026-06-30 13:11:39] [TASK_10] [INFO] Confusion matrix for XGBoost - Config_A:
[[58 13]
 [29 50]]
[2026-06-30 13:11:39] [TASK_10] [INFO]   Training LightGBM …
[2026-06-30 13:11:41] [TASK_10] [INFO] Confusion matrix for LightGBM - Config_A:
[[56 15]
 [27 52]]
[2026-06-30 13:11:41] [TASK_10] [INFO] === Config_B (324 features) ===
[2026-06-30 13:11:41] [TASK_10] [INFO]   Train: 360 samples, Test: 150 samples, Features: 324
[2026-06-30 13:11:41] [TASK_10] [INFO] Confusion matrix for Majority_Class - Config_B:
[[71  0]
 [79  0]]
[2026-06-30 13:11:41] [TASK_10] [INFO] Confusion matrix for Naive_Momentum - Config_B:
[[42 29]
 [43 36]]
[2026-06-30 13:11:41] [TASK_10] [INFO]   Training Logistic_Regression …
[2026-06-30 13:11:41] [TASK_10] [INFO] Confusion matrix for Logistic_Regression - Config_B:
[[32 39]
 [36 43]]
[2026-06-30 13:11:41] [TASK_10] [INFO]   Training Random_Forest …
[2026-06-30 13:11:42] [TASK_10] [INFO] Confusion matrix for Random_Forest - Config_B:
[[34 37]
 [21 58]]
[2026-06-30 13:11:42] [TASK_10] [INFO]   Training XGBoost …
[2026-06-30 13:11:43] [TASK_10] [INFO] Confusion matrix for XGBoost - Config_B:
[[37 34]
 [37 42]]
[2026-06-30 13:11:43] [TASK_10] [INFO]   Training LightGBM …
[2026-06-30 13:11:43] [TASK_10] [INFO] Confusion matrix for LightGBM - Config_B:
[[33 38]
 [32 47]]
[2026-06-30 13:11:43] [TASK_10] [INFO] === Config_C (340 features) ===
[2026-06-30 13:11:43] [TASK_10] [INFO]   Train: 360 samples, Test: 150 samples, Features: 340
[2026-06-30 13:11:43] [TASK_10] [INFO] Confusion matrix for Majority_Class - Config_C:
[[71  0]
 [79  0]]
[2026-06-30 13:11:43] [TASK_10] [INFO] Confusion matrix for Naive_Momentum - Config_C:
[[42 29]
 [43 36]]
[2026-06-30 13:11:43] [TASK_10] [INFO]   Training Logistic_Regression …
[2026-06-30 13:11:43] [TASK_10] [INFO] Confusion matrix for Logistic_Regression - Config_C:
[[54 17]
 [28 51]]
[2026-06-30 13:11:43] [TASK_10] [INFO]   Training Random_Forest …
[2026-06-30 13:11:43] [TASK_10] [INFO] Confusion matrix for Random_Forest - Config_C:
[[52 19]
 [18 61]]
[2026-06-30 13:11:43] [TASK_10] [INFO]   Training XGBoost …
[2026-06-30 13:11:44] [TASK_10] [INFO] Confusion matrix for XGBoost - Config_C:
[[53 18]
 [25 54]]
[2026-06-30 13:11:44] [TASK_10] [INFO]   Training LightGBM …
[2026-06-30 13:11:44] [TASK_10] [INFO] Confusion matrix for LightGBM - Config_C:
[[52 19]
 [25 54]]
[2026-06-30 13:11:44] [TASK_10] [INFO] Saved model comparison to reports/model_comparison.csv (18 rows)
[2026-06-30 13:11:44] [TASK_10] [INFO] Best model: Random_Forest (Config_A) — Balanced Accuracy = 0.7636
[2026-06-30 13:11:44] [TASK_10] [INFO] Majority_Class: Config_C does not improve over Config_A by 0.0000 (BA: 0.5000 → 0.5000)
[2026-06-30 13:11:44] [TASK_10] [INFO] Note: Config_C does not improve over Config_A for Majority_Class. This is still a valid research finding.
[2026-06-30 13:11:44] [TASK_10] [INFO] Naive_Momentum: Config_C does not improve over Config_A by 0.0000 (BA: 0.5236 → 0.5236)
[2026-06-30 13:11:44] [TASK_10] [INFO] Note: Config_C does not improve over Config_A for Naive_Momentum. This is still a valid research finding.
[2026-06-30 13:11:44] [TASK_10] [INFO] Logistic_Regression: Config_C does not improve over Config_A by 0.0218 (BA: 0.7249 → 0.7031)
[2026-06-30 13:11:44] [TASK_10] [INFO] Note: Config_C does not improve over Config_A for Logistic_Regression. This is still a valid research finding.
[2026-06-30 13:11:44] [TASK_10] [INFO] Random_Forest: Config_C does not improve over Config_A by 0.0113 (BA: 0.7636 → 0.7523)
[2026-06-30 13:11:44] [TASK_10] [INFO] Note: Config_C does not improve over Config_A for Random_Forest. This is still a valid research finding.
[2026-06-30 13:11:44] [TASK_10] [INFO] XGBoost: Config_C does not improve over Config_A by 0.0099 (BA: 0.7249 → 0.7150)
[2026-06-30 13:11:44] [TASK_10] [INFO] Note: Config_C does not improve over Config_A for XGBoost. This is still a valid research finding.
[2026-06-30 13:11:44] [TASK_10] [INFO] LightGBM: Config_C does not improve over Config_A by 0.0155 (BA: 0.7235 → 0.7080)
[2026-06-30 13:11:44] [TASK_10] [INFO] Note: Config_C does not improve over Config_A for LightGBM. This is still a valid research finding.
[2026-06-30 13:11:45] [TASK_10] [INFO] Saved best model to models/best_model.pkl
[2026-06-30 13:11:45] [TASK_10] [INFO] Saved best model metadata to models/best_model.pkl.meta.json
[2026-06-30 13:11:45] [TASK_10] [INFO] ------------------------------------------------------------
[2026-06-30 13:11:45] [TASK_10] [INFO] END TASK_10 — completed in 11.4 seconds
[2026-06-30 13:11:45] [TASK_10] [INFO] Output: reports/model_comparison.csv (18 rows)
[2026-06-30 13:11:45] [TASK_10] [INFO] ============================================================
[2026-06-30 13:11:53] [TASK_10] [INFO] Merged dataset: 510 rows, 343 columns
[2026-06-30 13:11:53] [TASK_10] [INFO] Time-series split — train: 360 rows (12 quarters), test: 150 rows (5 quarters)
[2026-06-30 13:12:04] [TASK_10] [INFO] Merged dataset: 510 rows, 343 columns
[2026-06-30 13:12:04] [TASK_10] [INFO] Time-series split — train: 360 rows (12 quarters), test: 150 rows (5 quarters)
[2026-06-30 13:12:04] [TASK_10] [INFO] Merged dataset: 510 rows, 343 columns
[2026-06-30 13:12:04] [TASK_10] [INFO] Time-series split — train: 360 rows (12 quarters), test: 150 rows (5 quarters)
[2026-06-30 13:12:08] [TASK_10] [INFO] Merged dataset: 510 rows, 343 columns
[2026-06-30 16:38:52] [TASK_10] [INFO] ============================================================
[2026-06-30 16:38:52] [TASK_10] [INFO] START TASK_10: Model Training (3 configs × 4 algorithms)
[2026-06-30 16:38:52] [TASK_10] [INFO] Timestamp: 2026-06-30T16:38:52.039807
[2026-06-30 16:38:52] [TASK_10] [INFO] ============================================================
[2026-06-30 16:38:52] [TASK_10] [INFO] Input: data/features/technical_features.csv (1521 rows)
[2026-06-30 16:38:52] [TASK_10] [INFO] Input: data/features/keyword_features.csv (1450 rows)
[2026-06-30 16:38:52] [TASK_10] [INFO] Input: data/aggregated/master_with_labels.csv (1428 rows)
[2026-06-30 16:38:53] [TASK_10] [INFO] Merged dataset: 1348 rows, 343 columns
[2026-06-30 16:38:53] [TASK_10] [INFO] Feature columns — technical: 16, keyword: 324
[2026-06-30 16:38:53] [TASK_10] [INFO] Time-series split — train: 948 rows (12 quarters), test: 400 rows (5 quarters)
[2026-06-30 16:38:53] [TASK_10] [INFO] === Config_A (16 features) ===
[2026-06-30 16:38:53] [TASK_10] [INFO]   Train: 948 samples, Test: 400 samples, Features: 16
[2026-06-30 16:38:53] [TASK_10] [INFO] Confusion matrix for Majority_Class - Config_A:
[[  0 210]
 [  0 190]]
[2026-06-30 16:38:53] [TASK_10] [INFO] Confusion matrix for Naive_Momentum - Config_A:
[[ 88 122]
 [ 85 105]]
[2026-06-30 16:38:54] [TASK_10] [INFO]   Training Logistic_Regression …
[2026-06-30 16:38:54] [TASK_10] [INFO] Confusion matrix for Logistic_Regression - Config_A:
[[155  55]
 [ 54 136]]
[2026-06-30 16:38:54] [TASK_10] [INFO]   Training Random_Forest …
[2026-06-30 16:38:54] [TASK_10] [INFO] Confusion matrix for Random_Forest - Config_A:
[[154  56]
 [ 50 140]]
[2026-06-30 16:38:54] [TASK_10] [INFO]   Training XGBoost …
[2026-06-30 16:38:54] [TASK_10] [INFO] Confusion matrix for XGBoost - Config_A:
[[156  54]
 [ 54 136]]
[2026-06-30 16:38:54] [TASK_10] [INFO]   Training LightGBM …
[2026-06-30 16:38:56] [TASK_10] [INFO] Confusion matrix for LightGBM - Config_A:
[[160  50]
 [ 46 144]]
[2026-06-30 16:38:56] [TASK_10] [INFO] === Config_B (324 features) ===
[2026-06-30 16:38:56] [TASK_10] [INFO]   Train: 948 samples, Test: 400 samples, Features: 324
[2026-06-30 16:38:56] [TASK_10] [INFO] Confusion matrix for Majority_Class - Config_B:
[[  0 210]
 [  0 190]]
[2026-06-30 16:38:56] [TASK_10] [INFO] Confusion matrix for Naive_Momentum - Config_B:
[[ 88 122]
 [ 85 105]]
[2026-06-30 16:38:56] [TASK_10] [INFO]   Training Logistic_Regression …
[2026-06-30 16:38:56] [TASK_10] [INFO] Confusion matrix for Logistic_Regression - Config_B:
[[ 99 111]
 [ 89 101]]
[2026-06-30 16:38:56] [TASK_10] [INFO]   Training Random_Forest …
[2026-06-30 16:38:57] [TASK_10] [INFO] Confusion matrix for Random_Forest - Config_B:
[[ 95 115]
 [ 77 113]]
[2026-06-30 16:38:57] [TASK_10] [INFO]   Training XGBoost …
[2026-06-30 16:38:58] [TASK_10] [INFO] Confusion matrix for XGBoost - Config_B:
[[125  85]
 [104  86]]
[2026-06-30 16:38:58] [TASK_10] [INFO]   Training LightGBM …
[2026-06-30 16:38:58] [TASK_10] [INFO] Confusion matrix for LightGBM - Config_B:
[[112  98]
 [ 93  97]]
[2026-06-30 16:38:58] [TASK_10] [INFO] === Config_C (340 features) ===
[2026-06-30 16:38:58] [TASK_10] [INFO]   Train: 948 samples, Test: 400 samples, Features: 340
[2026-06-30 16:38:58] [TASK_10] [INFO] Confusion matrix for Majority_Class - Config_C:
[[  0 210]
 [  0 190]]
[2026-06-30 16:38:58] [TASK_10] [INFO] Confusion matrix for Naive_Momentum - Config_C:
[[ 88 122]
 [ 85 105]]
[2026-06-30 16:38:58] [TASK_10] [INFO]   Training Logistic_Regression …
[2026-06-30 16:38:58] [TASK_10] [INFO] Confusion matrix for Logistic_Regression - Config_C:
[[150  60]
 [ 61 129]]
[2026-06-30 16:38:58] [TASK_10] [INFO]   Training Random_Forest …
[2026-06-30 16:38:58] [TASK_10] [INFO] Confusion matrix for Random_Forest - Config_C:
[[134  76]
 [ 39 151]]
[2026-06-30 16:38:58] [TASK_10] [INFO]   Training XGBoost …
[2026-06-30 16:38:59] [TASK_10] [INFO] Confusion matrix for XGBoost - Config_C:
[[148  62]
 [ 48 142]]
[2026-06-30 16:38:59] [TASK_10] [INFO]   Training LightGBM …
[2026-06-30 16:39:00] [TASK_10] [INFO] Confusion matrix for LightGBM - Config_C:
[[147  63]
 [ 43 147]]
[2026-06-30 16:39:00] [TASK_10] [INFO] Saved model comparison to reports/model_comparison.csv (18 rows)
[2026-06-30 16:39:00] [TASK_10] [INFO] Best model: LightGBM (Config_A) — Balanced Accuracy = 0.7599
[2026-06-30 16:39:00] [TASK_10] [INFO] Majority_Class: Config_C does not improve over Config_A by 0.0000 (BA: 0.5000 → 0.5000)
[2026-06-30 16:39:00] [TASK_10] [INFO] Note: Config_C does not improve over Config_A for Majority_Class. This is still a valid research finding.
[2026-06-30 16:39:00] [TASK_10] [INFO] Naive_Momentum: Config_C does not improve over Config_A by 0.0000 (BA: 0.4858 → 0.4858)
[2026-06-30 16:39:00] [TASK_10] [INFO] Note: Config_C does not improve over Config_A for Naive_Momentum. This is still a valid research finding.
[2026-06-30 16:39:00] [TASK_10] [INFO] Logistic_Regression: Config_C does not improve over Config_A by 0.0303 (BA: 0.7269 → 0.6966)
[2026-06-30 16:39:00] [TASK_10] [INFO] Note: Config_C does not improve over Config_A for Logistic_Regression. This is still a valid research finding.
[2026-06-30 16:39:00] [TASK_10] [INFO] Random_Forest: Config_C does not improve over Config_A by 0.0187 (BA: 0.7351 → 0.7164)
[2026-06-30 16:39:00] [TASK_10] [INFO] Note: Config_C does not improve over Config_A for Random_Forest. This is still a valid research finding.
[2026-06-30 16:39:00] [TASK_10] [INFO] XGBoost: Config_C does not improve over Config_A by 0.0033 (BA: 0.7293 → 0.7261)
[2026-06-30 16:39:00] [TASK_10] [INFO] Note: Config_C does not improve over Config_A for XGBoost. This is still a valid research finding.
[2026-06-30 16:39:00] [TASK_10] [INFO] LightGBM: Config_C does not improve over Config_A by 0.0231 (BA: 0.7599 → 0.7368)
[2026-06-30 16:39:00] [TASK_10] [INFO] Note: Config_C does not improve over Config_A for LightGBM. This is still a valid research finding.
[2026-06-30 16:39:00] [TASK_10] [INFO] Saved best model to models/best_model.pkl
[2026-06-30 16:39:00] [TASK_10] [INFO] Saved best model metadata to models/best_model.pkl.meta.json
[2026-06-30 16:39:00] [TASK_10] [INFO] ------------------------------------------------------------
[2026-06-30 16:39:00] [TASK_10] [INFO] END TASK_10 — completed in 8.1 seconds
[2026-06-30 16:39:00] [TASK_10] [INFO] Output: reports/model_comparison.csv (18 rows)
[2026-06-30 16:39:00] [TASK_10] [INFO] ============================================================
[2026-06-30 16:39:01] [TASK_10] [INFO] Merged dataset: 1348 rows, 343 columns
[2026-06-30 16:39:01] [TASK_10] [INFO] Time-series split — train: 948 rows (12 quarters), test: 400 rows (5 quarters)
[2026-06-30 16:39:11] [TASK_10] [INFO] Merged dataset: 1348 rows, 343 columns
[2026-06-30 16:39:11] [TASK_10] [INFO] Time-series split — train: 948 rows (12 quarters), test: 400 rows (5 quarters)
[2026-06-30 16:39:11] [TASK_10] [INFO] Merged dataset: 1348 rows, 343 columns
[2026-06-30 16:39:11] [TASK_10] [INFO] Time-series split — train: 948 rows (12 quarters), test: 400 rows (5 quarters)
[2026-06-30 16:39:14] [TASK_10] [INFO] Merged dataset: 1348 rows, 343 columns
[2026-06-30 18:21:15] [TASK_10] [INFO] Merged dataset: 1348 rows, 343 columns
[2026-06-30 18:23:02] [TASK_10] [INFO] Merged dataset: 1348 rows, 343 columns
