[2026-07-06 08:47:52] [TASK_11] [INFO] ============================================================
[2026-07-06 08:47:52] [TASK_11] [INFO] START TASK_11: SHAP Analysis (feature importance)
[2026-07-06 08:47:52] [TASK_11] [INFO] Timestamp: 2026-07-06T08:47:52.350229
[2026-07-06 08:47:52] [TASK_11] [INFO] ============================================================
[2026-07-06 08:47:52] [TASK_11] [INFO] ------------------------------------------------------------
[2026-07-06 08:47:52] [TASK_11] [INFO] END TASK_11 — completed in 0.0 seconds
[2026-07-06 08:47:52] [TASK_11] [INFO] ============================================================
[2026-07-06 08:47:56] [TASK_11] [INFO] ============================================================
[2026-07-06 08:47:56] [TASK_11] [INFO] START TASK_11: SHAP Analysis (feature importance)
[2026-07-06 08:47:56] [TASK_11] [INFO] Timestamp: 2026-07-06T08:47:56.148508
[2026-07-06 08:47:56] [TASK_11] [INFO] ============================================================
[2026-07-06 08:47:56] [TASK_11] [INFO] ------------------------------------------------------------
[2026-07-06 08:47:56] [TASK_11] [INFO] END TASK_11 — completed in 0.0 seconds
[2026-07-06 08:47:56] [TASK_11] [INFO] ============================================================
[2026-07-06 08:56:24] [TASK_11] [INFO] ============================================================
[2026-07-06 08:56:24] [TASK_11] [INFO] START TASK_11: SHAP Analysis (feature importance)
[2026-07-06 08:56:24] [TASK_11] [INFO] Timestamp: 2026-07-06T08:56:24.594194
[2026-07-06 08:56:24] [TASK_11] [INFO] ============================================================
[2026-07-06 08:56:24] [TASK_11] [INFO] ------------------------------------------------------------
[2026-07-06 08:56:24] [TASK_11] [INFO] END TASK_11 — completed in 0.0 seconds
[2026-07-06 08:56:24] [TASK_11] [INFO] ============================================================
[2026-07-06 08:56:28] [TASK_11] [INFO] ============================================================
[2026-07-06 08:56:28] [TASK_11] [INFO] START TASK_11: SHAP Analysis (feature importance)
[2026-07-06 08:56:28] [TASK_11] [INFO] Timestamp: 2026-07-06T08:56:28.434533
[2026-07-06 08:56:28] [TASK_11] [INFO] ============================================================
[2026-07-06 08:56:28] [TASK_11] [INFO] ------------------------------------------------------------
[2026-07-06 08:56:28] [TASK_11] [INFO] END TASK_11 — completed in 0.0 seconds
[2026-07-06 08:56:28] [TASK_11] [INFO] ============================================================
[2026-07-06 14:10:40] [TASK_11] [INFO] ============================================================
[2026-07-06 14:10:40] [TASK_11] [INFO] START TASK_11: SHAP Analysis (feature importance)
[2026-07-06 14:10:40] [TASK_11] [INFO] Timestamp: 2026-07-06T14:10:40.021368
[2026-07-06 14:10:40] [TASK_11] [INFO] ============================================================
[2026-07-06 14:10:40] [TASK_11] [INFO] ------------------------------------------------------------
[2026-07-06 14:10:40] [TASK_11] [INFO] END TASK_11 — completed in 0.0 seconds
[2026-07-06 14:10:40] [TASK_11] [INFO] ============================================================
[2026-07-06 14:10:42] [TASK_11] [INFO] ============================================================
[2026-07-06 14:10:42] [TASK_11] [INFO] START TASK_11: SHAP Analysis (feature importance)
[2026-07-06 14:10:42] [TASK_11] [INFO] Timestamp: 2026-07-06T14:10:42.622463
[2026-07-06 14:10:42] [TASK_11] [INFO] ============================================================
[2026-07-06 14:10:42] [TASK_11] [INFO] ------------------------------------------------------------
[2026-07-06 14:10:42] [TASK_11] [INFO] END TASK_11 — completed in 0.0 seconds
[2026-07-06 14:10:42] [TASK_11] [INFO] ============================================================
[2026-07-06 15:29:04] [TASK_11] [INFO] ============================================================
[2026-07-06 15:29:04] [TASK_11] [INFO] START TASK_11: SHAP Analysis (feature importance)
[2026-07-06 15:29:04] [TASK_11] [INFO] Timestamp: 2026-07-06T15:29:04.725904
[2026-07-06 15:29:04] [TASK_11] [INFO] ============================================================
[2026-07-06 15:29:04] [TASK_11] [INFO] ------------------------------------------------------------
[2026-07-06 15:29:04] [TASK_11] [INFO] END TASK_11 — completed in 0.0 seconds
[2026-07-06 15:29:04] [TASK_11] [INFO] ============================================================
[2026-07-06 15:29:08] [TASK_11] [INFO] ============================================================
[2026-07-06 15:29:08] [TASK_11] [INFO] START TASK_11: SHAP Analysis (feature importance)
[2026-07-06 15:29:08] [TASK_11] [INFO] Timestamp: 2026-07-06T15:29:08.220240
[2026-07-06 15:29:08] [TASK_11] [INFO] ============================================================
[2026-07-06 15:29:08] [TASK_11] [INFO] ------------------------------------------------------------
[2026-07-06 15:29:08] [TASK_11] [INFO] END TASK_11 — completed in 0.0 seconds
[2026-07-06 15:29:08] [TASK_11] [INFO] ============================================================
[2026-07-06 20:55:46] [TASK_11] [INFO] ============================================================
[2026-07-06 20:55:46] [TASK_11] [INFO] START TASK_11: SHAP Analysis (feature importance)
[2026-07-06 20:55:46] [TASK_11] [INFO] Timestamp: 2026-07-06T20:55:46.269004
[2026-07-06 20:55:46] [TASK_11] [INFO] ============================================================
[2026-07-06 20:55:46] [TASK_11] [INFO] ------------------------------------------------------------
[2026-07-06 20:55:46] [TASK_11] [INFO] END TASK_11 — completed in 0.0 seconds
[2026-07-06 20:55:46] [TASK_11] [INFO] ============================================================
[2026-07-06 20:55:50] [TASK_11] [INFO] ============================================================
[2026-07-06 20:55:50] [TASK_11] [INFO] START TASK_11: SHAP Analysis (feature importance)
[2026-07-06 20:55:50] [TASK_11] [INFO] Timestamp: 2026-07-06T20:55:50.004929
[2026-07-06 20:55:50] [TASK_11] [INFO] ============================================================
[2026-07-06 20:55:50] [TASK_11] [INFO] ------------------------------------------------------------
[2026-07-06 20:55:50] [TASK_11] [INFO] END TASK_11 — completed in 0.0 seconds
[2026-07-06 20:55:50] [TASK_11] [INFO] ============================================================
[2026-07-06 20:56:16] [TASK_11] [INFO] Saved tree-based feature importance plot to C:\Users\User\AppData\Local\Temp\pytest-of-User\pytest-312\test_returns_sorted_series0\feat_imp.png
[2026-07-06 20:56:16] [TASK_11] [INFO] Saved tree-based feature importance plot to C:\Users\User\AppData\Local\Temp\pytest-of-User\pytest-312\test_top_n_limits_output0\feat_imp.png
[2026-07-06 20:56:19] [TASK_11] [INFO] Saved permutation importance plot to C:\Users\User\AppData\Local\Temp\pytest-of-User\pytest-312\test_returns_sorted_series1\perm_imp.png
[2026-07-06 20:56:19] [TASK_11] [INFO] All top 5 keyword directions are aligned with their labels.
[2026-07-06 20:56:19] [TASK_11] [INFO] Saved top 5 keyword analysis to C:\Users\User\AppData\Local\Temp\pytest-of-User\pytest-312\test_returns_dataframe0\top_kw.csv
[2026-07-06 20:56:19] [TASK_11] [INFO] All top 10 keyword directions are aligned with their labels.
[2026-07-06 20:56:19] [TASK_11] [INFO] Saved top 10 keyword analysis to C:\Users\User\AppData\Local\Temp\pytest-of-User\pytest-312\test_only_keyword_features_inc0\top_kw.csv
[2026-07-06 20:56:19] [TASK_11] [INFO] All top 10 keyword directions are aligned with their labels.
[2026-07-06 20:56:19] [TASK_11] [INFO] Saved top 10 keyword analysis to C:\Users\User\AppData\Local\Temp\pytest-of-User\pytest-312\test_direction_labels_present0\top_kw.csv
[2026-07-06 20:56:19] [TASK_11] [INFO] ============================================================
[2026-07-06 20:56:19] [TASK_11] [INFO] GROUP CONTRIBUTION ANALYSIS (H1 Evidence)
[2026-07-06 20:56:19] [TASK_11] [INFO] ============================================================
[2026-07-06 20:56:19] [TASK_11] [INFO] Technical features: mean|SHAP| = 0.275000  (75.3%)
[2026-07-06 20:56:19] [TASK_11] [INFO] Keyword features:   mean|SHAP| = 0.090000  (24.7%)
[2026-07-06 20:56:19] [TASK_11] [INFO] ============================================================
[2026-07-06 20:56:19] [TASK_11] [INFO] Keyword features contribute 24.7% of total SHAP importance, providing empirical evidence for H1.
[2026-07-06 20:56:19] [TASK_11] [INFO] ============================================================
[2026-07-06 20:56:19] [TASK_11] [INFO] GROUP CONTRIBUTION ANALYSIS (H1 Evidence)
[2026-07-06 20:56:19] [TASK_11] [INFO] ============================================================
[2026-07-06 20:56:19] [TASK_11] [INFO] Technical features: mean|SHAP| = 0.275000  (100.0%)
[2026-07-06 20:56:19] [TASK_11] [INFO] Keyword features:   mean|SHAP| = 0.000000  (0.0%)
[2026-07-06 20:56:19] [TASK_11] [INFO] ============================================================
[2026-07-06 20:56:19] [TASK_11] [INFO] Keyword features contribute 0%% of total SHAP importance. This suggests keywords may not add predictive value (H1 not supported).
[2026-07-06 20:56:19] [TASK_11] [INFO] ============================================================
[2026-07-06 20:56:19] [TASK_11] [INFO] GROUP CONTRIBUTION ANALYSIS (H1 Evidence)
[2026-07-06 20:56:19] [TASK_11] [INFO] ============================================================
[2026-07-06 20:56:19] [TASK_11] [INFO] Technical features: mean|SHAP| = 0.000000  (0.0%)
[2026-07-06 20:56:19] [TASK_11] [INFO] Keyword features:   mean|SHAP| = 0.275000  (100.0%)
[2026-07-06 20:56:19] [TASK_11] [INFO] ============================================================
[2026-07-06 20:56:19] [TASK_11] [INFO] Keyword features contribute 100.0% of total SHAP importance, providing empirical evidence for H1.
[2026-07-06 20:56:23] [TASK_11] [INFO] ============================================================
[2026-07-06 20:56:23] [TASK_11] [INFO] START TASK_11: SHAP Analysis (feature importance)
[2026-07-06 20:56:23] [TASK_11] [INFO] Timestamp: 2026-07-06T20:56:23.382661
[2026-07-06 20:56:23] [TASK_11] [INFO] ============================================================
[2026-07-06 20:56:23] [TASK_11] [INFO] ------------------------------------------------------------
[2026-07-06 20:56:23] [TASK_11] [INFO] END TASK_11 — completed in 0.0 seconds
[2026-07-06 20:56:23] [TASK_11] [INFO] ============================================================
[2026-07-06 20:56:27] [TASK_11] [INFO] ============================================================
[2026-07-06 20:56:27] [TASK_11] [INFO] START TASK_11: SHAP Analysis (feature importance)
[2026-07-06 20:56:27] [TASK_11] [INFO] Timestamp: 2026-07-06T20:56:27.046030
[2026-07-06 20:56:27] [TASK_11] [INFO] ============================================================
[2026-07-06 20:56:27] [TASK_11] [INFO] ------------------------------------------------------------
[2026-07-06 20:56:27] [TASK_11] [INFO] END TASK_11 — completed in 0.0 seconds
[2026-07-06 20:56:27] [TASK_11] [INFO] ============================================================
[2026-07-06 21:28:00] [TASK_11] [INFO] ============================================================
[2026-07-06 21:28:00] [TASK_11] [INFO] START TASK_11: SHAP Analysis (feature importance)
[2026-07-06 21:28:00] [TASK_11] [INFO] Timestamp: 2026-07-06T21:28:00.618009
[2026-07-06 21:28:00] [TASK_11] [INFO] ============================================================
[2026-07-06 21:28:01] [TASK_11] [INFO] Starting SHAP Analysis (TASK 11)...
[2026-07-06 21:28:01] [TASK_11] [INFO] Loaded best model from models/best_model.pkl
[2026-07-06 21:28:04] [TASK_11] [INFO] SHAP analysis using Config_A (16 features) per best-model metadata.
[2026-07-06 21:28:04] [TASK_11] [INFO] Config_C data — train: 948 samples, test: 400 samples, features: 16
[2026-07-06 21:28:04] [TASK_11] [INFO] --- 17.1: Tree-based feature importance ---
[2026-07-06 21:28:05] [TASK_11] [INFO] Saved tree-based feature importance plot to reports\feature_importance.png
[2026-07-06 21:28:05] [TASK_11] [INFO] --- 17.2: Permutation importance ---
[2026-07-06 21:28:12] [TASK_11] [INFO] Saved permutation importance plot to reports\permutation_importance.png
[2026-07-06 21:28:12] [TASK_11] [INFO] --- 17.3: SHAP values ---
[2026-07-06 21:28:13] [TASK_11] [INFO] Computed SHAP values with LGBMClassifier: shape=(400, 16)
[2026-07-06 21:28:13] [TASK_11] [INFO] Saved SHAP beeswarm summary to reports\shap_summary.png
[2026-07-06 21:28:14] [TASK_11] [INFO] Saved SHAP bar plot to reports\shap_bar.png
[2026-07-06 21:28:14] [TASK_11] [INFO] --- 17.4: Top keyword analysis ---
[2026-07-06 21:28:14] [TASK_11] [WARNING] No keyword features found in SHAP values.
[2026-07-06 21:28:14] [TASK_11] [INFO] --- 17.5: Group contribution analysis ---
[2026-07-06 21:28:14] [TASK_11] [INFO] ============================================================
[2026-07-06 21:28:14] [TASK_11] [INFO] GROUP CONTRIBUTION ANALYSIS (H1 Evidence)
[2026-07-06 21:28:14] [TASK_11] [INFO] ============================================================
[2026-07-06 21:28:14] [TASK_11] [INFO] Technical features: mean|SHAP| = 5.863083  (100.0%)
[2026-07-06 21:28:14] [TASK_11] [INFO] Keyword features:   mean|SHAP| = 0.000000  (0.0%)
[2026-07-06 21:28:14] [TASK_11] [INFO] ============================================================
[2026-07-06 21:28:14] [TASK_11] [INFO] Keyword features contribute 0%% of total SHAP importance. This suggests keywords may not add predictive value (H1 not supported).
[2026-07-06 21:28:14] [TASK_11] [INFO] --- 17.6: SHAP case studies ---
[2026-07-06 21:28:20] [TASK_11] [INFO] No (ticker, quarter) pairs found where Config_C is correct but Config_A is wrong. Skipping case studies.
[2026-07-06 21:28:20] [TASK_11] [INFO] TASK 11 complete.
[2026-07-06 21:28:20] [TASK_11] [INFO] ------------------------------------------------------------
[2026-07-06 21:28:20] [TASK_11] [INFO] END TASK_11 — completed in 19.8 seconds
[2026-07-06 21:28:20] [TASK_11] [INFO] ============================================================
[2026-07-06 23:11:03] [TASK_11] [INFO] ============================================================
[2026-07-06 23:11:03] [TASK_11] [INFO] START TASK_11: SHAP Analysis (feature importance)
[2026-07-06 23:11:03] [TASK_11] [INFO] Timestamp: 2026-07-06T23:11:03.744932
[2026-07-06 23:11:03] [TASK_11] [INFO] ============================================================
[2026-07-06 23:11:03] [TASK_11] [INFO] ------------------------------------------------------------
[2026-07-06 23:11:03] [TASK_11] [INFO] END TASK_11 — completed in 0.0 seconds
[2026-07-06 23:11:03] [TASK_11] [INFO] ============================================================
[2026-07-06 23:11:22] [TASK_11] [INFO] ============================================================
[2026-07-06 23:11:22] [TASK_11] [INFO] START TASK_11: SHAP Analysis (feature importance)
[2026-07-06 23:11:22] [TASK_11] [INFO] Timestamp: 2026-07-06T23:11:22.201823
[2026-07-06 23:11:22] [TASK_11] [INFO] ============================================================
[2026-07-06 23:11:22] [TASK_11] [INFO] ------------------------------------------------------------
[2026-07-06 23:11:22] [TASK_11] [INFO] END TASK_11 — completed in 0.0 seconds
[2026-07-06 23:11:22] [TASK_11] [INFO] ============================================================
[2026-07-06 23:11:59] [TASK_11] [INFO] Saved tree-based feature importance plot to C:\Users\User\AppData\Local\Temp\pytest-of-User\pytest-314\test_returns_sorted_series0\feat_imp.png
[2026-07-06 23:12:00] [TASK_11] [INFO] Saved tree-based feature importance plot to C:\Users\User\AppData\Local\Temp\pytest-of-User\pytest-314\test_top_n_limits_output0\feat_imp.png
[2026-07-06 23:12:03] [TASK_11] [INFO] Saved permutation importance plot to C:\Users\User\AppData\Local\Temp\pytest-of-User\pytest-314\test_returns_sorted_series1\perm_imp.png
[2026-07-06 23:12:03] [TASK_11] [INFO] All top 5 keyword directions are aligned with their labels.
[2026-07-06 23:12:03] [TASK_11] [INFO] Saved top 5 keyword analysis to C:\Users\User\AppData\Local\Temp\pytest-of-User\pytest-314\test_returns_dataframe0\top_kw.csv
[2026-07-06 23:12:03] [TASK_11] [INFO] All top 10 keyword directions are aligned with their labels.
[2026-07-06 23:12:03] [TASK_11] [INFO] Saved top 10 keyword analysis to C:\Users\User\AppData\Local\Temp\pytest-of-User\pytest-314\test_only_keyword_features_inc0\top_kw.csv
[2026-07-06 23:12:03] [TASK_11] [INFO] All top 10 keyword directions are aligned with their labels.
[2026-07-06 23:12:03] [TASK_11] [INFO] Saved top 10 keyword analysis to C:\Users\User\AppData\Local\Temp\pytest-of-User\pytest-314\test_direction_labels_present0\top_kw.csv
[2026-07-06 23:12:03] [TASK_11] [INFO] ============================================================
[2026-07-06 23:12:03] [TASK_11] [INFO] GROUP CONTRIBUTION ANALYSIS (H1 Evidence)
[2026-07-06 23:12:03] [TASK_11] [INFO] ============================================================
[2026-07-06 23:12:03] [TASK_11] [INFO] Technical features: mean|SHAP| = 0.275000  (75.3%)
[2026-07-06 23:12:03] [TASK_11] [INFO] Keyword features:   mean|SHAP| = 0.090000  (24.7%)
[2026-07-06 23:12:03] [TASK_11] [INFO] ============================================================
[2026-07-06 23:12:03] [TASK_11] [INFO] Keyword features contribute 24.7% of total SHAP importance, providing empirical evidence for H1.
[2026-07-06 23:12:03] [TASK_11] [INFO] ============================================================
[2026-07-06 23:12:03] [TASK_11] [INFO] GROUP CONTRIBUTION ANALYSIS (H1 Evidence)
[2026-07-06 23:12:03] [TASK_11] [INFO] ============================================================
[2026-07-06 23:12:03] [TASK_11] [INFO] Technical features: mean|SHAP| = 0.275000  (100.0%)
[2026-07-06 23:12:03] [TASK_11] [INFO] Keyword features:   mean|SHAP| = 0.000000  (0.0%)
[2026-07-06 23:12:03] [TASK_11] [INFO] ============================================================
[2026-07-06 23:12:03] [TASK_11] [INFO] Keyword features contribute 0%% of total SHAP importance. This suggests keywords may not add predictive value (H1 not supported).
[2026-07-06 23:12:03] [TASK_11] [INFO] ============================================================
[2026-07-06 23:12:03] [TASK_11] [INFO] GROUP CONTRIBUTION ANALYSIS (H1 Evidence)
[2026-07-06 23:12:03] [TASK_11] [INFO] ============================================================
[2026-07-06 23:12:03] [TASK_11] [INFO] Technical features: mean|SHAP| = 0.000000  (0.0%)
[2026-07-06 23:12:03] [TASK_11] [INFO] Keyword features:   mean|SHAP| = 0.275000  (100.0%)
[2026-07-06 23:12:03] [TASK_11] [INFO] ============================================================
[2026-07-06 23:12:03] [TASK_11] [INFO] Keyword features contribute 100.0% of total SHAP importance, providing empirical evidence for H1.
[2026-07-06 23:12:21] [TASK_11] [INFO] ============================================================
[2026-07-06 23:12:21] [TASK_11] [INFO] START TASK_11: SHAP Analysis (feature importance)
[2026-07-06 23:12:21] [TASK_11] [INFO] Timestamp: 2026-07-06T23:12:21.722358
[2026-07-06 23:12:21] [TASK_11] [INFO] ============================================================
[2026-07-06 23:12:21] [TASK_11] [INFO] ------------------------------------------------------------
[2026-07-06 23:12:21] [TASK_11] [INFO] END TASK_11 — completed in 0.0 seconds
[2026-07-06 23:12:21] [TASK_11] [INFO] ============================================================
[2026-07-06 23:12:39] [TASK_11] [INFO] ============================================================
[2026-07-06 23:12:39] [TASK_11] [INFO] START TASK_11: SHAP Analysis (feature importance)
[2026-07-06 23:12:39] [TASK_11] [INFO] Timestamp: 2026-07-06T23:12:39.889769
[2026-07-06 23:12:39] [TASK_11] [INFO] ============================================================
[2026-07-06 23:12:39] [TASK_11] [INFO] ------------------------------------------------------------
[2026-07-06 23:12:39] [TASK_11] [INFO] END TASK_11 — completed in 0.0 seconds
[2026-07-06 23:12:39] [TASK_11] [INFO] ============================================================
