[2026-05-04 06:46:45] [TASK_2] [WARNING] Request failed for https://cafef.vn/test (attempt 1/3): Connection refused
[2026-05-04 06:46:45] [TASK_2] [INFO] Retrying in 1s…
[2026-05-04 06:46:45] [TASK_2] [WARNING] Request failed for https://cafef.vn/test (attempt 2/3): Connection refused
[2026-05-04 06:46:45] [TASK_2] [INFO] Retrying in 2s…
[2026-05-04 06:46:45] [TASK_2] [WARNING] Request failed for https://cafef.vn/test (attempt 3/3): Connection refused
[2026-05-04 06:46:45] [TASK_2] [ERROR] All 3 attempts failed for https://cafef.vn/test. Skipping.
[2026-05-04 06:46:45] [TASK_2] [WARNING] Request failed for https://cafef.vn/test (attempt 1/3): timeout
[2026-05-04 06:46:45] [TASK_2] [INFO] Retrying in 1s…
[2026-05-04 06:46:45] [TASK_2] [WARNING] Request failed for https://cafef.vn/test (attempt 1/3): 503 Service Unavailable
[2026-05-04 06:46:45] [TASK_2] [INFO] Retrying in 1s…
[2026-05-04 06:46:45] [TASK_2] [WARNING] Request failed for https://cafef.vn/test (attempt 2/3): 503 Service Unavailable
[2026-05-04 06:46:45] [TASK_2] [INFO] Retrying in 2s…
[2026-05-04 06:46:45] [TASK_2] [WARNING] Request failed for https://cafef.vn/test (attempt 3/3): 503 Service Unavailable
[2026-05-04 06:46:45] [TASK_2] [ERROR] All 3 attempts failed for https://cafef.vn/test. Skipping.
[2026-05-04 06:46:46] [TASK_2] [WARNING] Missing required fields in article: https://cafef.vn/test.chn
[2026-05-04 06:46:46] [TASK_2] [WARNING] Missing required fields in article: ?
[2026-05-04 06:46:46] [TASK_2] [WARNING] Missing required fields in article: https://cafef.vn/test.chn
[2026-05-04 06:46:46] [TASK_2] [INFO] Saved 1 rows to C:\Users\User\AppData\Local\Temp\pytest-of-User\pytest-129\test_writes_csv_correctly0\output.csv
[2026-05-04 06:46:46] [TASK_2] [INFO] Saved 1 rows to C:\Users\User\AppData\Local\Temp\pytest-of-User\pytest-129\test_no_temp_file_left_behind0\output.csv
[2026-05-04 06:46:46] [TASK_2] [INFO] Saved 1 rows to C:\Users\User\AppData\Local\Temp\pytest-of-User\pytest-129\test_creates_parent_directorie0\sub\dir\output.csv
[2026-05-04 06:46:48] [TASK_2] [WARNING] Could not parse CafeF date: not a date
[2026-05-04 06:46:49] [TASK_2] [INFO] CafeF: collected 2 articles for VNM
[2026-05-04 06:46:49] [TASK_2] [INFO] CafeF: collected 0 articles for VNM
[2026-05-04 06:46:49] [TASK_2] [WARNING] Failed to fetch CafeF page 1 for VNM. Stopping pagination.
[2026-05-04 06:46:49] [TASK_2] [INFO] CafeF: collected 0 articles for VNM
[2026-05-04 06:46:49] [TASK_2] [INFO] CafeF: collected 1 articles for VNM
[2026-05-04 06:46:49] [TASK_2] [INFO] CafeF: collected 2 articles for FPT
[2026-05-04 06:46:49] [TASK_2] [WARNING] Failed to fetch CafeF page 1 for VNM. Stopping pagination.
[2026-05-04 06:46:49] [TASK_2] [INFO] CafeF: collected 0 articles for VNM
[2026-05-04 06:46:50] [TASK_2] [INFO] Scraping cafef for ticker=VNM from 2022-01-01 (existing URLs: 0)
[2026-05-04 06:46:51] [TASK_2] [WARNING] Could not parse Vietstock date: 2 giờ trước
[2026-05-04 06:46:52] [TASK_2] [INFO] Vietstock: login wall detected — collecting only publicly visible title and summary (Req 2.3).
[2026-05-04 06:46:52] [TASK_2] [INFO] Vietstock: collected 2 articles for VNM
[2026-05-04 06:46:52] [TASK_2] [INFO] Vietstock tag page yielded no articles for VNM. Trying finance sub-domain fallback.
[2026-05-04 06:46:52] [TASK_2] [INFO] Vietstock: collected 0 articles for VNM
[2026-05-04 06:46:52] [TASK_2] [WARNING] Failed to fetch Vietstock tag page 1 for VNM. Stopping pagination.
[2026-05-04 06:46:52] [TASK_2] [INFO] Vietstock tag page yielded no articles for VNM. Trying finance sub-domain fallback.
[2026-05-04 06:46:52] [TASK_2] [INFO] Vietstock: collected 0 articles for VNM
[2026-05-04 06:46:52] [TASK_2] [INFO] Vietstock: collected 1 articles for VNM
[2026-05-04 06:46:53] [TASK_2] [INFO] Vietstock tag page yielded no articles for FPT. Trying finance sub-domain fallback.
[2026-05-04 06:46:53] [TASK_2] [INFO] Vietstock: collected 1 articles for FPT
[2026-05-04 06:46:53] [TASK_2] [WARNING] Failed to fetch Vietstock tag page 1 for VNM. Stopping pagination.
[2026-05-04 06:46:53] [TASK_2] [INFO] Vietstock tag page yielded no articles for VNM. Trying finance sub-domain fallback.
[2026-05-04 06:46:53] [TASK_2] [INFO] Vietstock: collected 0 articles for VNM
[2026-05-04 06:46:53] [TASK_2] [INFO] Vietstock: collected 2 articles for FPT
[2026-05-04 06:46:53] [TASK_2] [INFO] Scraping vietstock for ticker=VNM from 2022-01-01 (existing URLs: 0)
[2026-05-04 06:46:54] [TASK_2] [WARNING] Could not parse TNCK date: 2 giờ trước
[2026-05-04 06:46:55] [TASK_2] [INFO] ============================================================
[2026-05-04 06:46:55] [TASK_2] [INFO] TNCK MONTHLY ARTICLE COUNT REPORT
[2026-05-04 06:46:55] [TASK_2] [INFO] ============================================================
[2026-05-04 06:46:55] [TASK_2] [INFO]   2024-01: 3 articles
[2026-05-04 06:46:55] [TASK_2] [INFO]   2024-02: 2 articles
[2026-05-04 06:46:55] [TASK_2] [INFO]   2024-03: 1 articles
[2026-05-04 06:46:55] [TASK_2] [INFO] ------------------------------------------------------------
[2026-05-04 06:46:55] [TASK_2] [INFO] Total: 6 articles across 3 months
[2026-05-04 06:46:55] [TASK_2] [INFO] Average: 2.0 articles/month
[2026-05-04 06:46:55] [TASK_2] [INFO] ============================================================
[2026-05-04 06:46:55] [TASK_2] [INFO] TNCK monthly report: no articles to report.
[2026-05-04 06:46:55] [TASK_2] [INFO] TNCK monthly report: no articles with valid dates.
[2026-05-04 06:46:55] [TASK_2] [INFO] TNCK: searching by VN30 ticker symbols…
[2026-05-04 06:46:55] [TASK_2] [INFO] TNCK search 'ACB': 1 new articles
[2026-05-04 06:46:55] [TASK_2] [INFO] TNCK: scraping category pages…
[2026-05-04 06:46:55] [TASK_2] [INFO] TNCK: collected 1 total articles
[2026-05-04 06:46:55] [TASK_2] [INFO] ============================================================
[2026-05-04 06:46:55] [TASK_2] [INFO] TNCK MONTHLY ARTICLE COUNT REPORT
[2026-05-04 06:46:55] [TASK_2] [INFO] ============================================================
[2026-05-04 06:46:55] [TASK_2] [INFO]   2024-01: 1 articles
[2026-05-04 06:46:55] [TASK_2] [INFO] ------------------------------------------------------------
[2026-05-04 06:46:55] [TASK_2] [INFO] Total: 1 articles across 1 months
[2026-05-04 06:46:55] [TASK_2] [INFO] Average: 1.0 articles/month
[2026-05-04 06:46:55] [TASK_2] [INFO] ============================================================
[2026-05-04 06:46:56] [TASK_2] [INFO] TNCK: searching by VN30 ticker symbols…
[2026-05-04 06:46:56] [TASK_2] [WARNING] Failed to fetch TNCK search page 1 for query 'ACB'. Stopping pagination.
[2026-05-04 06:46:56] [TASK_2] [WARNING] Failed to fetch TNCK search page 1 for query 'BCM'. Stopping pagination.
[2026-05-04 06:46:56] [TASK_2] [WARNING] Failed to fetch TNCK search page 1 for query 'BID'. Stopping pagination.
[2026-05-04 06:46:56] [TASK_2] [WARNING] Failed to fetch TNCK search page 1 for query 'BVH'. Stopping pagination.
[2026-05-04 06:46:56] [TASK_2] [WARNING] Failed to fetch TNCK search page 1 for query 'CTG'. Stopping pagination.
[2026-05-04 06:46:56] [TASK_2] [WARNING] Failed to fetch TNCK search page 1 for query 'FPT'. Stopping pagination.
[2026-05-04 06:46:56] [TASK_2] [WARNING] Failed to fetch TNCK search page 1 for query 'GAS'. Stopping pagination.
[2026-05-04 06:46:56] [TASK_2] [WARNING] Failed to fetch TNCK search page 1 for query 'GVR'. Stopping pagination.
[2026-05-04 06:46:56] [TASK_2] [WARNING] Failed to fetch TNCK search page 1 for query 'HDB'. Stopping pagination.
[2026-05-04 06:46:56] [TASK_2] [WARNING] Failed to fetch TNCK search page 1 for query 'HPG'. Stopping pagination.
[2026-05-04 06:46:56] [TASK_2] [WARNING] Failed to fetch TNCK search page 1 for query 'MBB'. Stopping pagination.
[2026-05-04 06:46:56] [TASK_2] [WARNING] Failed to fetch TNCK search page 1 for query 'MSN'. Stopping pagination.
[2026-05-04 06:46:56] [TASK_2] [WARNING] Failed to fetch TNCK search page 1 for query 'MWG'. Stopping pagination.
[2026-05-04 06:46:56] [TASK_2] [WARNING] Failed to fetch TNCK search page 1 for query 'PLX'. Stopping pagination.
[2026-05-04 06:46:56] [TASK_2] [WARNING] Failed to fetch TNCK search page 1 for query 'POW'. Stopping pagination.
[2026-05-04 06:46:56] [TASK_2] [WARNING] Failed to fetch TNCK search page 1 for query 'SAB'. Stopping pagination.
[2026-05-04 06:46:56] [TASK_2] [WARNING] Failed to fetch TNCK search page 1 for query 'SHB'. Stopping pagination.
[2026-05-04 06:46:56] [TASK_2] [WARNING] Failed to fetch TNCK search page 1 for query 'SSB'. Stopping pagination.
[2026-05-04 06:46:56] [TASK_2] [WARNING] Failed to fetch TNCK search page 1 for query 'SSI'. Stopping pagination.
[2026-05-04 06:46:56] [TASK_2] [WARNING] Failed to fetch TNCK search page 1 for query 'STB'. Stopping pagination.
[2026-05-04 06:46:56] [TASK_2] [WARNING] Failed to fetch TNCK search page 1 for query 'TCB'. Stopping pagination.
[2026-05-04 06:46:56] [TASK_2] [WARNING] Failed to fetch TNCK search page 1 for query 'TPB'. Stopping pagination.
[2026-05-04 06:46:56] [TASK_2] [WARNING] Failed to fetch TNCK search page 1 for query 'VCB'. Stopping pagination.
[2026-05-04 06:46:56] [TASK_2] [WARNING] Failed to fetch TNCK search page 1 for query 'VHM'. Stopping pagination.
[2026-05-04 06:46:56] [TASK_2] [WARNING] Failed to fetch TNCK search page 1 for query 'VIB'. Stopping pagination.
[2026-05-04 06:46:56] [TASK_2] [WARNING] Failed to fetch TNCK search page 1 for query 'VIC'. Stopping pagination.
[2026-05-04 06:46:56] [TASK_2] [WARNING] Failed to fetch TNCK search page 1 for query 'VJC'. Stopping pagination.
[2026-05-04 06:46:56] [TASK_2] [WARNING] Failed to fetch TNCK search page 1 for query 'VNM'. Stopping pagination.
[2026-05-04 06:46:56] [TASK_2] [WARNING] Failed to fetch TNCK search page 1 for query 'VPB'. Stopping pagination.
[2026-05-04 06:46:56] [TASK_2] [WARNING] Failed to fetch TNCK search page 1 for query 'VRE'. Stopping pagination.
[2026-05-04 06:46:56] [TASK_2] [INFO] TNCK: scraping category pages…
[2026-05-04 06:46:56] [TASK_2] [WARNING] Failed to fetch TNCK category page 1: https://tinnhanhchungkhoan.vn/chung-khoan/. Stopping pagination.
[2026-05-04 06:46:56] [TASK_2] [WARNING] Failed to fetch TNCK category page 1: https://tinnhanhchungkhoan.vn/doanh-nghiep/. Stopping pagination.
[2026-05-04 06:46:56] [TASK_2] [WARNING] Failed to fetch TNCK category page 1: https://tinnhanhchungkhoan.vn/ngan-hang/. Stopping pagination.
[2026-05-04 06:46:56] [TASK_2] [WARNING] Failed to fetch TNCK category page 1: https://tinnhanhchungkhoan.vn/bat-dong-san/. Stopping pagination.
[2026-05-04 06:46:56] [TASK_2] [WARNING] Failed to fetch TNCK category page 1: https://tinnhanhchungkhoan.vn/tai-chinh/. Stopping pagination.
[2026-05-04 06:46:56] [TASK_2] [INFO] TNCK: collected 0 total articles
[2026-05-04 06:46:56] [TASK_2] [INFO] TNCK: searching by VN30 ticker symbols…
[2026-05-04 06:46:56] [TASK_2] [INFO] TNCK search 'ACB': 1 new articles
[2026-05-04 06:46:56] [TASK_2] [INFO] TNCK: scraping category pages…
[2026-05-04 06:46:56] [TASK_2] [INFO] TNCK: collected 1 total articles
[2026-05-04 06:46:56] [TASK_2] [INFO] ============================================================
[2026-05-04 06:46:56] [TASK_2] [INFO] TNCK MONTHLY ARTICLE COUNT REPORT
[2026-05-04 06:46:56] [TASK_2] [INFO] ============================================================
[2026-05-04 06:46:56] [TASK_2] [INFO]   2024-01: 1 articles
[2026-05-04 06:46:56] [TASK_2] [INFO] ------------------------------------------------------------
[2026-05-04 06:46:56] [TASK_2] [INFO] Total: 1 articles across 1 months
[2026-05-04 06:46:56] [TASK_2] [INFO] Average: 1.0 articles/month
[2026-05-04 06:46:56] [TASK_2] [INFO] ============================================================
[2026-05-04 06:46:56] [TASK_2] [INFO] TNCK: searching by VN30 ticker symbols…
[2026-05-04 06:46:56] [TASK_2] [INFO] TNCK search 'ACB': 1 new articles
[2026-05-04 06:46:56] [TASK_2] [INFO] TNCK: scraping category pages…
[2026-05-04 06:46:56] [TASK_2] [INFO] TNCK: collected 1 total articles
[2026-05-04 06:46:56] [TASK_2] [INFO] ============================================================
[2026-05-04 06:46:56] [TASK_2] [INFO] TNCK MONTHLY ARTICLE COUNT REPORT
[2026-05-04 06:46:56] [TASK_2] [INFO] ============================================================
[2026-05-04 06:46:56] [TASK_2] [INFO]   2024-01: 1 articles
[2026-05-04 06:46:56] [TASK_2] [INFO] ------------------------------------------------------------
[2026-05-04 06:46:56] [TASK_2] [INFO] Total: 1 articles across 1 months
[2026-05-04 06:46:56] [TASK_2] [INFO] Average: 1.0 articles/month
[2026-05-04 06:46:56] [TASK_2] [INFO] ============================================================
[2026-05-04 06:46:56] [TASK_2] [INFO] Scraping tnck for ticker=ALL from 2022-01-01 (existing URLs: 0)
[2026-05-04 06:46:56] [TASK_2] [WARNING] Failed to parse CafeF page 2 for VNM (URL: https://cafef.vn/thi-truong-chung-khoan/vnm-ctck/trang-2.chn): Simulated HTML parse failure. Skipping page. HTML selectors may need adjustment if page structure changed.
[2026-05-04 06:46:56] [TASK_2] [INFO] CafeF: collected 1 articles for VNM
[2026-05-04 06:46:56] [TASK_2] [INFO] CafeF: collected 2 articles for VNM
[2026-05-04 06:46:57] [TASK_2] [WARNING] Failed to parse Vietstock tag page 2 for VNM (URL: https://vietstock.vn/tag/VNM/page/2): Simulated HTML parse failure. Skipping page. HTML selectors may need adjustment if page structure changed.
[2026-05-04 06:46:57] [TASK_2] [INFO] Vietstock: collected 1 articles for VNM
[2026-05-04 06:46:57] [TASK_2] [INFO] TNCK: searching by VN30 ticker symbols…
[2026-05-04 06:46:57] [TASK_2] [WARNING] Failed to parse TNCK search page 1 for query 'ACB' (URL: https://tinnhanhchungkhoan.vn/tim-kiem/?q=ACB): Simulated HTML parse failure. Skipping page. HTML selectors may need adjustment if page structure changed.
[2026-05-04 06:46:57] [TASK_2] [INFO] TNCK: scraping category pages…
[2026-05-04 06:46:57] [TASK_2] [INFO] TNCK: collected 0 total articles
[2026-05-04 06:46:57] [TASK_2] [INFO] ============================================================
[2026-05-04 06:46:57] [TASK_2] [INFO] SCRAPING REPORT — CAFEF
[2026-05-04 06:46:57] [TASK_2] [INFO] ============================================================
[2026-05-04 06:46:57] [TASK_2] [INFO]   FPT   : 1 articles (2024-02-01 to 2024-02-01)
[2026-05-04 06:46:57] [TASK_2] [INFO]   VNM   : 2 articles (2024-01-10 to 2024-03-15)
[2026-05-04 06:46:57] [TASK_2] [INFO] ------------------------------------------------------------
[2026-05-04 06:46:57] [TASK_2] [INFO] Total articles from CAFEF: 3
[2026-05-04 06:46:57] [TASK_2] [INFO] ============================================================
[2026-05-04 06:46:57] [TASK_2] [INFO] ============================================================
[2026-05-04 06:46:57] [TASK_2] [INFO] SCRAPING REPORT — CAFEF
[2026-05-04 06:46:57] [TASK_2] [INFO] ============================================================
[2026-05-04 06:46:57] [TASK_2] [INFO]   VNM   : 0 articles
[2026-05-04 06:46:57] [TASK_2] [INFO] ------------------------------------------------------------
[2026-05-04 06:46:57] [TASK_2] [INFO] Total articles from CAFEF: 0
[2026-05-04 06:46:57] [TASK_2] [INFO] ============================================================
[2026-05-04 06:46:57] [TASK_2] [INFO] ============================================================
[2026-05-04 06:46:57] [TASK_2] [INFO] SCRAPING REPORT — CAFEF
[2026-05-04 06:46:57] [TASK_2] [INFO] ============================================================
[2026-05-04 06:46:57] [TASK_2] [INFO]   VNM   : 2 articles (no valid dates)
[2026-05-04 06:46:57] [TASK_2] [INFO] ------------------------------------------------------------
[2026-05-04 06:46:57] [TASK_2] [INFO] Total articles from CAFEF: 2
[2026-05-04 06:46:57] [TASK_2] [INFO] ============================================================
[2026-05-04 06:46:57] [TASK_2] [INFO] ============================================================
[2026-05-04 06:46:57] [TASK_2] [INFO] SCRAPING REPORT — CAFEF
[2026-05-04 06:46:57] [TASK_2] [INFO] ============================================================
[2026-05-04 06:46:57] [TASK_2] [INFO]   VNM   : 3 articles (2024-01-10 to 2024-03-15)
[2026-05-04 06:46:57] [TASK_2] [INFO] ------------------------------------------------------------
[2026-05-04 06:46:57] [TASK_2] [INFO] Total articles from CAFEF: 3
[2026-05-04 06:46:57] [TASK_2] [INFO] ============================================================
[2026-05-04 06:46:57] [TASK_2] [INFO] ============================================================
[2026-05-04 06:46:57] [TASK_2] [INFO] SCRAPING REPORT — CAFEF
[2026-05-04 06:46:57] [TASK_2] [INFO] ============================================================
[2026-05-04 06:46:57] [TASK_2] [INFO] ------------------------------------------------------------
[2026-05-04 06:46:57] [TASK_2] [INFO] Total articles from CAFEF: 0
[2026-05-04 06:46:57] [TASK_2] [INFO] ============================================================
[2026-05-04 06:46:57] [TASK_2] [INFO] ============================================================
[2026-05-04 06:46:57] [TASK_2] [INFO] SCRAPING REPORT — CAFEF
[2026-05-04 06:46:57] [TASK_2] [INFO] ============================================================
[2026-05-04 06:46:57] [TASK_2] [INFO]   ACB   : 1 articles (2024-02-01 to 2024-02-01)
[2026-05-04 06:46:57] [TASK_2] [INFO]   FPT   : 1 articles (2024-03-01 to 2024-03-01)
[2026-05-04 06:46:57] [TASK_2] [INFO]   VNM   : 1 articles (2024-01-10 to 2024-01-10)
[2026-05-04 06:46:57] [TASK_2] [INFO] ------------------------------------------------------------
[2026-05-04 06:46:57] [TASK_2] [INFO] Total articles from CAFEF: 3
[2026-05-04 06:46:57] [TASK_2] [INFO] ============================================================
[2026-05-04 06:49:33] [TASK_2] [WARNING] Request failed for https://cafef.vn/test (attempt 1/3): Connection refused
[2026-05-04 06:49:33] [TASK_2] [INFO] Retrying in 1s…
[2026-05-04 06:49:33] [TASK_2] [WARNING] Request failed for https://cafef.vn/test (attempt 2/3): Connection refused
[2026-05-04 06:49:33] [TASK_2] [INFO] Retrying in 2s…
[2026-05-04 06:49:33] [TASK_2] [WARNING] Request failed for https://cafef.vn/test (attempt 3/3): Connection refused
[2026-05-04 06:49:33] [TASK_2] [ERROR] All 3 attempts failed for https://cafef.vn/test. Skipping.
[2026-05-04 06:49:34] [TASK_2] [WARNING] Request failed for https://cafef.vn/test (attempt 1/3): timeout
[2026-05-04 06:49:34] [TASK_2] [INFO] Retrying in 1s…
[2026-05-04 06:49:34] [TASK_2] [WARNING] Request failed for https://cafef.vn/test (attempt 1/3): 503 Service Unavailable
[2026-05-04 06:49:34] [TASK_2] [INFO] Retrying in 1s…
[2026-05-04 06:49:34] [TASK_2] [WARNING] Request failed for https://cafef.vn/test (attempt 2/3): 503 Service Unavailable
[2026-05-04 06:49:34] [TASK_2] [INFO] Retrying in 2s…
[2026-05-04 06:49:34] [TASK_2] [WARNING] Request failed for https://cafef.vn/test (attempt 3/3): 503 Service Unavailable
[2026-05-04 06:49:34] [TASK_2] [ERROR] All 3 attempts failed for https://cafef.vn/test. Skipping.
[2026-05-04 06:49:36] [TASK_2] [WARNING] Missing required fields in article: https://cafef.vn/test.chn
[2026-05-04 06:49:36] [TASK_2] [WARNING] Missing required fields in article: ?
[2026-05-04 06:49:36] [TASK_2] [WARNING] Missing required fields in article: https://cafef.vn/test.chn
[2026-05-04 06:49:36] [TASK_2] [INFO] Saved 1 rows to C:\Users\User\AppData\Local\Temp\pytest-of-User\pytest-130\test_writes_csv_correctly0\output.csv
[2026-05-04 06:49:37] [TASK_2] [INFO] Saved 1 rows to C:\Users\User\AppData\Local\Temp\pytest-of-User\pytest-130\test_no_temp_file_left_behind0\output.csv
[2026-05-04 06:49:37] [TASK_2] [INFO] Saved 1 rows to C:\Users\User\AppData\Local\Temp\pytest-of-User\pytest-130\test_creates_parent_directorie0\sub\dir\output.csv
[2026-05-04 06:49:41] [TASK_2] [WARNING] Could not parse CafeF date: not a date
[2026-05-04 06:49:44] [TASK_2] [INFO] CafeF: collected 2 articles for VNM
[2026-05-04 06:49:44] [TASK_2] [INFO] CafeF: collected 0 articles for VNM
[2026-05-04 06:49:44] [TASK_2] [WARNING] Failed to fetch CafeF page 1 for VNM. Stopping pagination.
[2026-05-04 06:49:44] [TASK_2] [INFO] CafeF: collected 0 articles for VNM
[2026-05-04 06:49:44] [TASK_2] [INFO] CafeF: collected 1 articles for VNM
[2026-05-04 06:49:45] [TASK_2] [INFO] CafeF: collected 2 articles for FPT
[2026-05-04 06:49:45] [TASK_2] [WARNING] Failed to fetch CafeF page 1 for VNM. Stopping pagination.
[2026-05-04 06:49:45] [TASK_2] [INFO] CafeF: collected 0 articles for VNM
[2026-05-04 06:49:46] [TASK_2] [INFO] Scraping cafef for ticker=VNM from 2022-01-01 (existing URLs: 0)
[2026-05-04 06:49:48] [TASK_2] [WARNING] Could not parse Vietstock date: 2 giờ trước
[2026-05-04 06:49:51] [TASK_2] [INFO] Vietstock: login wall detected — collecting only publicly visible title and summary (Req 2.3).
[2026-05-04 06:49:52] [TASK_2] [INFO] Vietstock: collected 2 articles for VNM
[2026-05-04 06:49:52] [TASK_2] [INFO] Vietstock tag page yielded no articles for VNM. Trying finance sub-domain fallback.
[2026-05-04 06:49:52] [TASK_2] [INFO] Vietstock: collected 0 articles for VNM
[2026-05-04 06:49:52] [TASK_2] [WARNING] Failed to fetch Vietstock tag page 1 for VNM. Stopping pagination.
[2026-05-04 06:49:52] [TASK_2] [INFO] Vietstock tag page yielded no articles for VNM. Trying finance sub-domain fallback.
[2026-05-04 06:49:52] [TASK_2] [INFO] Vietstock: collected 0 articles for VNM
[2026-05-04 06:49:52] [TASK_2] [INFO] Vietstock: collected 1 articles for VNM
[2026-05-04 06:49:53] [TASK_2] [INFO] Vietstock tag page yielded no articles for FPT. Trying finance sub-domain fallback.
[2026-05-04 06:49:53] [TASK_2] [INFO] Vietstock: collected 1 articles for FPT
[2026-05-04 06:49:53] [TASK_2] [WARNING] Failed to fetch Vietstock tag page 1 for VNM. Stopping pagination.
[2026-05-04 06:49:53] [TASK_2] [INFO] Vietstock tag page yielded no articles for VNM. Trying finance sub-domain fallback.
[2026-05-04 06:49:53] [TASK_2] [INFO] Vietstock: collected 0 articles for VNM
[2026-05-04 06:49:53] [TASK_2] [INFO] Vietstock: collected 2 articles for FPT
[2026-05-04 06:49:53] [TASK_2] [INFO] Scraping vietstock for ticker=VNM from 2022-01-01 (existing URLs: 0)
[2026-05-04 06:49:56] [TASK_2] [WARNING] Could not parse TNCK date: 2 giờ trước
[2026-05-04 06:49:59] [TASK_2] [INFO] ============================================================
[2026-05-04 06:49:59] [TASK_2] [INFO] TNCK MONTHLY ARTICLE COUNT REPORT
[2026-05-04 06:49:59] [TASK_2] [INFO] ============================================================
[2026-05-04 06:49:59] [TASK_2] [INFO]   2024-01: 3 articles
[2026-05-04 06:49:59] [TASK_2] [INFO]   2024-02: 2 articles
[2026-05-04 06:49:59] [TASK_2] [INFO]   2024-03: 1 articles
[2026-05-04 06:49:59] [TASK_2] [INFO] ------------------------------------------------------------
[2026-05-04 06:49:59] [TASK_2] [INFO] Total: 6 articles across 3 months
[2026-05-04 06:49:59] [TASK_2] [INFO] Average: 2.0 articles/month
[2026-05-04 06:49:59] [TASK_2] [INFO] ============================================================
[2026-05-04 06:50:00] [TASK_2] [INFO] TNCK monthly report: no articles to report.
[2026-05-04 06:50:00] [TASK_2] [INFO] TNCK monthly report: no articles with valid dates.
[2026-05-04 06:50:00] [TASK_2] [INFO] TNCK: searching by VN30 ticker symbols…
[2026-05-04 06:50:00] [TASK_2] [INFO] TNCK search 'ACB': 1 new articles
[2026-05-04 06:50:00] [TASK_2] [INFO] TNCK: scraping category pages…
[2026-05-04 06:50:00] [TASK_2] [INFO] TNCK: collected 1 total articles
[2026-05-04 06:50:00] [TASK_2] [INFO] ============================================================
[2026-05-04 06:50:00] [TASK_2] [INFO] TNCK MONTHLY ARTICLE COUNT REPORT
[2026-05-04 06:50:00] [TASK_2] [INFO] ============================================================
[2026-05-04 06:50:00] [TASK_2] [INFO]   2024-01: 1 articles
[2026-05-04 06:50:00] [TASK_2] [INFO] ------------------------------------------------------------
[2026-05-04 06:50:00] [TASK_2] [INFO] Total: 1 articles across 1 months
[2026-05-04 06:50:00] [TASK_2] [INFO] Average: 1.0 articles/month
[2026-05-04 06:50:00] [TASK_2] [INFO] ============================================================
[2026-05-04 06:50:01] [TASK_2] [INFO] TNCK: searching by VN30 ticker symbols…
[2026-05-04 06:50:01] [TASK_2] [WARNING] Failed to fetch TNCK search page 1 for query 'ACB'. Stopping pagination.
[2026-05-04 06:50:01] [TASK_2] [WARNING] Failed to fetch TNCK search page 1 for query 'BCM'. Stopping pagination.
[2026-05-04 06:50:01] [TASK_2] [WARNING] Failed to fetch TNCK search page 1 for query 'BID'. Stopping pagination.
[2026-05-04 06:50:01] [TASK_2] [WARNING] Failed to fetch TNCK search page 1 for query 'BVH'. Stopping pagination.
[2026-05-04 06:50:01] [TASK_2] [WARNING] Failed to fetch TNCK search page 1 for query 'CTG'. Stopping pagination.
[2026-05-04 06:50:01] [TASK_2] [WARNING] Failed to fetch TNCK search page 1 for query 'FPT'. Stopping pagination.
[2026-05-04 06:50:01] [TASK_2] [WARNING] Failed to fetch TNCK search page 1 for query 'GAS'. Stopping pagination.
[2026-05-04 06:50:01] [TASK_2] [WARNING] Failed to fetch TNCK search page 1 for query 'GVR'. Stopping pagination.
[2026-05-04 06:50:01] [TASK_2] [WARNING] Failed to fetch TNCK search page 1 for query 'HDB'. Stopping pagination.
[2026-05-04 06:50:01] [TASK_2] [WARNING] Failed to fetch TNCK search page 1 for query 'HPG'. Stopping pagination.
[2026-05-04 06:50:01] [TASK_2] [WARNING] Failed to fetch TNCK search page 1 for query 'MBB'. Stopping pagination.
[2026-05-04 06:50:01] [TASK_2] [WARNING] Failed to fetch TNCK search page 1 for query 'MSN'. Stopping pagination.
[2026-05-04 06:50:01] [TASK_2] [WARNING] Failed to fetch TNCK search page 1 for query 'MWG'. Stopping pagination.
[2026-05-04 06:50:01] [TASK_2] [WARNING] Failed to fetch TNCK search page 1 for query 'PLX'. Stopping pagination.
[2026-05-04 06:50:01] [TASK_2] [WARNING] Failed to fetch TNCK search page 1 for query 'POW'. Stopping pagination.
[2026-05-04 06:50:01] [TASK_2] [WARNING] Failed to fetch TNCK search page 1 for query 'SAB'. Stopping pagination.
[2026-05-04 06:50:01] [TASK_2] [WARNING] Failed to fetch TNCK search page 1 for query 'SHB'. Stopping pagination.
[2026-05-04 06:50:01] [TASK_2] [WARNING] Failed to fetch TNCK search page 1 for query 'SSB'. Stopping pagination.
[2026-05-04 06:50:01] [TASK_2] [WARNING] Failed to fetch TNCK search page 1 for query 'SSI'. Stopping pagination.
[2026-05-04 06:50:01] [TASK_2] [WARNING] Failed to fetch TNCK search page 1 for query 'STB'. Stopping pagination.
[2026-05-04 06:50:01] [TASK_2] [WARNING] Failed to fetch TNCK search page 1 for query 'TCB'. Stopping pagination.
[2026-05-04 06:50:01] [TASK_2] [WARNING] Failed to fetch TNCK search page 1 for query 'TPB'. Stopping pagination.
[2026-05-04 06:50:01] [TASK_2] [WARNING] Failed to fetch TNCK search page 1 for query 'VCB'. Stopping pagination.
[2026-05-04 06:50:01] [TASK_2] [WARNING] Failed to fetch TNCK search page 1 for query 'VHM'. Stopping pagination.
[2026-05-04 06:50:01] [TASK_2] [WARNING] Failed to fetch TNCK search page 1 for query 'VIB'. Stopping pagination.
[2026-05-04 06:50:01] [TASK_2] [WARNING] Failed to fetch TNCK search page 1 for query 'VIC'. Stopping pagination.
[2026-05-04 06:50:01] [TASK_2] [WARNING] Failed to fetch TNCK search page 1 for query 'VJC'. Stopping pagination.
[2026-05-04 06:50:01] [TASK_2] [WARNING] Failed to fetch TNCK search page 1 for query 'VNM'. Stopping pagination.
[2026-05-04 06:50:01] [TASK_2] [WARNING] Failed to fetch TNCK search page 1 for query 'VPB'. Stopping pagination.
[2026-05-04 06:50:01] [TASK_2] [WARNING] Failed to fetch TNCK search page 1 for query 'VRE'. Stopping pagination.
[2026-05-04 06:50:01] [TASK_2] [INFO] TNCK: scraping category pages…
[2026-05-04 06:50:01] [TASK_2] [WARNING] Failed to fetch TNCK category page 1: https://tinnhanhchungkhoan.vn/chung-khoan/. Stopping pagination.
[2026-05-04 06:50:01] [TASK_2] [WARNING] Failed to fetch TNCK category page 1: https://tinnhanhchungkhoan.vn/doanh-nghiep/. Stopping pagination.
[2026-05-04 06:50:01] [TASK_2] [WARNING] Failed to fetch TNCK category page 1: https://tinnhanhchungkhoan.vn/ngan-hang/. Stopping pagination.
[2026-05-04 06:50:01] [TASK_2] [WARNING] Failed to fetch TNCK category page 1: https://tinnhanhchungkhoan.vn/bat-dong-san/. Stopping pagination.
[2026-05-04 06:50:01] [TASK_2] [WARNING] Failed to fetch TNCK category page 1: https://tinnhanhchungkhoan.vn/tai-chinh/. Stopping pagination.
[2026-05-04 06:50:01] [TASK_2] [INFO] TNCK: collected 0 total articles
[2026-05-04 06:50:01] [TASK_2] [INFO] TNCK: searching by VN30 ticker symbols…
[2026-05-04 06:50:01] [TASK_2] [INFO] TNCK search 'ACB': 1 new articles
[2026-05-04 06:50:01] [TASK_2] [INFO] TNCK: scraping category pages…
[2026-05-04 06:50:01] [TASK_2] [INFO] TNCK: collected 1 total articles
[2026-05-04 06:50:01] [TASK_2] [INFO] ============================================================
[2026-05-04 06:50:01] [TASK_2] [INFO] TNCK MONTHLY ARTICLE COUNT REPORT
[2026-05-04 06:50:01] [TASK_2] [INFO] ============================================================
[2026-05-04 06:50:01] [TASK_2] [INFO]   2024-01: 1 articles
[2026-05-04 06:50:01] [TASK_2] [INFO] ------------------------------------------------------------
[2026-05-04 06:50:01] [TASK_2] [INFO] Total: 1 articles across 1 months
[2026-05-04 06:50:01] [TASK_2] [INFO] Average: 1.0 articles/month
[2026-05-04 06:50:01] [TASK_2] [INFO] ============================================================
[2026-05-04 06:50:01] [TASK_2] [INFO] TNCK: searching by VN30 ticker symbols…
[2026-05-04 06:50:01] [TASK_2] [INFO] TNCK search 'ACB': 1 new articles
[2026-05-04 06:50:01] [TASK_2] [INFO] TNCK: scraping category pages…
[2026-05-04 06:50:01] [TASK_2] [INFO] TNCK: collected 1 total articles
[2026-05-04 06:50:01] [TASK_2] [INFO] ============================================================
[2026-05-04 06:50:01] [TASK_2] [INFO] TNCK MONTHLY ARTICLE COUNT REPORT
[2026-05-04 06:50:01] [TASK_2] [INFO] ============================================================
[2026-05-04 06:50:01] [TASK_2] [INFO]   2024-01: 1 articles
[2026-05-04 06:50:01] [TASK_2] [INFO] ------------------------------------------------------------
[2026-05-04 06:50:01] [TASK_2] [INFO] Total: 1 articles across 1 months
[2026-05-04 06:50:01] [TASK_2] [INFO] Average: 1.0 articles/month
[2026-05-04 06:50:01] [TASK_2] [INFO] ============================================================
[2026-05-04 06:50:02] [TASK_2] [INFO] Scraping tnck for ticker=ALL from 2022-01-01 (existing URLs: 0)
[2026-05-04 06:50:02] [TASK_2] [WARNING] Failed to parse CafeF page 2 for VNM (URL: https://cafef.vn/thi-truong-chung-khoan/vnm-ctck/trang-2.chn): Simulated HTML parse failure. Skipping page. HTML selectors may need adjustment if page structure changed.
[2026-05-04 06:50:02] [TASK_2] [INFO] CafeF: collected 1 articles for VNM
[2026-05-04 06:50:02] [TASK_2] [INFO] CafeF: collected 2 articles for VNM
[2026-05-04 06:50:02] [TASK_2] [WARNING] Failed to parse Vietstock tag page 2 for VNM (URL: https://vietstock.vn/tag/VNM/page/2): Simulated HTML parse failure. Skipping page. HTML selectors may need adjustment if page structure changed.
[2026-05-04 06:50:02] [TASK_2] [INFO] Vietstock: collected 1 articles for VNM
[2026-05-04 06:50:03] [TASK_2] [INFO] TNCK: searching by VN30 ticker symbols…
[2026-05-04 06:50:03] [TASK_2] [WARNING] Failed to parse TNCK search page 1 for query 'ACB' (URL: https://tinnhanhchungkhoan.vn/tim-kiem/?q=ACB): Simulated HTML parse failure. Skipping page. HTML selectors may need adjustment if page structure changed.
[2026-05-04 06:50:03] [TASK_2] [INFO] TNCK: scraping category pages…
[2026-05-04 06:50:03] [TASK_2] [INFO] TNCK: collected 0 total articles
[2026-05-04 06:50:03] [TASK_2] [INFO] ============================================================
[2026-05-04 06:50:03] [TASK_2] [INFO] SCRAPING REPORT — CAFEF
[2026-05-04 06:50:03] [TASK_2] [INFO] ============================================================
[2026-05-04 06:50:03] [TASK_2] [INFO]   FPT   : 1 articles (2024-02-01 to 2024-02-01)
[2026-05-04 06:50:03] [TASK_2] [INFO]   VNM   : 2 articles (2024-01-10 to 2024-03-15)
[2026-05-04 06:50:03] [TASK_2] [INFO] ------------------------------------------------------------
[2026-05-04 06:50:03] [TASK_2] [INFO] Total articles from CAFEF: 3
[2026-05-04 06:50:03] [TASK_2] [INFO] ============================================================
[2026-05-04 06:50:04] [TASK_2] [INFO] ============================================================
[2026-05-04 06:50:04] [TASK_2] [INFO] SCRAPING REPORT — CAFEF
[2026-05-04 06:50:04] [TASK_2] [INFO] ============================================================
[2026-05-04 06:50:04] [TASK_2] [INFO]   VNM   : 0 articles
[2026-05-04 06:50:04] [TASK_2] [INFO] ------------------------------------------------------------
[2026-05-04 06:50:04] [TASK_2] [INFO] Total articles from CAFEF: 0
[2026-05-04 06:50:04] [TASK_2] [INFO] ============================================================
[2026-05-04 06:50:04] [TASK_2] [INFO] ============================================================
[2026-05-04 06:50:04] [TASK_2] [INFO] SCRAPING REPORT — CAFEF
[2026-05-04 06:50:04] [TASK_2] [INFO] ============================================================
[2026-05-04 06:50:04] [TASK_2] [INFO]   VNM   : 2 articles (no valid dates)
[2026-05-04 06:50:04] [TASK_2] [INFO] ------------------------------------------------------------
[2026-05-04 06:50:04] [TASK_2] [INFO] Total articles from CAFEF: 2
[2026-05-04 06:50:04] [TASK_2] [INFO] ============================================================
[2026-05-04 06:50:04] [TASK_2] [INFO] ============================================================
[2026-05-04 06:50:04] [TASK_2] [INFO] SCRAPING REPORT — CAFEF
[2026-05-04 06:50:04] [TASK_2] [INFO] ============================================================
[2026-05-04 06:50:04] [TASK_2] [INFO]   VNM   : 3 articles (2024-01-10 to 2024-03-15)
[2026-05-04 06:50:04] [TASK_2] [INFO] ------------------------------------------------------------
[2026-05-04 06:50:04] [TASK_2] [INFO] Total articles from CAFEF: 3
[2026-05-04 06:50:04] [TASK_2] [INFO] ============================================================
[2026-05-04 06:50:04] [TASK_2] [INFO] ============================================================
[2026-05-04 06:50:04] [TASK_2] [INFO] SCRAPING REPORT — CAFEF
[2026-05-04 06:50:04] [TASK_2] [INFO] ============================================================
[2026-05-04 06:50:04] [TASK_2] [INFO] ------------------------------------------------------------
[2026-05-04 06:50:04] [TASK_2] [INFO] Total articles from CAFEF: 0
[2026-05-04 06:50:04] [TASK_2] [INFO] ============================================================
[2026-05-04 06:50:05] [TASK_2] [INFO] ============================================================
[2026-05-04 06:50:05] [TASK_2] [INFO] SCRAPING REPORT — CAFEF
[2026-05-04 06:50:05] [TASK_2] [INFO] ============================================================
[2026-05-04 06:50:05] [TASK_2] [INFO]   ACB   : 1 articles (2024-02-01 to 2024-02-01)
[2026-05-04 06:50:05] [TASK_2] [INFO]   FPT   : 1 articles (2024-03-01 to 2024-03-01)
[2026-05-04 06:50:05] [TASK_2] [INFO]   VNM   : 1 articles (2024-01-10 to 2024-01-10)
[2026-05-04 06:50:05] [TASK_2] [INFO] ------------------------------------------------------------
[2026-05-04 06:50:05] [TASK_2] [INFO] Total articles from CAFEF: 3
[2026-05-04 06:50:05] [TASK_2] [INFO] ============================================================
[2026-05-04 12:26:59] [TASK_2] [WARNING] Request failed for https://cafef.vn/test (attempt 1/3): Connection refused
[2026-05-04 12:26:59] [TASK_2] [INFO] Retrying in 1s…
[2026-05-04 12:26:59] [TASK_2] [WARNING] Request failed for https://cafef.vn/test (attempt 2/3): Connection refused
[2026-05-04 12:26:59] [TASK_2] [INFO] Retrying in 2s…
[2026-05-04 12:26:59] [TASK_2] [WARNING] Request failed for https://cafef.vn/test (attempt 3/3): Connection refused
[2026-05-04 12:26:59] [TASK_2] [ERROR] All 3 attempts failed for https://cafef.vn/test. Skipping.
[2026-05-04 12:26:59] [TASK_2] [WARNING] Request failed for https://cafef.vn/test (attempt 1/3): timeout
[2026-05-04 12:26:59] [TASK_2] [INFO] Retrying in 1s…
[2026-05-04 12:26:59] [TASK_2] [WARNING] Request failed for https://cafef.vn/test (attempt 1/3): 503 Service Unavailable
[2026-05-04 12:26:59] [TASK_2] [INFO] Retrying in 1s…
[2026-05-04 12:26:59] [TASK_2] [WARNING] Request failed for https://cafef.vn/test (attempt 2/3): 503 Service Unavailable
[2026-05-04 12:26:59] [TASK_2] [INFO] Retrying in 2s…
[2026-05-04 12:26:59] [TASK_2] [WARNING] Request failed for https://cafef.vn/test (attempt 3/3): 503 Service Unavailable
[2026-05-04 12:26:59] [TASK_2] [ERROR] All 3 attempts failed for https://cafef.vn/test. Skipping.
[2026-05-04 12:27:01] [TASK_2] [WARNING] Missing required fields in article: https://cafef.vn/test.chn
[2026-05-04 12:27:01] [TASK_2] [WARNING] Missing required fields in article: ?
[2026-05-04 12:27:01] [TASK_2] [WARNING] Missing required fields in article: https://cafef.vn/test.chn
[2026-05-04 12:27:01] [TASK_2] [INFO] Saved 1 rows to C:\Users\User\AppData\Local\Temp\pytest-of-User\pytest-138\test_writes_csv_correctly0\output.csv
[2026-05-04 12:27:01] [TASK_2] [INFO] Saved 1 rows to C:\Users\User\AppData\Local\Temp\pytest-of-User\pytest-138\test_no_temp_file_left_behind0\output.csv
[2026-05-04 12:27:01] [TASK_2] [INFO] Saved 1 rows to C:\Users\User\AppData\Local\Temp\pytest-of-User\pytest-138\test_creates_parent_directorie0\sub\dir\output.csv
[2026-05-04 12:27:01] [TASK_2] [WARNING] Could not parse CafeF date: not a date
[2026-05-04 12:27:01] [TASK_2] [INFO] CafeF: collected 2 articles for VNM
[2026-05-04 12:27:01] [TASK_2] [INFO] CafeF: collected 0 articles for VNM
[2026-05-04 12:27:01] [TASK_2] [WARNING] Failed to fetch CafeF page 1 for VNM. Stopping pagination.
[2026-05-04 12:27:01] [TASK_2] [INFO] CafeF: collected 0 articles for VNM
[2026-05-04 12:27:01] [TASK_2] [INFO] CafeF: collected 1 articles for VNM
[2026-05-04 12:27:01] [TASK_2] [INFO] CafeF: collected 2 articles for FPT
[2026-05-04 12:27:01] [TASK_2] [WARNING] Failed to fetch CafeF page 1 for VNM. Stopping pagination.
[2026-05-04 12:27:01] [TASK_2] [INFO] CafeF: collected 0 articles for VNM
[2026-05-04 12:27:01] [TASK_2] [INFO] Scraping cafef for ticker=VNM from 2022-01-01 (existing URLs: 0)
[2026-05-04 12:27:02] [TASK_2] [WARNING] Could not parse Vietstock date: 2 giờ trước
[2026-05-04 12:27:02] [TASK_2] [INFO] Vietstock: login wall detected — collecting only publicly visible title and summary (Req 2.3).
[2026-05-04 12:27:03] [TASK_2] [INFO] Vietstock: collected 2 articles for VNM
[2026-05-04 12:27:03] [TASK_2] [INFO] Vietstock tag page yielded no articles for VNM. Trying finance sub-domain fallback.
[2026-05-04 12:27:03] [TASK_2] [INFO] Vietstock: collected 0 articles for VNM
[2026-05-04 12:27:03] [TASK_2] [WARNING] Failed to fetch Vietstock tag page 1 for VNM. Stopping pagination.
[2026-05-04 12:27:03] [TASK_2] [INFO] Vietstock tag page yielded no articles for VNM. Trying finance sub-domain fallback.
[2026-05-04 12:27:03] [TASK_2] [INFO] Vietstock: collected 0 articles for VNM
[2026-05-04 12:27:03] [TASK_2] [INFO] Vietstock: collected 1 articles for VNM
[2026-05-04 12:27:03] [TASK_2] [INFO] Vietstock tag page yielded no articles for FPT. Trying finance sub-domain fallback.
[2026-05-04 12:27:03] [TASK_2] [INFO] Vietstock: collected 1 articles for FPT
[2026-05-04 12:27:03] [TASK_2] [WARNING] Failed to fetch Vietstock tag page 1 for VNM. Stopping pagination.
[2026-05-04 12:27:03] [TASK_2] [INFO] Vietstock tag page yielded no articles for VNM. Trying finance sub-domain fallback.
[2026-05-04 12:27:03] [TASK_2] [INFO] Vietstock: collected 0 articles for VNM
[2026-05-04 12:27:03] [TASK_2] [INFO] Vietstock: collected 2 articles for FPT
[2026-05-04 12:27:03] [TASK_2] [INFO] Scraping vietstock for ticker=VNM from 2022-01-01 (existing URLs: 0)
[2026-05-04 12:27:04] [TASK_2] [WARNING] Could not parse TNCK date: 2 giờ trước
[2026-05-04 12:27:04] [TASK_2] [INFO] ============================================================
[2026-05-04 12:27:04] [TASK_2] [INFO] TNCK MONTHLY ARTICLE COUNT REPORT
[2026-05-04 12:27:04] [TASK_2] [INFO] ============================================================
[2026-05-04 12:27:04] [TASK_2] [INFO]   2024-01: 3 articles
[2026-05-04 12:27:04] [TASK_2] [INFO]   2024-02: 2 articles
[2026-05-04 12:27:04] [TASK_2] [INFO]   2024-03: 1 articles
[2026-05-04 12:27:04] [TASK_2] [INFO] ------------------------------------------------------------
[2026-05-04 12:27:04] [TASK_2] [INFO] Total: 6 articles across 3 months
[2026-05-04 12:27:04] [TASK_2] [INFO] Average: 2.0 articles/month
[2026-05-04 12:27:04] [TASK_2] [INFO] ============================================================
[2026-05-04 12:27:04] [TASK_2] [INFO] TNCK monthly report: no articles to report.
[2026-05-04 12:27:04] [TASK_2] [INFO] TNCK monthly report: no articles with valid dates.
[2026-05-04 12:27:04] [TASK_2] [INFO] TNCK: searching by VN30 ticker symbols…
[2026-05-04 12:27:05] [TASK_2] [INFO] TNCK search 'ACB': 1 new articles
[2026-05-04 12:27:05] [TASK_2] [INFO] TNCK: scraping category pages…
[2026-05-04 12:27:05] [TASK_2] [INFO] TNCK: collected 1 total articles
[2026-05-04 12:27:05] [TASK_2] [INFO] ============================================================
[2026-05-04 12:27:05] [TASK_2] [INFO] TNCK MONTHLY ARTICLE COUNT REPORT
[2026-05-04 12:27:05] [TASK_2] [INFO] ============================================================
[2026-05-04 12:27:05] [TASK_2] [INFO]   2024-01: 1 articles
[2026-05-04 12:27:05] [TASK_2] [INFO] ------------------------------------------------------------
[2026-05-04 12:27:05] [TASK_2] [INFO] Total: 1 articles across 1 months
[2026-05-04 12:27:05] [TASK_2] [INFO] Average: 1.0 articles/month
[2026-05-04 12:27:05] [TASK_2] [INFO] ============================================================
[2026-05-04 12:27:05] [TASK_2] [INFO] TNCK: searching by VN30 ticker symbols…
[2026-05-04 12:27:05] [TASK_2] [WARNING] Failed to fetch TNCK search page 1 for query 'ACB'. Stopping pagination.
[2026-05-04 12:27:05] [TASK_2] [WARNING] Failed to fetch TNCK search page 1 for query 'BCM'. Stopping pagination.
[2026-05-04 12:27:05] [TASK_2] [WARNING] Failed to fetch TNCK search page 1 for query 'BID'. Stopping pagination.
[2026-05-04 12:27:05] [TASK_2] [WARNING] Failed to fetch TNCK search page 1 for query 'BVH'. Stopping pagination.
[2026-05-04 12:27:05] [TASK_2] [WARNING] Failed to fetch TNCK search page 1 for query 'CTG'. Stopping pagination.
[2026-05-04 12:27:05] [TASK_2] [WARNING] Failed to fetch TNCK search page 1 for query 'FPT'. Stopping pagination.
[2026-05-04 12:27:05] [TASK_2] [WARNING] Failed to fetch TNCK search page 1 for query 'GAS'. Stopping pagination.
[2026-05-04 12:27:05] [TASK_2] [WARNING] Failed to fetch TNCK search page 1 for query 'GVR'. Stopping pagination.
[2026-05-04 12:27:05] [TASK_2] [WARNING] Failed to fetch TNCK search page 1 for query 'HDB'. Stopping pagination.
[2026-05-04 12:27:05] [TASK_2] [WARNING] Failed to fetch TNCK search page 1 for query 'HPG'. Stopping pagination.
[2026-05-04 12:27:05] [TASK_2] [WARNING] Failed to fetch TNCK search page 1 for query 'MBB'. Stopping pagination.
[2026-05-04 12:27:05] [TASK_2] [WARNING] Failed to fetch TNCK search page 1 for query 'MSN'. Stopping pagination.
[2026-05-04 12:27:05] [TASK_2] [WARNING] Failed to fetch TNCK search page 1 for query 'MWG'. Stopping pagination.
[2026-05-04 12:27:05] [TASK_2] [WARNING] Failed to fetch TNCK search page 1 for query 'PLX'. Stopping pagination.
[2026-05-04 12:27:05] [TASK_2] [WARNING] Failed to fetch TNCK search page 1 for query 'POW'. Stopping pagination.
[2026-05-04 12:27:05] [TASK_2] [WARNING] Failed to fetch TNCK search page 1 for query 'SAB'. Stopping pagination.
[2026-05-04 12:27:05] [TASK_2] [WARNING] Failed to fetch TNCK search page 1 for query 'SHB'. Stopping pagination.
[2026-05-04 12:27:05] [TASK_2] [WARNING] Failed to fetch TNCK search page 1 for query 'SSB'. Stopping pagination.
[2026-05-04 12:27:05] [TASK_2] [WARNING] Failed to fetch TNCK search page 1 for query 'SSI'. Stopping pagination.
[2026-05-04 12:27:05] [TASK_2] [WARNING] Failed to fetch TNCK search page 1 for query 'STB'. Stopping pagination.
[2026-05-04 12:27:05] [TASK_2] [WARNING] Failed to fetch TNCK search page 1 for query 'TCB'. Stopping pagination.
[2026-05-04 12:27:05] [TASK_2] [WARNING] Failed to fetch TNCK search page 1 for query 'TPB'. Stopping pagination.
[2026-05-04 12:27:05] [TASK_2] [WARNING] Failed to fetch TNCK search page 1 for query 'VCB'. Stopping pagination.
[2026-05-04 12:27:05] [TASK_2] [WARNING] Failed to fetch TNCK search page 1 for query 'VHM'. Stopping pagination.
[2026-05-04 12:27:05] [TASK_2] [WARNING] Failed to fetch TNCK search page 1 for query 'VIB'. Stopping pagination.
[2026-05-04 12:27:05] [TASK_2] [WARNING] Failed to fetch TNCK search page 1 for query 'VIC'. Stopping pagination.
[2026-05-04 12:27:05] [TASK_2] [WARNING] Failed to fetch TNCK search page 1 for query 'VJC'. Stopping pagination.
[2026-05-04 12:27:05] [TASK_2] [WARNING] Failed to fetch TNCK search page 1 for query 'VNM'. Stopping pagination.
[2026-05-04 12:27:05] [TASK_2] [WARNING] Failed to fetch TNCK search page 1 for query 'VPB'. Stopping pagination.
[2026-05-04 12:27:05] [TASK_2] [WARNING] Failed to fetch TNCK search page 1 for query 'VRE'. Stopping pagination.
[2026-05-04 12:27:05] [TASK_2] [INFO] TNCK: scraping category pages…
[2026-05-04 12:27:05] [TASK_2] [WARNING] Failed to fetch TNCK category page 1: https://tinnhanhchungkhoan.vn/chung-khoan/. Stopping pagination.
[2026-05-04 12:27:05] [TASK_2] [WARNING] Failed to fetch TNCK category page 1: https://tinnhanhchungkhoan.vn/doanh-nghiep/. Stopping pagination.
[2026-05-04 12:27:05] [TASK_2] [WARNING] Failed to fetch TNCK category page 1: https://tinnhanhchungkhoan.vn/ngan-hang/. Stopping pagination.
[2026-05-04 12:27:05] [TASK_2] [WARNING] Failed to fetch TNCK category page 1: https://tinnhanhchungkhoan.vn/bat-dong-san/. Stopping pagination.
[2026-05-04 12:27:05] [TASK_2] [WARNING] Failed to fetch TNCK category page 1: https://tinnhanhchungkhoan.vn/tai-chinh/. Stopping pagination.
[2026-05-04 12:27:05] [TASK_2] [INFO] TNCK: collected 0 total articles
[2026-05-04 12:27:05] [TASK_2] [INFO] TNCK: searching by VN30 ticker symbols…
[2026-05-04 12:27:05] [TASK_2] [INFO] TNCK search 'ACB': 1 new articles
[2026-05-04 12:27:06] [TASK_2] [INFO] TNCK: scraping category pages…
[2026-05-04 12:27:06] [TASK_2] [INFO] TNCK: collected 1 total articles
[2026-05-04 12:27:06] [TASK_2] [INFO] ============================================================
[2026-05-04 12:27:06] [TASK_2] [INFO] TNCK MONTHLY ARTICLE COUNT REPORT
[2026-05-04 12:27:06] [TASK_2] [INFO] ============================================================
[2026-05-04 12:27:06] [TASK_2] [INFO]   2024-01: 1 articles
[2026-05-04 12:27:06] [TASK_2] [INFO] ------------------------------------------------------------
[2026-05-04 12:27:06] [TASK_2] [INFO] Total: 1 articles across 1 months
[2026-05-04 12:27:06] [TASK_2] [INFO] Average: 1.0 articles/month
[2026-05-04 12:27:06] [TASK_2] [INFO] ============================================================
[2026-05-04 12:27:06] [TASK_2] [INFO] TNCK: searching by VN30 ticker symbols…
[2026-05-04 12:27:06] [TASK_2] [INFO] TNCK search 'ACB': 1 new articles
[2026-05-04 12:27:06] [TASK_2] [INFO] TNCK: scraping category pages…
[2026-05-04 12:27:06] [TASK_2] [INFO] TNCK: collected 1 total articles
[2026-05-04 12:27:06] [TASK_2] [INFO] ============================================================
[2026-05-04 12:27:06] [TASK_2] [INFO] TNCK MONTHLY ARTICLE COUNT REPORT
[2026-05-04 12:27:06] [TASK_2] [INFO] ============================================================
[2026-05-04 12:27:06] [TASK_2] [INFO]   2024-01: 1 articles
[2026-05-04 12:27:06] [TASK_2] [INFO] ------------------------------------------------------------
[2026-05-04 12:27:06] [TASK_2] [INFO] Total: 1 articles across 1 months
[2026-05-04 12:27:06] [TASK_2] [INFO] Average: 1.0 articles/month
[2026-05-04 12:27:06] [TASK_2] [INFO] ============================================================
[2026-05-04 12:27:06] [TASK_2] [INFO] Scraping tnck for ticker=ALL from 2022-01-01 (existing URLs: 0)
[2026-05-04 12:27:06] [TASK_2] [WARNING] Failed to parse CafeF page 2 for VNM (URL: https://cafef.vn/thi-truong-chung-khoan/vnm-ctck/trang-2.chn): Simulated HTML parse failure. Skipping page. HTML selectors may need adjustment if page structure changed.
[2026-05-04 12:27:06] [TASK_2] [INFO] CafeF: collected 1 articles for VNM
[2026-05-04 12:27:06] [TASK_2] [INFO] CafeF: collected 2 articles for VNM
[2026-05-04 12:27:06] [TASK_2] [WARNING] Failed to parse Vietstock tag page 2 for VNM (URL: https://vietstock.vn/tag/VNM/page/2): Simulated HTML parse failure. Skipping page. HTML selectors may need adjustment if page structure changed.
[2026-05-04 12:27:06] [TASK_2] [INFO] Vietstock: collected 1 articles for VNM
[2026-05-04 12:27:06] [TASK_2] [INFO] TNCK: searching by VN30 ticker symbols…
[2026-05-04 12:27:06] [TASK_2] [WARNING] Failed to parse TNCK search page 1 for query 'ACB' (URL: https://tinnhanhchungkhoan.vn/tim-kiem/?q=ACB): Simulated HTML parse failure. Skipping page. HTML selectors may need adjustment if page structure changed.
[2026-05-04 12:27:06] [TASK_2] [INFO] TNCK: scraping category pages…
[2026-05-04 12:27:06] [TASK_2] [INFO] TNCK: collected 0 total articles
[2026-05-04 12:27:06] [TASK_2] [INFO] ============================================================
[2026-05-04 12:27:06] [TASK_2] [INFO] SCRAPING REPORT — CAFEF
[2026-05-04 12:27:06] [TASK_2] [INFO] ============================================================
[2026-05-04 12:27:06] [TASK_2] [INFO]   FPT   : 1 articles (2024-02-01 to 2024-02-01)
[2026-05-04 12:27:06] [TASK_2] [INFO]   VNM   : 2 articles (2024-01-10 to 2024-03-15)
[2026-05-04 12:27:06] [TASK_2] [INFO] ------------------------------------------------------------
[2026-05-04 12:27:06] [TASK_2] [INFO] Total articles from CAFEF: 3
[2026-05-04 12:27:06] [TASK_2] [INFO] ============================================================
[2026-05-04 12:27:06] [TASK_2] [INFO] ============================================================
[2026-05-04 12:27:06] [TASK_2] [INFO] SCRAPING REPORT — CAFEF
[2026-05-04 12:27:06] [TASK_2] [INFO] ============================================================
[2026-05-04 12:27:06] [TASK_2] [INFO]   VNM   : 0 articles
[2026-05-04 12:27:06] [TASK_2] [INFO] ------------------------------------------------------------
[2026-05-04 12:27:06] [TASK_2] [INFO] Total articles from CAFEF: 0
[2026-05-04 12:27:06] [TASK_2] [INFO] ============================================================
[2026-05-04 12:27:06] [TASK_2] [INFO] ============================================================
[2026-05-04 12:27:06] [TASK_2] [INFO] SCRAPING REPORT — CAFEF
[2026-05-04 12:27:06] [TASK_2] [INFO] ============================================================
[2026-05-04 12:27:06] [TASK_2] [INFO]   VNM   : 2 articles (no valid dates)
[2026-05-04 12:27:06] [TASK_2] [INFO] ------------------------------------------------------------
[2026-05-04 12:27:06] [TASK_2] [INFO] Total articles from CAFEF: 2
[2026-05-04 12:27:06] [TASK_2] [INFO] ============================================================
[2026-05-04 12:27:06] [TASK_2] [INFO] ============================================================
[2026-05-04 12:27:06] [TASK_2] [INFO] SCRAPING REPORT — CAFEF
[2026-05-04 12:27:06] [TASK_2] [INFO] ============================================================
[2026-05-04 12:27:06] [TASK_2] [INFO]   VNM   : 3 articles (2024-01-10 to 2024-03-15)
[2026-05-04 12:27:06] [TASK_2] [INFO] ------------------------------------------------------------
[2026-05-04 12:27:06] [TASK_2] [INFO] Total articles from CAFEF: 3
[2026-05-04 12:27:06] [TASK_2] [INFO] ============================================================
[2026-05-04 12:27:06] [TASK_2] [INFO] ============================================================
[2026-05-04 12:27:06] [TASK_2] [INFO] SCRAPING REPORT — CAFEF
[2026-05-04 12:27:06] [TASK_2] [INFO] ============================================================
[2026-05-04 12:27:06] [TASK_2] [INFO] ------------------------------------------------------------
[2026-05-04 12:27:06] [TASK_2] [INFO] Total articles from CAFEF: 0
[2026-05-04 12:27:06] [TASK_2] [INFO] ============================================================
[2026-05-04 12:27:06] [TASK_2] [INFO] ============================================================
[2026-05-04 12:27:06] [TASK_2] [INFO] SCRAPING REPORT — CAFEF
[2026-05-04 12:27:06] [TASK_2] [INFO] ============================================================
[2026-05-04 12:27:06] [TASK_2] [INFO]   ACB   : 1 articles (2024-02-01 to 2024-02-01)
[2026-05-04 12:27:06] [TASK_2] [INFO]   FPT   : 1 articles (2024-03-01 to 2024-03-01)
[2026-05-04 12:27:06] [TASK_2] [INFO]   VNM   : 1 articles (2024-01-10 to 2024-01-10)
[2026-05-04 12:27:06] [TASK_2] [INFO] ------------------------------------------------------------
[2026-05-04 12:27:06] [TASK_2] [INFO] Total articles from CAFEF: 3
[2026-05-04 12:27:06] [TASK_2] [INFO] ============================================================
[2026-05-04 12:27:41] [TASK_2] [WARNING] Request failed for https://cafef.vn/test (attempt 1/3): Connection refused
[2026-05-04 12:27:41] [TASK_2] [INFO] Retrying in 1s…
[2026-05-04 12:27:41] [TASK_2] [WARNING] Request failed for https://cafef.vn/test (attempt 2/3): Connection refused
[2026-05-04 12:27:41] [TASK_2] [INFO] Retrying in 2s…
[2026-05-04 12:27:41] [TASK_2] [WARNING] Request failed for https://cafef.vn/test (attempt 3/3): Connection refused
[2026-05-04 12:27:41] [TASK_2] [ERROR] All 3 attempts failed for https://cafef.vn/test. Skipping.
[2026-05-04 12:27:41] [TASK_2] [WARNING] Request failed for https://cafef.vn/test (attempt 1/3): timeout
[2026-05-04 12:27:41] [TASK_2] [INFO] Retrying in 1s…
[2026-05-04 12:27:41] [TASK_2] [WARNING] Request failed for https://cafef.vn/test (attempt 1/3): 503 Service Unavailable
[2026-05-04 12:27:41] [TASK_2] [INFO] Retrying in 1s…
[2026-05-04 12:27:41] [TASK_2] [WARNING] Request failed for https://cafef.vn/test (attempt 2/3): 503 Service Unavailable
[2026-05-04 12:27:41] [TASK_2] [INFO] Retrying in 2s…
[2026-05-04 12:27:41] [TASK_2] [WARNING] Request failed for https://cafef.vn/test (attempt 3/3): 503 Service Unavailable
[2026-05-04 12:27:41] [TASK_2] [ERROR] All 3 attempts failed for https://cafef.vn/test. Skipping.
[2026-05-04 12:27:41] [TASK_2] [WARNING] Missing required fields in article: https://cafef.vn/test.chn
[2026-05-04 12:27:41] [TASK_2] [WARNING] Missing required fields in article: ?
[2026-05-04 12:27:41] [TASK_2] [WARNING] Missing required fields in article: https://cafef.vn/test.chn
[2026-05-04 12:27:41] [TASK_2] [INFO] Saved 1 rows to C:\Users\User\AppData\Local\Temp\pytest-of-User\pytest-139\test_writes_csv_correctly0\output.csv
[2026-05-04 12:27:41] [TASK_2] [INFO] Saved 1 rows to C:\Users\User\AppData\Local\Temp\pytest-of-User\pytest-139\test_no_temp_file_left_behind0\output.csv
[2026-05-04 12:27:41] [TASK_2] [INFO] Saved 1 rows to C:\Users\User\AppData\Local\Temp\pytest-of-User\pytest-139\test_creates_parent_directorie0\sub\dir\output.csv
[2026-05-04 12:27:41] [TASK_2] [WARNING] Could not parse CafeF date: not a date
[2026-05-04 12:27:42] [TASK_2] [INFO] CafeF: collected 2 articles for VNM
[2026-05-04 12:27:42] [TASK_2] [INFO] CafeF: collected 0 articles for VNM
[2026-05-04 12:27:42] [TASK_2] [WARNING] Failed to fetch CafeF page 1 for VNM. Stopping pagination.
[2026-05-04 12:27:42] [TASK_2] [INFO] CafeF: collected 0 articles for VNM
[2026-05-04 12:27:42] [TASK_2] [INFO] CafeF: collected 1 articles for VNM
[2026-05-04 12:27:42] [TASK_2] [INFO] CafeF: collected 2 articles for FPT
[2026-05-04 12:27:42] [TASK_2] [WARNING] Failed to fetch CafeF page 1 for VNM. Stopping pagination.
[2026-05-04 12:27:42] [TASK_2] [INFO] CafeF: collected 0 articles for VNM
[2026-05-04 12:27:42] [TASK_2] [INFO] Scraping cafef for ticker=VNM from 2022-01-01 (existing URLs: 0)
[2026-05-04 12:27:42] [TASK_2] [WARNING] Could not parse Vietstock date: 2 giờ trước
[2026-05-04 12:27:42] [TASK_2] [INFO] Vietstock: login wall detected — collecting only publicly visible title and summary (Req 2.3).
[2026-05-04 12:27:42] [TASK_2] [INFO] Vietstock: collected 2 articles for VNM
[2026-05-04 12:27:42] [TASK_2] [INFO] Vietstock tag page yielded no articles for VNM. Trying finance sub-domain fallback.
[2026-05-04 12:27:42] [TASK_2] [INFO] Vietstock: collected 0 articles for VNM
[2026-05-04 12:27:42] [TASK_2] [WARNING] Failed to fetch Vietstock tag page 1 for VNM. Stopping pagination.
[2026-05-04 12:27:42] [TASK_2] [INFO] Vietstock tag page yielded no articles for VNM. Trying finance sub-domain fallback.
[2026-05-04 12:27:42] [TASK_2] [INFO] Vietstock: collected 0 articles for VNM
[2026-05-04 12:27:42] [TASK_2] [INFO] Vietstock: collected 1 articles for VNM
[2026-05-04 12:27:42] [TASK_2] [INFO] Vietstock tag page yielded no articles for FPT. Trying finance sub-domain fallback.
[2026-05-04 12:27:42] [TASK_2] [INFO] Vietstock: collected 1 articles for FPT
[2026-05-04 12:27:42] [TASK_2] [WARNING] Failed to fetch Vietstock tag page 1 for VNM. Stopping pagination.
[2026-05-04 12:27:42] [TASK_2] [INFO] Vietstock tag page yielded no articles for VNM. Trying finance sub-domain fallback.
[2026-05-04 12:27:42] [TASK_2] [INFO] Vietstock: collected 0 articles for VNM
[2026-05-04 12:27:42] [TASK_2] [INFO] Vietstock: collected 2 articles for FPT
[2026-05-04 12:27:42] [TASK_2] [INFO] Scraping vietstock for ticker=VNM from 2022-01-01 (existing URLs: 0)
[2026-05-04 12:27:42] [TASK_2] [WARNING] Could not parse TNCK date: 2 giờ trước
[2026-05-04 12:27:42] [TASK_2] [INFO] ============================================================
[2026-05-04 12:27:42] [TASK_2] [INFO] TNCK MONTHLY ARTICLE COUNT REPORT
[2026-05-04 12:27:42] [TASK_2] [INFO] ============================================================
[2026-05-04 12:27:42] [TASK_2] [INFO]   2024-01: 3 articles
[2026-05-04 12:27:42] [TASK_2] [INFO]   2024-02: 2 articles
[2026-05-04 12:27:42] [TASK_2] [INFO]   2024-03: 1 articles
[2026-05-04 12:27:42] [TASK_2] [INFO] ------------------------------------------------------------
[2026-05-04 12:27:42] [TASK_2] [INFO] Total: 6 articles across 3 months
[2026-05-04 12:27:42] [TASK_2] [INFO] Average: 2.0 articles/month
[2026-05-04 12:27:42] [TASK_2] [INFO] ============================================================
[2026-05-04 12:27:42] [TASK_2] [INFO] TNCK monthly report: no articles to report.
[2026-05-04 12:27:42] [TASK_2] [INFO] TNCK monthly report: no articles with valid dates.
[2026-05-04 12:27:43] [TASK_2] [INFO] TNCK: searching by VN30 ticker symbols…
[2026-05-04 12:27:43] [TASK_2] [INFO] TNCK search 'ACB': 1 new articles
[2026-05-04 12:27:43] [TASK_2] [INFO] TNCK: scraping category pages…
[2026-05-04 12:27:43] [TASK_2] [INFO] TNCK: collected 1 total articles
[2026-05-04 12:27:43] [TASK_2] [INFO] ============================================================
[2026-05-04 12:27:43] [TASK_2] [INFO] TNCK MONTHLY ARTICLE COUNT REPORT
[2026-05-04 12:27:43] [TASK_2] [INFO] ============================================================
[2026-05-04 12:27:43] [TASK_2] [INFO]   2024-01: 1 articles
[2026-05-04 12:27:43] [TASK_2] [INFO] ------------------------------------------------------------
[2026-05-04 12:27:43] [TASK_2] [INFO] Total: 1 articles across 1 months
[2026-05-04 12:27:43] [TASK_2] [INFO] Average: 1.0 articles/month
[2026-05-04 12:27:43] [TASK_2] [INFO] ============================================================
[2026-05-04 12:27:43] [TASK_2] [INFO] TNCK: searching by VN30 ticker symbols…
[2026-05-04 12:27:43] [TASK_2] [WARNING] Failed to fetch TNCK search page 1 for query 'ACB'. Stopping pagination.
[2026-05-04 12:27:43] [TASK_2] [WARNING] Failed to fetch TNCK search page 1 for query 'BCM'. Stopping pagination.
[2026-05-04 12:27:43] [TASK_2] [WARNING] Failed to fetch TNCK search page 1 for query 'BID'. Stopping pagination.
[2026-05-04 12:27:43] [TASK_2] [WARNING] Failed to fetch TNCK search page 1 for query 'BVH'. Stopping pagination.
[2026-05-04 12:27:43] [TASK_2] [WARNING] Failed to fetch TNCK search page 1 for query 'CTG'. Stopping pagination.
[2026-05-04 12:27:43] [TASK_2] [WARNING] Failed to fetch TNCK search page 1 for query 'FPT'. Stopping pagination.
[2026-05-04 12:27:43] [TASK_2] [WARNING] Failed to fetch TNCK search page 1 for query 'GAS'. Stopping pagination.
[2026-05-04 12:27:43] [TASK_2] [WARNING] Failed to fetch TNCK search page 1 for query 'GVR'. Stopping pagination.
[2026-05-04 12:27:43] [TASK_2] [WARNING] Failed to fetch TNCK search page 1 for query 'HDB'. Stopping pagination.
[2026-05-04 12:27:43] [TASK_2] [WARNING] Failed to fetch TNCK search page 1 for query 'HPG'. Stopping pagination.
[2026-05-04 12:27:43] [TASK_2] [WARNING] Failed to fetch TNCK search page 1 for query 'MBB'. Stopping pagination.
[2026-05-04 12:27:43] [TASK_2] [WARNING] Failed to fetch TNCK search page 1 for query 'MSN'. Stopping pagination.
[2026-05-04 12:27:43] [TASK_2] [WARNING] Failed to fetch TNCK search page 1 for query 'MWG'. Stopping pagination.
[2026-05-04 12:27:43] [TASK_2] [WARNING] Failed to fetch TNCK search page 1 for query 'PLX'. Stopping pagination.
[2026-05-04 12:27:43] [TASK_2] [WARNING] Failed to fetch TNCK search page 1 for query 'POW'. Stopping pagination.
[2026-05-04 12:27:43] [TASK_2] [WARNING] Failed to fetch TNCK search page 1 for query 'SAB'. Stopping pagination.
[2026-05-04 12:27:43] [TASK_2] [WARNING] Failed to fetch TNCK search page 1 for query 'SHB'. Stopping pagination.
[2026-05-04 12:27:43] [TASK_2] [WARNING] Failed to fetch TNCK search page 1 for query 'SSB'. Stopping pagination.
[2026-05-04 12:27:43] [TASK_2] [WARNING] Failed to fetch TNCK search page 1 for query 'SSI'. Stopping pagination.
[2026-05-04 12:27:43] [TASK_2] [WARNING] Failed to fetch TNCK search page 1 for query 'STB'. Stopping pagination.
[2026-05-04 12:27:43] [TASK_2] [WARNING] Failed to fetch TNCK search page 1 for query 'TCB'. Stopping pagination.
[2026-05-04 12:27:43] [TASK_2] [WARNING] Failed to fetch TNCK search page 1 for query 'TPB'. Stopping pagination.
[2026-05-04 12:27:43] [TASK_2] [WARNING] Failed to fetch TNCK search page 1 for query 'VCB'. Stopping pagination.
[2026-05-04 12:27:43] [TASK_2] [WARNING] Failed to fetch TNCK search page 1 for query 'VHM'. Stopping pagination.
[2026-05-04 12:27:43] [TASK_2] [WARNING] Failed to fetch TNCK search page 1 for query 'VIB'. Stopping pagination.
[2026-05-04 12:27:43] [TASK_2] [WARNING] Failed to fetch TNCK search page 1 for query 'VIC'. Stopping pagination.
[2026-05-04 12:27:43] [TASK_2] [WARNING] Failed to fetch TNCK search page 1 for query 'VJC'. Stopping pagination.
[2026-05-04 12:27:43] [TASK_2] [WARNING] Failed to fetch TNCK search page 1 for query 'VNM'. Stopping pagination.
[2026-05-04 12:27:43] [TASK_2] [WARNING] Failed to fetch TNCK search page 1 for query 'VPB'. Stopping pagination.
[2026-05-04 12:27:43] [TASK_2] [WARNING] Failed to fetch TNCK search page 1 for query 'VRE'. Stopping pagination.
[2026-05-04 12:27:43] [TASK_2] [INFO] TNCK: scraping category pages…
[2026-05-04 12:27:43] [TASK_2] [WARNING] Failed to fetch TNCK category page 1: https://tinnhanhchungkhoan.vn/chung-khoan/. Stopping pagination.
[2026-05-04 12:27:43] [TASK_2] [WARNING] Failed to fetch TNCK category page 1: https://tinnhanhchungkhoan.vn/doanh-nghiep/. Stopping pagination.
[2026-05-04 12:27:43] [TASK_2] [WARNING] Failed to fetch TNCK category page 1: https://tinnhanhchungkhoan.vn/ngan-hang/. Stopping pagination.
[2026-05-04 12:27:43] [TASK_2] [WARNING] Failed to fetch TNCK category page 1: https://tinnhanhchungkhoan.vn/bat-dong-san/. Stopping pagination.
[2026-05-04 12:27:43] [TASK_2] [WARNING] Failed to fetch TNCK category page 1: https://tinnhanhchungkhoan.vn/tai-chinh/. Stopping pagination.
[2026-05-04 12:27:43] [TASK_2] [INFO] TNCK: collected 0 total articles
[2026-05-04 12:27:43] [TASK_2] [INFO] TNCK: searching by VN30 ticker symbols…
[2026-05-04 12:27:43] [TASK_2] [INFO] TNCK search 'ACB': 1 new articles
[2026-05-04 12:27:43] [TASK_2] [INFO] TNCK: scraping category pages…
[2026-05-04 12:27:43] [TASK_2] [INFO] TNCK: collected 1 total articles
[2026-05-04 12:27:43] [TASK_2] [INFO] ============================================================
[2026-05-04 12:27:43] [TASK_2] [INFO] TNCK MONTHLY ARTICLE COUNT REPORT
[2026-05-04 12:27:43] [TASK_2] [INFO] ============================================================
[2026-05-04 12:27:43] [TASK_2] [INFO]   2024-01: 1 articles
[2026-05-04 12:27:43] [TASK_2] [INFO] ------------------------------------------------------------
[2026-05-04 12:27:43] [TASK_2] [INFO] Total: 1 articles across 1 months
[2026-05-04 12:27:43] [TASK_2] [INFO] Average: 1.0 articles/month
[2026-05-04 12:27:43] [TASK_2] [INFO] ============================================================
[2026-05-04 12:27:43] [TASK_2] [INFO] TNCK: searching by VN30 ticker symbols…
[2026-05-04 12:27:43] [TASK_2] [INFO] TNCK search 'ACB': 1 new articles
[2026-05-04 12:27:43] [TASK_2] [INFO] TNCK: scraping category pages…
[2026-05-04 12:27:43] [TASK_2] [INFO] TNCK: collected 1 total articles
[2026-05-04 12:27:43] [TASK_2] [INFO] ============================================================
[2026-05-04 12:27:43] [TASK_2] [INFO] TNCK MONTHLY ARTICLE COUNT REPORT
[2026-05-04 12:27:43] [TASK_2] [INFO] ============================================================
[2026-05-04 12:27:43] [TASK_2] [INFO]   2024-01: 1 articles
[2026-05-04 12:27:43] [TASK_2] [INFO] ------------------------------------------------------------
[2026-05-04 12:27:43] [TASK_2] [INFO] Total: 1 articles across 1 months
[2026-05-04 12:27:43] [TASK_2] [INFO] Average: 1.0 articles/month
[2026-05-04 12:27:43] [TASK_2] [INFO] ============================================================
[2026-05-04 12:27:43] [TASK_2] [INFO] Scraping tnck for ticker=ALL from 2022-01-01 (existing URLs: 0)
[2026-05-04 12:27:43] [TASK_2] [WARNING] Failed to parse CafeF page 2 for VNM (URL: https://cafef.vn/thi-truong-chung-khoan/vnm-ctck/trang-2.chn): Simulated HTML parse failure. Skipping page. HTML selectors may need adjustment if page structure changed.
[2026-05-04 12:27:43] [TASK_2] [INFO] CafeF: collected 1 articles for VNM
[2026-05-04 12:27:43] [TASK_2] [INFO] CafeF: collected 2 articles for VNM
[2026-05-04 12:27:43] [TASK_2] [WARNING] Failed to parse Vietstock tag page 2 for VNM (URL: https://vietstock.vn/tag/VNM/page/2): Simulated HTML parse failure. Skipping page. HTML selectors may need adjustment if page structure changed.
[2026-05-04 12:27:43] [TASK_2] [INFO] Vietstock: collected 1 articles for VNM
[2026-05-04 12:27:43] [TASK_2] [INFO] TNCK: searching by VN30 ticker symbols…
[2026-05-04 12:27:43] [TASK_2] [WARNING] Failed to parse TNCK search page 1 for query 'ACB' (URL: https://tinnhanhchungkhoan.vn/tim-kiem/?q=ACB): Simulated HTML parse failure. Skipping page. HTML selectors may need adjustment if page structure changed.
[2026-05-04 12:27:43] [TASK_2] [INFO] TNCK: scraping category pages…
[2026-05-04 12:27:43] [TASK_2] [INFO] TNCK: collected 0 total articles
[2026-05-04 12:27:43] [TASK_2] [INFO] ============================================================
[2026-05-04 12:27:43] [TASK_2] [INFO] SCRAPING REPORT — CAFEF
[2026-05-04 12:27:43] [TASK_2] [INFO] ============================================================
[2026-05-04 12:27:43] [TASK_2] [INFO]   FPT   : 1 articles (2024-02-01 to 2024-02-01)
[2026-05-04 12:27:43] [TASK_2] [INFO]   VNM   : 2 articles (2024-01-10 to 2024-03-15)
[2026-05-04 12:27:43] [TASK_2] [INFO] ------------------------------------------------------------
[2026-05-04 12:27:43] [TASK_2] [INFO] Total articles from CAFEF: 3
[2026-05-04 12:27:43] [TASK_2] [INFO] ============================================================
[2026-05-04 12:27:43] [TASK_2] [INFO] ============================================================
[2026-05-04 12:27:43] [TASK_2] [INFO] SCRAPING REPORT — CAFEF
[2026-05-04 12:27:43] [TASK_2] [INFO] ============================================================
[2026-05-04 12:27:43] [TASK_2] [INFO]   VNM   : 0 articles
[2026-05-04 12:27:43] [TASK_2] [INFO] ------------------------------------------------------------
[2026-05-04 12:27:43] [TASK_2] [INFO] Total articles from CAFEF: 0
[2026-05-04 12:27:43] [TASK_2] [INFO] ============================================================
[2026-05-04 12:27:43] [TASK_2] [INFO] ============================================================
[2026-05-04 12:27:43] [TASK_2] [INFO] SCRAPING REPORT — CAFEF
[2026-05-04 12:27:43] [TASK_2] [INFO] ============================================================
[2026-05-04 12:27:43] [TASK_2] [INFO]   VNM   : 2 articles (no valid dates)
[2026-05-04 12:27:43] [TASK_2] [INFO] ------------------------------------------------------------
[2026-05-04 12:27:43] [TASK_2] [INFO] Total articles from CAFEF: 2
[2026-05-04 12:27:43] [TASK_2] [INFO] ============================================================
[2026-05-04 12:27:43] [TASK_2] [INFO] ============================================================
[2026-05-04 12:27:43] [TASK_2] [INFO] SCRAPING REPORT — CAFEF
[2026-05-04 12:27:43] [TASK_2] [INFO] ============================================================
[2026-05-04 12:27:43] [TASK_2] [INFO]   VNM   : 3 articles (2024-01-10 to 2024-03-15)
[2026-05-04 12:27:43] [TASK_2] [INFO] ------------------------------------------------------------
[2026-05-04 12:27:43] [TASK_2] [INFO] Total articles from CAFEF: 3
[2026-05-04 12:27:43] [TASK_2] [INFO] ============================================================
[2026-05-04 12:27:43] [TASK_2] [INFO] ============================================================
[2026-05-04 12:27:43] [TASK_2] [INFO] SCRAPING REPORT — CAFEF
[2026-05-04 12:27:43] [TASK_2] [INFO] ============================================================
[2026-05-04 12:27:43] [TASK_2] [INFO] ------------------------------------------------------------
[2026-05-04 12:27:43] [TASK_2] [INFO] Total articles from CAFEF: 0
[2026-05-04 12:27:43] [TASK_2] [INFO] ============================================================
[2026-05-04 12:27:43] [TASK_2] [INFO] ============================================================
[2026-05-04 12:27:43] [TASK_2] [INFO] SCRAPING REPORT — CAFEF
[2026-05-04 12:27:43] [TASK_2] [INFO] ============================================================
[2026-05-04 12:27:43] [TASK_2] [INFO]   ACB   : 1 articles (2024-02-01 to 2024-02-01)
[2026-05-04 12:27:43] [TASK_2] [INFO]   FPT   : 1 articles (2024-03-01 to 2024-03-01)
[2026-05-04 12:27:43] [TASK_2] [INFO]   VNM   : 1 articles (2024-01-10 to 2024-01-10)
[2026-05-04 12:27:43] [TASK_2] [INFO] ------------------------------------------------------------
[2026-05-04 12:27:43] [TASK_2] [INFO] Total articles from CAFEF: 3
[2026-05-04 12:27:43] [TASK_2] [INFO] ============================================================
[2026-05-04 13:06:35] [TASK_2] [WARNING] Request failed for https://cafef.vn/test (attempt 1/3): Connection refused
[2026-05-04 13:06:35] [TASK_2] [INFO] Retrying in 1s…
[2026-05-04 13:06:35] [TASK_2] [WARNING] Request failed for https://cafef.vn/test (attempt 2/3): Connection refused
[2026-05-04 13:06:35] [TASK_2] [INFO] Retrying in 2s…
[2026-05-04 13:06:35] [TASK_2] [WARNING] Request failed for https://cafef.vn/test (attempt 3/3): Connection refused
[2026-05-04 13:06:35] [TASK_2] [ERROR] All 3 attempts failed for https://cafef.vn/test. Skipping.
[2026-05-04 13:06:36] [TASK_2] [WARNING] Request failed for https://cafef.vn/test (attempt 1/3): timeout
[2026-05-04 13:06:36] [TASK_2] [INFO] Retrying in 1s…
[2026-05-04 13:06:36] [TASK_2] [WARNING] Request failed for https://cafef.vn/test (attempt 1/3): 503 Service Unavailable
[2026-05-04 13:06:36] [TASK_2] [INFO] Retrying in 1s…
[2026-05-04 13:06:36] [TASK_2] [WARNING] Request failed for https://cafef.vn/test (attempt 2/3): 503 Service Unavailable
[2026-05-04 13:06:36] [TASK_2] [INFO] Retrying in 2s…
[2026-05-04 13:06:36] [TASK_2] [WARNING] Request failed for https://cafef.vn/test (attempt 3/3): 503 Service Unavailable
[2026-05-04 13:06:36] [TASK_2] [ERROR] All 3 attempts failed for https://cafef.vn/test. Skipping.
[2026-05-04 13:06:36] [TASK_2] [WARNING] Missing required fields in article: https://cafef.vn/test.chn
[2026-05-04 13:06:36] [TASK_2] [WARNING] Missing required fields in article: ?
[2026-05-04 13:06:36] [TASK_2] [WARNING] Missing required fields in article: https://cafef.vn/test.chn
[2026-05-04 13:06:36] [TASK_2] [INFO] Saved 1 rows to C:\Users\User\AppData\Local\Temp\pytest-of-User\pytest-140\test_writes_csv_correctly0\output.csv
[2026-05-04 13:06:36] [TASK_2] [INFO] Saved 1 rows to C:\Users\User\AppData\Local\Temp\pytest-of-User\pytest-140\test_no_temp_file_left_behind0\output.csv
[2026-05-04 13:06:36] [TASK_2] [INFO] Saved 1 rows to C:\Users\User\AppData\Local\Temp\pytest-of-User\pytest-140\test_creates_parent_directorie0\sub\dir\output.csv
[2026-05-04 13:06:36] [TASK_2] [WARNING] Could not parse CafeF date: not a date
[2026-05-04 13:06:37] [TASK_2] [INFO] CafeF: collected 2 articles for VNM
[2026-05-04 13:06:37] [TASK_2] [INFO] CafeF: collected 0 articles for VNM
[2026-05-04 13:06:37] [TASK_2] [WARNING] Failed to fetch CafeF page 1 for VNM. Stopping pagination.
[2026-05-04 13:06:37] [TASK_2] [INFO] CafeF: collected 0 articles for VNM
[2026-05-04 13:06:37] [TASK_2] [INFO] CafeF: collected 1 articles for VNM
[2026-05-04 13:06:37] [TASK_2] [INFO] CafeF: collected 2 articles for FPT
[2026-05-04 13:06:37] [TASK_2] [WARNING] Failed to fetch CafeF page 1 for VNM. Stopping pagination.
[2026-05-04 13:06:37] [TASK_2] [INFO] CafeF: collected 0 articles for VNM
[2026-05-04 13:06:37] [TASK_2] [INFO] Scraping cafef for ticker=VNM from 2022-01-01 (existing URLs: 0)
[2026-05-04 13:06:38] [TASK_2] [WARNING] Could not parse Vietstock date: 2 giờ trước
[2026-05-04 13:06:39] [TASK_2] [INFO] Vietstock: login wall detected — collecting only publicly visible title and summary (Req 2.3).
[2026-05-04 13:06:39] [TASK_2] [INFO] Vietstock: collected 2 articles for VNM
[2026-05-04 13:06:40] [TASK_2] [INFO] Vietstock tag page yielded no articles for VNM. Trying finance sub-domain fallback.
[2026-05-04 13:06:40] [TASK_2] [INFO] Vietstock: collected 0 articles for VNM
[2026-05-04 13:06:40] [TASK_2] [WARNING] Failed to fetch Vietstock tag page 1 for VNM. Stopping pagination.
[2026-05-04 13:06:40] [TASK_2] [INFO] Vietstock tag page yielded no articles for VNM. Trying finance sub-domain fallback.
[2026-05-04 13:06:40] [TASK_2] [INFO] Vietstock: collected 0 articles for VNM
[2026-05-04 13:06:40] [TASK_2] [INFO] Vietstock: collected 1 articles for VNM
[2026-05-04 13:06:40] [TASK_2] [INFO] Vietstock tag page yielded no articles for FPT. Trying finance sub-domain fallback.
[2026-05-04 13:06:40] [TASK_2] [INFO] Vietstock: collected 1 articles for FPT
[2026-05-04 13:06:40] [TASK_2] [WARNING] Failed to fetch Vietstock tag page 1 for VNM. Stopping pagination.
[2026-05-04 13:06:40] [TASK_2] [INFO] Vietstock tag page yielded no articles for VNM. Trying finance sub-domain fallback.
[2026-05-04 13:06:40] [TASK_2] [INFO] Vietstock: collected 0 articles for VNM
[2026-05-04 13:06:41] [TASK_2] [INFO] Vietstock: collected 2 articles for FPT
[2026-05-04 13:06:41] [TASK_2] [INFO] Scraping vietstock for ticker=VNM from 2022-01-01 (existing URLs: 0)
[2026-05-04 13:06:41] [TASK_2] [WARNING] Could not parse TNCK date: 2 giờ trước
[2026-05-04 13:06:42] [TASK_2] [INFO] ============================================================
[2026-05-04 13:06:42] [TASK_2] [INFO] TNCK MONTHLY ARTICLE COUNT REPORT
[2026-05-04 13:06:42] [TASK_2] [INFO] ============================================================
[2026-05-04 13:06:42] [TASK_2] [INFO]   2024-01: 3 articles
[2026-05-04 13:06:42] [TASK_2] [INFO]   2024-02: 2 articles
[2026-05-04 13:06:42] [TASK_2] [INFO]   2024-03: 1 articles
[2026-05-04 13:06:42] [TASK_2] [INFO] ------------------------------------------------------------
[2026-05-04 13:06:42] [TASK_2] [INFO] Total: 6 articles across 3 months
[2026-05-04 13:06:42] [TASK_2] [INFO] Average: 2.0 articles/month
[2026-05-04 13:06:42] [TASK_2] [INFO] ============================================================
[2026-05-04 13:06:42] [TASK_2] [INFO] TNCK monthly report: no articles to report.
[2026-05-04 13:06:42] [TASK_2] [INFO] TNCK monthly report: no articles with valid dates.
[2026-05-04 13:06:42] [TASK_2] [INFO] TNCK: searching by VN30 ticker symbols…
[2026-05-04 13:06:42] [TASK_2] [INFO] TNCK search 'ACB': 1 new articles
[2026-05-04 13:06:42] [TASK_2] [INFO] TNCK: scraping category pages…
[2026-05-04 13:06:42] [TASK_2] [INFO] TNCK: collected 1 total articles
[2026-05-04 13:06:42] [TASK_2] [INFO] ============================================================
[2026-05-04 13:06:42] [TASK_2] [INFO] TNCK MONTHLY ARTICLE COUNT REPORT
[2026-05-04 13:06:42] [TASK_2] [INFO] ============================================================
[2026-05-04 13:06:42] [TASK_2] [INFO]   2024-01: 1 articles
[2026-05-04 13:06:42] [TASK_2] [INFO] ------------------------------------------------------------
[2026-05-04 13:06:42] [TASK_2] [INFO] Total: 1 articles across 1 months
[2026-05-04 13:06:42] [TASK_2] [INFO] Average: 1.0 articles/month
[2026-05-04 13:06:42] [TASK_2] [INFO] ============================================================
[2026-05-04 13:06:42] [TASK_2] [INFO] TNCK: searching by VN30 ticker symbols…
[2026-05-04 13:06:42] [TASK_2] [WARNING] Failed to fetch TNCK search page 1 for query 'ACB'. Stopping pagination.
[2026-05-04 13:06:42] [TASK_2] [WARNING] Failed to fetch TNCK search page 1 for query 'BCM'. Stopping pagination.
[2026-05-04 13:06:42] [TASK_2] [WARNING] Failed to fetch TNCK search page 1 for query 'BID'. Stopping pagination.
[2026-05-04 13:06:42] [TASK_2] [WARNING] Failed to fetch TNCK search page 1 for query 'BVH'. Stopping pagination.
[2026-05-04 13:06:42] [TASK_2] [WARNING] Failed to fetch TNCK search page 1 for query 'CTG'. Stopping pagination.
[2026-05-04 13:06:42] [TASK_2] [WARNING] Failed to fetch TNCK search page 1 for query 'FPT'. Stopping pagination.
[2026-05-04 13:06:42] [TASK_2] [WARNING] Failed to fetch TNCK search page 1 for query 'GAS'. Stopping pagination.
[2026-05-04 13:06:42] [TASK_2] [WARNING] Failed to fetch TNCK search page 1 for query 'GVR'. Stopping pagination.
[2026-05-04 13:06:42] [TASK_2] [WARNING] Failed to fetch TNCK search page 1 for query 'HDB'. Stopping pagination.
[2026-05-04 13:06:42] [TASK_2] [WARNING] Failed to fetch TNCK search page 1 for query 'HPG'. Stopping pagination.
[2026-05-04 13:06:42] [TASK_2] [WARNING] Failed to fetch TNCK search page 1 for query 'MBB'. Stopping pagination.
[2026-05-04 13:06:42] [TASK_2] [WARNING] Failed to fetch TNCK search page 1 for query 'MSN'. Stopping pagination.
[2026-05-04 13:06:42] [TASK_2] [WARNING] Failed to fetch TNCK search page 1 for query 'MWG'. Stopping pagination.
[2026-05-04 13:06:42] [TASK_2] [WARNING] Failed to fetch TNCK search page 1 for query 'PLX'. Stopping pagination.
[2026-05-04 13:06:42] [TASK_2] [WARNING] Failed to fetch TNCK search page 1 for query 'POW'. Stopping pagination.
[2026-05-04 13:06:42] [TASK_2] [WARNING] Failed to fetch TNCK search page 1 for query 'SAB'. Stopping pagination.
[2026-05-04 13:06:42] [TASK_2] [WARNING] Failed to fetch TNCK search page 1 for query 'SHB'. Stopping pagination.
[2026-05-04 13:06:42] [TASK_2] [WARNING] Failed to fetch TNCK search page 1 for query 'SSB'. Stopping pagination.
[2026-05-04 13:06:42] [TASK_2] [WARNING] Failed to fetch TNCK search page 1 for query 'SSI'. Stopping pagination.
[2026-05-04 13:06:42] [TASK_2] [WARNING] Failed to fetch TNCK search page 1 for query 'STB'. Stopping pagination.
[2026-05-04 13:06:42] [TASK_2] [WARNING] Failed to fetch TNCK search page 1 for query 'TCB'. Stopping pagination.
[2026-05-04 13:06:42] [TASK_2] [WARNING] Failed to fetch TNCK search page 1 for query 'TPB'. Stopping pagination.
[2026-05-04 13:06:42] [TASK_2] [WARNING] Failed to fetch TNCK search page 1 for query 'VCB'. Stopping pagination.
[2026-05-04 13:06:42] [TASK_2] [WARNING] Failed to fetch TNCK search page 1 for query 'VHM'. Stopping pagination.
[2026-05-04 13:06:42] [TASK_2] [WARNING] Failed to fetch TNCK search page 1 for query 'VIB'. Stopping pagination.
[2026-05-04 13:06:42] [TASK_2] [WARNING] Failed to fetch TNCK search page 1 for query 'VIC'. Stopping pagination.
[2026-05-04 13:06:42] [TASK_2] [WARNING] Failed to fetch TNCK search page 1 for query 'VJC'. Stopping pagination.
[2026-05-04 13:06:42] [TASK_2] [WARNING] Failed to fetch TNCK search page 1 for query 'VNM'. Stopping pagination.
[2026-05-04 13:06:42] [TASK_2] [WARNING] Failed to fetch TNCK search page 1 for query 'VPB'. Stopping pagination.
[2026-05-04 13:06:42] [TASK_2] [WARNING] Failed to fetch TNCK search page 1 for query 'VRE'. Stopping pagination.
[2026-05-04 13:06:42] [TASK_2] [INFO] TNCK: scraping category pages…
[2026-05-04 13:06:42] [TASK_2] [WARNING] Failed to fetch TNCK category page 1: https://tinnhanhchungkhoan.vn/chung-khoan/. Stopping pagination.
[2026-05-04 13:06:42] [TASK_2] [WARNING] Failed to fetch TNCK category page 1: https://tinnhanhchungkhoan.vn/doanh-nghiep/. Stopping pagination.
[2026-05-04 13:06:42] [TASK_2] [WARNING] Failed to fetch TNCK category page 1: https://tinnhanhchungkhoan.vn/ngan-hang/. Stopping pagination.
[2026-05-04 13:06:42] [TASK_2] [WARNING] Failed to fetch TNCK category page 1: https://tinnhanhchungkhoan.vn/bat-dong-san/. Stopping pagination.
[2026-05-04 13:06:42] [TASK_2] [WARNING] Failed to fetch TNCK category page 1: https://tinnhanhchungkhoan.vn/tai-chinh/. Stopping pagination.
[2026-05-04 13:06:42] [TASK_2] [INFO] TNCK: collected 0 total articles
[2026-05-04 13:06:42] [TASK_2] [INFO] TNCK: searching by VN30 ticker symbols…
[2026-05-04 13:06:42] [TASK_2] [INFO] TNCK search 'ACB': 1 new articles
[2026-05-04 13:06:42] [TASK_2] [INFO] TNCK: scraping category pages…
[2026-05-04 13:06:42] [TASK_2] [INFO] TNCK: collected 1 total articles
[2026-05-04 13:06:42] [TASK_2] [INFO] ============================================================
[2026-05-04 13:06:42] [TASK_2] [INFO] TNCK MONTHLY ARTICLE COUNT REPORT
[2026-05-04 13:06:42] [TASK_2] [INFO] ============================================================
[2026-05-04 13:06:42] [TASK_2] [INFO]   2024-01: 1 articles
[2026-05-04 13:06:42] [TASK_2] [INFO] ------------------------------------------------------------
[2026-05-04 13:06:42] [TASK_2] [INFO] Total: 1 articles across 1 months
[2026-05-04 13:06:42] [TASK_2] [INFO] Average: 1.0 articles/month
[2026-05-04 13:06:42] [TASK_2] [INFO] ============================================================
[2026-05-04 13:06:42] [TASK_2] [INFO] TNCK: searching by VN30 ticker symbols…
[2026-05-04 13:06:42] [TASK_2] [INFO] TNCK search 'ACB': 1 new articles
[2026-05-04 13:06:42] [TASK_2] [INFO] TNCK: scraping category pages…
[2026-05-04 13:06:42] [TASK_2] [INFO] TNCK: collected 1 total articles
[2026-05-04 13:06:42] [TASK_2] [INFO] ============================================================
[2026-05-04 13:06:42] [TASK_2] [INFO] TNCK MONTHLY ARTICLE COUNT REPORT
[2026-05-04 13:06:42] [TASK_2] [INFO] ============================================================
[2026-05-04 13:06:42] [TASK_2] [INFO]   2024-01: 1 articles
[2026-05-04 13:06:42] [TASK_2] [INFO] ------------------------------------------------------------
[2026-05-04 13:06:42] [TASK_2] [INFO] Total: 1 articles across 1 months
[2026-05-04 13:06:42] [TASK_2] [INFO] Average: 1.0 articles/month
[2026-05-04 13:06:42] [TASK_2] [INFO] ============================================================
[2026-05-04 13:06:42] [TASK_2] [INFO] Scraping tnck for ticker=ALL from 2022-01-01 (existing URLs: 0)
[2026-05-04 13:06:43] [TASK_2] [WARNING] Failed to parse CafeF page 2 for VNM (URL: https://cafef.vn/thi-truong-chung-khoan/vnm-ctck/trang-2.chn): Simulated HTML parse failure. Skipping page. HTML selectors may need adjustment if page structure changed.
[2026-05-04 13:06:43] [TASK_2] [INFO] CafeF: collected 1 articles for VNM
[2026-05-04 13:06:43] [TASK_2] [INFO] CafeF: collected 2 articles for VNM
[2026-05-04 13:06:43] [TASK_2] [WARNING] Failed to parse Vietstock tag page 2 for VNM (URL: https://vietstock.vn/tag/VNM/page/2): Simulated HTML parse failure. Skipping page. HTML selectors may need adjustment if page structure changed.
[2026-05-04 13:06:43] [TASK_2] [INFO] Vietstock: collected 1 articles for VNM
[2026-05-04 13:06:43] [TASK_2] [INFO] TNCK: searching by VN30 ticker symbols…
[2026-05-04 13:06:43] [TASK_2] [WARNING] Failed to parse TNCK search page 1 for query 'ACB' (URL: https://tinnhanhchungkhoan.vn/tim-kiem/?q=ACB): Simulated HTML parse failure. Skipping page. HTML selectors may need adjustment if page structure changed.
[2026-05-04 13:06:43] [TASK_2] [INFO] TNCK: scraping category pages…
[2026-05-04 13:06:43] [TASK_2] [INFO] TNCK: collected 0 total articles
[2026-05-04 13:06:43] [TASK_2] [INFO] ============================================================
[2026-05-04 13:06:43] [TASK_2] [INFO] SCRAPING REPORT — CAFEF
[2026-05-04 13:06:43] [TASK_2] [INFO] ============================================================
[2026-05-04 13:06:43] [TASK_2] [INFO]   FPT   : 1 articles (2024-02-01 to 2024-02-01)
[2026-05-04 13:06:43] [TASK_2] [INFO]   VNM   : 2 articles (2024-01-10 to 2024-03-15)
[2026-05-04 13:06:43] [TASK_2] [INFO] ------------------------------------------------------------
[2026-05-04 13:06:43] [TASK_2] [INFO] Total articles from CAFEF: 3
[2026-05-04 13:06:43] [TASK_2] [INFO] ============================================================
[2026-05-04 13:06:43] [TASK_2] [INFO] ============================================================
[2026-05-04 13:06:43] [TASK_2] [INFO] SCRAPING REPORT — CAFEF
[2026-05-04 13:06:43] [TASK_2] [INFO] ============================================================
[2026-05-04 13:06:43] [TASK_2] [INFO]   VNM   : 0 articles
[2026-05-04 13:06:43] [TASK_2] [INFO] ------------------------------------------------------------
[2026-05-04 13:06:43] [TASK_2] [INFO] Total articles from CAFEF: 0
[2026-05-04 13:06:43] [TASK_2] [INFO] ============================================================
[2026-05-04 13:06:43] [TASK_2] [INFO] ============================================================
[2026-05-04 13:06:43] [TASK_2] [INFO] SCRAPING REPORT — CAFEF
[2026-05-04 13:06:43] [TASK_2] [INFO] ============================================================
[2026-05-04 13:06:43] [TASK_2] [INFO]   VNM   : 2 articles (no valid dates)
[2026-05-04 13:06:43] [TASK_2] [INFO] ------------------------------------------------------------
[2026-05-04 13:06:43] [TASK_2] [INFO] Total articles from CAFEF: 2
[2026-05-04 13:06:43] [TASK_2] [INFO] ============================================================
[2026-05-04 13:06:43] [TASK_2] [INFO] ============================================================
[2026-05-04 13:06:43] [TASK_2] [INFO] SCRAPING REPORT — CAFEF
[2026-05-04 13:06:43] [TASK_2] [INFO] ============================================================
[2026-05-04 13:06:43] [TASK_2] [INFO]   VNM   : 3 articles (2024-01-10 to 2024-03-15)
[2026-05-04 13:06:43] [TASK_2] [INFO] ------------------------------------------------------------
[2026-05-04 13:06:43] [TASK_2] [INFO] Total articles from CAFEF: 3
[2026-05-04 13:06:43] [TASK_2] [INFO] ============================================================
[2026-05-04 13:06:43] [TASK_2] [INFO] ============================================================
[2026-05-04 13:06:43] [TASK_2] [INFO] SCRAPING REPORT — CAFEF
[2026-05-04 13:06:43] [TASK_2] [INFO] ============================================================
[2026-05-04 13:06:43] [TASK_2] [INFO] ------------------------------------------------------------
[2026-05-04 13:06:43] [TASK_2] [INFO] Total articles from CAFEF: 0
[2026-05-04 13:06:43] [TASK_2] [INFO] ============================================================
[2026-05-04 13:06:43] [TASK_2] [INFO] ============================================================
[2026-05-04 13:06:43] [TASK_2] [INFO] SCRAPING REPORT — CAFEF
[2026-05-04 13:06:43] [TASK_2] [INFO] ============================================================
[2026-05-04 13:06:43] [TASK_2] [INFO]   ACB   : 1 articles (2024-02-01 to 2024-02-01)
[2026-05-04 13:06:43] [TASK_2] [INFO]   FPT   : 1 articles (2024-03-01 to 2024-03-01)
[2026-05-04 13:06:43] [TASK_2] [INFO]   VNM   : 1 articles (2024-01-10 to 2024-01-10)
[2026-05-04 13:06:43] [TASK_2] [INFO] ------------------------------------------------------------
[2026-05-04 13:06:43] [TASK_2] [INFO] Total articles from CAFEF: 3
[2026-05-04 13:06:43] [TASK_2] [INFO] ============================================================
[2026-05-04 13:57:34] [TASK_2] [INFO] ============================================================
[2026-05-04 13:57:34] [TASK_2] [INFO] START TASK_2: News Scraping (CafeF, Vietstock, TNCK)
[2026-05-04 13:57:34] [TASK_2] [INFO] Timestamp: 2026-05-04T13:57:34.723772
[2026-05-04 13:57:34] [TASK_2] [INFO] ============================================================
[2026-05-04 13:57:34] [TASK_2] [INFO] ------------------------------------------------------------
[2026-05-04 13:57:34] [TASK_2] [INFO] END TASK_2 — completed in 0.0 seconds
[2026-05-04 13:57:34] [TASK_2] [INFO] ============================================================
[2026-05-04 13:57:35] [TASK_2] [INFO] ============================================================
[2026-05-04 13:57:35] [TASK_2] [INFO] START TASK_2: News Scraping (CafeF, Vietstock, TNCK)
[2026-05-04 13:57:35] [TASK_2] [INFO] Timestamp: 2026-05-04T13:57:35.519572
[2026-05-04 13:57:35] [TASK_2] [INFO] ============================================================
[2026-05-04 13:57:35] [TASK_2] [INFO] ------------------------------------------------------------
[2026-05-04 13:57:35] [TASK_2] [INFO] END TASK_2 — completed in 0.0 seconds
[2026-05-04 13:57:35] [TASK_2] [INFO] ============================================================
