[2026-07-07 06:28:31] [TASK_7] [INFO] ============================================================
[2026-07-07 06:28:31] [TASK_7] [INFO] START TASK_7: Technical Feature Extraction (RSI, MACD, BB, SMA, EMA)
[2026-07-07 06:28:31] [TASK_7] [INFO] Timestamp: 2026-07-07T06:28:31.276486
[2026-07-07 06:28:31] [TASK_7] [INFO] ============================================================
[2026-07-07 06:28:31] [TASK_7] [INFO] Input: data/prices/all_vn30_prices.csv (93824 rows)
[2026-07-07 06:28:31] [TASK_7] [INFO] ------------------------------------------------------------
[2026-07-07 06:28:31] [TASK_7] [INFO] END TASK_7 — completed in 0.0 seconds
[2026-07-07 06:28:31] [TASK_7] [INFO] ============================================================
[2026-07-07 06:28:52] [TASK_7] [INFO] ============================================================
[2026-07-07 06:28:52] [TASK_7] [INFO] START TASK_7: Technical Feature Extraction (RSI, MACD, BB, SMA, EMA)
[2026-07-07 06:28:52] [TASK_7] [INFO] Timestamp: 2026-07-07T06:28:52.589131
[2026-07-07 06:28:52] [TASK_7] [INFO] ============================================================
[2026-07-07 06:28:52] [TASK_7] [INFO] Input: data/prices/all_vn30_prices.csv (93824 rows)
[2026-07-07 06:28:52] [TASK_7] [INFO] ------------------------------------------------------------
[2026-07-07 06:28:52] [TASK_7] [INFO] END TASK_7 — completed in 0.0 seconds
[2026-07-07 06:28:52] [TASK_7] [INFO] ============================================================
[2026-07-07 06:35:50] [TASK_7] [INFO] ============================================================
[2026-07-07 06:35:50] [TASK_7] [INFO] START TASK_7: Technical Feature Extraction (RSI, MACD, BB, SMA, EMA)
[2026-07-07 06:35:50] [TASK_7] [INFO] Timestamp: 2026-07-07T06:35:50.270844
[2026-07-07 06:35:50] [TASK_7] [INFO] ============================================================
[2026-07-07 06:35:50] [TASK_7] [INFO] Input: data/prices/all_vn30_prices.csv (93824 rows)
[2026-07-07 06:35:50] [TASK_7] [INFO] ------------------------------------------------------------
[2026-07-07 06:35:50] [TASK_7] [INFO] END TASK_7 — completed in 0.0 seconds
[2026-07-07 06:35:50] [TASK_7] [INFO] ============================================================
[2026-07-07 06:36:07] [TASK_7] [INFO] ============================================================
[2026-07-07 06:36:07] [TASK_7] [INFO] START TASK_7: Technical Feature Extraction (RSI, MACD, BB, SMA, EMA)
[2026-07-07 06:36:07] [TASK_7] [INFO] Timestamp: 2026-07-07T06:36:07.466998
[2026-07-07 06:36:07] [TASK_7] [INFO] ============================================================
[2026-07-07 06:36:07] [TASK_7] [INFO] Input: data/prices/all_vn30_prices.csv (93824 rows)
[2026-07-07 06:36:07] [TASK_7] [INFO] ------------------------------------------------------------
[2026-07-07 06:36:07] [TASK_7] [INFO] END TASK_7 — completed in 0.0 seconds
[2026-07-07 06:36:07] [TASK_7] [INFO] ============================================================
