[2026-06-30 13:11:22] [TASK_8] [INFO] ============================================================
[2026-06-30 13:11:22] [TASK_8] [INFO] START TASK_8: Keyword Building (curate financial keywords)
[2026-06-30 13:11:22] [TASK_8] [INFO] Timestamp: 2026-06-30T13:11:22.155086
[2026-06-30 13:11:22] [TASK_8] [INFO] ============================================================
[2026-06-30 13:11:22] [TASK_8] [INFO] Input: data/news/processed/all_news_processed.csv (22704 rows)
[2026-06-30 13:11:22] [TASK_8] [INFO] Loaded 22697 articles from data/news/processed/all_news_processed.csv.
[2026-06-30 13:11:22] [TASK_8] [INFO] Starting Keyword Builder (TASK 8)...
[2026-06-30 13:11:22] [TASK_8] [INFO] Loaded 23 stopwords.
[2026-06-30 13:11:22] [TASK_8] [INFO] Extracting keyword candidates from 22697 documents...
[2026-06-30 13:11:26] [TASK_8] [INFO] Saved 800 keyword candidates to config/keyword_candidates.csv (unigrams: 500, bigrams: 300).
[2026-06-30 13:11:26] [TASK_8] [INFO] Curated keyword list: 43 positive, 54 negative, 9 neutral (total: 106).
[2026-06-30 13:11:26] [TASK_8] [INFO] Saved flat keyword list to config/keywords_finance.json.
[2026-06-30 13:11:26] [TASK_8] [INFO] Saved group-level keyword breakdown to config/keywords_by_group.json.
[2026-06-30 13:11:28] [TASK_8] [INFO] ======================================================================
[2026-06-30 13:11:28] [TASK_8] [INFO] KEYWORD CORPUS FREQUENCY REPORT
[2026-06-30 13:11:28] [TASK_8] [INFO] ======================================================================
[2026-06-30 13:11:28] [TASK_8] [INFO] 
--- POSITIVE keywords (43) ---
[2026-06-30 13:11:28] [TASK_8] [INFO]   báo lãi                                  231
[2026-06-30 13:11:28] [TASK_8] [INFO]   tăng mạnh                                109
[2026-06-30 13:11:28] [TASK_8] [INFO]   trả nợ                                   44
[2026-06-30 13:11:28] [TASK_8] [INFO]   tăng vọt                                 36
[2026-06-30 13:11:28] [TASK_8] [INFO]   lập đỉnh                                 33
[2026-06-30 13:11:28] [TASK_8] [INFO]   chia cổ tức                              20
[2026-06-30 13:11:28] [TASK_8] [INFO]   lãi đậm                                  15
[2026-06-30 13:11:28] [TASK_8] [INFO]   lãi lớn                                  14
[2026-06-30 13:11:28] [TASK_8] [INFO]   lãi ròng                                 4
[2026-06-30 13:11:28] [TASK_8] [INFO]   giảm nợ                                  3
[2026-06-30 13:11:28] [TASK_8] [INFO]   kỷ lục                                   2
[2026-06-30 13:11:28] [TASK_8] [INFO]   lãi khủng                                2
[2026-06-30 13:11:28] [TASK_8] [INFO]   thắng thầu                               1
[2026-06-30 13:11:28] [TASK_8] [INFO]   lợi nhuận tăng                           0
[2026-06-30 13:11:28] [TASK_8] [INFO]   doanh thu tăng                           0
[2026-06-30 13:11:28] [TASK_8] [INFO]   tăng trưởng mạnh                         0
[2026-06-30 13:11:28] [TASK_8] [INFO]   vượt kế hoạch                            0
[2026-06-30 13:11:28] [TASK_8] [INFO]   tăng trưởng                              0
[2026-06-30 13:11:28] [TASK_8] [INFO]   lợi nhuận sau thuế tăng                  0
[2026-06-30 13:11:28] [TASK_8] [INFO]   kết quả tích cực                         0
[2026-06-30 13:11:28] [TASK_8] [INFO]   lợi nhuận kỷ lục                         0
[2026-06-30 13:11:28] [TASK_8] [INFO]   doanh thu kỷ lục                         0
[2026-06-30 13:11:28] [TASK_8] [INFO]   lãi kỷ lục                               0
[2026-06-30 13:11:28] [TASK_8] [INFO]   bứt phá                                  0
[2026-06-30 13:11:28] [TASK_8] [INFO]   khởi sắc                                 0
[2026-06-30 13:11:28] [TASK_8] [INFO]   phục hồi                                 0
[2026-06-30 13:11:28] [TASK_8] [INFO]   hoàn thành kế hoạch                      0
[2026-06-30 13:11:28] [TASK_8] [INFO]   lợi nhuận cải thiện                      0
[2026-06-30 13:11:28] [TASK_8] [INFO]   cổ tức cao                               0
[2026-06-30 13:11:28] [TASK_8] [INFO]   mua lại cổ phiếu                         0
[2026-06-30 13:11:28] [TASK_8] [INFO]   phát hành thưởng                         0
[2026-06-30 13:11:28] [TASK_8] [INFO]   tăng vốn điều lệ                         0
[2026-06-30 13:11:28] [TASK_8] [INFO]   cổ tức tiền mặt                          0
[2026-06-30 13:11:28] [TASK_8] [INFO]   cải thiện tài chính                      0
[2026-06-30 13:11:28] [TASK_8] [INFO]   hệ số an toàn vốn                        0
[2026-06-30 13:11:28] [TASK_8] [INFO]   dòng tiền dương                          0
[2026-06-30 13:11:28] [TASK_8] [INFO]   tiền mặt dồi dào                         0
[2026-06-30 13:11:28] [TASK_8] [INFO]   ký kết hợp đồng                          0
[2026-06-30 13:11:28] [TASK_8] [INFO]   mở rộng thị trường                       0
[2026-06-30 13:11:28] [TASK_8] [INFO]   dự án mới                                0
[2026-06-30 13:11:28] [TASK_8] [INFO]   đầu tư mới                               0
[2026-06-30 13:11:28] [TASK_8] [INFO]   hợp tác chiến lược                       0
[2026-06-30 13:11:28] [TASK_8] [INFO]   xuất khẩu tăng                           0
[2026-06-30 13:11:28] [TASK_8] [INFO] 
--- NEGATIVE keywords (54) ---
[2026-06-30 13:11:28] [TASK_8] [INFO]   nợ xấu                                   97
[2026-06-30 13:11:28] [TASK_8] [INFO]   giảm mạnh                                85
[2026-06-30 13:11:28] [TASK_8] [INFO]   giảm sâu                                 36
[2026-06-30 13:11:28] [TASK_8] [INFO]   lao dốc                                  24
[2026-06-30 13:11:28] [TASK_8] [INFO]   bị phạt                                  18
[2026-06-30 13:11:28] [TASK_8] [INFO]   báo lỗ                                   12
[2026-06-30 13:11:28] [TASK_8] [INFO]   sụt giảm                                 10
[2026-06-30 13:11:28] [TASK_8] [INFO]   lỗ nặng                                  5
[2026-06-30 13:11:28] [TASK_8] [INFO]   lỗ lớn                                   4
[2026-06-30 13:11:28] [TASK_8] [INFO]   lỗ lũy kế                                3
[2026-06-30 13:11:28] [TASK_8] [INFO]   lỗ ròng                                  2
[2026-06-30 13:11:28] [TASK_8] [INFO]   chưa có lãi                              2
[2026-06-30 13:11:28] [TASK_8] [INFO]   tụt dốc                                  1
[2026-06-30 13:11:28] [TASK_8] [INFO]   không chia cổ tức                        1
[2026-06-30 13:11:28] [TASK_8] [INFO]   nợ vay tăng                              1
[2026-06-30 13:11:28] [TASK_8] [INFO]   đóng cửa                                 1
[2026-06-30 13:11:28] [TASK_8] [INFO]   lợi nhuận giảm                           0
[2026-06-30 13:11:28] [TASK_8] [INFO]   doanh thu giảm                           0
[2026-06-30 13:11:28] [TASK_8] [INFO]   lợi nhuận âm                             0
[2026-06-30 13:11:28] [TASK_8] [INFO]   thua lỗ                                  0
[2026-06-30 13:11:28] [TASK_8] [INFO]   dưới kế hoạch                            0
[2026-06-30 13:11:28] [TASK_8] [INFO]   kết quả tiêu cực                         0
[2026-06-30 13:11:28] [TASK_8] [INFO]   lợi nhuận thấp hơn                       0
[2026-06-30 13:11:28] [TASK_8] [INFO]   lỗ kỷ lục                                0
[2026-06-30 13:11:28] [TASK_8] [INFO]   kinh doanh sa sút                        0
[2026-06-30 13:11:28] [TASK_8] [INFO]   âm vốn chủ sở hữu                        0
[2026-06-30 13:11:28] [TASK_8] [INFO]   lợi nhuận không tăng                     0
[2026-06-30 13:11:28] [TASK_8] [INFO]   doanh thu không tăng                     0
[2026-06-30 13:11:28] [TASK_8] [INFO]   không tăng trưởng                        0
[2026-06-30 13:11:28] [TASK_8] [INFO]   tăng trưởng chậm lại                     0
[2026-06-30 13:11:28] [TASK_8] [INFO]   không hoàn thành kế hoạch                0
[2026-06-30 13:11:28] [TASK_8] [INFO]   không đạt kế hoạch                       0
[2026-06-30 13:11:28] [TASK_8] [INFO]   hủy cổ tức                               0
[2026-06-30 13:11:28] [TASK_8] [INFO]   giảm cổ tức                              0
[2026-06-30 13:11:28] [TASK_8] [INFO]   phát hành pha loãng                      0
[2026-06-30 13:11:28] [TASK_8] [INFO]   chào bán giá thấp                        0
[2026-06-30 13:11:28] [TASK_8] [INFO]   áp lực tài chính                         0
[2026-06-30 13:11:28] [TASK_8] [INFO]   nợ quá hạn                               0
[2026-06-30 13:11:28] [TASK_8] [INFO]   hệ số nợ cao                             0
[2026-06-30 13:11:28] [TASK_8] [INFO]   thiếu thanh khoản                        0
[2026-06-30 13:11:28] [TASK_8] [INFO]   dòng tiền âm                             0
[2026-06-30 13:11:28] [TASK_8] [INFO]   hủy hợp đồng                             0
[2026-06-30 13:11:28] [TASK_8] [INFO]   dự án trì hoãn                           0
[2026-06-30 13:11:28] [TASK_8] [INFO]   thu hẹp hoạt động                        0
[2026-06-30 13:11:28] [TASK_8] [INFO]   dừng dự án                               0
[2026-06-30 13:11:28] [TASK_8] [INFO]   vi phạm                                  0
[2026-06-30 13:11:28] [TASK_8] [INFO]   bị thanh tra                             0
[2026-06-30 13:11:28] [TASK_8] [INFO]   bị kiểm toán từ chối                     0
[2026-06-30 13:11:28] [TASK_8] [INFO]   cảnh báo                                 0
[2026-06-30 13:11:28] [TASK_8] [INFO]   đình chỉ                                 0
[2026-06-30 13:11:28] [TASK_8] [INFO]   khởi tố                                  0
[2026-06-30 13:11:28] [TASK_8] [INFO]   điều tra                                 0
[2026-06-30 13:11:28] [TASK_8] [INFO]   tranh chấp pháp lý                       0
[2026-06-30 13:11:28] [TASK_8] [INFO]   bị kiện                                  0
[2026-06-30 13:11:28] [TASK_8] [INFO] 
--- NEUTRAL keywords (9) ---
[2026-06-30 13:11:28] [TASK_8] [INFO]   mua lại                                  178
[2026-06-30 13:11:28] [TASK_8] [INFO]   thoái vốn                                49
[2026-06-30 13:11:28] [TASK_8] [INFO]   thay CEO                                 3
[2026-06-30 13:11:28] [TASK_8] [INFO]   sáp nhập                                 1
[2026-06-30 13:11:28] [TASK_8] [INFO]   đại hội cổ đông                          0
[2026-06-30 13:11:28] [TASK_8] [INFO]   họp HĐQT                                 0
[2026-06-30 13:11:28] [TASK_8] [INFO]   thay đổi lãnh đạo                        0
[2026-06-30 13:11:28] [TASK_8] [INFO]   phát hành cổ phiếu mới                   0
[2026-06-30 13:11:28] [TASK_8] [INFO]   niêm yết thêm                            0
[2026-06-30 13:11:28] [TASK_8] [INFO] 
Total keyword occurrences in corpus: 1047
[2026-06-30 13:11:28] [TASK_8] [INFO] Keywords with zero occurrences: 73 / 106
[2026-06-30 13:11:28] [TASK_8] [INFO] ======================================================================
[2026-06-30 13:11:28] [TASK_8] [INFO] Keyword Builder (TASK 8) complete.
[2026-06-30 13:11:28] [TASK_8] [INFO] ------------------------------------------------------------
[2026-06-30 13:11:28] [TASK_8] [INFO] END TASK_8 — completed in 5.9 seconds
[2026-06-30 13:11:28] [TASK_8] [INFO] Output: config/keywords_finance.json (113 rows)
[2026-06-30 13:11:28] [TASK_8] [INFO] ============================================================
[2026-06-30 16:38:38] [TASK_8] [INFO] ============================================================
[2026-06-30 16:38:38] [TASK_8] [INFO] START TASK_8: Keyword Building (curate financial keywords)
[2026-06-30 16:38:38] [TASK_8] [INFO] Timestamp: 2026-06-30T16:38:38.243551
[2026-06-30 16:38:38] [TASK_8] [INFO] ============================================================
[2026-06-30 16:38:38] [TASK_8] [INFO] Input: data/news/processed/all_news_processed.csv (34979 rows)
[2026-06-30 16:38:38] [TASK_8] [INFO] Loaded 34966 articles from data/news/processed/all_news_processed.csv.
[2026-06-30 16:38:38] [TASK_8] [INFO] Starting Keyword Builder (TASK 8)...
[2026-06-30 16:38:38] [TASK_8] [INFO] Loaded 23 stopwords.
[2026-06-30 16:38:38] [TASK_8] [INFO] Extracting keyword candidates from 34966 documents...
[2026-06-30 16:38:41] [TASK_8] [INFO] Saved 800 keyword candidates to config/keyword_candidates.csv (unigrams: 500, bigrams: 300).
[2026-06-30 16:38:41] [TASK_8] [INFO] Curated keyword list: 43 positive, 54 negative, 9 neutral (total: 106).
[2026-06-30 16:38:41] [TASK_8] [INFO] Saved flat keyword list to config/keywords_finance.json.
[2026-06-30 16:38:41] [TASK_8] [INFO] Saved group-level keyword breakdown to config/keywords_by_group.json.
[2026-06-30 16:38:44] [TASK_8] [INFO] ======================================================================
[2026-06-30 16:38:44] [TASK_8] [INFO] KEYWORD CORPUS FREQUENCY REPORT
[2026-06-30 16:38:44] [TASK_8] [INFO] ======================================================================
[2026-06-30 16:38:44] [TASK_8] [INFO] 
--- POSITIVE keywords (43) ---
[2026-06-30 16:38:44] [TASK_8] [INFO]   báo lãi                                  376
[2026-06-30 16:38:44] [TASK_8] [INFO]   tăng mạnh                                139
[2026-06-30 16:38:44] [TASK_8] [INFO]   lập đỉnh                                 52
[2026-06-30 16:38:44] [TASK_8] [INFO]   trả nợ                                   51
[2026-06-30 16:38:44] [TASK_8] [INFO]   tăng vọt                                 50
[2026-06-30 16:38:44] [TASK_8] [INFO]   chia cổ tức                              29
[2026-06-30 16:38:44] [TASK_8] [INFO]   lãi lớn                                  23
[2026-06-30 16:38:44] [TASK_8] [INFO]   lãi đậm                                  20
[2026-06-30 16:38:44] [TASK_8] [INFO]   lãi ròng                                 12
[2026-06-30 16:38:44] [TASK_8] [INFO]   giảm nợ                                  3
[2026-06-30 16:38:44] [TASK_8] [INFO]   kỷ lục                                   2
[2026-06-30 16:38:44] [TASK_8] [INFO]   lãi khủng                                2
[2026-06-30 16:38:44] [TASK_8] [INFO]   thắng thầu                               1
[2026-06-30 16:38:44] [TASK_8] [INFO]   lợi nhuận tăng                           0
[2026-06-30 16:38:44] [TASK_8] [INFO]   doanh thu tăng                           0
[2026-06-30 16:38:44] [TASK_8] [INFO]   tăng trưởng mạnh                         0
[2026-06-30 16:38:44] [TASK_8] [INFO]   vượt kế hoạch                            0
[2026-06-30 16:38:44] [TASK_8] [INFO]   tăng trưởng                              0
[2026-06-30 16:38:44] [TASK_8] [INFO]   lợi nhuận sau thuế tăng                  0
[2026-06-30 16:38:44] [TASK_8] [INFO]   kết quả tích cực                         0
[2026-06-30 16:38:44] [TASK_8] [INFO]   lợi nhuận kỷ lục                         0
[2026-06-30 16:38:44] [TASK_8] [INFO]   doanh thu kỷ lục                         0
[2026-06-30 16:38:44] [TASK_8] [INFO]   lãi kỷ lục                               0
[2026-06-30 16:38:44] [TASK_8] [INFO]   bứt phá                                  0
[2026-06-30 16:38:44] [TASK_8] [INFO]   khởi sắc                                 0
[2026-06-30 16:38:44] [TASK_8] [INFO]   phục hồi                                 0
[2026-06-30 16:38:44] [TASK_8] [INFO]   hoàn thành kế hoạch                      0
[2026-06-30 16:38:44] [TASK_8] [INFO]   lợi nhuận cải thiện                      0
[2026-06-30 16:38:44] [TASK_8] [INFO]   cổ tức cao                               0
[2026-06-30 16:38:44] [TASK_8] [INFO]   mua lại cổ phiếu                         0
[2026-06-30 16:38:44] [TASK_8] [INFO]   phát hành thưởng                         0
[2026-06-30 16:38:44] [TASK_8] [INFO]   tăng vốn điều lệ                         0
[2026-06-30 16:38:44] [TASK_8] [INFO]   cổ tức tiền mặt                          0
[2026-06-30 16:38:44] [TASK_8] [INFO]   cải thiện tài chính                      0
[2026-06-30 16:38:44] [TASK_8] [INFO]   hệ số an toàn vốn                        0
[2026-06-30 16:38:44] [TASK_8] [INFO]   dòng tiền dương                          0
[2026-06-30 16:38:44] [TASK_8] [INFO]   tiền mặt dồi dào                         0
[2026-06-30 16:38:44] [TASK_8] [INFO]   ký kết hợp đồng                          0
[2026-06-30 16:38:44] [TASK_8] [INFO]   mở rộng thị trường                       0
[2026-06-30 16:38:44] [TASK_8] [INFO]   dự án mới                                0
[2026-06-30 16:38:44] [TASK_8] [INFO]   đầu tư mới                               0
[2026-06-30 16:38:44] [TASK_8] [INFO]   hợp tác chiến lược                       0
[2026-06-30 16:38:44] [TASK_8] [INFO]   xuất khẩu tăng                           0
[2026-06-30 16:38:44] [TASK_8] [INFO] 
--- NEGATIVE keywords (54) ---
[2026-06-30 16:38:44] [TASK_8] [INFO]   nợ xấu                                   115
[2026-06-30 16:38:44] [TASK_8] [INFO]   giảm mạnh                                110
[2026-06-30 16:38:44] [TASK_8] [INFO]   giảm sâu                                 56
[2026-06-30 16:38:44] [TASK_8] [INFO]   lao dốc                                  30
[2026-06-30 16:38:44] [TASK_8] [INFO]   sụt giảm                                 29
[2026-06-30 16:38:44] [TASK_8] [INFO]   bị phạt                                  29
[2026-06-30 16:38:44] [TASK_8] [INFO]   báo lỗ                                   24
[2026-06-30 16:38:44] [TASK_8] [INFO]   lỗ nặng                                  8
[2026-06-30 16:38:44] [TASK_8] [INFO]   lỗ lớn                                   6
[2026-06-30 16:38:44] [TASK_8] [INFO]   lỗ lũy kế                                4
[2026-06-30 16:38:44] [TASK_8] [INFO]   lỗ ròng                                  2
[2026-06-30 16:38:44] [TASK_8] [INFO]   chưa có lãi                              2
[2026-06-30 16:38:44] [TASK_8] [INFO]   không chia cổ tức                        2
[2026-06-30 16:38:44] [TASK_8] [INFO]   nợ vay tăng                              2
[2026-06-30 16:38:44] [TASK_8] [INFO]   tụt dốc                                  1
[2026-06-30 16:38:44] [TASK_8] [INFO]   đóng cửa                                 1
[2026-06-30 16:38:44] [TASK_8] [INFO]   lợi nhuận giảm                           0
[2026-06-30 16:38:44] [TASK_8] [INFO]   doanh thu giảm                           0
[2026-06-30 16:38:44] [TASK_8] [INFO]   lợi nhuận âm                             0
[2026-06-30 16:38:44] [TASK_8] [INFO]   thua lỗ                                  0
[2026-06-30 16:38:44] [TASK_8] [INFO]   dưới kế hoạch                            0
[2026-06-30 16:38:44] [TASK_8] [INFO]   kết quả tiêu cực                         0
[2026-06-30 16:38:44] [TASK_8] [INFO]   lợi nhuận thấp hơn                       0
[2026-06-30 16:38:44] [TASK_8] [INFO]   lỗ kỷ lục                                0
[2026-06-30 16:38:44] [TASK_8] [INFO]   kinh doanh sa sút                        0
[2026-06-30 16:38:44] [TASK_8] [INFO]   âm vốn chủ sở hữu                        0
[2026-06-30 16:38:44] [TASK_8] [INFO]   lợi nhuận không tăng                     0
[2026-06-30 16:38:44] [TASK_8] [INFO]   doanh thu không tăng                     0
[2026-06-30 16:38:44] [TASK_8] [INFO]   không tăng trưởng                        0
[2026-06-30 16:38:44] [TASK_8] [INFO]   tăng trưởng chậm lại                     0
[2026-06-30 16:38:44] [TASK_8] [INFO]   không hoàn thành kế hoạch                0
[2026-06-30 16:38:44] [TASK_8] [INFO]   không đạt kế hoạch                       0
[2026-06-30 16:38:44] [TASK_8] [INFO]   hủy cổ tức                               0
[2026-06-30 16:38:44] [TASK_8] [INFO]   giảm cổ tức                              0
[2026-06-30 16:38:44] [TASK_8] [INFO]   phát hành pha loãng                      0
[2026-06-30 16:38:44] [TASK_8] [INFO]   chào bán giá thấp                        0
[2026-06-30 16:38:44] [TASK_8] [INFO]   áp lực tài chính                         0
[2026-06-30 16:38:44] [TASK_8] [INFO]   nợ quá hạn                               0
[2026-06-30 16:38:44] [TASK_8] [INFO]   hệ số nợ cao                             0
[2026-06-30 16:38:44] [TASK_8] [INFO]   thiếu thanh khoản                        0
[2026-06-30 16:38:44] [TASK_8] [INFO]   dòng tiền âm                             0
[2026-06-30 16:38:44] [TASK_8] [INFO]   hủy hợp đồng                             0
[2026-06-30 16:38:44] [TASK_8] [INFO]   dự án trì hoãn                           0
[2026-06-30 16:38:44] [TASK_8] [INFO]   thu hẹp hoạt động                        0
[2026-06-30 16:38:44] [TASK_8] [INFO]   dừng dự án                               0
[2026-06-30 16:38:44] [TASK_8] [INFO]   vi phạm                                  0
[2026-06-30 16:38:44] [TASK_8] [INFO]   bị thanh tra                             0
[2026-06-30 16:38:44] [TASK_8] [INFO]   bị kiểm toán từ chối                     0
[2026-06-30 16:38:44] [TASK_8] [INFO]   cảnh báo                                 0
[2026-06-30 16:38:44] [TASK_8] [INFO]   đình chỉ                                 0
[2026-06-30 16:38:44] [TASK_8] [INFO]   khởi tố                                  0
[2026-06-30 16:38:44] [TASK_8] [INFO]   điều tra                                 0
[2026-06-30 16:38:44] [TASK_8] [INFO]   tranh chấp pháp lý                       0
[2026-06-30 16:38:44] [TASK_8] [INFO]   bị kiện                                  0
[2026-06-30 16:38:44] [TASK_8] [INFO] 
--- NEUTRAL keywords (9) ---
[2026-06-30 16:38:44] [TASK_8] [INFO]   mua lại                                  478
[2026-06-30 16:38:44] [TASK_8] [INFO]   thoái vốn                                83
[2026-06-30 16:38:44] [TASK_8] [INFO]   họp HĐQT                                 25
[2026-06-30 16:38:44] [TASK_8] [INFO]   thay CEO                                 4
[2026-06-30 16:38:44] [TASK_8] [INFO]   sáp nhập                                 1
[2026-06-30 16:38:44] [TASK_8] [INFO]   đại hội cổ đông                          0
[2026-06-30 16:38:44] [TASK_8] [INFO]   thay đổi lãnh đạo                        0
[2026-06-30 16:38:44] [TASK_8] [INFO]   phát hành cổ phiếu mới                   0
[2026-06-30 16:38:44] [TASK_8] [INFO]   niêm yết thêm                            0
[2026-06-30 16:38:44] [TASK_8] [INFO] 
Total keyword occurrences in corpus: 1772
[2026-06-30 16:38:44] [TASK_8] [INFO] Keywords with zero occurrences: 72 / 106
[2026-06-30 16:38:44] [TASK_8] [INFO] ======================================================================
[2026-06-30 16:38:44] [TASK_8] [INFO] Keyword Builder (TASK 8) complete.
[2026-06-30 16:38:44] [TASK_8] [INFO] ------------------------------------------------------------
[2026-06-30 16:38:44] [TASK_8] [INFO] END TASK_8 — completed in 5.8 seconds
[2026-06-30 16:38:44] [TASK_8] [INFO] Output: config/keywords_finance.json (113 rows)
[2026-06-30 16:38:44] [TASK_8] [INFO] ============================================================
