[2026-07-05 07:07:36] [TASK_9] [INFO] ============================================================
[2026-07-05 07:07:36] [TASK_9] [INFO] START TASK_9: Keyword Feature Extraction (TF-IDF, sentiment scores)
[2026-07-05 07:07:36] [TASK_9] [INFO] Timestamp: 2026-07-05T07:07:36.545102
[2026-07-05 07:07:36] [TASK_9] [INFO] ============================================================
[2026-07-05 07:07:36] [TASK_9] [INFO] Input: data/aggregated/news_by_quarter.csv (1450 rows)
[2026-07-05 07:07:36] [TASK_9] [INFO] ------------------------------------------------------------
[2026-07-05 07:07:36] [TASK_9] [INFO] END TASK_9 — completed in 0.0 seconds
[2026-07-05 07:07:36] [TASK_9] [INFO] ============================================================
[2026-07-05 07:07:37] [TASK_9] [INFO] ============================================================
[2026-07-05 07:07:37] [TASK_9] [INFO] START TASK_9: Keyword Feature Extraction (TF-IDF, sentiment scores)
[2026-07-05 07:07:37] [TASK_9] [INFO] Timestamp: 2026-07-05T07:07:37.667968
[2026-07-05 07:07:37] [TASK_9] [INFO] ============================================================
[2026-07-05 07:07:37] [TASK_9] [INFO] Input: data/aggregated/news_by_quarter.csv (1450 rows)
[2026-07-05 07:07:37] [TASK_9] [INFO] ------------------------------------------------------------
[2026-07-05 07:07:37] [TASK_9] [INFO] END TASK_9 — completed in 0.0 seconds
[2026-07-05 07:07:37] [TASK_9] [INFO] ============================================================
[2026-07-05 15:16:52] [TASK_9] [INFO] ============================================================
[2026-07-05 15:16:52] [TASK_9] [INFO] START TASK_9: Keyword Feature Extraction (TF-IDF, sentiment scores)
[2026-07-05 15:16:52] [TASK_9] [INFO] Timestamp: 2026-07-05T15:16:52.522934
[2026-07-05 15:16:52] [TASK_9] [INFO] ============================================================
[2026-07-05 15:16:52] [TASK_9] [INFO] Input: data/aggregated/news_by_quarter.csv (1450 rows)
[2026-07-05 15:16:52] [TASK_9] [INFO] ------------------------------------------------------------
[2026-07-05 15:16:52] [TASK_9] [INFO] END TASK_9 — completed in 0.0 seconds
[2026-07-05 15:16:52] [TASK_9] [INFO] ============================================================
[2026-07-05 15:16:54] [TASK_9] [INFO] ============================================================
[2026-07-05 15:16:54] [TASK_9] [INFO] START TASK_9: Keyword Feature Extraction (TF-IDF, sentiment scores)
[2026-07-05 15:16:54] [TASK_9] [INFO] Timestamp: 2026-07-05T15:16:54.478494
[2026-07-05 15:16:54] [TASK_9] [INFO] ============================================================
[2026-07-05 15:16:54] [TASK_9] [INFO] Input: data/aggregated/news_by_quarter.csv (1450 rows)
[2026-07-05 15:16:54] [TASK_9] [INFO] ------------------------------------------------------------
[2026-07-05 15:16:54] [TASK_9] [INFO] END TASK_9 — completed in 0.0 seconds
[2026-07-05 15:16:54] [TASK_9] [INFO] ============================================================
