[2026-07-05 07:07:36] [TASK_7] [INFO] ============================================================
[2026-07-05 07:07:36] [TASK_7] [INFO] START TASK_7: Technical Feature Extraction (RSI, MACD, BB, SMA, EMA)
[2026-07-05 07:07:36] [TASK_7] [INFO] Timestamp: 2026-07-05T07:07:36.362769
[2026-07-05 07:07:36] [TASK_7] [INFO] ============================================================
[2026-07-05 07:07:36] [TASK_7] [INFO] Input: data/prices/all_vn30_prices.csv (93824 rows)
[2026-07-05 07:07:36] [TASK_7] [INFO] ------------------------------------------------------------
[2026-07-05 07:07:36] [TASK_7] [INFO] END TASK_7 — completed in 0.0 seconds
[2026-07-05 07:07:36] [TASK_7] [INFO] ============================================================
[2026-07-05 07:07:37] [TASK_7] [INFO] ============================================================
[2026-07-05 07:07:37] [TASK_7] [INFO] START TASK_7: Technical Feature Extraction (RSI, MACD, BB, SMA, EMA)
[2026-07-05 07:07:37] [TASK_7] [INFO] Timestamp: 2026-07-05T07:07:37.499094
[2026-07-05 07:07:37] [TASK_7] [INFO] ============================================================
[2026-07-05 07:07:37] [TASK_7] [INFO] Input: data/prices/all_vn30_prices.csv (93824 rows)
[2026-07-05 07:07:37] [TASK_7] [INFO] ------------------------------------------------------------
[2026-07-05 07:07:37] [TASK_7] [INFO] END TASK_7 — completed in 0.0 seconds
[2026-07-05 07:07:37] [TASK_7] [INFO] ============================================================
[2026-07-05 15:16:52] [TASK_7] [INFO] ============================================================
[2026-07-05 15:16:52] [TASK_7] [INFO] START TASK_7: Technical Feature Extraction (RSI, MACD, BB, SMA, EMA)
[2026-07-05 15:16:52] [TASK_7] [INFO] Timestamp: 2026-07-05T15:16:52.335490
[2026-07-05 15:16:52] [TASK_7] [INFO] ============================================================
[2026-07-05 15:16:52] [TASK_7] [INFO] Input: data/prices/all_vn30_prices.csv (93824 rows)
[2026-07-05 15:16:52] [TASK_7] [INFO] ------------------------------------------------------------
[2026-07-05 15:16:52] [TASK_7] [INFO] END TASK_7 — completed in 0.0 seconds
[2026-07-05 15:16:52] [TASK_7] [INFO] ============================================================
[2026-07-05 15:16:54] [TASK_7] [INFO] ============================================================
[2026-07-05 15:16:54] [TASK_7] [INFO] START TASK_7: Technical Feature Extraction (RSI, MACD, BB, SMA, EMA)
[2026-07-05 15:16:54] [TASK_7] [INFO] Timestamp: 2026-07-05T15:16:54.295128
[2026-07-05 15:16:54] [TASK_7] [INFO] ============================================================
[2026-07-05 15:16:54] [TASK_7] [INFO] Input: data/prices/all_vn30_prices.csv (93824 rows)
[2026-07-05 15:16:54] [TASK_7] [INFO] ------------------------------------------------------------
[2026-07-05 15:16:54] [TASK_7] [INFO] END TASK_7 — completed in 0.0 seconds
[2026-07-05 15:16:54] [TASK_7] [INFO] ============================================================
