[2026-06-27 22:31:45] [TASK_5] [INFO] ============================================================
[2026-06-27 22:31:45] [TASK_5] [INFO] START TASK_5: Data Aggregation (group by ticker × quarter)
[2026-06-27 22:31:45] [TASK_5] [INFO] Timestamp: 2026-06-27T22:31:45.793726
[2026-06-27 22:31:45] [TASK_5] [INFO] ============================================================
[2026-06-27 22:31:45] [TASK_5] [INFO] ------------------------------------------------------------
[2026-06-27 22:31:45] [TASK_5] [INFO] END TASK_5 — completed in 0.0 seconds
[2026-06-27 22:31:45] [TASK_5] [INFO] ============================================================
[2026-06-27 22:31:45] [TASK_5] [INFO] ============================================================
[2026-06-27 22:31:45] [TASK_5] [INFO] START TASK_5: Data Aggregation (group by ticker × quarter)
[2026-06-27 22:31:45] [TASK_5] [INFO] Timestamp: 2026-06-27T22:31:45.824290
[2026-06-27 22:31:45] [TASK_5] [INFO] ============================================================
[2026-06-27 22:31:45] [TASK_5] [INFO] ------------------------------------------------------------
[2026-06-27 22:31:45] [TASK_5] [INFO] END TASK_5 — completed in 0.0 seconds
[2026-06-27 22:31:45] [TASK_5] [INFO] ============================================================
[2026-06-27 22:32:14] [TASK_5] [INFO] ============================================================
[2026-06-27 22:32:14] [TASK_5] [INFO] START TASK_5: Data Aggregation (group by ticker × quarter)
[2026-06-27 22:32:14] [TASK_5] [INFO] Timestamp: 2026-06-27T22:32:14.047831
[2026-06-27 22:32:14] [TASK_5] [INFO] ============================================================
[2026-06-27 22:32:14] [TASK_5] [INFO] ------------------------------------------------------------
[2026-06-27 22:32:14] [TASK_5] [INFO] END TASK_5 — completed in 0.0 seconds
[2026-06-27 22:32:14] [TASK_5] [INFO] ============================================================
[2026-06-27 22:32:14] [TASK_5] [INFO] ============================================================
[2026-06-27 22:32:14] [TASK_5] [INFO] START TASK_5: Data Aggregation (group by ticker × quarter)
[2026-06-27 22:32:14] [TASK_5] [INFO] Timestamp: 2026-06-27T22:32:14.075413
[2026-06-27 22:32:14] [TASK_5] [INFO] ============================================================
[2026-06-27 22:32:14] [TASK_5] [INFO] ------------------------------------------------------------
[2026-06-27 22:32:14] [TASK_5] [INFO] END TASK_5 — completed in 0.0 seconds
[2026-06-27 22:32:14] [TASK_5] [INFO] ============================================================
[2026-06-27 23:05:46] [TASK_5] [INFO] ============================================================
[2026-06-27 23:05:46] [TASK_5] [INFO] START TASK_5: Data Aggregation (group by ticker × quarter)
[2026-06-27 23:05:46] [TASK_5] [INFO] Timestamp: 2026-06-27T23:05:46.195100
[2026-06-27 23:05:46] [TASK_5] [INFO] ============================================================
[2026-06-27 23:05:46] [TASK_5] [INFO] ------------------------------------------------------------
[2026-06-27 23:05:46] [TASK_5] [INFO] END TASK_5 — completed in 0.0 seconds
[2026-06-27 23:05:46] [TASK_5] [INFO] ============================================================
[2026-06-27 23:05:46] [TASK_5] [INFO] ============================================================
[2026-06-27 23:05:46] [TASK_5] [INFO] START TASK_5: Data Aggregation (group by ticker × quarter)
[2026-06-27 23:05:46] [TASK_5] [INFO] Timestamp: 2026-06-27T23:05:46.229008
[2026-06-27 23:05:46] [TASK_5] [INFO] ============================================================
[2026-06-27 23:05:46] [TASK_5] [INFO] ------------------------------------------------------------
[2026-06-27 23:05:46] [TASK_5] [INFO] END TASK_5 — completed in 0.0 seconds
[2026-06-27 23:05:46] [TASK_5] [INFO] ============================================================
[2026-06-27 23:06:10] [TASK_5] [INFO] ============================================================
[2026-06-27 23:06:10] [TASK_5] [INFO] START TASK_5: Data Aggregation (group by ticker × quarter)
[2026-06-27 23:06:10] [TASK_5] [INFO] Timestamp: 2026-06-27T23:06:10.406617
[2026-06-27 23:06:10] [TASK_5] [INFO] ============================================================
[2026-06-27 23:06:10] [TASK_5] [INFO] ------------------------------------------------------------
[2026-06-27 23:06:10] [TASK_5] [INFO] END TASK_5 — completed in 0.0 seconds
[2026-06-27 23:06:10] [TASK_5] [INFO] ============================================================
[2026-06-27 23:06:10] [TASK_5] [INFO] ============================================================
[2026-06-27 23:06:10] [TASK_5] [INFO] START TASK_5: Data Aggregation (group by ticker × quarter)
[2026-06-27 23:06:10] [TASK_5] [INFO] Timestamp: 2026-06-27T23:06:10.434719
[2026-06-27 23:06:10] [TASK_5] [INFO] ============================================================
[2026-06-27 23:06:10] [TASK_5] [INFO] ------------------------------------------------------------
[2026-06-27 23:06:10] [TASK_5] [INFO] END TASK_5 — completed in 0.0 seconds
[2026-06-27 23:06:10] [TASK_5] [INFO] ============================================================
[2026-06-27 23:14:00] [TASK_5] [INFO] ============================================================
[2026-06-27 23:14:00] [TASK_5] [INFO] START TASK_5: Data Aggregation (group by ticker × quarter)
[2026-06-27 23:14:00] [TASK_5] [INFO] Timestamp: 2026-06-27T23:14:00.381775
[2026-06-27 23:14:00] [TASK_5] [INFO] ============================================================
[2026-06-27 23:14:00] [TASK_5] [INFO] Input: data/prices/all_vn30_prices.csv (783 rows)
[2026-06-27 23:14:00] [TASK_5] [INFO] Input: data/news/processed/all_news_processed.csv (0 rows)
[2026-06-27 23:14:00] [TASK_5] [INFO] Starting Data Aggregation (TASK 5)...
[2026-06-27 23:14:00] [TASK_5] [INFO] Loaded 783 price rows and 0 news articles.
[2026-06-27 23:14:00] [TASK_5] [ERROR] TASK FAILED: TASK_5 after 0.0 seconds
[2026-06-27 23:14:00] [TASK_5] [ERROR] Exception: "Column(s) ['text_tokenized'] do not exist"
[2026-06-27 23:14:00] [TASK_5] [ERROR] Stack trace:
Traceback (most recent call last):
  File "C:\Users\User\KLTN_MASTER\pipeline\run_pipeline.py", line 647, in run_pipeline
    executor(config, task_logger, smoke_test=smoke_test)
  File "C:\Users\User\KLTN_MASTER\pipeline\run_pipeline.py", line 385, in execute_task_5
    run_aggregation()
  File "C:\Users\User\KLTN_MASTER\pipeline\task5_aggregate.py", line 364, in run_aggregation
    news_agg = aggregate_news(news_df)
  File "C:\Users\User\KLTN_MASTER\pipeline\task5_aggregate.py", line 96, in aggregate_news
    df.groupby(["ticker", "quarter_id"])
  File "C:\Users\User\AppData\Local\Packages\PythonSoftwareFoundation.Python.3.10_qbz5n2kfra8p0\LocalCache\local-packages\Python310\site-packages\pandas\core\groupby\generic.py", line 1432, in aggregate
    result = op.agg()
  File "C:\Users\User\AppData\Local\Packages\PythonSoftwareFoundation.Python.3.10_qbz5n2kfra8p0\LocalCache\local-packages\Python310\site-packages\pandas\core\apply.py", line 190, in agg
    return self.agg_dict_like()
  File "C:\Users\User\AppData\Local\Packages\PythonSoftwareFoundation.Python.3.10_qbz5n2kfra8p0\LocalCache\local-packages\Python310\site-packages\pandas\core\apply.py", line 423, in agg_dict_like
    return self.agg_or_apply_dict_like(op_name="agg")
  File "C:\Users\User\AppData\Local\Packages\PythonSoftwareFoundation.Python.3.10_qbz5n2kfra8p0\LocalCache\local-packages\Python310\site-packages\pandas\core\apply.py", line 1603, in agg_or_apply_dict_like
    result_index, result_data = self.compute_dict_like(
  File "C:\Users\User\AppData\Local\Packages\PythonSoftwareFoundation.Python.3.10_qbz5n2kfra8p0\LocalCache\local-packages\Python310\site-packages\pandas\core\apply.py", line 462, in compute_dict_like
    func = self.normalize_dictlike_arg(op_name, selected_obj, func)
  File "C:\Users\User\AppData\Local\Packages\PythonSoftwareFoundation.Python.3.10_qbz5n2kfra8p0\LocalCache\local-packages\Python310\site-packages\pandas\core\apply.py", line 663, in normalize_dictlike_arg
    raise KeyError(f"Column(s) {list(cols)} do not exist")
KeyError: "Column(s) ['text_tokenized'] do not exist"

[2026-06-27 23:26:28] [TASK_5] [INFO] ============================================================
[2026-06-27 23:26:28] [TASK_5] [INFO] START TASK_5: Data Aggregation (group by ticker × quarter)
[2026-06-27 23:26:28] [TASK_5] [INFO] Timestamp: 2026-06-27T23:26:28.518110
[2026-06-27 23:26:28] [TASK_5] [INFO] ============================================================
[2026-06-27 23:26:28] [TASK_5] [INFO] Input: data/prices/all_vn30_prices.csv (783 rows)
[2026-06-27 23:26:28] [TASK_5] [INFO] Input: data/news/processed/all_news_processed.csv (0 rows)
[2026-06-27 23:26:29] [TASK_5] [INFO] Starting Data Aggregation (TASK 5)...
[2026-06-27 23:26:29] [TASK_5] [INFO] Loaded 783 price rows and 0 news articles.
[2026-06-27 23:26:29] [TASK_5] [INFO] News aggregation: 0 (ticker, quarter) pairs → data/aggregated/news_by_quarter.csv
[2026-06-27 23:26:29] [TASK_5] [ERROR] No usable news rows after preprocessing (0 aggregated pairs). This usually means TASK 2 scraping collected no valid articles (check selectors / network) — downstream tasks need news data. Writing empty master dataset and stopping aggregation early.
[2026-06-27 23:26:29] [TASK_5] [INFO] ------------------------------------------------------------
[2026-06-27 23:26:29] [TASK_5] [INFO] END TASK_5 — completed in 1.4 seconds
[2026-06-27 23:26:29] [TASK_5] [INFO] Output: data/aggregated/news_by_quarter.csv (0 rows)
[2026-06-27 23:26:29] [TASK_5] [INFO] Output: data/aggregated/master_dataset.csv (0 rows)
[2026-06-27 23:26:29] [TASK_5] [INFO] ============================================================
[2026-06-27 23:32:36] [TASK_5] [INFO] ============================================================
[2026-06-27 23:32:36] [TASK_5] [INFO] START TASK_5: Data Aggregation (group by ticker × quarter)
[2026-06-27 23:32:36] [TASK_5] [INFO] Timestamp: 2026-06-27T23:32:36.464921
[2026-06-27 23:32:36] [TASK_5] [INFO] ============================================================
[2026-06-27 23:32:36] [TASK_5] [INFO] Input: data/prices/all_vn30_prices.csv (783 rows)
[2026-06-27 23:32:36] [TASK_5] [INFO] Input: data/news/processed/all_news_processed.csv (0 rows)
[2026-06-27 23:32:36] [TASK_5] [INFO] Starting Data Aggregation (TASK 5)...
[2026-06-27 23:32:36] [TASK_5] [INFO] Loaded 783 price rows and 0 news articles.
[2026-06-27 23:32:36] [TASK_5] [INFO] News aggregation: 0 (ticker, quarter) pairs → data/aggregated/news_by_quarter.csv
[2026-06-27 23:32:36] [TASK_5] [ERROR] No usable news rows after preprocessing (0 aggregated pairs). This usually means TASK 2 scraping collected no valid articles (check selectors / network) — downstream tasks need news data. Writing empty master dataset and stopping aggregation early.
[2026-06-27 23:32:36] [TASK_5] [INFO] ------------------------------------------------------------
[2026-06-27 23:32:36] [TASK_5] [INFO] END TASK_5 — completed in 0.0 seconds
[2026-06-27 23:32:36] [TASK_5] [INFO] Output: data/aggregated/news_by_quarter.csv (0 rows)
[2026-06-27 23:32:36] [TASK_5] [INFO] Output: data/aggregated/master_dataset.csv (0 rows)
[2026-06-27 23:32:36] [TASK_5] [INFO] ============================================================
[2026-06-27 23:39:42] [TASK_5] [INFO] ============================================================
[2026-06-27 23:39:42] [TASK_5] [INFO] START TASK_5: Data Aggregation (group by ticker × quarter)
[2026-06-27 23:39:42] [TASK_5] [INFO] Timestamp: 2026-06-27T23:39:42.235272
[2026-06-27 23:39:42] [TASK_5] [INFO] ============================================================
[2026-06-27 23:39:42] [TASK_5] [INFO] Input: data/prices/all_vn30_prices.csv (783 rows)
[2026-06-27 23:39:42] [TASK_5] [INFO] Input: data/news/processed/all_news_processed.csv (0 rows)
[2026-06-27 23:39:43] [TASK_5] [INFO] Starting Data Aggregation (TASK 5)...
[2026-06-27 23:39:43] [TASK_5] [INFO] Loaded 783 price rows and 0 news articles.
[2026-06-27 23:39:43] [TASK_5] [INFO] News aggregation: 0 (ticker, quarter) pairs → data/aggregated/news_by_quarter.csv
[2026-06-27 23:39:43] [TASK_5] [ERROR] No usable news rows after preprocessing (0 aggregated pairs). This usually means TASK 2 scraping collected no valid articles (check selectors / network) — downstream tasks need news data. Writing empty master dataset and stopping aggregation early.
[2026-06-27 23:39:43] [TASK_5] [INFO] ------------------------------------------------------------
[2026-06-27 23:39:43] [TASK_5] [INFO] END TASK_5 — completed in 1.3 seconds
[2026-06-27 23:39:43] [TASK_5] [INFO] Output: data/aggregated/news_by_quarter.csv (0 rows)
[2026-06-27 23:39:43] [TASK_5] [INFO] Output: data/aggregated/master_dataset.csv (0 rows)
[2026-06-27 23:39:43] [TASK_5] [INFO] ============================================================
[2026-06-27 23:44:07] [TASK_5] [INFO] ============================================================
[2026-06-27 23:44:07] [TASK_5] [INFO] START TASK_5: Data Aggregation (group by ticker × quarter)
[2026-06-27 23:44:07] [TASK_5] [INFO] Timestamp: 2026-06-27T23:44:07.626973
[2026-06-27 23:44:07] [TASK_5] [INFO] ============================================================
[2026-06-27 23:44:07] [TASK_5] [INFO] Input: data/prices/all_vn30_prices.csv (783 rows)
[2026-06-27 23:44:07] [TASK_5] [INFO] Input: data/news/processed/all_news_processed.csv (0 rows)
[2026-06-27 23:44:07] [TASK_5] [INFO] ------------------------------------------------------------
[2026-06-27 23:44:07] [TASK_5] [INFO] END TASK_5 — completed in 0.0 seconds
[2026-06-27 23:44:07] [TASK_5] [INFO] ============================================================
[2026-06-27 23:44:07] [TASK_5] [INFO] ============================================================
[2026-06-27 23:44:07] [TASK_5] [INFO] START TASK_5: Data Aggregation (group by ticker × quarter)
[2026-06-27 23:44:07] [TASK_5] [INFO] Timestamp: 2026-06-27T23:44:07.669298
[2026-06-27 23:44:07] [TASK_5] [INFO] ============================================================
[2026-06-27 23:44:07] [TASK_5] [INFO] Input: data/prices/all_vn30_prices.csv (783 rows)
[2026-06-27 23:44:07] [TASK_5] [INFO] Input: data/news/processed/all_news_processed.csv (0 rows)
[2026-06-27 23:44:07] [TASK_5] [INFO] ------------------------------------------------------------
[2026-06-27 23:44:07] [TASK_5] [INFO] END TASK_5 — completed in 0.0 seconds
[2026-06-27 23:44:07] [TASK_5] [INFO] ============================================================
