[2026-07-04 21:25:49] [TASK_6] [INFO] ============================================================
[2026-07-04 21:25:49] [TASK_6] [INFO] START TASK_6: Label Building (binary classification labels)
[2026-07-04 21:25:49] [TASK_6] [INFO] Timestamp: 2026-07-04T21:25:49.918876
[2026-07-04 21:25:49] [TASK_6] [INFO] ============================================================
[2026-07-04 21:25:49] [TASK_6] [INFO] Input: data/aggregated/master_dataset.csv (1428 rows)
[2026-07-04 21:25:49] [TASK_6] [INFO] ------------------------------------------------------------
[2026-07-04 21:25:49] [TASK_6] [INFO] END TASK_6 — completed in 0.0 seconds
[2026-07-04 21:25:49] [TASK_6] [INFO] ============================================================
[2026-07-04 21:25:50] [TASK_6] [INFO] ============================================================
[2026-07-04 21:25:50] [TASK_6] [INFO] START TASK_6: Label Building (binary classification labels)
[2026-07-04 21:25:50] [TASK_6] [INFO] Timestamp: 2026-07-04T21:25:50.657980
[2026-07-04 21:25:50] [TASK_6] [INFO] ============================================================
[2026-07-04 21:25:50] [TASK_6] [INFO] Input: data/aggregated/master_dataset.csv (1428 rows)
[2026-07-04 21:25:50] [TASK_6] [INFO] ------------------------------------------------------------
[2026-07-04 21:25:50] [TASK_6] [INFO] END TASK_6 — completed in 0.0 seconds
[2026-07-04 21:25:50] [TASK_6] [INFO] ============================================================
[2026-07-04 22:25:28] [TASK_6] [INFO] ============================================================
[2026-07-04 22:25:28] [TASK_6] [INFO] START TASK_6: Label Building (binary classification labels)
[2026-07-04 22:25:28] [TASK_6] [INFO] Timestamp: 2026-07-04T22:25:28.172512
[2026-07-04 22:25:28] [TASK_6] [INFO] ============================================================
[2026-07-04 22:25:28] [TASK_6] [INFO] Input: data/aggregated/master_dataset.csv (1428 rows)
[2026-07-04 22:25:28] [TASK_6] [INFO] ------------------------------------------------------------
[2026-07-04 22:25:28] [TASK_6] [INFO] END TASK_6 — completed in 0.0 seconds
[2026-07-04 22:25:28] [TASK_6] [INFO] ============================================================
[2026-07-04 22:25:29] [TASK_6] [INFO] ============================================================
[2026-07-04 22:25:29] [TASK_6] [INFO] START TASK_6: Label Building (binary classification labels)
[2026-07-04 22:25:29] [TASK_6] [INFO] Timestamp: 2026-07-04T22:25:29.013504
[2026-07-04 22:25:29] [TASK_6] [INFO] ============================================================
[2026-07-04 22:25:29] [TASK_6] [INFO] Input: data/aggregated/master_dataset.csv (1428 rows)
[2026-07-04 22:25:29] [TASK_6] [INFO] ------------------------------------------------------------
[2026-07-04 22:25:29] [TASK_6] [INFO] END TASK_6 — completed in 0.0 seconds
[2026-07-04 22:25:29] [TASK_6] [INFO] ============================================================
