[2026-07-02 10:06:32] [TASK_9] [INFO] ============================================================
[2026-07-02 10:06:32] [TASK_9] [INFO] START TASK_9: Keyword Feature Extraction (TF-IDF, sentiment scores)
[2026-07-02 10:06:32] [TASK_9] [INFO] Timestamp: 2026-07-02T10:06:32.604642
[2026-07-02 10:06:32] [TASK_9] [INFO] ============================================================
[2026-07-02 10:06:32] [TASK_9] [INFO] Input: data/aggregated/news_by_quarter.csv (1450 rows)
[2026-07-02 10:06:32] [TASK_9] [INFO] ------------------------------------------------------------
[2026-07-02 10:06:32] [TASK_9] [INFO] END TASK_9 — completed in 0.0 seconds
[2026-07-02 10:06:32] [TASK_9] [INFO] ============================================================
[2026-07-02 10:06:33] [TASK_9] [INFO] ============================================================
[2026-07-02 10:06:33] [TASK_9] [INFO] START TASK_9: Keyword Feature Extraction (TF-IDF, sentiment scores)
[2026-07-02 10:06:33] [TASK_9] [INFO] Timestamp: 2026-07-02T10:06:33.333820
[2026-07-02 10:06:33] [TASK_9] [INFO] ============================================================
[2026-07-02 10:06:33] [TASK_9] [INFO] Input: data/aggregated/news_by_quarter.csv (1450 rows)
[2026-07-02 10:06:33] [TASK_9] [INFO] ------------------------------------------------------------
[2026-07-02 10:06:33] [TASK_9] [INFO] END TASK_9 — completed in 0.0 seconds
[2026-07-02 10:06:33] [TASK_9] [INFO] ============================================================
[2026-07-02 10:07:49] [TASK_9] [INFO] ============================================================
[2026-07-02 10:07:49] [TASK_9] [INFO] START TASK_9: Keyword Feature Extraction (TF-IDF, sentiment scores)
[2026-07-02 10:07:49] [TASK_9] [INFO] Timestamp: 2026-07-02T10:07:49.644383
[2026-07-02 10:07:49] [TASK_9] [INFO] ============================================================
[2026-07-02 10:07:49] [TASK_9] [INFO] Input: data/aggregated/news_by_quarter.csv (1450 rows)
[2026-07-02 10:07:49] [TASK_9] [INFO] ------------------------------------------------------------
[2026-07-02 10:07:49] [TASK_9] [INFO] END TASK_9 — completed in 0.0 seconds
[2026-07-02 10:07:49] [TASK_9] [INFO] ============================================================
[2026-07-02 10:07:50] [TASK_9] [INFO] ============================================================
[2026-07-02 10:07:50] [TASK_9] [INFO] START TASK_9: Keyword Feature Extraction (TF-IDF, sentiment scores)
[2026-07-02 10:07:50] [TASK_9] [INFO] Timestamp: 2026-07-02T10:07:50.309660
[2026-07-02 10:07:50] [TASK_9] [INFO] ============================================================
[2026-07-02 10:07:50] [TASK_9] [INFO] Input: data/aggregated/news_by_quarter.csv (1450 rows)
[2026-07-02 10:07:50] [TASK_9] [INFO] ------------------------------------------------------------
[2026-07-02 10:07:50] [TASK_9] [INFO] END TASK_9 — completed in 0.0 seconds
[2026-07-02 10:07:50] [TASK_9] [INFO] ============================================================
[2026-07-02 17:47:37] [TASK_9] [INFO] ============================================================
[2026-07-02 17:47:37] [TASK_9] [INFO] START TASK_9: Keyword Feature Extraction (TF-IDF, sentiment scores)
[2026-07-02 17:47:37] [TASK_9] [INFO] Timestamp: 2026-07-02T17:47:37.830315
[2026-07-02 17:47:37] [TASK_9] [INFO] ============================================================
[2026-07-02 17:47:37] [TASK_9] [INFO] Input: data/aggregated/news_by_quarter.csv (1450 rows)
[2026-07-02 17:47:37] [TASK_9] [INFO] ------------------------------------------------------------
[2026-07-02 17:47:37] [TASK_9] [INFO] END TASK_9 — completed in 0.0 seconds
[2026-07-02 17:47:37] [TASK_9] [INFO] ============================================================
[2026-07-02 17:47:38] [TASK_9] [INFO] ============================================================
[2026-07-02 17:47:38] [TASK_9] [INFO] START TASK_9: Keyword Feature Extraction (TF-IDF, sentiment scores)
[2026-07-02 17:47:38] [TASK_9] [INFO] Timestamp: 2026-07-02T17:47:38.497505
[2026-07-02 17:47:38] [TASK_9] [INFO] ============================================================
[2026-07-02 17:47:38] [TASK_9] [INFO] Input: data/aggregated/news_by_quarter.csv (1450 rows)
[2026-07-02 17:47:38] [TASK_9] [INFO] ------------------------------------------------------------
[2026-07-02 17:47:38] [TASK_9] [INFO] END TASK_9 — completed in 0.0 seconds
[2026-07-02 17:47:38] [TASK_9] [INFO] ============================================================
[2026-07-02 17:50:25] [TASK_9] [INFO] ============================================================
[2026-07-02 17:50:25] [TASK_9] [INFO] START TASK_9: Keyword Feature Extraction (TF-IDF, sentiment scores)
[2026-07-02 17:50:25] [TASK_9] [INFO] Timestamp: 2026-07-02T17:50:25.723046
[2026-07-02 17:50:25] [TASK_9] [INFO] ============================================================
[2026-07-02 17:50:25] [TASK_9] [INFO] Input: data/aggregated/news_by_quarter.csv (1450 rows)
[2026-07-02 17:50:25] [TASK_9] [INFO] ------------------------------------------------------------
[2026-07-02 17:50:25] [TASK_9] [INFO] END TASK_9 — completed in 0.0 seconds
[2026-07-02 17:50:25] [TASK_9] [INFO] ============================================================
[2026-07-02 17:50:26] [TASK_9] [INFO] ============================================================
[2026-07-02 17:50:26] [TASK_9] [INFO] START TASK_9: Keyword Feature Extraction (TF-IDF, sentiment scores)
[2026-07-02 17:50:26] [TASK_9] [INFO] Timestamp: 2026-07-02T17:50:26.361815
[2026-07-02 17:50:26] [TASK_9] [INFO] ============================================================
[2026-07-02 17:50:26] [TASK_9] [INFO] Input: data/aggregated/news_by_quarter.csv (1450 rows)
[2026-07-02 17:50:26] [TASK_9] [INFO] ------------------------------------------------------------
[2026-07-02 17:50:26] [TASK_9] [INFO] END TASK_9 — completed in 0.0 seconds
[2026-07-02 17:50:26] [TASK_9] [INFO] ============================================================
