[2026-07-06 08:47:52] [TASK_9] [INFO] ============================================================
[2026-07-06 08:47:52] [TASK_9] [INFO] START TASK_9: Keyword Feature Extraction (TF-IDF, sentiment scores)
[2026-07-06 08:47:52] [TASK_9] [INFO] Timestamp: 2026-07-06T08:47:52.227112
[2026-07-06 08:47:52] [TASK_9] [INFO] ============================================================
[2026-07-06 08:47:52] [TASK_9] [INFO] Input: data/aggregated/news_by_quarter.csv (1450 rows)
[2026-07-06 08:47:52] [TASK_9] [INFO] ------------------------------------------------------------
[2026-07-06 08:47:52] [TASK_9] [INFO] END TASK_9 — completed in 0.0 seconds
[2026-07-06 08:47:52] [TASK_9] [INFO] ============================================================
[2026-07-06 08:47:56] [TASK_9] [INFO] ============================================================
[2026-07-06 08:47:56] [TASK_9] [INFO] START TASK_9: Keyword Feature Extraction (TF-IDF, sentiment scores)
[2026-07-06 08:47:56] [TASK_9] [INFO] Timestamp: 2026-07-06T08:47:56.053910
[2026-07-06 08:47:56] [TASK_9] [INFO] ============================================================
[2026-07-06 08:47:56] [TASK_9] [INFO] Input: data/aggregated/news_by_quarter.csv (1450 rows)
[2026-07-06 08:47:56] [TASK_9] [INFO] ------------------------------------------------------------
[2026-07-06 08:47:56] [TASK_9] [INFO] END TASK_9 — completed in 0.0 seconds
[2026-07-06 08:47:56] [TASK_9] [INFO] ============================================================
[2026-07-06 08:56:24] [TASK_9] [INFO] ============================================================
[2026-07-06 08:56:24] [TASK_9] [INFO] START TASK_9: Keyword Feature Extraction (TF-IDF, sentiment scores)
[2026-07-06 08:56:24] [TASK_9] [INFO] Timestamp: 2026-07-06T08:56:24.501486
[2026-07-06 08:56:24] [TASK_9] [INFO] ============================================================
[2026-07-06 08:56:24] [TASK_9] [INFO] Input: data/aggregated/news_by_quarter.csv (1450 rows)
[2026-07-06 08:56:24] [TASK_9] [INFO] ------------------------------------------------------------
[2026-07-06 08:56:24] [TASK_9] [INFO] END TASK_9 — completed in 0.0 seconds
[2026-07-06 08:56:24] [TASK_9] [INFO] ============================================================
[2026-07-06 08:56:28] [TASK_9] [INFO] ============================================================
[2026-07-06 08:56:28] [TASK_9] [INFO] START TASK_9: Keyword Feature Extraction (TF-IDF, sentiment scores)
[2026-07-06 08:56:28] [TASK_9] [INFO] Timestamp: 2026-07-06T08:56:28.333361
[2026-07-06 08:56:28] [TASK_9] [INFO] ============================================================
[2026-07-06 08:56:28] [TASK_9] [INFO] Input: data/aggregated/news_by_quarter.csv (1450 rows)
[2026-07-06 08:56:28] [TASK_9] [INFO] ------------------------------------------------------------
[2026-07-06 08:56:28] [TASK_9] [INFO] END TASK_9 — completed in 0.0 seconds
[2026-07-06 08:56:28] [TASK_9] [INFO] ============================================================
[2026-07-06 14:10:39] [TASK_9] [INFO] ============================================================
[2026-07-06 14:10:39] [TASK_9] [INFO] START TASK_9: Keyword Feature Extraction (TF-IDF, sentiment scores)
[2026-07-06 14:10:39] [TASK_9] [INFO] Timestamp: 2026-07-06T14:10:39.841075
[2026-07-06 14:10:39] [TASK_9] [INFO] ============================================================
[2026-07-06 14:10:39] [TASK_9] [INFO] Input: data/aggregated/news_by_quarter.csv (1450 rows)
[2026-07-06 14:10:39] [TASK_9] [INFO] ------------------------------------------------------------
[2026-07-06 14:10:39] [TASK_9] [INFO] END TASK_9 — completed in 0.0 seconds
[2026-07-06 14:10:39] [TASK_9] [INFO] ============================================================
[2026-07-06 14:10:42] [TASK_9] [INFO] ============================================================
[2026-07-06 14:10:42] [TASK_9] [INFO] START TASK_9: Keyword Feature Extraction (TF-IDF, sentiment scores)
[2026-07-06 14:10:42] [TASK_9] [INFO] Timestamp: 2026-07-06T14:10:42.525640
[2026-07-06 14:10:42] [TASK_9] [INFO] ============================================================
[2026-07-06 14:10:42] [TASK_9] [INFO] Input: data/aggregated/news_by_quarter.csv (1450 rows)
[2026-07-06 14:10:42] [TASK_9] [INFO] ------------------------------------------------------------
[2026-07-06 14:10:42] [TASK_9] [INFO] END TASK_9 — completed in 0.0 seconds
[2026-07-06 14:10:42] [TASK_9] [INFO] ============================================================
[2026-07-06 15:29:04] [TASK_9] [INFO] ============================================================
[2026-07-06 15:29:04] [TASK_9] [INFO] START TASK_9: Keyword Feature Extraction (TF-IDF, sentiment scores)
[2026-07-06 15:29:04] [TASK_9] [INFO] Timestamp: 2026-07-06T15:29:04.642286
[2026-07-06 15:29:04] [TASK_9] [INFO] ============================================================
[2026-07-06 15:29:04] [TASK_9] [INFO] Input: data/aggregated/news_by_quarter.csv (1450 rows)
[2026-07-06 15:29:04] [TASK_9] [INFO] ------------------------------------------------------------
[2026-07-06 15:29:04] [TASK_9] [INFO] END TASK_9 — completed in 0.0 seconds
[2026-07-06 15:29:04] [TASK_9] [INFO] ============================================================
[2026-07-06 15:29:08] [TASK_9] [INFO] ============================================================
[2026-07-06 15:29:08] [TASK_9] [INFO] START TASK_9: Keyword Feature Extraction (TF-IDF, sentiment scores)
[2026-07-06 15:29:08] [TASK_9] [INFO] Timestamp: 2026-07-06T15:29:08.126129
[2026-07-06 15:29:08] [TASK_9] [INFO] ============================================================
[2026-07-06 15:29:08] [TASK_9] [INFO] Input: data/aggregated/news_by_quarter.csv (1450 rows)
[2026-07-06 15:29:08] [TASK_9] [INFO] ------------------------------------------------------------
[2026-07-06 15:29:08] [TASK_9] [INFO] END TASK_9 — completed in 0.0 seconds
[2026-07-06 15:29:08] [TASK_9] [INFO] ============================================================
[2026-07-06 20:55:46] [TASK_9] [INFO] ============================================================
[2026-07-06 20:55:46] [TASK_9] [INFO] START TASK_9: Keyword Feature Extraction (TF-IDF, sentiment scores)
[2026-07-06 20:55:46] [TASK_9] [INFO] Timestamp: 2026-07-06T20:55:46.180509
[2026-07-06 20:55:46] [TASK_9] [INFO] ============================================================
[2026-07-06 20:55:46] [TASK_9] [INFO] Input: data/aggregated/news_by_quarter.csv (1450 rows)
[2026-07-06 20:55:46] [TASK_9] [INFO] ------------------------------------------------------------
[2026-07-06 20:55:46] [TASK_9] [INFO] END TASK_9 — completed in 0.0 seconds
[2026-07-06 20:55:46] [TASK_9] [INFO] ============================================================
[2026-07-06 20:55:49] [TASK_9] [INFO] ============================================================
[2026-07-06 20:55:49] [TASK_9] [INFO] START TASK_9: Keyword Feature Extraction (TF-IDF, sentiment scores)
[2026-07-06 20:55:49] [TASK_9] [INFO] Timestamp: 2026-07-06T20:55:49.905869
[2026-07-06 20:55:49] [TASK_9] [INFO] ============================================================
[2026-07-06 20:55:49] [TASK_9] [INFO] Input: data/aggregated/news_by_quarter.csv (1450 rows)
[2026-07-06 20:55:49] [TASK_9] [INFO] ------------------------------------------------------------
[2026-07-06 20:55:49] [TASK_9] [INFO] END TASK_9 — completed in 0.0 seconds
[2026-07-06 20:55:49] [TASK_9] [INFO] ============================================================
[2026-07-06 20:56:23] [TASK_9] [INFO] ============================================================
[2026-07-06 20:56:23] [TASK_9] [INFO] START TASK_9: Keyword Feature Extraction (TF-IDF, sentiment scores)
[2026-07-06 20:56:23] [TASK_9] [INFO] Timestamp: 2026-07-06T20:56:23.290456
[2026-07-06 20:56:23] [TASK_9] [INFO] ============================================================
[2026-07-06 20:56:23] [TASK_9] [INFO] Input: data/aggregated/news_by_quarter.csv (1450 rows)
[2026-07-06 20:56:23] [TASK_9] [INFO] ------------------------------------------------------------
[2026-07-06 20:56:23] [TASK_9] [INFO] END TASK_9 — completed in 0.0 seconds
[2026-07-06 20:56:23] [TASK_9] [INFO] ============================================================
[2026-07-06 20:56:26] [TASK_9] [INFO] ============================================================
[2026-07-06 20:56:26] [TASK_9] [INFO] START TASK_9: Keyword Feature Extraction (TF-IDF, sentiment scores)
[2026-07-06 20:56:26] [TASK_9] [INFO] Timestamp: 2026-07-06T20:56:26.942427
[2026-07-06 20:56:26] [TASK_9] [INFO] ============================================================
[2026-07-06 20:56:26] [TASK_9] [INFO] Input: data/aggregated/news_by_quarter.csv (1450 rows)
[2026-07-06 20:56:26] [TASK_9] [INFO] ------------------------------------------------------------
[2026-07-06 20:56:26] [TASK_9] [INFO] END TASK_9 — completed in 0.0 seconds
[2026-07-06 20:56:26] [TASK_9] [INFO] ============================================================
[2026-07-06 21:17:57] [TASK_9] [INFO] Starting Keyword Feature Extraction (TASK 9)...
[2026-07-06 21:17:59] [TASK_9] [INFO] Loaded 1450 (ticker, quarter) rows from data/aggregated/news_by_quarter.csv.
[2026-07-06 21:17:59] [TASK_9] [INFO] Using 106 keywords (43 pos, 54 neg, 9 neutral).
[2026-07-06 21:22:47] [TASK_9] [INFO] Saved keyword features (1450 rows, 326 cols) to data/features/keyword_features.csv.
[2026-07-06 21:22:47] [TASK_9] [INFO] ======================================================================
[2026-07-06 21:22:47] [TASK_9] [INFO] KEYWORD FEATURE REPORT
[2026-07-06 21:22:47] [TASK_9] [INFO] ======================================================================
[2026-07-06 21:22:47] [TASK_9] [INFO] Total features generated: 324
[2026-07-06 21:22:47] [TASK_9] [INFO] 
Top 20 keywords by corpus frequency:
[2026-07-06 21:22:47] [TASK_9] [INFO]    1. tăng trưởng                               42703
[2026-07-06 21:22:47] [TASK_9] [INFO]    2. tăng mạnh                                 6898
[2026-07-06 21:22:47] [TASK_9] [INFO]    3. phục hồi                                  5294
[2026-07-06 21:22:47] [TASK_9] [INFO]    4. tăng vốn điều lệ                          5250
[2026-07-06 21:22:47] [TASK_9] [INFO]    5. nợ xấu                                    5033
[2026-07-06 21:22:47] [TASK_9] [INFO]    6. đóng cửa                                  4546
[2026-07-06 21:22:47] [TASK_9] [INFO]    7. giảm mạnh                                 4360
[2026-07-06 21:22:47] [TASK_9] [INFO]    8. mua lại                                   4134
[2026-07-06 21:22:47] [TASK_9] [INFO]    9. kỷ lục                                    3725
[2026-07-06 21:22:47] [TASK_9] [INFO]   10. chia cổ tức                               3712
[2026-07-06 21:22:47] [TASK_9] [INFO]   11. bị kiện                                   2828
[2026-07-06 21:22:47] [TASK_9] [INFO]   12. vi phạm                                   2818
[2026-07-06 21:22:47] [TASK_9] [INFO]   13. bứt phá                                   2462
[2026-07-06 21:22:47] [TASK_9] [INFO]   14. báo lãi                                   2027
[2026-07-06 21:22:47] [TASK_9] [INFO]   15. cổ tức tiền mặt                           1999
[2026-07-06 21:22:47] [TASK_9] [INFO]   16. lãi ròng                                  1987
[2026-07-06 21:22:47] [TASK_9] [INFO]   17. điều tra                                  1898
[2026-07-06 21:22:47] [TASK_9] [INFO]   18. khởi tố                                   1890
[2026-07-06 21:22:47] [TASK_9] [INFO]   19. giảm sâu                                  1677
[2026-07-06 21:22:47] [TASK_9] [INFO]   20. thoái vốn                                 1661
[2026-07-06 21:22:47] [TASK_9] [INFO] 
Overall sparsity rate: 90.84%
[2026-07-06 21:22:47] [TASK_9] [INFO] 
Keywords with sparsity > 95% (56 candidates for removal):
[2026-07-06 21:22:47] [TASK_9] [INFO]   dưới kế hoạch                             100.0%
[2026-07-06 21:22:47] [TASK_9] [INFO]   doanh thu không tăng                      100.0%
[2026-07-06 21:22:47] [TASK_9] [INFO]   hủy cổ tức                                100.0%
[2026-07-06 21:22:47] [TASK_9] [INFO]   giảm cổ tức                               100.0%
[2026-07-06 21:22:47] [TASK_9] [INFO]   phát hành pha loãng                       100.0%
[2026-07-06 21:22:47] [TASK_9] [INFO]   chào bán giá thấp                         100.0%
[2026-07-06 21:22:47] [TASK_9] [INFO]   dự án trì hoãn                            100.0%
[2026-07-06 21:22:47] [TASK_9] [INFO]   hệ số nợ cao                              99.9%
[2026-07-06 21:22:47] [TASK_9] [INFO]   lợi nhuận không tăng                      99.9%
[2026-07-06 21:22:47] [TASK_9] [INFO]   bị kiểm toán từ chối                      99.9%
[2026-07-06 21:22:47] [TASK_9] [INFO]   tranh chấp pháp lý                        99.8%
[2026-07-06 21:22:47] [TASK_9] [INFO]   niêm yết thêm                             99.7%
[2026-07-06 21:22:47] [TASK_9] [INFO]   kinh doanh sa sút                         99.7%
[2026-07-06 21:22:47] [TASK_9] [INFO]   thiếu thanh khoản                         99.7%
[2026-07-06 21:22:47] [TASK_9] [INFO]   thu hẹp hoạt động                         99.7%
[2026-07-06 21:22:47] [TASK_9] [INFO]   cải thiện tài chính                       99.6%
[2026-07-06 21:22:47] [TASK_9] [INFO]   kết quả tiêu cực                          99.6%
[2026-07-06 21:22:47] [TASK_9] [INFO]   tụt dốc                                   99.6%
[2026-07-06 21:22:47] [TASK_9] [INFO]   hủy hợp đồng                              99.6%
[2026-07-06 21:22:47] [TASK_9] [INFO]   thay CEO                                  99.5%
[2026-07-06 21:22:47] [TASK_9] [INFO]   lãi khủng                                 99.4%
[2026-07-06 21:22:47] [TASK_9] [INFO]   dòng tiền âm                              99.4%
[2026-07-06 21:22:47] [TASK_9] [INFO]   thay đổi lãnh đạo                         99.4%
[2026-07-06 21:22:47] [TASK_9] [INFO]   phát hành thưởng                          99.4%
[2026-07-06 21:22:47] [TASK_9] [INFO]   dòng tiền dương                           99.4%
[2026-07-06 21:22:47] [TASK_9] [INFO]   chưa có lãi                               99.4%
[2026-07-06 21:22:47] [TASK_9] [INFO]   phát hành cổ phiếu mới                    99.4%
[2026-07-06 21:22:47] [TASK_9] [INFO]   dừng dự án                                99.3%
[2026-07-06 21:22:47] [TASK_9] [INFO]   bị thanh tra                              99.2%
[2026-07-06 21:22:47] [TASK_9] [INFO]   lợi nhuận thấp hơn                        99.2%
[2026-07-06 21:22:47] [TASK_9] [INFO]   không đạt kế hoạch                        99.1%
[2026-07-06 21:22:47] [TASK_9] [INFO]   thắng thầu                                98.9%
[2026-07-06 21:22:47] [TASK_9] [INFO]   lợi nhuận âm                              98.9%
[2026-07-06 21:22:47] [TASK_9] [INFO]   tiền mặt dồi dào                          98.8%
[2026-07-06 21:22:47] [TASK_9] [INFO]   âm vốn chủ sở hữu                         98.8%
[2026-07-06 21:22:47] [TASK_9] [INFO]   họp HĐQT                                  98.7%
[2026-07-06 21:22:47] [TASK_9] [INFO]   không tăng trưởng                         98.5%
[2026-07-06 21:22:47] [TASK_9] [INFO]   nợ vay tăng                               98.4%
[2026-07-06 21:22:47] [TASK_9] [INFO]   lãi đậm                                   98.3%
[2026-07-06 21:22:47] [TASK_9] [INFO]   lỗ kỷ lục                                 98.2%
[2026-07-06 21:22:47] [TASK_9] [INFO]   tăng trưởng chậm lại                      98.1%
[2026-07-06 21:22:47] [TASK_9] [INFO]   lỗ nặng                                   98.1%
[2026-07-06 21:22:47] [TASK_9] [INFO]   đình chỉ                                  98.1%
[2026-07-06 21:22:47] [TASK_9] [INFO]   không hoàn thành kế hoạch                 97.9%
[2026-07-06 21:22:47] [TASK_9] [INFO]   doanh thu kỷ lục                          97.5%
[2026-07-06 21:22:47] [TASK_9] [INFO]   lỗ lớn                                    97.4%
[2026-07-06 21:22:47] [TASK_9] [INFO]   giảm nợ                                   97.2%
[2026-07-06 21:22:47] [TASK_9] [INFO]   nợ quá hạn                                97.2%
[2026-07-06 21:22:47] [TASK_9] [INFO]   xuất khẩu tăng                            96.9%
[2026-07-06 21:22:47] [TASK_9] [INFO]   cổ tức cao                                96.4%
[2026-07-06 21:22:47] [TASK_9] [INFO]   lợi nhuận cải thiện                       95.9%
[2026-07-06 21:22:47] [TASK_9] [INFO]   lợi nhuận kỷ lục                          95.9%
[2026-07-06 21:22:47] [TASK_9] [INFO]   không chia cổ tức                         95.8%
[2026-07-06 21:22:47] [TASK_9] [INFO]   mua lại cổ phiếu                          95.7%
[2026-07-06 21:22:47] [TASK_9] [INFO]   áp lực tài chính                          95.5%
[2026-07-06 21:22:47] [TASK_9] [INFO]   lãi lớn                                   95.2%
[2026-07-06 21:22:47] [TASK_9] [INFO] 
pos_score distribution:
[2026-07-06 21:22:47] [TASK_9] [INFO]   mean=1.9028  std=2.1284  min=0.0000  max=15.0000
[2026-07-06 21:22:47] [TASK_9] [INFO] neg_score distribution:
[2026-07-06 21:22:47] [TASK_9] [INFO]   mean=0.6262  std=0.8955  min=0.0000  max=9.7500
[2026-07-06 21:22:47] [TASK_9] [INFO] ======================================================================
[2026-07-06 21:22:47] [TASK_9] [INFO] TASK 9 complete.
[2026-07-06 21:23:04] [TASK_9] [INFO] Starting Keyword Feature Extraction (TASK 9)...
[2026-07-06 21:23:06] [TASK_9] [INFO] Loaded 1450 (ticker, quarter) rows from data/aggregated/news_by_quarter.csv.
[2026-07-06 21:23:06] [TASK_9] [INFO] Using 106 keywords (43 pos, 54 neg, 9 neutral).
[2026-07-06 21:27:47] [TASK_9] [INFO] Saved keyword features (1450 rows, 326 cols) to data/features/keyword_features.csv.
[2026-07-06 21:27:47] [TASK_9] [INFO] ======================================================================
[2026-07-06 21:27:47] [TASK_9] [INFO] KEYWORD FEATURE REPORT
[2026-07-06 21:27:47] [TASK_9] [INFO] ======================================================================
[2026-07-06 21:27:47] [TASK_9] [INFO] Total features generated: 324
[2026-07-06 21:27:47] [TASK_9] [INFO] 
Top 20 keywords by corpus frequency:
[2026-07-06 21:27:47] [TASK_9] [INFO]    1. tăng trưởng                               42703
[2026-07-06 21:27:47] [TASK_9] [INFO]    2. tăng mạnh                                 6898
[2026-07-06 21:27:47] [TASK_9] [INFO]    3. phục hồi                                  5294
[2026-07-06 21:27:47] [TASK_9] [INFO]    4. tăng vốn điều lệ                          5250
[2026-07-06 21:27:47] [TASK_9] [INFO]    5. nợ xấu                                    5033
[2026-07-06 21:27:47] [TASK_9] [INFO]    6. đóng cửa                                  4546
[2026-07-06 21:27:47] [TASK_9] [INFO]    7. giảm mạnh                                 4360
[2026-07-06 21:27:47] [TASK_9] [INFO]    8. mua lại                                   4134
[2026-07-06 21:27:47] [TASK_9] [INFO]    9. kỷ lục                                    3725
[2026-07-06 21:27:47] [TASK_9] [INFO]   10. chia cổ tức                               3712
[2026-07-06 21:27:47] [TASK_9] [INFO]   11. bị kiện                                   2828
[2026-07-06 21:27:47] [TASK_9] [INFO]   12. vi phạm                                   2818
[2026-07-06 21:27:47] [TASK_9] [INFO]   13. bứt phá                                   2462
[2026-07-06 21:27:47] [TASK_9] [INFO]   14. báo lãi                                   2027
[2026-07-06 21:27:47] [TASK_9] [INFO]   15. cổ tức tiền mặt                           1999
[2026-07-06 21:27:47] [TASK_9] [INFO]   16. lãi ròng                                  1987
[2026-07-06 21:27:47] [TASK_9] [INFO]   17. điều tra                                  1898
[2026-07-06 21:27:47] [TASK_9] [INFO]   18. khởi tố                                   1890
[2026-07-06 21:27:47] [TASK_9] [INFO]   19. giảm sâu                                  1677
[2026-07-06 21:27:47] [TASK_9] [INFO]   20. thoái vốn                                 1661
[2026-07-06 21:27:47] [TASK_9] [INFO] 
Overall sparsity rate: 90.84%
[2026-07-06 21:27:47] [TASK_9] [INFO] 
Keywords with sparsity > 95% (56 candidates for removal):
[2026-07-06 21:27:47] [TASK_9] [INFO]   dưới kế hoạch                             100.0%
[2026-07-06 21:27:47] [TASK_9] [INFO]   doanh thu không tăng                      100.0%
[2026-07-06 21:27:47] [TASK_9] [INFO]   hủy cổ tức                                100.0%
[2026-07-06 21:27:47] [TASK_9] [INFO]   giảm cổ tức                               100.0%
[2026-07-06 21:27:47] [TASK_9] [INFO]   phát hành pha loãng                       100.0%
[2026-07-06 21:27:47] [TASK_9] [INFO]   chào bán giá thấp                         100.0%
[2026-07-06 21:27:47] [TASK_9] [INFO]   dự án trì hoãn                            100.0%
[2026-07-06 21:27:47] [TASK_9] [INFO]   hệ số nợ cao                              99.9%
[2026-07-06 21:27:47] [TASK_9] [INFO]   lợi nhuận không tăng                      99.9%
[2026-07-06 21:27:47] [TASK_9] [INFO]   bị kiểm toán từ chối                      99.9%
[2026-07-06 21:27:47] [TASK_9] [INFO]   tranh chấp pháp lý                        99.8%
[2026-07-06 21:27:47] [TASK_9] [INFO]   niêm yết thêm                             99.7%
[2026-07-06 21:27:47] [TASK_9] [INFO]   kinh doanh sa sút                         99.7%
[2026-07-06 21:27:47] [TASK_9] [INFO]   thiếu thanh khoản                         99.7%
[2026-07-06 21:27:47] [TASK_9] [INFO]   thu hẹp hoạt động                         99.7%
[2026-07-06 21:27:47] [TASK_9] [INFO]   cải thiện tài chính                       99.6%
[2026-07-06 21:27:47] [TASK_9] [INFO]   kết quả tiêu cực                          99.6%
[2026-07-06 21:27:47] [TASK_9] [INFO]   tụt dốc                                   99.6%
[2026-07-06 21:27:47] [TASK_9] [INFO]   hủy hợp đồng                              99.6%
[2026-07-06 21:27:47] [TASK_9] [INFO]   thay CEO                                  99.5%
[2026-07-06 21:27:47] [TASK_9] [INFO]   lãi khủng                                 99.4%
[2026-07-06 21:27:47] [TASK_9] [INFO]   dòng tiền âm                              99.4%
[2026-07-06 21:27:47] [TASK_9] [INFO]   thay đổi lãnh đạo                         99.4%
[2026-07-06 21:27:47] [TASK_9] [INFO]   phát hành thưởng                          99.4%
[2026-07-06 21:27:47] [TASK_9] [INFO]   dòng tiền dương                           99.4%
[2026-07-06 21:27:47] [TASK_9] [INFO]   chưa có lãi                               99.4%
[2026-07-06 21:27:47] [TASK_9] [INFO]   phát hành cổ phiếu mới                    99.4%
[2026-07-06 21:27:47] [TASK_9] [INFO]   dừng dự án                                99.3%
[2026-07-06 21:27:47] [TASK_9] [INFO]   bị thanh tra                              99.2%
[2026-07-06 21:27:47] [TASK_9] [INFO]   lợi nhuận thấp hơn                        99.2%
[2026-07-06 21:27:47] [TASK_9] [INFO]   không đạt kế hoạch                        99.1%
[2026-07-06 21:27:47] [TASK_9] [INFO]   thắng thầu                                98.9%
[2026-07-06 21:27:47] [TASK_9] [INFO]   lợi nhuận âm                              98.9%
[2026-07-06 21:27:47] [TASK_9] [INFO]   tiền mặt dồi dào                          98.8%
[2026-07-06 21:27:47] [TASK_9] [INFO]   âm vốn chủ sở hữu                         98.8%
[2026-07-06 21:27:47] [TASK_9] [INFO]   họp HĐQT                                  98.7%
[2026-07-06 21:27:47] [TASK_9] [INFO]   không tăng trưởng                         98.5%
[2026-07-06 21:27:47] [TASK_9] [INFO]   nợ vay tăng                               98.4%
[2026-07-06 21:27:47] [TASK_9] [INFO]   lãi đậm                                   98.3%
[2026-07-06 21:27:47] [TASK_9] [INFO]   lỗ kỷ lục                                 98.2%
[2026-07-06 21:27:47] [TASK_9] [INFO]   tăng trưởng chậm lại                      98.1%
[2026-07-06 21:27:47] [TASK_9] [INFO]   lỗ nặng                                   98.1%
[2026-07-06 21:27:47] [TASK_9] [INFO]   đình chỉ                                  98.1%
[2026-07-06 21:27:47] [TASK_9] [INFO]   không hoàn thành kế hoạch                 97.9%
[2026-07-06 21:27:47] [TASK_9] [INFO]   doanh thu kỷ lục                          97.5%
[2026-07-06 21:27:47] [TASK_9] [INFO]   lỗ lớn                                    97.4%
[2026-07-06 21:27:47] [TASK_9] [INFO]   giảm nợ                                   97.2%
[2026-07-06 21:27:47] [TASK_9] [INFO]   nợ quá hạn                                97.2%
[2026-07-06 21:27:47] [TASK_9] [INFO]   xuất khẩu tăng                            96.9%
[2026-07-06 21:27:47] [TASK_9] [INFO]   cổ tức cao                                96.4%
[2026-07-06 21:27:47] [TASK_9] [INFO]   lợi nhuận cải thiện                       95.9%
[2026-07-06 21:27:47] [TASK_9] [INFO]   lợi nhuận kỷ lục                          95.9%
[2026-07-06 21:27:47] [TASK_9] [INFO]   không chia cổ tức                         95.8%
[2026-07-06 21:27:47] [TASK_9] [INFO]   mua lại cổ phiếu                          95.7%
[2026-07-06 21:27:47] [TASK_9] [INFO]   áp lực tài chính                          95.5%
[2026-07-06 21:27:47] [TASK_9] [INFO]   lãi lớn                                   95.2%
[2026-07-06 21:27:47] [TASK_9] [INFO] 
pos_score distribution:
[2026-07-06 21:27:47] [TASK_9] [INFO]   mean=1.9028  std=2.1284  min=0.0000  max=15.0000
[2026-07-06 21:27:47] [TASK_9] [INFO] neg_score distribution:
[2026-07-06 21:27:47] [TASK_9] [INFO]   mean=0.6262  std=0.8955  min=0.0000  max=9.7500
[2026-07-06 21:27:47] [TASK_9] [INFO] ======================================================================
[2026-07-06 21:27:47] [TASK_9] [INFO] TASK 9 complete.
[2026-07-06 23:11:00] [TASK_9] [INFO] ============================================================
[2026-07-06 23:11:00] [TASK_9] [INFO] START TASK_9: Keyword Feature Extraction (TF-IDF, sentiment scores)
[2026-07-06 23:11:00] [TASK_9] [INFO] Timestamp: 2026-07-06T23:11:00.585589
[2026-07-06 23:11:00] [TASK_9] [INFO] ============================================================
[2026-07-06 23:11:02] [TASK_9] [INFO] Input: data/aggregated/news_by_quarter.csv (1450 rows)
[2026-07-06 23:11:02] [TASK_9] [INFO] ------------------------------------------------------------
[2026-07-06 23:11:02] [TASK_9] [INFO] END TASK_9 — completed in 0.0 seconds
[2026-07-06 23:11:02] [TASK_9] [INFO] ============================================================
[2026-07-06 23:11:19] [TASK_9] [INFO] ============================================================
[2026-07-06 23:11:19] [TASK_9] [INFO] START TASK_9: Keyword Feature Extraction (TF-IDF, sentiment scores)
[2026-07-06 23:11:19] [TASK_9] [INFO] Timestamp: 2026-07-06T23:11:19.153945
[2026-07-06 23:11:19] [TASK_9] [INFO] ============================================================
[2026-07-06 23:11:20] [TASK_9] [INFO] Input: data/aggregated/news_by_quarter.csv (1450 rows)
[2026-07-06 23:11:20] [TASK_9] [INFO] ------------------------------------------------------------
[2026-07-06 23:11:20] [TASK_9] [INFO] END TASK_9 — completed in 0.0 seconds
[2026-07-06 23:11:20] [TASK_9] [INFO] ============================================================
[2026-07-06 23:12:18] [TASK_9] [INFO] ============================================================
[2026-07-06 23:12:18] [TASK_9] [INFO] START TASK_9: Keyword Feature Extraction (TF-IDF, sentiment scores)
[2026-07-06 23:12:18] [TASK_9] [INFO] Timestamp: 2026-07-06T23:12:18.761708
[2026-07-06 23:12:18] [TASK_9] [INFO] ============================================================
[2026-07-06 23:12:20] [TASK_9] [INFO] Input: data/aggregated/news_by_quarter.csv (1450 rows)
[2026-07-06 23:12:20] [TASK_9] [INFO] ------------------------------------------------------------
[2026-07-06 23:12:20] [TASK_9] [INFO] END TASK_9 — completed in 0.0 seconds
[2026-07-06 23:12:20] [TASK_9] [INFO] ============================================================
[2026-07-06 23:12:36] [TASK_9] [INFO] ============================================================
[2026-07-06 23:12:36] [TASK_9] [INFO] START TASK_9: Keyword Feature Extraction (TF-IDF, sentiment scores)
[2026-07-06 23:12:36] [TASK_9] [INFO] Timestamp: 2026-07-06T23:12:36.946888
[2026-07-06 23:12:36] [TASK_9] [INFO] ============================================================
[2026-07-06 23:12:38] [TASK_9] [INFO] Input: data/aggregated/news_by_quarter.csv (1450 rows)
[2026-07-06 23:12:38] [TASK_9] [INFO] ------------------------------------------------------------
[2026-07-06 23:12:38] [TASK_9] [INFO] END TASK_9 — completed in 0.0 seconds
[2026-07-06 23:12:38] [TASK_9] [INFO] ============================================================
