[2026-05-03 22:18:51] [TASK_1] [INFO] Validated 3/3 tickers against VN30 list.
[2026-05-03 22:18:51] [TASK_1] [WARNING] Invalid tickers (not in VN30): INVALID — these will be skipped.
[2026-05-03 22:18:51] [TASK_1] [INFO] Validated 2/3 tickers against VN30 list.
[2026-05-03 22:18:51] [TASK_1] [WARNING] Invalid tickers (not in VN30): INVALID1, INVALID2 — these will be skipped.
[2026-05-03 22:21:51] [TASK_1] [INFO] Fetched 13 rows for VNM (2023-12-27 to 2024-01-15).
[2026-05-03 22:25:14] [TASK_1] [INFO] Validated 3/3 tickers against VN30 list.
[2026-05-03 22:25:14] [TASK_1] [WARNING] Invalid tickers (not in VN30): INVALID — these will be skipped.
[2026-05-03 22:25:14] [TASK_1] [INFO] Validated 2/3 tickers against VN30 list.
[2026-05-03 22:25:14] [TASK_1] [WARNING] Invalid tickers (not in VN30): INVALID1, INVALID2 — these will be skipped.
[2026-05-03 22:25:14] [TASK_1] [INFO] Validated 30/30 tickers against VN30 list.
[2026-05-03 22:25:17] [TASK_1] [INFO] ============================================================
[2026-05-03 22:25:17] [TASK_1] [INFO] TASK 1: Price Collection Started
[2026-05-03 22:25:17] [TASK_1] [INFO] Tickers: 1 | Date range: 2024-01-01 to 2024-01-10
[2026-05-03 22:25:17] [TASK_1] [INFO] ============================================================
[2026-05-03 22:25:17] [TASK_1] [INFO] Validated 1/1 tickers against VN30 list.
[2026-05-03 22:25:17] [TASK_1] [INFO] Processing VNM (1/1)...
[2026-05-03 22:25:17] [TASK_1] [INFO] Saved VNM → C:\Users\User\AppData\Local\Temp\pytest-of-User\pytest-117\test_collect_prices_output_col0\prices\VNM.csv (2 rows)
[2026-05-03 22:25:17] [TASK_1] [INFO] Saved consolidated file → C:\Users\User\AppData\Local\Temp\pytest-of-User\pytest-117\test_collect_prices_output_col0\prices\all_vn30_prices.csv (2 rows, 1 tickers)
[2026-05-03 22:25:17] [TASK_1] [INFO] ============================================================
[2026-05-03 22:25:17] [TASK_1] [INFO] PRICE COLLECTION SUMMARY
[2026-05-03 22:25:17] [TASK_1] [INFO] ============================================================
[2026-05-03 22:25:17] [TASK_1] [INFO] Successfully collected: 1 tickers
[2026-05-03 22:25:17] [TASK_1] [INFO] ------------------------------------------------------------
[2026-05-03 22:25:17] [TASK_1] [INFO] Ticker    Earliest      Latest    Days
[2026-05-03 22:25:17] [TASK_1] [INFO] ------------------------------------------------------------
[2026-05-03 22:25:17] [TASK_1] [INFO] VNM     2024-01-02  2024-01-03       2
[2026-05-03 22:25:17] [TASK_1] [INFO] ------------------------------------------------------------
[2026-05-03 22:25:17] [TASK_1] [INFO] Total rows: 2 | Date range: 2024-01-01 to 2024-01-10
[2026-05-03 22:25:17] [TASK_1] [INFO] ============================================================
[2026-05-03 22:25:17] [TASK_1] [INFO] ============================================================
[2026-05-03 22:25:17] [TASK_1] [INFO] TASK 1: Price Collection Started
[2026-05-03 22:25:17] [TASK_1] [INFO] Tickers: 2 | Date range: 2024-01-01 to 2024-01-10
[2026-05-03 22:25:17] [TASK_1] [INFO] ============================================================
[2026-05-03 22:25:17] [TASK_1] [INFO] Validated 2/2 tickers against VN30 list.
[2026-05-03 22:25:17] [TASK_1] [INFO] Processing VNM (1/2)...
[2026-05-03 22:25:17] [TASK_1] [INFO] Saved VNM → C:\Users\User\AppData\Local\Temp\pytest-of-User\pytest-117\test_individual_ticker_csv_sav0\prices\VNM.csv (1 rows)
[2026-05-03 22:25:18] [TASK_1] [INFO] Processing FPT (2/2)...
[2026-05-03 22:25:18] [TASK_1] [INFO] Saved FPT → C:\Users\User\AppData\Local\Temp\pytest-of-User\pytest-117\test_individual_ticker_csv_sav0\prices\FPT.csv (1 rows)
[2026-05-03 22:25:18] [TASK_1] [INFO] Saved consolidated file → C:\Users\User\AppData\Local\Temp\pytest-of-User\pytest-117\test_individual_ticker_csv_sav0\prices\all_vn30_prices.csv (2 rows, 2 tickers)
[2026-05-03 22:25:18] [TASK_1] [INFO] ============================================================
[2026-05-03 22:25:18] [TASK_1] [INFO] PRICE COLLECTION SUMMARY
[2026-05-03 22:25:18] [TASK_1] [INFO] ============================================================
[2026-05-03 22:25:18] [TASK_1] [INFO] Successfully collected: 2 tickers
[2026-05-03 22:25:18] [TASK_1] [INFO] ------------------------------------------------------------
[2026-05-03 22:25:18] [TASK_1] [INFO] Ticker    Earliest      Latest    Days
[2026-05-03 22:25:18] [TASK_1] [INFO] ------------------------------------------------------------
[2026-05-03 22:25:18] [TASK_1] [INFO] FPT     2024-01-02  2024-01-02       1
[2026-05-03 22:25:18] [TASK_1] [INFO] VNM     2024-01-02  2024-01-02       1
[2026-05-03 22:25:18] [TASK_1] [INFO] ------------------------------------------------------------
[2026-05-03 22:25:18] [TASK_1] [INFO] Total rows: 2 | Date range: 2024-01-01 to 2024-01-10
[2026-05-03 22:25:18] [TASK_1] [INFO] ============================================================
[2026-05-03 22:25:18] [TASK_1] [INFO] ============================================================
[2026-05-03 22:25:18] [TASK_1] [INFO] TASK 1: Price Collection Started
[2026-05-03 22:25:18] [TASK_1] [INFO] Tickers: 2 | Date range: 2024-01-01 to 2024-01-10
[2026-05-03 22:25:18] [TASK_1] [INFO] ============================================================
[2026-05-03 22:25:18] [TASK_1] [INFO] Validated 2/2 tickers against VN30 list.
[2026-05-03 22:25:18] [TASK_1] [INFO] Processing VNM (1/2)...
[2026-05-03 22:25:18] [TASK_1] [INFO] Saved VNM → C:\Users\User\AppData\Local\Temp\pytest-of-User\pytest-117\test_consolidated_csv_has_tick0\prices\VNM.csv (1 rows)
[2026-05-03 22:25:18] [TASK_1] [INFO] Processing FPT (2/2)...
[2026-05-03 22:25:18] [TASK_1] [INFO] Saved FPT → C:\Users\User\AppData\Local\Temp\pytest-of-User\pytest-117\test_consolidated_csv_has_tick0\prices\FPT.csv (1 rows)
[2026-05-03 22:25:18] [TASK_1] [INFO] Saved consolidated file → C:\Users\User\AppData\Local\Temp\pytest-of-User\pytest-117\test_consolidated_csv_has_tick0\prices\all_vn30_prices.csv (2 rows, 2 tickers)
[2026-05-03 22:25:18] [TASK_1] [INFO] ============================================================
[2026-05-03 22:25:18] [TASK_1] [INFO] PRICE COLLECTION SUMMARY
[2026-05-03 22:25:18] [TASK_1] [INFO] ============================================================
[2026-05-03 22:25:18] [TASK_1] [INFO] Successfully collected: 2 tickers
[2026-05-03 22:25:18] [TASK_1] [INFO] ------------------------------------------------------------
[2026-05-03 22:25:18] [TASK_1] [INFO] Ticker    Earliest      Latest    Days
[2026-05-03 22:25:18] [TASK_1] [INFO] ------------------------------------------------------------
[2026-05-03 22:25:18] [TASK_1] [INFO] FPT     2024-01-02  2024-01-02       1
[2026-05-03 22:25:18] [TASK_1] [INFO] VNM     2024-01-02  2024-01-02       1
[2026-05-03 22:25:18] [TASK_1] [INFO] ------------------------------------------------------------
[2026-05-03 22:25:18] [TASK_1] [INFO] Total rows: 2 | Date range: 2024-01-01 to 2024-01-10
[2026-05-03 22:25:18] [TASK_1] [INFO] ============================================================
[2026-05-03 22:25:18] [TASK_1] [INFO] ============================================================
[2026-05-03 22:25:18] [TASK_1] [INFO] TASK 1: Price Collection Started
[2026-05-03 22:25:18] [TASK_1] [INFO] Tickers: 1 | Date range: 2024-01-01 to 2024-01-10
[2026-05-03 22:25:18] [TASK_1] [INFO] ============================================================
[2026-05-03 22:25:18] [TASK_1] [INFO] Validated 1/1 tickers against VN30 list.
[2026-05-03 22:25:18] [TASK_1] [INFO] Processing VNM (1/1)...
[2026-05-03 22:25:18] [TASK_1] [ERROR] FAILED: VNM — no data collected. Continuing with remaining tickers.
[2026-05-03 22:25:18] [TASK_1] [INFO] ============================================================
[2026-05-03 22:25:18] [TASK_1] [INFO] TASK 1: Price Collection Started
[2026-05-03 22:25:18] [TASK_1] [INFO] Tickers: 2 | Date range: 2024-01-01 to 2024-01-10
[2026-05-03 22:25:18] [TASK_1] [INFO] ============================================================
[2026-05-03 22:25:18] [TASK_1] [INFO] Validated 2/2 tickers against VN30 list.
[2026-05-03 22:25:18] [TASK_1] [INFO] Processing VNM (1/2)...
[2026-05-03 22:25:18] [TASK_1] [INFO] Saved VNM → C:\Users\User\AppData\Local\Temp\pytest-of-User\pytest-117\test_partial_failure_continues0\prices\VNM.csv (1 rows)
[2026-05-03 22:25:19] [TASK_1] [INFO] Processing FPT (2/2)...
[2026-05-03 22:25:19] [TASK_1] [ERROR] FAILED: FPT — no data collected. Continuing with remaining tickers.
[2026-05-03 22:25:19] [TASK_1] [INFO] Saved consolidated file → C:\Users\User\AppData\Local\Temp\pytest-of-User\pytest-117\test_partial_failure_continues0\prices\all_vn30_prices.csv (1 rows, 1 tickers)
[2026-05-03 22:25:19] [TASK_1] [INFO] ============================================================
[2026-05-03 22:25:19] [TASK_1] [INFO] PRICE COLLECTION SUMMARY
[2026-05-03 22:25:19] [TASK_1] [INFO] ============================================================
[2026-05-03 22:25:19] [TASK_1] [INFO] Successfully collected: 1 tickers
[2026-05-03 22:25:19] [TASK_1] [WARNING] Failed tickers: FPT
[2026-05-03 22:25:19] [TASK_1] [INFO] ------------------------------------------------------------
[2026-05-03 22:25:19] [TASK_1] [INFO] Ticker    Earliest      Latest    Days
[2026-05-03 22:25:19] [TASK_1] [INFO] ------------------------------------------------------------
[2026-05-03 22:25:19] [TASK_1] [INFO] VNM     2024-01-02  2024-01-02       1
[2026-05-03 22:25:19] [TASK_1] [INFO] ------------------------------------------------------------
[2026-05-03 22:25:19] [TASK_1] [INFO] Total rows: 1 | Date range: 2024-01-01 to 2024-01-10
[2026-05-03 22:25:19] [TASK_1] [INFO] ============================================================
[2026-05-03 22:26:28] [TASK_1] [INFO] Validated 3/3 tickers against VN30 list.
[2026-05-03 22:26:28] [TASK_1] [WARNING] Invalid tickers (not in VN30): INVALID — these will be skipped.
[2026-05-03 22:26:28] [TASK_1] [INFO] Validated 2/3 tickers against VN30 list.
[2026-05-03 22:26:29] [TASK_1] [WARNING] Invalid tickers (not in VN30): INVALID1, INVALID2 — these will be skipped.
[2026-05-03 22:26:29] [TASK_1] [INFO] Validated 30/30 tickers against VN30 list.
[2026-05-03 22:26:39] [TASK_1] [WARNING] Error fetching VNM (attempt 1/3): API down
[2026-05-03 22:26:39] [TASK_1] [INFO] Retrying in 1s...
[2026-05-03 22:26:39] [TASK_1] [WARNING] Error fetching VNM (attempt 2/3): API down
[2026-05-03 22:26:39] [TASK_1] [INFO] Retrying in 2s...
[2026-05-03 22:26:39] [TASK_1] [WARNING] Error fetching VNM (attempt 3/3): API down
[2026-05-03 22:26:39] [TASK_1] [ERROR] Failed to fetch data for VNM after 3 attempts.
[2026-05-03 22:26:39] [TASK_1] [INFO] Fetched 2 rows for VNM (2024-01-02 to 2024-01-03).
[2026-05-03 22:26:40] [TASK_1] [WARNING] Empty data returned for VNM (attempt 1/3).
[2026-05-03 22:26:40] [TASK_1] [INFO] Retrying in 1s...
[2026-05-03 22:26:40] [TASK_1] [INFO] Fetched 1 rows for VNM (2024-01-02 to 2024-01-02).
[2026-05-03 22:26:40] [TASK_1] [INFO] ============================================================
[2026-05-03 22:26:40] [TASK_1] [INFO] TASK 1: Price Collection Started
[2026-05-03 22:26:40] [TASK_1] [INFO] Tickers: 1 | Date range: 2024-01-01 to 2024-01-10
[2026-05-03 22:26:40] [TASK_1] [INFO] ============================================================
[2026-05-03 22:26:40] [TASK_1] [INFO] Validated 1/1 tickers against VN30 list.
[2026-05-03 22:26:40] [TASK_1] [INFO] Processing VNM (1/1)...
[2026-05-03 22:26:40] [TASK_1] [INFO] Saved VNM → C:\Users\User\AppData\Local\Temp\pytest-of-User\pytest-118\test_collect_prices_output_col0\prices\VNM.csv (2 rows)
[2026-05-03 22:26:40] [TASK_1] [INFO] Saved consolidated file → C:\Users\User\AppData\Local\Temp\pytest-of-User\pytest-118\test_collect_prices_output_col0\prices\all_vn30_prices.csv (2 rows, 1 tickers)
[2026-05-03 22:26:40] [TASK_1] [INFO] ============================================================
[2026-05-03 22:26:40] [TASK_1] [INFO] PRICE COLLECTION SUMMARY
[2026-05-03 22:26:40] [TASK_1] [INFO] ============================================================
[2026-05-03 22:26:40] [TASK_1] [INFO] Successfully collected: 1 tickers
[2026-05-03 22:26:40] [TASK_1] [INFO] ------------------------------------------------------------
[2026-05-03 22:26:40] [TASK_1] [INFO] Ticker    Earliest      Latest    Days
[2026-05-03 22:26:40] [TASK_1] [INFO] ------------------------------------------------------------
[2026-05-03 22:26:40] [TASK_1] [INFO] VNM     2024-01-02  2024-01-03       2
[2026-05-03 22:26:40] [TASK_1] [INFO] ------------------------------------------------------------
[2026-05-03 22:26:40] [TASK_1] [INFO] Total rows: 2 | Date range: 2024-01-01 to 2024-01-10
[2026-05-03 22:26:40] [TASK_1] [INFO] ============================================================
[2026-05-03 22:26:40] [TASK_1] [INFO] ============================================================
[2026-05-03 22:26:40] [TASK_1] [INFO] TASK 1: Price Collection Started
[2026-05-03 22:26:40] [TASK_1] [INFO] Tickers: 2 | Date range: 2024-01-01 to 2024-01-10
[2026-05-03 22:26:40] [TASK_1] [INFO] ============================================================
[2026-05-03 22:26:40] [TASK_1] [INFO] Validated 2/2 tickers against VN30 list.
[2026-05-03 22:26:40] [TASK_1] [INFO] Processing VNM (1/2)...
[2026-05-03 22:26:40] [TASK_1] [INFO] Saved VNM → C:\Users\User\AppData\Local\Temp\pytest-of-User\pytest-118\test_individual_ticker_csv_sav0\prices\VNM.csv (1 rows)
[2026-05-03 22:26:41] [TASK_1] [INFO] Processing FPT (2/2)...
[2026-05-03 22:26:41] [TASK_1] [INFO] Saved FPT → C:\Users\User\AppData\Local\Temp\pytest-of-User\pytest-118\test_individual_ticker_csv_sav0\prices\FPT.csv (1 rows)
[2026-05-03 22:26:41] [TASK_1] [INFO] Saved consolidated file → C:\Users\User\AppData\Local\Temp\pytest-of-User\pytest-118\test_individual_ticker_csv_sav0\prices\all_vn30_prices.csv (2 rows, 2 tickers)
[2026-05-03 22:26:41] [TASK_1] [INFO] ============================================================
[2026-05-03 22:26:41] [TASK_1] [INFO] PRICE COLLECTION SUMMARY
[2026-05-03 22:26:41] [TASK_1] [INFO] ============================================================
[2026-05-03 22:26:41] [TASK_1] [INFO] Successfully collected: 2 tickers
[2026-05-03 22:26:41] [TASK_1] [INFO] ------------------------------------------------------------
[2026-05-03 22:26:41] [TASK_1] [INFO] Ticker    Earliest      Latest    Days
[2026-05-03 22:26:41] [TASK_1] [INFO] ------------------------------------------------------------
[2026-05-03 22:26:41] [TASK_1] [INFO] FPT     2024-01-02  2024-01-02       1
[2026-05-03 22:26:41] [TASK_1] [INFO] VNM     2024-01-02  2024-01-02       1
[2026-05-03 22:26:41] [TASK_1] [INFO] ------------------------------------------------------------
[2026-05-03 22:26:41] [TASK_1] [INFO] Total rows: 2 | Date range: 2024-01-01 to 2024-01-10
[2026-05-03 22:26:41] [TASK_1] [INFO] ============================================================
[2026-05-03 22:26:41] [TASK_1] [INFO] ============================================================
[2026-05-03 22:26:41] [TASK_1] [INFO] TASK 1: Price Collection Started
[2026-05-03 22:26:41] [TASK_1] [INFO] Tickers: 2 | Date range: 2024-01-01 to 2024-01-10
[2026-05-03 22:26:41] [TASK_1] [INFO] ============================================================
[2026-05-03 22:26:41] [TASK_1] [INFO] Validated 2/2 tickers against VN30 list.
[2026-05-03 22:26:41] [TASK_1] [INFO] Processing VNM (1/2)...
[2026-05-03 22:26:41] [TASK_1] [INFO] Saved VNM → C:\Users\User\AppData\Local\Temp\pytest-of-User\pytest-118\test_consolidated_csv_has_tick0\prices\VNM.csv (1 rows)
[2026-05-03 22:26:41] [TASK_1] [INFO] Processing FPT (2/2)...
[2026-05-03 22:26:41] [TASK_1] [INFO] Saved FPT → C:\Users\User\AppData\Local\Temp\pytest-of-User\pytest-118\test_consolidated_csv_has_tick0\prices\FPT.csv (1 rows)
[2026-05-03 22:26:41] [TASK_1] [INFO] Saved consolidated file → C:\Users\User\AppData\Local\Temp\pytest-of-User\pytest-118\test_consolidated_csv_has_tick0\prices\all_vn30_prices.csv (2 rows, 2 tickers)
[2026-05-03 22:26:41] [TASK_1] [INFO] ============================================================
[2026-05-03 22:26:41] [TASK_1] [INFO] PRICE COLLECTION SUMMARY
[2026-05-03 22:26:41] [TASK_1] [INFO] ============================================================
[2026-05-03 22:26:41] [TASK_1] [INFO] Successfully collected: 2 tickers
[2026-05-03 22:26:41] [TASK_1] [INFO] ------------------------------------------------------------
[2026-05-03 22:26:41] [TASK_1] [INFO] Ticker    Earliest      Latest    Days
[2026-05-03 22:26:41] [TASK_1] [INFO] ------------------------------------------------------------
[2026-05-03 22:26:41] [TASK_1] [INFO] FPT     2024-01-02  2024-01-02       1
[2026-05-03 22:26:41] [TASK_1] [INFO] VNM     2024-01-02  2024-01-02       1
[2026-05-03 22:26:41] [TASK_1] [INFO] ------------------------------------------------------------
[2026-05-03 22:26:41] [TASK_1] [INFO] Total rows: 2 | Date range: 2024-01-01 to 2024-01-10
[2026-05-03 22:26:41] [TASK_1] [INFO] ============================================================
[2026-05-03 22:26:42] [TASK_1] [INFO] ============================================================
[2026-05-03 22:26:42] [TASK_1] [INFO] TASK 1: Price Collection Started
[2026-05-03 22:26:42] [TASK_1] [INFO] Tickers: 1 | Date range: 2024-01-01 to 2024-01-10
[2026-05-03 22:26:42] [TASK_1] [INFO] ============================================================
[2026-05-03 22:26:42] [TASK_1] [INFO] Validated 1/1 tickers against VN30 list.
[2026-05-03 22:26:42] [TASK_1] [INFO] Processing VNM (1/1)...
[2026-05-03 22:26:42] [TASK_1] [ERROR] FAILED: VNM — no data collected. Continuing with remaining tickers.
[2026-05-03 22:26:42] [TASK_1] [INFO] ============================================================
[2026-05-03 22:26:42] [TASK_1] [INFO] TASK 1: Price Collection Started
[2026-05-03 22:26:42] [TASK_1] [INFO] Tickers: 2 | Date range: 2024-01-01 to 2024-01-10
[2026-05-03 22:26:42] [TASK_1] [INFO] ============================================================
[2026-05-03 22:26:42] [TASK_1] [INFO] Validated 2/2 tickers against VN30 list.
[2026-05-03 22:26:42] [TASK_1] [INFO] Processing VNM (1/2)...
[2026-05-03 22:26:42] [TASK_1] [INFO] Saved VNM → C:\Users\User\AppData\Local\Temp\pytest-of-User\pytest-118\test_partial_failure_continues0\prices\VNM.csv (1 rows)
[2026-05-03 22:26:42] [TASK_1] [INFO] Processing FPT (2/2)...
[2026-05-03 22:26:42] [TASK_1] [ERROR] FAILED: FPT — no data collected. Continuing with remaining tickers.
[2026-05-03 22:26:42] [TASK_1] [INFO] Saved consolidated file → C:\Users\User\AppData\Local\Temp\pytest-of-User\pytest-118\test_partial_failure_continues0\prices\all_vn30_prices.csv (1 rows, 1 tickers)
[2026-05-03 22:26:42] [TASK_1] [INFO] ============================================================
[2026-05-03 22:26:42] [TASK_1] [INFO] PRICE COLLECTION SUMMARY
[2026-05-03 22:26:42] [TASK_1] [INFO] ============================================================
[2026-05-03 22:26:42] [TASK_1] [INFO] Successfully collected: 1 tickers
[2026-05-03 22:26:42] [TASK_1] [WARNING] Failed tickers: FPT
[2026-05-03 22:26:42] [TASK_1] [INFO] ------------------------------------------------------------
[2026-05-03 22:26:42] [TASK_1] [INFO] Ticker    Earliest      Latest    Days
[2026-05-03 22:26:42] [TASK_1] [INFO] ------------------------------------------------------------
[2026-05-03 22:26:42] [TASK_1] [INFO] VNM     2024-01-02  2024-01-02       1
[2026-05-03 22:26:42] [TASK_1] [INFO] ------------------------------------------------------------
[2026-05-03 22:26:42] [TASK_1] [INFO] Total rows: 1 | Date range: 2024-01-01 to 2024-01-10
[2026-05-03 22:26:42] [TASK_1] [INFO] ============================================================
[2026-05-03 22:32:32] [TASK_1] [INFO] Validated 3/3 tickers against VN30 list.
[2026-05-03 22:32:32] [TASK_1] [WARNING] Invalid tickers (not in VN30): INVALID — these will be skipped.
[2026-05-03 22:32:32] [TASK_1] [INFO] Validated 2/3 tickers against VN30 list.
[2026-05-03 22:32:32] [TASK_1] [WARNING] Invalid tickers (not in VN30): INVALID1, INVALID2 — these will be skipped.
[2026-05-03 22:32:32] [TASK_1] [INFO] Validated 30/30 tickers against VN30 list.
[2026-05-03 22:32:32] [TASK_1] [WARNING] Error fetching VNM (attempt 1/3): API down
[2026-05-03 22:32:32] [TASK_1] [INFO] Retrying in 1s...
[2026-05-03 22:32:32] [TASK_1] [WARNING] Error fetching VNM (attempt 2/3): API down
[2026-05-03 22:32:32] [TASK_1] [INFO] Retrying in 2s...
[2026-05-03 22:32:32] [TASK_1] [WARNING] Error fetching VNM (attempt 3/3): API down
[2026-05-03 22:32:32] [TASK_1] [ERROR] Failed to fetch data for VNM after 3 attempts.
[2026-05-03 22:32:32] [TASK_1] [INFO] Fetched 2 rows for VNM (2024-01-02 to 2024-01-03).
[2026-05-03 22:32:33] [TASK_1] [WARNING] Empty data returned for VNM (attempt 1/3).
[2026-05-03 22:32:33] [TASK_1] [INFO] Retrying in 1s...
[2026-05-03 22:32:33] [TASK_1] [INFO] Fetched 1 rows for VNM (2024-01-02 to 2024-01-02).
[2026-05-03 22:32:33] [TASK_1] [INFO] ============================================================
[2026-05-03 22:32:33] [TASK_1] [INFO] TASK 1: Price Collection Started
[2026-05-03 22:32:33] [TASK_1] [INFO] Tickers: 1 | Date range: 2024-01-01 to 2024-01-10
[2026-05-03 22:32:33] [TASK_1] [INFO] ============================================================
[2026-05-03 22:32:33] [TASK_1] [INFO] Validated 1/1 tickers against VN30 list.
[2026-05-03 22:32:33] [TASK_1] [INFO] Processing VNM (1/1)...
[2026-05-03 22:32:33] [TASK_1] [INFO] Saved VNM → C:\Users\User\AppData\Local\Temp\pytest-of-User\pytest-119\test_collect_prices_output_col0\prices\VNM.csv (2 rows)
[2026-05-03 22:32:33] [TASK_1] [INFO] Saved consolidated file → C:\Users\User\AppData\Local\Temp\pytest-of-User\pytest-119\test_collect_prices_output_col0\prices\all_vn30_prices.csv (2 rows, 1 tickers)
[2026-05-03 22:32:33] [TASK_1] [INFO] ============================================================
[2026-05-03 22:32:33] [TASK_1] [INFO] PRICE COLLECTION SUMMARY
[2026-05-03 22:32:33] [TASK_1] [INFO] ============================================================
[2026-05-03 22:32:33] [TASK_1] [INFO] Successfully collected: 1 tickers
[2026-05-03 22:32:33] [TASK_1] [INFO] ------------------------------------------------------------
[2026-05-03 22:32:33] [TASK_1] [INFO] Ticker    Earliest      Latest    Days
[2026-05-03 22:32:33] [TASK_1] [INFO] ------------------------------------------------------------
[2026-05-03 22:32:33] [TASK_1] [INFO] VNM     2024-01-02  2024-01-03       2
[2026-05-03 22:32:33] [TASK_1] [INFO] ------------------------------------------------------------
[2026-05-03 22:32:33] [TASK_1] [INFO] Total rows: 2 | Date range: 2024-01-01 to 2024-01-10
[2026-05-03 22:32:33] [TASK_1] [INFO] ============================================================
[2026-05-03 22:32:33] [TASK_1] [INFO] ============================================================
[2026-05-03 22:32:33] [TASK_1] [INFO] TASK 1: Price Collection Started
[2026-05-03 22:32:33] [TASK_1] [INFO] Tickers: 2 | Date range: 2024-01-01 to 2024-01-10
[2026-05-03 22:32:33] [TASK_1] [INFO] ============================================================
[2026-05-03 22:32:33] [TASK_1] [INFO] Validated 2/2 tickers against VN30 list.
[2026-05-03 22:32:33] [TASK_1] [INFO] Processing VNM (1/2)...
[2026-05-03 22:32:33] [TASK_1] [INFO] Saved VNM → C:\Users\User\AppData\Local\Temp\pytest-of-User\pytest-119\test_individual_ticker_csv_sav0\prices\VNM.csv (1 rows)
[2026-05-03 22:32:33] [TASK_1] [INFO] Processing FPT (2/2)...
[2026-05-03 22:32:33] [TASK_1] [INFO] Saved FPT → C:\Users\User\AppData\Local\Temp\pytest-of-User\pytest-119\test_individual_ticker_csv_sav0\prices\FPT.csv (1 rows)
[2026-05-03 22:32:33] [TASK_1] [INFO] Saved consolidated file → C:\Users\User\AppData\Local\Temp\pytest-of-User\pytest-119\test_individual_ticker_csv_sav0\prices\all_vn30_prices.csv (2 rows, 2 tickers)
[2026-05-03 22:32:33] [TASK_1] [INFO] ============================================================
[2026-05-03 22:32:33] [TASK_1] [INFO] PRICE COLLECTION SUMMARY
[2026-05-03 22:32:33] [TASK_1] [INFO] ============================================================
[2026-05-03 22:32:33] [TASK_1] [INFO] Successfully collected: 2 tickers
[2026-05-03 22:32:33] [TASK_1] [INFO] ------------------------------------------------------------
[2026-05-03 22:32:33] [TASK_1] [INFO] Ticker    Earliest      Latest    Days
[2026-05-03 22:32:33] [TASK_1] [INFO] ------------------------------------------------------------
[2026-05-03 22:32:33] [TASK_1] [INFO] FPT     2024-01-02  2024-01-02       1
[2026-05-03 22:32:33] [TASK_1] [INFO] VNM     2024-01-02  2024-01-02       1
[2026-05-03 22:32:33] [TASK_1] [INFO] ------------------------------------------------------------
[2026-05-03 22:32:33] [TASK_1] [INFO] Total rows: 2 | Date range: 2024-01-01 to 2024-01-10
[2026-05-03 22:32:33] [TASK_1] [INFO] ============================================================
[2026-05-03 22:32:33] [TASK_1] [INFO] ============================================================
[2026-05-03 22:32:33] [TASK_1] [INFO] TASK 1: Price Collection Started
[2026-05-03 22:32:33] [TASK_1] [INFO] Tickers: 2 | Date range: 2024-01-01 to 2024-01-10
[2026-05-03 22:32:33] [TASK_1] [INFO] ============================================================
[2026-05-03 22:32:33] [TASK_1] [INFO] Validated 2/2 tickers against VN30 list.
[2026-05-03 22:32:33] [TASK_1] [INFO] Processing VNM (1/2)...
[2026-05-03 22:32:33] [TASK_1] [INFO] Saved VNM → C:\Users\User\AppData\Local\Temp\pytest-of-User\pytest-119\test_consolidated_csv_has_tick0\prices\VNM.csv (1 rows)
[2026-05-03 22:32:34] [TASK_1] [INFO] Processing FPT (2/2)...
[2026-05-03 22:32:34] [TASK_1] [INFO] Saved FPT → C:\Users\User\AppData\Local\Temp\pytest-of-User\pytest-119\test_consolidated_csv_has_tick0\prices\FPT.csv (1 rows)
[2026-05-03 22:32:34] [TASK_1] [INFO] Saved consolidated file → C:\Users\User\AppData\Local\Temp\pytest-of-User\pytest-119\test_consolidated_csv_has_tick0\prices\all_vn30_prices.csv (2 rows, 2 tickers)
[2026-05-03 22:32:34] [TASK_1] [INFO] ============================================================
[2026-05-03 22:32:34] [TASK_1] [INFO] PRICE COLLECTION SUMMARY
[2026-05-03 22:32:34] [TASK_1] [INFO] ============================================================
[2026-05-03 22:32:34] [TASK_1] [INFO] Successfully collected: 2 tickers
[2026-05-03 22:32:34] [TASK_1] [INFO] ------------------------------------------------------------
[2026-05-03 22:32:34] [TASK_1] [INFO] Ticker    Earliest      Latest    Days
[2026-05-03 22:32:34] [TASK_1] [INFO] ------------------------------------------------------------
[2026-05-03 22:32:34] [TASK_1] [INFO] FPT     2024-01-02  2024-01-02       1
[2026-05-03 22:32:34] [TASK_1] [INFO] VNM     2024-01-02  2024-01-02       1
[2026-05-03 22:32:34] [TASK_1] [INFO] ------------------------------------------------------------
[2026-05-03 22:32:34] [TASK_1] [INFO] Total rows: 2 | Date range: 2024-01-01 to 2024-01-10
[2026-05-03 22:32:34] [TASK_1] [INFO] ============================================================
[2026-05-03 22:32:34] [TASK_1] [INFO] ============================================================
[2026-05-03 22:32:34] [TASK_1] [INFO] TASK 1: Price Collection Started
[2026-05-03 22:32:34] [TASK_1] [INFO] Tickers: 1 | Date range: 2024-01-01 to 2024-01-10
[2026-05-03 22:32:34] [TASK_1] [INFO] ============================================================
[2026-05-03 22:32:34] [TASK_1] [INFO] Validated 1/1 tickers against VN30 list.
[2026-05-03 22:32:34] [TASK_1] [INFO] Processing VNM (1/1)...
[2026-05-03 22:32:34] [TASK_1] [ERROR] FAILED: VNM — no data collected. Continuing with remaining tickers.
[2026-05-03 22:32:34] [TASK_1] [INFO] ============================================================
[2026-05-03 22:32:34] [TASK_1] [INFO] TASK 1: Price Collection Started
[2026-05-03 22:32:34] [TASK_1] [INFO] Tickers: 2 | Date range: 2024-01-01 to 2024-01-10
[2026-05-03 22:32:34] [TASK_1] [INFO] ============================================================
[2026-05-03 22:32:34] [TASK_1] [INFO] Validated 2/2 tickers against VN30 list.
[2026-05-03 22:32:34] [TASK_1] [INFO] Processing VNM (1/2)...
[2026-05-03 22:32:34] [TASK_1] [INFO] Saved VNM → C:\Users\User\AppData\Local\Temp\pytest-of-User\pytest-119\test_partial_failure_continues0\prices\VNM.csv (1 rows)
[2026-05-03 22:32:34] [TASK_1] [INFO] Processing FPT (2/2)...
[2026-05-03 22:32:34] [TASK_1] [ERROR] FAILED: FPT — no data collected. Continuing with remaining tickers.
[2026-05-03 22:32:34] [TASK_1] [INFO] Saved consolidated file → C:\Users\User\AppData\Local\Temp\pytest-of-User\pytest-119\test_partial_failure_continues0\prices\all_vn30_prices.csv (1 rows, 1 tickers)
[2026-05-03 22:32:34] [TASK_1] [INFO] ============================================================
[2026-05-03 22:32:34] [TASK_1] [INFO] PRICE COLLECTION SUMMARY
[2026-05-03 22:32:34] [TASK_1] [INFO] ============================================================
[2026-05-03 22:32:34] [TASK_1] [INFO] Successfully collected: 1 tickers
[2026-05-03 22:32:34] [TASK_1] [WARNING] Failed tickers: FPT
[2026-05-03 22:32:34] [TASK_1] [INFO] ------------------------------------------------------------
[2026-05-03 22:32:34] [TASK_1] [INFO] Ticker    Earliest      Latest    Days
[2026-05-03 22:32:34] [TASK_1] [INFO] ------------------------------------------------------------
[2026-05-03 22:32:34] [TASK_1] [INFO] VNM     2024-01-02  2024-01-02       1
[2026-05-03 22:32:34] [TASK_1] [INFO] ------------------------------------------------------------
[2026-05-03 22:32:34] [TASK_1] [INFO] Total rows: 1 | Date range: 2024-01-01 to 2024-01-10
[2026-05-03 22:32:34] [TASK_1] [INFO] ============================================================
[2026-05-03 22:33:40] [TASK_1] [INFO] Validated 3/3 tickers against VN30 list.
[2026-05-03 22:33:40] [TASK_1] [WARNING] Invalid tickers (not in VN30): INVALID — these will be skipped.
[2026-05-03 22:33:40] [TASK_1] [INFO] Validated 2/3 tickers against VN30 list.
[2026-05-03 22:33:40] [TASK_1] [WARNING] Invalid tickers (not in VN30): INVALID1, INVALID2 — these will be skipped.
[2026-05-03 22:33:40] [TASK_1] [INFO] Validated 30/30 tickers against VN30 list.
[2026-05-03 22:33:40] [TASK_1] [WARNING] Error fetching VNM (attempt 1/3): API down
[2026-05-03 22:33:40] [TASK_1] [INFO] Retrying in 1s...
[2026-05-03 22:33:40] [TASK_1] [WARNING] Error fetching VNM (attempt 2/3): API down
[2026-05-03 22:33:40] [TASK_1] [INFO] Retrying in 2s...
[2026-05-03 22:33:40] [TASK_1] [WARNING] Error fetching VNM (attempt 3/3): API down
[2026-05-03 22:33:40] [TASK_1] [ERROR] Failed to fetch data for VNM after 3 attempts.
[2026-05-03 22:33:40] [TASK_1] [INFO] Fetched 2 rows for VNM (2024-01-02 to 2024-01-03).
[2026-05-03 22:33:40] [TASK_1] [WARNING] Empty data returned for VNM (attempt 1/3).
[2026-05-03 22:33:40] [TASK_1] [INFO] Retrying in 1s...
[2026-05-03 22:33:40] [TASK_1] [INFO] Fetched 1 rows for VNM (2024-01-02 to 2024-01-02).
[2026-05-03 22:33:40] [TASK_1] [INFO] ============================================================
[2026-05-03 22:33:40] [TASK_1] [INFO] TASK 1: Price Collection Started
[2026-05-03 22:33:40] [TASK_1] [INFO] Tickers: 1 | Date range: 2024-01-01 to 2024-01-10
[2026-05-03 22:33:40] [TASK_1] [INFO] ============================================================
[2026-05-03 22:33:40] [TASK_1] [INFO] Validated 1/1 tickers against VN30 list.
[2026-05-03 22:33:40] [TASK_1] [INFO] Processing VNM (1/1)...
[2026-05-03 22:33:40] [TASK_1] [INFO] Saved VNM → C:\Users\User\AppData\Local\Temp\pytest-of-User\pytest-120\test_collect_prices_output_col0\prices\VNM.csv (2 rows)
[2026-05-03 22:33:40] [TASK_1] [INFO] Saved consolidated file → C:\Users\User\AppData\Local\Temp\pytest-of-User\pytest-120\test_collect_prices_output_col0\prices\all_vn30_prices.csv (2 rows, 1 tickers)
[2026-05-03 22:33:40] [TASK_1] [INFO] ============================================================
[2026-05-03 22:33:40] [TASK_1] [INFO] PRICE COLLECTION SUMMARY
[2026-05-03 22:33:40] [TASK_1] [INFO] ============================================================
[2026-05-03 22:33:40] [TASK_1] [INFO] Successfully collected: 1 tickers
[2026-05-03 22:33:40] [TASK_1] [INFO] ------------------------------------------------------------
[2026-05-03 22:33:40] [TASK_1] [INFO] Ticker    Earliest      Latest    Days
[2026-05-03 22:33:40] [TASK_1] [INFO] ------------------------------------------------------------
[2026-05-03 22:33:40] [TASK_1] [INFO] VNM     2024-01-02  2024-01-03       2
[2026-05-03 22:33:40] [TASK_1] [INFO] ------------------------------------------------------------
[2026-05-03 22:33:40] [TASK_1] [INFO] Total rows: 2 | Date range: 2024-01-01 to 2024-01-10
[2026-05-03 22:33:40] [TASK_1] [INFO] ============================================================
[2026-05-03 22:33:40] [TASK_1] [INFO] ============================================================
[2026-05-03 22:33:40] [TASK_1] [INFO] TASK 1: Price Collection Started
[2026-05-03 22:33:40] [TASK_1] [INFO] Tickers: 2 | Date range: 2024-01-01 to 2024-01-10
[2026-05-03 22:33:40] [TASK_1] [INFO] ============================================================
[2026-05-03 22:33:40] [TASK_1] [INFO] Validated 2/2 tickers against VN30 list.
[2026-05-03 22:33:40] [TASK_1] [INFO] Processing VNM (1/2)...
[2026-05-03 22:33:40] [TASK_1] [INFO] Saved VNM → C:\Users\User\AppData\Local\Temp\pytest-of-User\pytest-120\test_individual_ticker_csv_sav0\prices\VNM.csv (1 rows)
[2026-05-03 22:33:40] [TASK_1] [INFO] Processing FPT (2/2)...
[2026-05-03 22:33:40] [TASK_1] [INFO] Saved FPT → C:\Users\User\AppData\Local\Temp\pytest-of-User\pytest-120\test_individual_ticker_csv_sav0\prices\FPT.csv (1 rows)
[2026-05-03 22:33:40] [TASK_1] [INFO] Saved consolidated file → C:\Users\User\AppData\Local\Temp\pytest-of-User\pytest-120\test_individual_ticker_csv_sav0\prices\all_vn30_prices.csv (2 rows, 2 tickers)
[2026-05-03 22:33:40] [TASK_1] [INFO] ============================================================
[2026-05-03 22:33:40] [TASK_1] [INFO] PRICE COLLECTION SUMMARY
[2026-05-03 22:33:40] [TASK_1] [INFO] ============================================================
[2026-05-03 22:33:40] [TASK_1] [INFO] Successfully collected: 2 tickers
[2026-05-03 22:33:40] [TASK_1] [INFO] ------------------------------------------------------------
[2026-05-03 22:33:40] [TASK_1] [INFO] Ticker    Earliest      Latest    Days
[2026-05-03 22:33:40] [TASK_1] [INFO] ------------------------------------------------------------
[2026-05-03 22:33:40] [TASK_1] [INFO] FPT     2024-01-02  2024-01-02       1
[2026-05-03 22:33:40] [TASK_1] [INFO] VNM     2024-01-02  2024-01-02       1
[2026-05-03 22:33:40] [TASK_1] [INFO] ------------------------------------------------------------
[2026-05-03 22:33:40] [TASK_1] [INFO] Total rows: 2 | Date range: 2024-01-01 to 2024-01-10
[2026-05-03 22:33:40] [TASK_1] [INFO] ============================================================
[2026-05-03 22:33:40] [TASK_1] [INFO] ============================================================
[2026-05-03 22:33:40] [TASK_1] [INFO] TASK 1: Price Collection Started
[2026-05-03 22:33:40] [TASK_1] [INFO] Tickers: 2 | Date range: 2024-01-01 to 2024-01-10
[2026-05-03 22:33:40] [TASK_1] [INFO] ============================================================
[2026-05-03 22:33:40] [TASK_1] [INFO] Validated 2/2 tickers against VN30 list.
[2026-05-03 22:33:40] [TASK_1] [INFO] Processing VNM (1/2)...
[2026-05-03 22:33:40] [TASK_1] [INFO] Saved VNM → C:\Users\User\AppData\Local\Temp\pytest-of-User\pytest-120\test_consolidated_csv_has_tick0\prices\VNM.csv (1 rows)
[2026-05-03 22:33:41] [TASK_1] [INFO] Processing FPT (2/2)...
[2026-05-03 22:33:41] [TASK_1] [INFO] Saved FPT → C:\Users\User\AppData\Local\Temp\pytest-of-User\pytest-120\test_consolidated_csv_has_tick0\prices\FPT.csv (1 rows)
[2026-05-03 22:33:41] [TASK_1] [INFO] Saved consolidated file → C:\Users\User\AppData\Local\Temp\pytest-of-User\pytest-120\test_consolidated_csv_has_tick0\prices\all_vn30_prices.csv (2 rows, 2 tickers)
[2026-05-03 22:33:41] [TASK_1] [INFO] ============================================================
[2026-05-03 22:33:41] [TASK_1] [INFO] PRICE COLLECTION SUMMARY
[2026-05-03 22:33:41] [TASK_1] [INFO] ============================================================
[2026-05-03 22:33:41] [TASK_1] [INFO] Successfully collected: 2 tickers
[2026-05-03 22:33:41] [TASK_1] [INFO] ------------------------------------------------------------
[2026-05-03 22:33:41] [TASK_1] [INFO] Ticker    Earliest      Latest    Days
[2026-05-03 22:33:41] [TASK_1] [INFO] ------------------------------------------------------------
[2026-05-03 22:33:41] [TASK_1] [INFO] FPT     2024-01-02  2024-01-02       1
[2026-05-03 22:33:41] [TASK_1] [INFO] VNM     2024-01-02  2024-01-02       1
[2026-05-03 22:33:41] [TASK_1] [INFO] ------------------------------------------------------------
[2026-05-03 22:33:41] [TASK_1] [INFO] Total rows: 2 | Date range: 2024-01-01 to 2024-01-10
[2026-05-03 22:33:41] [TASK_1] [INFO] ============================================================
[2026-05-03 22:33:41] [TASK_1] [INFO] ============================================================
[2026-05-03 22:33:41] [TASK_1] [INFO] TASK 1: Price Collection Started
[2026-05-03 22:33:41] [TASK_1] [INFO] Tickers: 1 | Date range: 2024-01-01 to 2024-01-10
[2026-05-03 22:33:41] [TASK_1] [INFO] ============================================================
[2026-05-03 22:33:41] [TASK_1] [INFO] Validated 1/1 tickers against VN30 list.
[2026-05-03 22:33:41] [TASK_1] [INFO] Processing VNM (1/1)...
[2026-05-03 22:33:41] [TASK_1] [ERROR] FAILED: VNM — no data collected. Continuing with remaining tickers.
[2026-05-03 22:33:41] [TASK_1] [INFO] ============================================================
[2026-05-03 22:33:41] [TASK_1] [INFO] TASK 1: Price Collection Started
[2026-05-03 22:33:41] [TASK_1] [INFO] Tickers: 2 | Date range: 2024-01-01 to 2024-01-10
[2026-05-03 22:33:41] [TASK_1] [INFO] ============================================================
[2026-05-03 22:33:41] [TASK_1] [INFO] Validated 2/2 tickers against VN30 list.
[2026-05-03 22:33:41] [TASK_1] [INFO] Processing VNM (1/2)...
[2026-05-03 22:33:41] [TASK_1] [INFO] Saved VNM → C:\Users\User\AppData\Local\Temp\pytest-of-User\pytest-120\test_partial_failure_continues0\prices\VNM.csv (1 rows)
[2026-05-03 22:33:42] [TASK_1] [INFO] Processing FPT (2/2)...
[2026-05-03 22:33:42] [TASK_1] [ERROR] FAILED: FPT — no data collected. Continuing with remaining tickers.
[2026-05-03 22:33:42] [TASK_1] [INFO] Saved consolidated file → C:\Users\User\AppData\Local\Temp\pytest-of-User\pytest-120\test_partial_failure_continues0\prices\all_vn30_prices.csv (1 rows, 1 tickers)
[2026-05-03 22:33:42] [TASK_1] [INFO] ============================================================
[2026-05-03 22:33:42] [TASK_1] [INFO] PRICE COLLECTION SUMMARY
[2026-05-03 22:33:42] [TASK_1] [INFO] ============================================================
[2026-05-03 22:33:42] [TASK_1] [INFO] Successfully collected: 1 tickers
[2026-05-03 22:33:42] [TASK_1] [WARNING] Failed tickers: FPT
[2026-05-03 22:33:42] [TASK_1] [INFO] ------------------------------------------------------------
[2026-05-03 22:33:42] [TASK_1] [INFO] Ticker    Earliest      Latest    Days
[2026-05-03 22:33:42] [TASK_1] [INFO] ------------------------------------------------------------
[2026-05-03 22:33:42] [TASK_1] [INFO] VNM     2024-01-02  2024-01-02       1
[2026-05-03 22:33:42] [TASK_1] [INFO] ------------------------------------------------------------
[2026-05-03 22:33:42] [TASK_1] [INFO] Total rows: 1 | Date range: 2024-01-01 to 2024-01-10
[2026-05-03 22:33:42] [TASK_1] [INFO] ============================================================
[2026-05-03 22:41:38] [TASK_1] [INFO] Validated 3/3 tickers against VN30 list.
[2026-05-03 22:41:38] [TASK_1] [WARNING] Invalid tickers (not in VN30): INVALID — these will be skipped.
[2026-05-03 22:41:38] [TASK_1] [INFO] Validated 2/3 tickers against VN30 list.
[2026-05-03 22:41:38] [TASK_1] [WARNING] Invalid tickers (not in VN30): INVALID1, INVALID2 — these will be skipped.
[2026-05-03 22:41:38] [TASK_1] [INFO] Validated 30/30 tickers against VN30 list.
[2026-05-03 22:41:38] [TASK_1] [WARNING] [2026-05-03 22:41:38] Error fetching VNM (attempt 1/3): API down
[2026-05-03 22:41:38] [TASK_1] [INFO] Retrying in 1s...
[2026-05-03 22:41:38] [TASK_1] [WARNING] [2026-05-03 22:41:38] Error fetching VNM (attempt 2/3): API down
[2026-05-03 22:41:38] [TASK_1] [INFO] Retrying in 2s...
[2026-05-03 22:41:38] [TASK_1] [WARNING] [2026-05-03 22:41:38] Error fetching VNM (attempt 3/3): API down
[2026-05-03 22:41:38] [TASK_1] [ERROR] [2026-05-03 22:41:38] Failed to fetch data for VNM after 3 attempts.
[2026-05-03 22:41:38] [TASK_1] [INFO] Fetched 2 rows for VNM (2024-01-02 to 2024-01-03).
[2026-05-03 22:41:38] [TASK_1] [WARNING] Empty data returned for VNM (attempt 1/3).
[2026-05-03 22:41:38] [TASK_1] [INFO] Retrying in 1s...
[2026-05-03 22:41:38] [TASK_1] [INFO] Fetched 1 rows for VNM (2024-01-02 to 2024-01-02).
[2026-05-03 22:41:38] [TASK_1] [INFO] ============================================================
[2026-05-03 22:41:38] [TASK_1] [INFO] TASK 1: Price Collection Started
[2026-05-03 22:41:38] [TASK_1] [INFO] Tickers: 1 | Date range: 2024-01-01 to 2024-01-10
[2026-05-03 22:41:38] [TASK_1] [INFO] ============================================================
[2026-05-03 22:41:38] [TASK_1] [INFO] Validated 1/1 tickers against VN30 list.
[2026-05-03 22:41:38] [TASK_1] [INFO] Processing VNM (1/1)...
[2026-05-03 22:41:38] [TASK_1] [INFO] Saved VNM → C:\Users\User\AppData\Local\Temp\pytest-of-User\pytest-121\test_collect_prices_output_col0\prices\VNM.csv (2 rows)
[2026-05-03 22:41:38] [TASK_1] [INFO] Saved consolidated file → C:\Users\User\AppData\Local\Temp\pytest-of-User\pytest-121\test_collect_prices_output_col0\prices\all_vn30_prices.csv (2 rows, 1 tickers)
[2026-05-03 22:41:38] [TASK_1] [INFO] ============================================================
[2026-05-03 22:41:38] [TASK_1] [INFO] PRICE COLLECTION SUMMARY
[2026-05-03 22:41:38] [TASK_1] [INFO] ============================================================
[2026-05-03 22:41:38] [TASK_1] [INFO] Successfully collected: 1 tickers
[2026-05-03 22:41:38] [TASK_1] [INFO] Expected trading days (business-day calendar): 8
[2026-05-03 22:41:38] [TASK_1] [INFO] ------------------------------------------------------------
[2026-05-03 22:41:38] [TASK_1] [INFO] Ticker    Earliest      Latest    Days
[2026-05-03 22:41:38] [TASK_1] [INFO] ------------------------------------------------------------
[2026-05-03 22:41:38] [TASK_1] [INFO] VNM     2024-01-02  2024-01-03       2
[2026-05-03 22:41:38] [TASK_1] [WARNING] ⚠ VNM has 75.0% fewer trading days than expected (2 vs 8 expected). Check for missing data.
[2026-05-03 22:41:38] [TASK_1] [INFO] ------------------------------------------------------------
[2026-05-03 22:41:38] [TASK_1] [INFO] Total rows: 2 | Date range: 2024-01-01 to 2024-01-10
[2026-05-03 22:41:38] [TASK_1] [INFO] ============================================================
[2026-05-03 22:41:38] [TASK_1] [INFO] ============================================================
[2026-05-03 22:41:38] [TASK_1] [INFO] TASK 1: Price Collection Started
[2026-05-03 22:41:38] [TASK_1] [INFO] Tickers: 2 | Date range: 2024-01-01 to 2024-01-10
[2026-05-03 22:41:38] [TASK_1] [INFO] ============================================================
[2026-05-03 22:41:38] [TASK_1] [INFO] Validated 2/2 tickers against VN30 list.
[2026-05-03 22:41:38] [TASK_1] [INFO] Processing VNM (1/2)...
[2026-05-03 22:41:38] [TASK_1] [INFO] Saved VNM → C:\Users\User\AppData\Local\Temp\pytest-of-User\pytest-121\test_individual_ticker_csv_sav0\prices\VNM.csv (1 rows)
[2026-05-03 22:41:38] [TASK_1] [INFO] Processing FPT (2/2)...
[2026-05-03 22:41:38] [TASK_1] [INFO] Saved FPT → C:\Users\User\AppData\Local\Temp\pytest-of-User\pytest-121\test_individual_ticker_csv_sav0\prices\FPT.csv (1 rows)
[2026-05-03 22:41:38] [TASK_1] [INFO] Saved consolidated file → C:\Users\User\AppData\Local\Temp\pytest-of-User\pytest-121\test_individual_ticker_csv_sav0\prices\all_vn30_prices.csv (2 rows, 2 tickers)
[2026-05-03 22:41:38] [TASK_1] [INFO] ============================================================
[2026-05-03 22:41:38] [TASK_1] [INFO] PRICE COLLECTION SUMMARY
[2026-05-03 22:41:38] [TASK_1] [INFO] ============================================================
[2026-05-03 22:41:38] [TASK_1] [INFO] Successfully collected: 2 tickers
[2026-05-03 22:41:38] [TASK_1] [INFO] Expected trading days (business-day calendar): 8
[2026-05-03 22:41:38] [TASK_1] [INFO] ------------------------------------------------------------
[2026-05-03 22:41:38] [TASK_1] [INFO] Ticker    Earliest      Latest    Days
[2026-05-03 22:41:38] [TASK_1] [INFO] ------------------------------------------------------------
[2026-05-03 22:41:38] [TASK_1] [INFO] FPT     2024-01-02  2024-01-02       1
[2026-05-03 22:41:38] [TASK_1] [WARNING] ⚠ FPT has 87.5% fewer trading days than expected (1 vs 8 expected). Check for missing data.
[2026-05-03 22:41:38] [TASK_1] [INFO] VNM     2024-01-02  2024-01-02       1
[2026-05-03 22:41:38] [TASK_1] [WARNING] ⚠ VNM has 87.5% fewer trading days than expected (1 vs 8 expected). Check for missing data.
[2026-05-03 22:41:38] [TASK_1] [INFO] ------------------------------------------------------------
[2026-05-03 22:41:38] [TASK_1] [INFO] Total rows: 2 | Date range: 2024-01-01 to 2024-01-10
[2026-05-03 22:41:38] [TASK_1] [INFO] ============================================================
[2026-05-03 22:41:38] [TASK_1] [INFO] ============================================================
[2026-05-03 22:41:38] [TASK_1] [INFO] TASK 1: Price Collection Started
[2026-05-03 22:41:38] [TASK_1] [INFO] Tickers: 2 | Date range: 2024-01-01 to 2024-01-10
[2026-05-03 22:41:38] [TASK_1] [INFO] ============================================================
[2026-05-03 22:41:38] [TASK_1] [INFO] Validated 2/2 tickers against VN30 list.
[2026-05-03 22:41:38] [TASK_1] [INFO] Processing VNM (1/2)...
[2026-05-03 22:41:38] [TASK_1] [INFO] Saved VNM → C:\Users\User\AppData\Local\Temp\pytest-of-User\pytest-121\test_consolidated_csv_has_tick0\prices\VNM.csv (1 rows)
[2026-05-03 22:41:39] [TASK_1] [INFO] Processing FPT (2/2)...
[2026-05-03 22:41:39] [TASK_1] [INFO] Saved FPT → C:\Users\User\AppData\Local\Temp\pytest-of-User\pytest-121\test_consolidated_csv_has_tick0\prices\FPT.csv (1 rows)
[2026-05-03 22:41:39] [TASK_1] [INFO] Saved consolidated file → C:\Users\User\AppData\Local\Temp\pytest-of-User\pytest-121\test_consolidated_csv_has_tick0\prices\all_vn30_prices.csv (2 rows, 2 tickers)
[2026-05-03 22:41:39] [TASK_1] [INFO] ============================================================
[2026-05-03 22:41:39] [TASK_1] [INFO] PRICE COLLECTION SUMMARY
[2026-05-03 22:41:39] [TASK_1] [INFO] ============================================================
[2026-05-03 22:41:39] [TASK_1] [INFO] Successfully collected: 2 tickers
[2026-05-03 22:41:39] [TASK_1] [INFO] Expected trading days (business-day calendar): 8
[2026-05-03 22:41:39] [TASK_1] [INFO] ------------------------------------------------------------
[2026-05-03 22:41:39] [TASK_1] [INFO] Ticker    Earliest      Latest    Days
[2026-05-03 22:41:39] [TASK_1] [INFO] ------------------------------------------------------------
[2026-05-03 22:41:39] [TASK_1] [INFO] FPT     2024-01-02  2024-01-02       1
[2026-05-03 22:41:39] [TASK_1] [WARNING] ⚠ FPT has 87.5% fewer trading days than expected (1 vs 8 expected). Check for missing data.
[2026-05-03 22:41:39] [TASK_1] [INFO] VNM     2024-01-02  2024-01-02       1
[2026-05-03 22:41:39] [TASK_1] [WARNING] ⚠ VNM has 87.5% fewer trading days than expected (1 vs 8 expected). Check for missing data.
[2026-05-03 22:41:39] [TASK_1] [INFO] ------------------------------------------------------------
[2026-05-03 22:41:39] [TASK_1] [INFO] Total rows: 2 | Date range: 2024-01-01 to 2024-01-10
[2026-05-03 22:41:39] [TASK_1] [INFO] ============================================================
[2026-05-03 22:41:39] [TASK_1] [INFO] ============================================================
[2026-05-03 22:41:39] [TASK_1] [INFO] TASK 1: Price Collection Started
[2026-05-03 22:41:39] [TASK_1] [INFO] Tickers: 1 | Date range: 2024-01-01 to 2024-01-10
[2026-05-03 22:41:39] [TASK_1] [INFO] ============================================================
[2026-05-03 22:41:39] [TASK_1] [INFO] Validated 1/1 tickers against VN30 list.
[2026-05-03 22:41:39] [TASK_1] [INFO] Processing VNM (1/1)...
[2026-05-03 22:41:39] [TASK_1] [ERROR] [2026-05-03 22:41:39] FAILED: VNM — no data collected. Continuing with remaining tickers.
[2026-05-03 22:41:39] [TASK_1] [INFO] ============================================================
[2026-05-03 22:41:39] [TASK_1] [INFO] TASK 1: Price Collection Started
[2026-05-03 22:41:39] [TASK_1] [INFO] Tickers: 2 | Date range: 2024-01-01 to 2024-01-10
[2026-05-03 22:41:39] [TASK_1] [INFO] ============================================================
[2026-05-03 22:41:39] [TASK_1] [INFO] Validated 2/2 tickers against VN30 list.
[2026-05-03 22:41:39] [TASK_1] [INFO] Processing VNM (1/2)...
[2026-05-03 22:41:39] [TASK_1] [INFO] Saved VNM → C:\Users\User\AppData\Local\Temp\pytest-of-User\pytest-121\test_partial_failure_continues0\prices\VNM.csv (1 rows)
[2026-05-03 22:41:40] [TASK_1] [INFO] Processing FPT (2/2)...
[2026-05-03 22:41:40] [TASK_1] [ERROR] [2026-05-03 22:41:40] FAILED: FPT — no data collected. Continuing with remaining tickers.
[2026-05-03 22:41:40] [TASK_1] [INFO] Saved consolidated file → C:\Users\User\AppData\Local\Temp\pytest-of-User\pytest-121\test_partial_failure_continues0\prices\all_vn30_prices.csv (1 rows, 1 tickers)
[2026-05-03 22:41:40] [TASK_1] [INFO] ============================================================
[2026-05-03 22:41:40] [TASK_1] [INFO] PRICE COLLECTION SUMMARY
[2026-05-03 22:41:40] [TASK_1] [INFO] ============================================================
[2026-05-03 22:41:40] [TASK_1] [INFO] Successfully collected: 1 tickers
[2026-05-03 22:41:40] [TASK_1] [WARNING] Failed tickers: FPT
[2026-05-03 22:41:40] [TASK_1] [INFO] Expected trading days (business-day calendar): 8
[2026-05-03 22:41:40] [TASK_1] [INFO] ------------------------------------------------------------
[2026-05-03 22:41:40] [TASK_1] [INFO] Ticker    Earliest      Latest    Days
[2026-05-03 22:41:40] [TASK_1] [INFO] ------------------------------------------------------------
[2026-05-03 22:41:40] [TASK_1] [INFO] VNM     2024-01-02  2024-01-02       1
[2026-05-03 22:41:40] [TASK_1] [WARNING] ⚠ VNM has 87.5% fewer trading days than expected (1 vs 8 expected). Check for missing data.
[2026-05-03 22:41:40] [TASK_1] [INFO] ------------------------------------------------------------
[2026-05-03 22:41:40] [TASK_1] [INFO] Total rows: 1 | Date range: 2024-01-01 to 2024-01-10
[2026-05-03 22:41:40] [TASK_1] [INFO] ============================================================
[2026-05-03 22:41:40] [TASK_1] [WARNING] [2026-05-03 22:41:40] Error fetching VNM (attempt 1/3): API down
[2026-05-03 22:41:40] [TASK_1] [WARNING] [2026-05-03 22:41:40] Error fetching VNM (attempt 2/3): API down
[2026-05-03 22:41:40] [TASK_1] [WARNING] [2026-05-03 22:41:40] Error fetching VNM (attempt 3/3): API down
[2026-05-03 22:41:40] [TASK_1] [ERROR] [2026-05-03 22:41:40] Failed to fetch data for VNM after 3 attempts.
[2026-05-03 22:41:40] [TASK_1] [WARNING] [2026-05-03 22:41:40] Error fetching VNM (attempt 1/3): API down
[2026-05-03 22:41:40] [TASK_1] [WARNING] [2026-05-03 22:41:40] Error fetching VNM (attempt 2/3): API down
[2026-05-03 22:41:40] [TASK_1] [WARNING] [2026-05-03 22:41:40] Error fetching VNM (attempt 3/3): API down
[2026-05-03 22:41:40] [TASK_1] [ERROR] [2026-05-03 22:41:40] Failed to fetch data for VNM after 3 attempts.
[2026-05-03 22:41:40] [TASK_1] [INFO] ============================================================
[2026-05-03 22:41:40] [TASK_1] [INFO] TASK 1: Price Collection Started
[2026-05-03 22:41:40] [TASK_1] [INFO] Tickers: 3 | Date range: 2024-01-01 to 2024-01-10
[2026-05-03 22:41:40] [TASK_1] [INFO] ============================================================
[2026-05-03 22:41:40] [TASK_1] [INFO] Validated 3/3 tickers against VN30 list.
[2026-05-03 22:41:40] [TASK_1] [INFO] Processing VNM (1/3)...
[2026-05-03 22:41:40] [TASK_1] [ERROR] [2026-05-03 22:41:40] FAILED: VNM — no data collected. Continuing with remaining tickers.
[2026-05-03 22:41:40] [TASK_1] [INFO] Processing VCB (2/3)...
[2026-05-03 22:41:40] [TASK_1] [INFO] Saved VCB → C:\Users\User\AppData\Local\Temp\pytest-of-User\pytest-121\test_continues_after_ticker_fa0\prices\VCB.csv (2 rows)
[2026-05-03 22:41:41] [TASK_1] [INFO] Processing FPT (3/3)...
[2026-05-03 22:41:41] [TASK_1] [INFO] Saved FPT → C:\Users\User\AppData\Local\Temp\pytest-of-User\pytest-121\test_continues_after_ticker_fa0\prices\FPT.csv (2 rows)
[2026-05-03 22:41:41] [TASK_1] [INFO] Saved consolidated file → C:\Users\User\AppData\Local\Temp\pytest-of-User\pytest-121\test_continues_after_ticker_fa0\prices\all_vn30_prices.csv (4 rows, 2 tickers)
[2026-05-03 22:41:41] [TASK_1] [INFO] ============================================================
[2026-05-03 22:41:41] [TASK_1] [INFO] PRICE COLLECTION SUMMARY
[2026-05-03 22:41:41] [TASK_1] [INFO] ============================================================
[2026-05-03 22:41:41] [TASK_1] [INFO] Successfully collected: 2 tickers
[2026-05-03 22:41:41] [TASK_1] [WARNING] Failed tickers: VNM
[2026-05-03 22:41:41] [TASK_1] [INFO] Expected trading days (business-day calendar): 8
[2026-05-03 22:41:41] [TASK_1] [INFO] ------------------------------------------------------------
[2026-05-03 22:41:41] [TASK_1] [INFO] Ticker    Earliest      Latest    Days
[2026-05-03 22:41:41] [TASK_1] [INFO] ------------------------------------------------------------
[2026-05-03 22:41:41] [TASK_1] [INFO] FPT     2024-01-02  2024-01-03       2
[2026-05-03 22:41:41] [TASK_1] [WARNING] ⚠ FPT has 75.0% fewer trading days than expected (2 vs 8 expected). Check for missing data.
[2026-05-03 22:41:41] [TASK_1] [INFO] VCB     2024-01-02  2024-01-03       2
[2026-05-03 22:41:41] [TASK_1] [WARNING] ⚠ VCB has 75.0% fewer trading days than expected (2 vs 8 expected). Check for missing data.
[2026-05-03 22:41:41] [TASK_1] [INFO] ------------------------------------------------------------
[2026-05-03 22:41:41] [TASK_1] [INFO] Total rows: 4 | Date range: 2024-01-01 to 2024-01-10
[2026-05-03 22:41:41] [TASK_1] [INFO] ============================================================
[2026-05-03 22:41:41] [TASK_1] [ERROR] [2026-05-03 22:41:41] FAILED: FPT — no data collected. Continuing with remaining tickers.
[2026-05-03 22:41:41] [TASK_1] [WARNING] Failed tickers: FPT
[2026-05-03 22:41:41] [TASK_1] [WARNING] ⚠ VNM has 87.5% fewer trading days than expected (1 vs 8 expected). Check for missing data.
[2026-05-03 22:41:41] [TASK_1] [INFO] ============================================================
[2026-05-03 22:41:41] [TASK_1] [INFO] PRICE COLLECTION SUMMARY
[2026-05-03 22:41:41] [TASK_1] [INFO] ============================================================
[2026-05-03 22:41:41] [TASK_1] [INFO] Successfully collected: 2 tickers
[2026-05-03 22:41:41] [TASK_1] [INFO] Expected trading days (business-day calendar): 3
[2026-05-03 22:41:41] [TASK_1] [INFO] ------------------------------------------------------------
[2026-05-03 22:41:41] [TASK_1] [INFO] Ticker    Earliest      Latest    Days
[2026-05-03 22:41:41] [TASK_1] [INFO] ------------------------------------------------------------
[2026-05-03 22:41:41] [TASK_1] [INFO] FPT     2024-01-02  2024-01-03       2
[2026-05-03 22:41:41] [TASK_1] [WARNING] ⚠ FPT has 33.3% fewer trading days than expected (2 vs 3 expected). Check for missing data.
[2026-05-03 22:41:41] [TASK_1] [INFO] VNM     2024-01-02  2024-01-04       3
[2026-05-03 22:41:41] [TASK_1] [INFO] ------------------------------------------------------------
[2026-05-03 22:41:41] [TASK_1] [INFO] Total rows: 5 | Date range: 2024-01-02 to 2024-01-04
[2026-05-03 22:41:41] [TASK_1] [INFO] ============================================================
[2026-05-03 22:41:41] [TASK_1] [WARNING] ⚠ FPT has 53.1% fewer trading days than expected (30 vs 64 expected). Check for missing data.
[2026-05-03 22:41:41] [TASK_1] [WARNING] ⚠ VNM has 6.2% fewer trading days than expected (60 vs 64 expected). Check for missing data.
[2026-05-03 22:41:41] [TASK_1] [WARNING] Failed tickers: FPT, VCB
[2026-05-03 22:41:41] [TASK_1] [INFO] ============================================================
[2026-05-03 22:41:41] [TASK_1] [INFO] PRICE COLLECTION SUMMARY
[2026-05-03 22:41:41] [TASK_1] [INFO] ============================================================
[2026-05-03 22:41:41] [TASK_1] [INFO] Successfully collected: 1 tickers
[2026-05-03 22:41:41] [TASK_1] [INFO] Expected trading days (business-day calendar): 4
[2026-05-03 22:41:41] [TASK_1] [INFO] ------------------------------------------------------------
[2026-05-03 22:41:41] [TASK_1] [INFO] Ticker    Earliest      Latest    Days
[2026-05-03 22:41:41] [TASK_1] [INFO] ------------------------------------------------------------
[2026-05-03 22:41:41] [TASK_1] [INFO] VNM     2024-01-02  2024-01-02       1
[2026-05-03 22:41:41] [TASK_1] [WARNING] ⚠ VNM has 75.0% fewer trading days than expected (1 vs 4 expected). Check for missing data.
[2026-05-03 22:41:41] [TASK_1] [INFO] ------------------------------------------------------------
[2026-05-03 22:41:41] [TASK_1] [INFO] Total rows: 1 | Date range: 2024-01-02 to 2024-01-05
[2026-05-03 22:41:41] [TASK_1] [INFO] ============================================================
[2026-05-03 22:43:44] [TASK_1] [INFO] Validated 3/3 tickers against VN30 list.
[2026-05-03 22:43:44] [TASK_1] [WARNING] Invalid tickers (not in VN30): INVALID — these will be skipped.
[2026-05-03 22:43:44] [TASK_1] [INFO] Validated 2/3 tickers against VN30 list.
[2026-05-03 22:43:44] [TASK_1] [WARNING] Invalid tickers (not in VN30): INVALID1, INVALID2 — these will be skipped.
[2026-05-03 22:43:45] [TASK_1] [INFO] Validated 30/30 tickers against VN30 list.
[2026-05-03 22:43:46] [TASK_1] [WARNING] [2026-05-03 22:43:46] Error fetching VNM (attempt 1/3): API down
[2026-05-03 22:43:46] [TASK_1] [INFO] Retrying in 1s...
[2026-05-03 22:43:46] [TASK_1] [WARNING] [2026-05-03 22:43:46] Error fetching VNM (attempt 2/3): API down
[2026-05-03 22:43:46] [TASK_1] [INFO] Retrying in 2s...
[2026-05-03 22:43:46] [TASK_1] [WARNING] [2026-05-03 22:43:46] Error fetching VNM (attempt 3/3): API down
[2026-05-03 22:43:46] [TASK_1] [ERROR] [2026-05-03 22:43:46] Failed to fetch data for VNM after 3 attempts.
[2026-05-03 22:43:47] [TASK_1] [INFO] Fetched 2 rows for VNM (2024-01-02 to 2024-01-03).
[2026-05-03 22:43:47] [TASK_1] [WARNING] Empty data returned for VNM (attempt 1/3).
[2026-05-03 22:43:47] [TASK_1] [INFO] Retrying in 1s...
[2026-05-03 22:43:47] [TASK_1] [INFO] Fetched 1 rows for VNM (2024-01-02 to 2024-01-02).
[2026-05-03 22:43:47] [TASK_1] [INFO] ============================================================
[2026-05-03 22:43:47] [TASK_1] [INFO] TASK 1: Price Collection Started
[2026-05-03 22:43:47] [TASK_1] [INFO] Tickers: 1 | Date range: 2024-01-01 to 2024-01-10
[2026-05-03 22:43:47] [TASK_1] [INFO] ============================================================
[2026-05-03 22:43:47] [TASK_1] [INFO] Validated 1/1 tickers against VN30 list.
[2026-05-03 22:43:47] [TASK_1] [INFO] Processing VNM (1/1)...
[2026-05-03 22:43:47] [TASK_1] [INFO] Saved VNM → C:\Users\User\AppData\Local\Temp\pytest-of-User\pytest-122\test_collect_prices_output_col0\prices\VNM.csv (2 rows)
[2026-05-03 22:43:47] [TASK_1] [INFO] Saved consolidated file → C:\Users\User\AppData\Local\Temp\pytest-of-User\pytest-122\test_collect_prices_output_col0\prices\all_vn30_prices.csv (2 rows, 1 tickers)
[2026-05-03 22:43:47] [TASK_1] [INFO] ============================================================
[2026-05-03 22:43:47] [TASK_1] [INFO] PRICE COLLECTION SUMMARY
[2026-05-03 22:43:47] [TASK_1] [INFO] ============================================================
[2026-05-03 22:43:47] [TASK_1] [INFO] Successfully collected: 1 tickers
[2026-05-03 22:43:47] [TASK_1] [INFO] Expected trading days (business-day calendar): 8
[2026-05-03 22:43:47] [TASK_1] [INFO] ------------------------------------------------------------
[2026-05-03 22:43:47] [TASK_1] [INFO] Ticker    Earliest      Latest    Days
[2026-05-03 22:43:47] [TASK_1] [INFO] ------------------------------------------------------------
[2026-05-03 22:43:47] [TASK_1] [INFO] VNM     2024-01-02  2024-01-03       2
[2026-05-03 22:43:47] [TASK_1] [WARNING] ⚠ VNM has 75.0% fewer trading days than expected (2 vs 8 expected). Check for missing data.
[2026-05-03 22:43:47] [TASK_1] [INFO] ------------------------------------------------------------
[2026-05-03 22:43:47] [TASK_1] [INFO] Total rows: 2 | Date range: 2024-01-01 to 2024-01-10
[2026-05-03 22:43:47] [TASK_1] [INFO] ============================================================
[2026-05-03 22:43:47] [TASK_1] [INFO] ============================================================
[2026-05-03 22:43:47] [TASK_1] [INFO] TASK 1: Price Collection Started
[2026-05-03 22:43:47] [TASK_1] [INFO] Tickers: 2 | Date range: 2024-01-01 to 2024-01-10
[2026-05-03 22:43:47] [TASK_1] [INFO] ============================================================
[2026-05-03 22:43:47] [TASK_1] [INFO] Validated 2/2 tickers against VN30 list.
[2026-05-03 22:43:47] [TASK_1] [INFO] Processing VNM (1/2)...
[2026-05-03 22:43:47] [TASK_1] [INFO] Saved VNM → C:\Users\User\AppData\Local\Temp\pytest-of-User\pytest-122\test_individual_ticker_csv_sav0\prices\VNM.csv (1 rows)
[2026-05-03 22:43:48] [TASK_1] [INFO] Processing FPT (2/2)...
[2026-05-03 22:43:48] [TASK_1] [INFO] Saved FPT → C:\Users\User\AppData\Local\Temp\pytest-of-User\pytest-122\test_individual_ticker_csv_sav0\prices\FPT.csv (1 rows)
[2026-05-03 22:43:48] [TASK_1] [INFO] Saved consolidated file → C:\Users\User\AppData\Local\Temp\pytest-of-User\pytest-122\test_individual_ticker_csv_sav0\prices\all_vn30_prices.csv (2 rows, 2 tickers)
[2026-05-03 22:43:48] [TASK_1] [INFO] ============================================================
[2026-05-03 22:43:48] [TASK_1] [INFO] PRICE COLLECTION SUMMARY
[2026-05-03 22:43:48] [TASK_1] [INFO] ============================================================
[2026-05-03 22:43:48] [TASK_1] [INFO] Successfully collected: 2 tickers
[2026-05-03 22:43:48] [TASK_1] [INFO] Expected trading days (business-day calendar): 8
[2026-05-03 22:43:48] [TASK_1] [INFO] ------------------------------------------------------------
[2026-05-03 22:43:48] [TASK_1] [INFO] Ticker    Earliest      Latest    Days
[2026-05-03 22:43:48] [TASK_1] [INFO] ------------------------------------------------------------
[2026-05-03 22:43:48] [TASK_1] [INFO] FPT     2024-01-02  2024-01-02       1
[2026-05-03 22:43:48] [TASK_1] [WARNING] ⚠ FPT has 87.5% fewer trading days than expected (1 vs 8 expected). Check for missing data.
[2026-05-03 22:43:48] [TASK_1] [INFO] VNM     2024-01-02  2024-01-02       1
[2026-05-03 22:43:48] [TASK_1] [WARNING] ⚠ VNM has 87.5% fewer trading days than expected (1 vs 8 expected). Check for missing data.
[2026-05-03 22:43:48] [TASK_1] [INFO] ------------------------------------------------------------
[2026-05-03 22:43:48] [TASK_1] [INFO] Total rows: 2 | Date range: 2024-01-01 to 2024-01-10
[2026-05-03 22:43:48] [TASK_1] [INFO] ============================================================
[2026-05-03 22:43:48] [TASK_1] [INFO] ============================================================
[2026-05-03 22:43:48] [TASK_1] [INFO] TASK 1: Price Collection Started
[2026-05-03 22:43:48] [TASK_1] [INFO] Tickers: 2 | Date range: 2024-01-01 to 2024-01-10
[2026-05-03 22:43:48] [TASK_1] [INFO] ============================================================
[2026-05-03 22:43:48] [TASK_1] [INFO] Validated 2/2 tickers against VN30 list.
[2026-05-03 22:43:48] [TASK_1] [INFO] Processing VNM (1/2)...
[2026-05-03 22:43:48] [TASK_1] [INFO] Saved VNM → C:\Users\User\AppData\Local\Temp\pytest-of-User\pytest-122\test_consolidated_csv_has_tick0\prices\VNM.csv (1 rows)
[2026-05-03 22:43:49] [TASK_1] [INFO] Processing FPT (2/2)...
[2026-05-03 22:43:49] [TASK_1] [INFO] Saved FPT → C:\Users\User\AppData\Local\Temp\pytest-of-User\pytest-122\test_consolidated_csv_has_tick0\prices\FPT.csv (1 rows)
[2026-05-03 22:43:49] [TASK_1] [INFO] Saved consolidated file → C:\Users\User\AppData\Local\Temp\pytest-of-User\pytest-122\test_consolidated_csv_has_tick0\prices\all_vn30_prices.csv (2 rows, 2 tickers)
[2026-05-03 22:43:49] [TASK_1] [INFO] ============================================================
[2026-05-03 22:43:49] [TASK_1] [INFO] PRICE COLLECTION SUMMARY
[2026-05-03 22:43:49] [TASK_1] [INFO] ============================================================
[2026-05-03 22:43:49] [TASK_1] [INFO] Successfully collected: 2 tickers
[2026-05-03 22:43:49] [TASK_1] [INFO] Expected trading days (business-day calendar): 8
[2026-05-03 22:43:49] [TASK_1] [INFO] ------------------------------------------------------------
[2026-05-03 22:43:49] [TASK_1] [INFO] Ticker    Earliest      Latest    Days
[2026-05-03 22:43:49] [TASK_1] [INFO] ------------------------------------------------------------
[2026-05-03 22:43:49] [TASK_1] [INFO] FPT     2024-01-02  2024-01-02       1
[2026-05-03 22:43:49] [TASK_1] [WARNING] ⚠ FPT has 87.5% fewer trading days than expected (1 vs 8 expected). Check for missing data.
[2026-05-03 22:43:49] [TASK_1] [INFO] VNM     2024-01-02  2024-01-02       1
[2026-05-03 22:43:49] [TASK_1] [WARNING] ⚠ VNM has 87.5% fewer trading days than expected (1 vs 8 expected). Check for missing data.
[2026-05-03 22:43:49] [TASK_1] [INFO] ------------------------------------------------------------
[2026-05-03 22:43:49] [TASK_1] [INFO] Total rows: 2 | Date range: 2024-01-01 to 2024-01-10
[2026-05-03 22:43:49] [TASK_1] [INFO] ============================================================
[2026-05-03 22:43:49] [TASK_1] [INFO] ============================================================
[2026-05-03 22:43:49] [TASK_1] [INFO] TASK 1: Price Collection Started
[2026-05-03 22:43:49] [TASK_1] [INFO] Tickers: 1 | Date range: 2024-01-01 to 2024-01-10
[2026-05-03 22:43:49] [TASK_1] [INFO] ============================================================
[2026-05-03 22:43:49] [TASK_1] [INFO] Validated 1/1 tickers against VN30 list.
[2026-05-03 22:43:49] [TASK_1] [INFO] Processing VNM (1/1)...
[2026-05-03 22:43:49] [TASK_1] [ERROR] [2026-05-03 22:43:49] FAILED: VNM — no data collected. Continuing with remaining tickers.
[2026-05-03 22:43:49] [TASK_1] [INFO] ============================================================
[2026-05-03 22:43:49] [TASK_1] [INFO] TASK 1: Price Collection Started
[2026-05-03 22:43:49] [TASK_1] [INFO] Tickers: 2 | Date range: 2024-01-01 to 2024-01-10
[2026-05-03 22:43:49] [TASK_1] [INFO] ============================================================
[2026-05-03 22:43:49] [TASK_1] [INFO] Validated 2/2 tickers against VN30 list.
[2026-05-03 22:43:49] [TASK_1] [INFO] Processing VNM (1/2)...
[2026-05-03 22:43:49] [TASK_1] [INFO] Saved VNM → C:\Users\User\AppData\Local\Temp\pytest-of-User\pytest-122\test_partial_failure_continues0\prices\VNM.csv (1 rows)
[2026-05-03 22:43:50] [TASK_1] [INFO] Processing FPT (2/2)...
[2026-05-03 22:43:50] [TASK_1] [ERROR] [2026-05-03 22:43:50] FAILED: FPT — no data collected. Continuing with remaining tickers.
[2026-05-03 22:43:50] [TASK_1] [INFO] Saved consolidated file → C:\Users\User\AppData\Local\Temp\pytest-of-User\pytest-122\test_partial_failure_continues0\prices\all_vn30_prices.csv (1 rows, 1 tickers)
[2026-05-03 22:43:50] [TASK_1] [INFO] ============================================================
[2026-05-03 22:43:50] [TASK_1] [INFO] PRICE COLLECTION SUMMARY
[2026-05-03 22:43:50] [TASK_1] [INFO] ============================================================
[2026-05-03 22:43:50] [TASK_1] [INFO] Successfully collected: 1 tickers
[2026-05-03 22:43:50] [TASK_1] [WARNING] Failed tickers: FPT
[2026-05-03 22:43:50] [TASK_1] [INFO] Expected trading days (business-day calendar): 8
[2026-05-03 22:43:50] [TASK_1] [INFO] ------------------------------------------------------------
[2026-05-03 22:43:50] [TASK_1] [INFO] Ticker    Earliest      Latest    Days
[2026-05-03 22:43:50] [TASK_1] [INFO] ------------------------------------------------------------
[2026-05-03 22:43:50] [TASK_1] [INFO] VNM     2024-01-02  2024-01-02       1
[2026-05-03 22:43:50] [TASK_1] [WARNING] ⚠ VNM has 87.5% fewer trading days than expected (1 vs 8 expected). Check for missing data.
[2026-05-03 22:43:50] [TASK_1] [INFO] ------------------------------------------------------------
[2026-05-03 22:43:50] [TASK_1] [INFO] Total rows: 1 | Date range: 2024-01-01 to 2024-01-10
[2026-05-03 22:43:50] [TASK_1] [INFO] ============================================================
[2026-05-03 22:43:50] [TASK_1] [WARNING] [2026-05-03 22:43:50] Error fetching VNM (attempt 1/3): API down
[2026-05-03 22:43:50] [TASK_1] [WARNING] [2026-05-03 22:43:50] Error fetching VNM (attempt 2/3): API down
[2026-05-03 22:43:50] [TASK_1] [WARNING] [2026-05-03 22:43:50] Error fetching VNM (attempt 3/3): API down
[2026-05-03 22:43:50] [TASK_1] [ERROR] [2026-05-03 22:43:50] Failed to fetch data for VNM after 3 attempts.
[2026-05-03 22:43:50] [TASK_1] [WARNING] [2026-05-03 22:43:50] Error fetching VNM (attempt 1/3): API down
[2026-05-03 22:43:50] [TASK_1] [WARNING] [2026-05-03 22:43:50] Error fetching VNM (attempt 2/3): API down
[2026-05-03 22:43:50] [TASK_1] [WARNING] [2026-05-03 22:43:50] Error fetching VNM (attempt 3/3): API down
[2026-05-03 22:43:50] [TASK_1] [ERROR] [2026-05-03 22:43:50] Failed to fetch data for VNM after 3 attempts.
[2026-05-03 22:43:51] [TASK_1] [INFO] ============================================================
[2026-05-03 22:43:51] [TASK_1] [INFO] TASK 1: Price Collection Started
[2026-05-03 22:43:51] [TASK_1] [INFO] Tickers: 3 | Date range: 2024-01-01 to 2024-01-10
[2026-05-03 22:43:51] [TASK_1] [INFO] ============================================================
[2026-05-03 22:43:51] [TASK_1] [INFO] Validated 3/3 tickers against VN30 list.
[2026-05-03 22:43:51] [TASK_1] [INFO] Processing VNM (1/3)...
[2026-05-03 22:43:51] [TASK_1] [ERROR] [2026-05-03 22:43:51] FAILED: VNM — no data collected. Continuing with remaining tickers.
[2026-05-03 22:43:51] [TASK_1] [INFO] Processing VCB (2/3)...
[2026-05-03 22:43:51] [TASK_1] [INFO] Saved VCB → C:\Users\User\AppData\Local\Temp\pytest-of-User\pytest-122\test_continues_after_ticker_fa0\prices\VCB.csv (2 rows)
[2026-05-03 22:43:52] [TASK_1] [INFO] Processing FPT (3/3)...
[2026-05-03 22:43:52] [TASK_1] [INFO] Saved FPT → C:\Users\User\AppData\Local\Temp\pytest-of-User\pytest-122\test_continues_after_ticker_fa0\prices\FPT.csv (2 rows)
[2026-05-03 22:43:52] [TASK_1] [INFO] Saved consolidated file → C:\Users\User\AppData\Local\Temp\pytest-of-User\pytest-122\test_continues_after_ticker_fa0\prices\all_vn30_prices.csv (4 rows, 2 tickers)
[2026-05-03 22:43:52] [TASK_1] [INFO] ============================================================
[2026-05-03 22:43:52] [TASK_1] [INFO] PRICE COLLECTION SUMMARY
[2026-05-03 22:43:52] [TASK_1] [INFO] ============================================================
[2026-05-03 22:43:52] [TASK_1] [INFO] Successfully collected: 2 tickers
[2026-05-03 22:43:52] [TASK_1] [WARNING] Failed tickers: VNM
[2026-05-03 22:43:52] [TASK_1] [INFO] Expected trading days (business-day calendar): 8
[2026-05-03 22:43:52] [TASK_1] [INFO] ------------------------------------------------------------
[2026-05-03 22:43:52] [TASK_1] [INFO] Ticker    Earliest      Latest    Days
[2026-05-03 22:43:52] [TASK_1] [INFO] ------------------------------------------------------------
[2026-05-03 22:43:52] [TASK_1] [INFO] FPT     2024-01-02  2024-01-03       2
[2026-05-03 22:43:52] [TASK_1] [WARNING] ⚠ FPT has 75.0% fewer trading days than expected (2 vs 8 expected). Check for missing data.
[2026-05-03 22:43:52] [TASK_1] [INFO] VCB     2024-01-02  2024-01-03       2
[2026-05-03 22:43:52] [TASK_1] [WARNING] ⚠ VCB has 75.0% fewer trading days than expected (2 vs 8 expected). Check for missing data.
[2026-05-03 22:43:52] [TASK_1] [INFO] ------------------------------------------------------------
[2026-05-03 22:43:52] [TASK_1] [INFO] Total rows: 4 | Date range: 2024-01-01 to 2024-01-10
[2026-05-03 22:43:52] [TASK_1] [INFO] ============================================================
[2026-05-03 22:43:52] [TASK_1] [ERROR] [2026-05-03 22:43:52] FAILED: FPT — no data collected. Continuing with remaining tickers.
[2026-05-03 22:43:52] [TASK_1] [WARNING] Failed tickers: FPT
[2026-05-03 22:43:52] [TASK_1] [WARNING] ⚠ VNM has 87.5% fewer trading days than expected (1 vs 8 expected). Check for missing data.
[2026-05-03 22:43:53] [TASK_1] [INFO] ============================================================
[2026-05-03 22:43:53] [TASK_1] [INFO] PRICE COLLECTION SUMMARY
[2026-05-03 22:43:53] [TASK_1] [INFO] ============================================================
[2026-05-03 22:43:53] [TASK_1] [INFO] Successfully collected: 2 tickers
[2026-05-03 22:43:53] [TASK_1] [INFO] Expected trading days (business-day calendar): 3
[2026-05-03 22:43:53] [TASK_1] [INFO] ------------------------------------------------------------
[2026-05-03 22:43:53] [TASK_1] [INFO] Ticker    Earliest      Latest    Days
[2026-05-03 22:43:53] [TASK_1] [INFO] ------------------------------------------------------------
[2026-05-03 22:43:53] [TASK_1] [INFO] FPT     2024-01-02  2024-01-03       2
[2026-05-03 22:43:53] [TASK_1] [WARNING] ⚠ FPT has 33.3% fewer trading days than expected (2 vs 3 expected). Check for missing data.
[2026-05-03 22:43:53] [TASK_1] [INFO] VNM     2024-01-02  2024-01-04       3
[2026-05-03 22:43:53] [TASK_1] [INFO] ------------------------------------------------------------
[2026-05-03 22:43:53] [TASK_1] [INFO] Total rows: 5 | Date range: 2024-01-02 to 2024-01-04
[2026-05-03 22:43:53] [TASK_1] [INFO] ============================================================
[2026-05-03 22:43:54] [TASK_1] [WARNING] ⚠ FPT has 53.1% fewer trading days than expected (30 vs 64 expected). Check for missing data.
[2026-05-03 22:43:54] [TASK_1] [WARNING] ⚠ VNM has 6.2% fewer trading days than expected (60 vs 64 expected). Check for missing data.
[2026-05-03 22:43:54] [TASK_1] [WARNING] Failed tickers: FPT, VCB
[2026-05-03 22:43:54] [TASK_1] [INFO] ============================================================
[2026-05-03 22:43:54] [TASK_1] [INFO] PRICE COLLECTION SUMMARY
[2026-05-03 22:43:54] [TASK_1] [INFO] ============================================================
[2026-05-03 22:43:54] [TASK_1] [INFO] Successfully collected: 1 tickers
[2026-05-03 22:43:54] [TASK_1] [INFO] Expected trading days (business-day calendar): 4
[2026-05-03 22:43:54] [TASK_1] [INFO] ------------------------------------------------------------
[2026-05-03 22:43:54] [TASK_1] [INFO] Ticker    Earliest      Latest    Days
[2026-05-03 22:43:54] [TASK_1] [INFO] ------------------------------------------------------------
[2026-05-03 22:43:54] [TASK_1] [INFO] VNM     2024-01-02  2024-01-02       1
[2026-05-03 22:43:54] [TASK_1] [WARNING] ⚠ VNM has 75.0% fewer trading days than expected (1 vs 4 expected). Check for missing data.
[2026-05-03 22:43:54] [TASK_1] [INFO] ------------------------------------------------------------
[2026-05-03 22:43:54] [TASK_1] [INFO] Total rows: 1 | Date range: 2024-01-02 to 2024-01-05
[2026-05-03 22:43:54] [TASK_1] [INFO] ============================================================
