[2026-05-04 07:00:06] [TASK_3] [INFO] Logged 1 unmatched article URLs to logs/unmatched_articles.log
[2026-05-04 07:00:07] [TASK_3] [INFO] Logged 1 unmatched article URLs to logs/unmatched_articles.log
[2026-05-04 07:00:07] [TASK_3] [INFO] Logged 1 unmatched article URLs to logs/unmatched_articles.log
[2026-05-04 12:27:07] [TASK_3] [INFO] Logged 1 unmatched article URLs to logs/unmatched_articles.log
[2026-05-04 12:27:07] [TASK_3] [INFO] Logged 1 unmatched article URLs to logs/unmatched_articles.log
[2026-05-04 12:27:07] [TASK_3] [INFO] Logged 1 unmatched article URLs to logs/unmatched_articles.log
[2026-05-04 12:27:44] [TASK_3] [INFO] Logged 1 unmatched article URLs to logs/unmatched_articles.log
[2026-05-04 12:27:44] [TASK_3] [INFO] Logged 1 unmatched article URLs to logs/unmatched_articles.log
[2026-05-04 12:27:44] [TASK_3] [INFO] Logged 1 unmatched article URLs to logs/unmatched_articles.log
[2026-05-04 13:06:43] [TASK_3] [INFO] Logged 1 unmatched article URLs to logs/unmatched_articles.log
[2026-05-04 13:06:43] [TASK_3] [INFO] Logged 1 unmatched article URLs to logs/unmatched_articles.log
[2026-05-04 13:06:43] [TASK_3] [INFO] Logged 1 unmatched article URLs to logs/unmatched_articles.log
[2026-05-04 13:57:34] [TASK_3] [INFO] ============================================================
[2026-05-04 13:57:34] [TASK_3] [INFO] START TASK_3: Entity Matching (articles → tickers)
[2026-05-04 13:57:34] [TASK_3] [INFO] Timestamp: 2026-05-04T13:57:34.738281
[2026-05-04 13:57:34] [TASK_3] [INFO] ============================================================
[2026-05-04 13:57:34] [TASK_3] [INFO] ------------------------------------------------------------
[2026-05-04 13:57:34] [TASK_3] [INFO] END TASK_3 — completed in 0.0 seconds
[2026-05-04 13:57:34] [TASK_3] [INFO] ============================================================
[2026-05-04 13:57:35] [TASK_3] [INFO] ============================================================
[2026-05-04 13:57:35] [TASK_3] [INFO] START TASK_3: Entity Matching (articles → tickers)
[2026-05-04 13:57:35] [TASK_3] [INFO] Timestamp: 2026-05-04T13:57:35.519572
[2026-05-04 13:57:35] [TASK_3] [INFO] ============================================================
[2026-05-04 13:57:35] [TASK_3] [INFO] ------------------------------------------------------------
[2026-05-04 13:57:35] [TASK_3] [INFO] END TASK_3 — completed in 0.0 seconds
[2026-05-04 13:57:35] [TASK_3] [INFO] ============================================================
