[2026-07-04 21:25:49] [TASK_8] [INFO] ============================================================
[2026-07-04 21:25:49] [TASK_8] [INFO] START TASK_8: Keyword Building (curate financial keywords)
[2026-07-04 21:25:49] [TASK_8] [INFO] Timestamp: 2026-07-04T21:25:49.971795
[2026-07-04 21:25:49] [TASK_8] [INFO] ============================================================
[2026-07-04 21:25:50] [TASK_8] [INFO] Input: data/news/processed/all_news_processed.csv (34979 rows)
[2026-07-04 21:25:50] [TASK_8] [INFO] ------------------------------------------------------------
[2026-07-04 21:25:50] [TASK_8] [INFO] END TASK_8 — completed in 0.0 seconds
[2026-07-04 21:25:50] [TASK_8] [INFO] ============================================================
[2026-07-04 21:25:50] [TASK_8] [INFO] ============================================================
[2026-07-04 21:25:50] [TASK_8] [INFO] START TASK_8: Keyword Building (curate financial keywords)
[2026-07-04 21:25:50] [TASK_8] [INFO] Timestamp: 2026-07-04T21:25:50.706880
[2026-07-04 21:25:50] [TASK_8] [INFO] ============================================================
[2026-07-04 21:25:50] [TASK_8] [INFO] Input: data/news/processed/all_news_processed.csv (34979 rows)
[2026-07-04 21:25:50] [TASK_8] [INFO] ------------------------------------------------------------
[2026-07-04 21:25:50] [TASK_8] [INFO] END TASK_8 — completed in 0.0 seconds
[2026-07-04 21:25:50] [TASK_8] [INFO] ============================================================
[2026-07-04 22:25:28] [TASK_8] [INFO] ============================================================
[2026-07-04 22:25:28] [TASK_8] [INFO] START TASK_8: Keyword Building (curate financial keywords)
[2026-07-04 22:25:28] [TASK_8] [INFO] Timestamp: 2026-07-04T22:25:28.230258
[2026-07-04 22:25:28] [TASK_8] [INFO] ============================================================
[2026-07-04 22:25:28] [TASK_8] [INFO] Input: data/news/processed/all_news_processed.csv (34979 rows)
[2026-07-04 22:25:28] [TASK_8] [INFO] ------------------------------------------------------------
[2026-07-04 22:25:28] [TASK_8] [INFO] END TASK_8 — completed in 0.0 seconds
[2026-07-04 22:25:28] [TASK_8] [INFO] ============================================================
[2026-07-04 22:25:29] [TASK_8] [INFO] ============================================================
[2026-07-04 22:25:29] [TASK_8] [INFO] START TASK_8: Keyword Building (curate financial keywords)
[2026-07-04 22:25:29] [TASK_8] [INFO] Timestamp: 2026-07-04T22:25:29.082571
[2026-07-04 22:25:29] [TASK_8] [INFO] ============================================================
[2026-07-04 22:25:29] [TASK_8] [INFO] Input: data/news/processed/all_news_processed.csv (34979 rows)
[2026-07-04 22:25:29] [TASK_8] [INFO] ------------------------------------------------------------
[2026-07-04 22:25:29] [TASK_8] [INFO] END TASK_8 — completed in 0.0 seconds
[2026-07-04 22:25:29] [TASK_8] [INFO] ============================================================
