[2026-07-06 08:47:52] [TASK_7] [INFO] ============================================================
[2026-07-06 08:47:52] [TASK_7] [INFO] START TASK_7: Technical Feature Extraction (RSI, MACD, BB, SMA, EMA)
[2026-07-06 08:47:52] [TASK_7] [INFO] Timestamp: 2026-07-06T08:47:52.037136
[2026-07-06 08:47:52] [TASK_7] [INFO] ============================================================
[2026-07-06 08:47:52] [TASK_7] [INFO] Input: data/prices/all_vn30_prices.csv (93824 rows)
[2026-07-06 08:47:52] [TASK_7] [INFO] ------------------------------------------------------------
[2026-07-06 08:47:52] [TASK_7] [INFO] END TASK_7 — completed in 0.0 seconds
[2026-07-06 08:47:52] [TASK_7] [INFO] ============================================================
[2026-07-06 08:47:55] [TASK_7] [INFO] ============================================================
[2026-07-06 08:47:55] [TASK_7] [INFO] START TASK_7: Technical Feature Extraction (RSI, MACD, BB, SMA, EMA)
[2026-07-06 08:47:55] [TASK_7] [INFO] Timestamp: 2026-07-06T08:47:55.868521
[2026-07-06 08:47:55] [TASK_7] [INFO] ============================================================
[2026-07-06 08:47:55] [TASK_7] [INFO] Input: data/prices/all_vn30_prices.csv (93824 rows)
[2026-07-06 08:47:55] [TASK_7] [INFO] ------------------------------------------------------------
[2026-07-06 08:47:55] [TASK_7] [INFO] END TASK_7 — completed in 0.0 seconds
[2026-07-06 08:47:55] [TASK_7] [INFO] ============================================================
[2026-07-06 08:56:24] [TASK_7] [INFO] ============================================================
[2026-07-06 08:56:24] [TASK_7] [INFO] START TASK_7: Technical Feature Extraction (RSI, MACD, BB, SMA, EMA)
[2026-07-06 08:56:24] [TASK_7] [INFO] Timestamp: 2026-07-06T08:56:24.313760
[2026-07-06 08:56:24] [TASK_7] [INFO] ============================================================
[2026-07-06 08:56:24] [TASK_7] [INFO] Input: data/prices/all_vn30_prices.csv (93824 rows)
[2026-07-06 08:56:24] [TASK_7] [INFO] ------------------------------------------------------------
[2026-07-06 08:56:24] [TASK_7] [INFO] END TASK_7 — completed in 0.0 seconds
[2026-07-06 08:56:24] [TASK_7] [INFO] ============================================================
[2026-07-06 08:56:28] [TASK_7] [INFO] ============================================================
[2026-07-06 08:56:28] [TASK_7] [INFO] START TASK_7: Technical Feature Extraction (RSI, MACD, BB, SMA, EMA)
[2026-07-06 08:56:28] [TASK_7] [INFO] Timestamp: 2026-07-06T08:56:28.151063
[2026-07-06 08:56:28] [TASK_7] [INFO] ============================================================
[2026-07-06 08:56:28] [TASK_7] [INFO] Input: data/prices/all_vn30_prices.csv (93824 rows)
[2026-07-06 08:56:28] [TASK_7] [INFO] ------------------------------------------------------------
[2026-07-06 08:56:28] [TASK_7] [INFO] END TASK_7 — completed in 0.0 seconds
[2026-07-06 08:56:28] [TASK_7] [INFO] ============================================================
[2026-07-06 14:10:39] [TASK_7] [INFO] ============================================================
[2026-07-06 14:10:39] [TASK_7] [INFO] START TASK_7: Technical Feature Extraction (RSI, MACD, BB, SMA, EMA)
[2026-07-06 14:10:39] [TASK_7] [INFO] Timestamp: 2026-07-06T14:10:39.410436
[2026-07-06 14:10:39] [TASK_7] [INFO] ============================================================
[2026-07-06 14:10:39] [TASK_7] [INFO] Input: data/prices/all_vn30_prices.csv (93824 rows)
[2026-07-06 14:10:39] [TASK_7] [INFO] ------------------------------------------------------------
[2026-07-06 14:10:39] [TASK_7] [INFO] END TASK_7 — completed in 0.0 seconds
[2026-07-06 14:10:39] [TASK_7] [INFO] ============================================================
[2026-07-06 14:10:42] [TASK_7] [INFO] ============================================================
[2026-07-06 14:10:42] [TASK_7] [INFO] START TASK_7: Technical Feature Extraction (RSI, MACD, BB, SMA, EMA)
[2026-07-06 14:10:42] [TASK_7] [INFO] Timestamp: 2026-07-06T14:10:42.279571
[2026-07-06 14:10:42] [TASK_7] [INFO] ============================================================
[2026-07-06 14:10:42] [TASK_7] [INFO] Input: data/prices/all_vn30_prices.csv (93824 rows)
[2026-07-06 14:10:42] [TASK_7] [INFO] ------------------------------------------------------------
[2026-07-06 14:10:42] [TASK_7] [INFO] END TASK_7 — completed in 0.0 seconds
[2026-07-06 14:10:42] [TASK_7] [INFO] ============================================================
[2026-07-06 15:29:04] [TASK_7] [INFO] ============================================================
[2026-07-06 15:29:04] [TASK_7] [INFO] START TASK_7: Technical Feature Extraction (RSI, MACD, BB, SMA, EMA)
[2026-07-06 15:29:04] [TASK_7] [INFO] Timestamp: 2026-07-06T15:29:04.456306
[2026-07-06 15:29:04] [TASK_7] [INFO] ============================================================
[2026-07-06 15:29:04] [TASK_7] [INFO] Input: data/prices/all_vn30_prices.csv (93824 rows)
[2026-07-06 15:29:04] [TASK_7] [INFO] ------------------------------------------------------------
[2026-07-06 15:29:04] [TASK_7] [INFO] END TASK_7 — completed in 0.0 seconds
[2026-07-06 15:29:04] [TASK_7] [INFO] ============================================================
[2026-07-06 15:29:07] [TASK_7] [INFO] ============================================================
[2026-07-06 15:29:07] [TASK_7] [INFO] START TASK_7: Technical Feature Extraction (RSI, MACD, BB, SMA, EMA)
[2026-07-06 15:29:07] [TASK_7] [INFO] Timestamp: 2026-07-06T15:29:07.933500
[2026-07-06 15:29:07] [TASK_7] [INFO] ============================================================
[2026-07-06 15:29:07] [TASK_7] [INFO] Input: data/prices/all_vn30_prices.csv (93824 rows)
[2026-07-06 15:29:07] [TASK_7] [INFO] ------------------------------------------------------------
[2026-07-06 15:29:07] [TASK_7] [INFO] END TASK_7 — completed in 0.0 seconds
[2026-07-06 15:29:07] [TASK_7] [INFO] ============================================================
[2026-07-06 20:55:45] [TASK_7] [INFO] ============================================================
[2026-07-06 20:55:45] [TASK_7] [INFO] START TASK_7: Technical Feature Extraction (RSI, MACD, BB, SMA, EMA)
[2026-07-06 20:55:45] [TASK_7] [INFO] Timestamp: 2026-07-06T20:55:45.984478
[2026-07-06 20:55:45] [TASK_7] [INFO] ============================================================
[2026-07-06 20:55:46] [TASK_7] [INFO] Input: data/prices/all_vn30_prices.csv (93824 rows)
[2026-07-06 20:55:46] [TASK_7] [INFO] ------------------------------------------------------------
[2026-07-06 20:55:46] [TASK_7] [INFO] END TASK_7 — completed in 0.0 seconds
[2026-07-06 20:55:46] [TASK_7] [INFO] ============================================================
[2026-07-06 20:55:49] [TASK_7] [INFO] ============================================================
[2026-07-06 20:55:49] [TASK_7] [INFO] START TASK_7: Technical Feature Extraction (RSI, MACD, BB, SMA, EMA)
[2026-07-06 20:55:49] [TASK_7] [INFO] Timestamp: 2026-07-06T20:55:49.711268
[2026-07-06 20:55:49] [TASK_7] [INFO] ============================================================
[2026-07-06 20:55:49] [TASK_7] [INFO] Input: data/prices/all_vn30_prices.csv (93824 rows)
[2026-07-06 20:55:49] [TASK_7] [INFO] ------------------------------------------------------------
[2026-07-06 20:55:49] [TASK_7] [INFO] END TASK_7 — completed in 0.0 seconds
[2026-07-06 20:55:49] [TASK_7] [INFO] ============================================================
[2026-07-06 20:56:23] [TASK_7] [INFO] ============================================================
[2026-07-06 20:56:23] [TASK_7] [INFO] START TASK_7: Technical Feature Extraction (RSI, MACD, BB, SMA, EMA)
[2026-07-06 20:56:23] [TASK_7] [INFO] Timestamp: 2026-07-06T20:56:23.083877
[2026-07-06 20:56:23] [TASK_7] [INFO] ============================================================
[2026-07-06 20:56:23] [TASK_7] [INFO] Input: data/prices/all_vn30_prices.csv (93824 rows)
[2026-07-06 20:56:23] [TASK_7] [INFO] ------------------------------------------------------------
[2026-07-06 20:56:23] [TASK_7] [INFO] END TASK_7 — completed in 0.0 seconds
[2026-07-06 20:56:23] [TASK_7] [INFO] ============================================================
[2026-07-06 20:56:26] [TASK_7] [INFO] ============================================================
[2026-07-06 20:56:26] [TASK_7] [INFO] START TASK_7: Technical Feature Extraction (RSI, MACD, BB, SMA, EMA)
[2026-07-06 20:56:26] [TASK_7] [INFO] Timestamp: 2026-07-06T20:56:26.775412
[2026-07-06 20:56:26] [TASK_7] [INFO] ============================================================
[2026-07-06 20:56:26] [TASK_7] [INFO] Input: data/prices/all_vn30_prices.csv (93824 rows)
[2026-07-06 20:56:26] [TASK_7] [INFO] ------------------------------------------------------------
[2026-07-06 20:56:26] [TASK_7] [INFO] END TASK_7 — completed in 0.0 seconds
[2026-07-06 20:56:26] [TASK_7] [INFO] ============================================================
[2026-07-06 23:10:55] [TASK_7] [INFO] ============================================================
[2026-07-06 23:10:55] [TASK_7] [INFO] START TASK_7: Technical Feature Extraction (RSI, MACD, BB, SMA, EMA)
[2026-07-06 23:10:55] [TASK_7] [INFO] Timestamp: 2026-07-06T23:10:55.115032
[2026-07-06 23:10:55] [TASK_7] [INFO] ============================================================
[2026-07-06 23:10:55] [TASK_7] [INFO] Input: data/prices/all_vn30_prices.csv (93824 rows)
[2026-07-06 23:10:55] [TASK_7] [INFO] ------------------------------------------------------------
[2026-07-06 23:10:55] [TASK_7] [INFO] END TASK_7 — completed in 0.0 seconds
[2026-07-06 23:10:55] [TASK_7] [INFO] ============================================================
[2026-07-06 23:11:13] [TASK_7] [INFO] ============================================================
[2026-07-06 23:11:13] [TASK_7] [INFO] START TASK_7: Technical Feature Extraction (RSI, MACD, BB, SMA, EMA)
[2026-07-06 23:11:13] [TASK_7] [INFO] Timestamp: 2026-07-06T23:11:13.865888
[2026-07-06 23:11:13] [TASK_7] [INFO] ============================================================
[2026-07-06 23:11:13] [TASK_7] [INFO] Input: data/prices/all_vn30_prices.csv (93824 rows)
[2026-07-06 23:11:13] [TASK_7] [INFO] ------------------------------------------------------------
[2026-07-06 23:11:13] [TASK_7] [INFO] END TASK_7 — completed in 0.0 seconds
[2026-07-06 23:11:13] [TASK_7] [INFO] ============================================================
[2026-07-06 23:12:13] [TASK_7] [INFO] ============================================================
[2026-07-06 23:12:13] [TASK_7] [INFO] START TASK_7: Technical Feature Extraction (RSI, MACD, BB, SMA, EMA)
[2026-07-06 23:12:13] [TASK_7] [INFO] Timestamp: 2026-07-06T23:12:13.574849
[2026-07-06 23:12:13] [TASK_7] [INFO] ============================================================
[2026-07-06 23:12:13] [TASK_7] [INFO] Input: data/prices/all_vn30_prices.csv (93824 rows)
[2026-07-06 23:12:13] [TASK_7] [INFO] ------------------------------------------------------------
[2026-07-06 23:12:13] [TASK_7] [INFO] END TASK_7 — completed in 0.0 seconds
[2026-07-06 23:12:13] [TASK_7] [INFO] ============================================================
[2026-07-06 23:12:31] [TASK_7] [INFO] ============================================================
[2026-07-06 23:12:31] [TASK_7] [INFO] START TASK_7: Technical Feature Extraction (RSI, MACD, BB, SMA, EMA)
[2026-07-06 23:12:31] [TASK_7] [INFO] Timestamp: 2026-07-06T23:12:31.661836
[2026-07-06 23:12:31] [TASK_7] [INFO] ============================================================
[2026-07-06 23:12:31] [TASK_7] [INFO] Input: data/prices/all_vn30_prices.csv (93824 rows)
[2026-07-06 23:12:31] [TASK_7] [INFO] ------------------------------------------------------------
[2026-07-06 23:12:31] [TASK_7] [INFO] END TASK_7 — completed in 0.0 seconds
[2026-07-06 23:12:31] [TASK_7] [INFO] ============================================================
