[2026-07-06 08:47:51] [TASK_6] [INFO] ============================================================
[2026-07-06 08:47:51] [TASK_6] [INFO] START TASK_6: Label Building (binary classification labels)
[2026-07-06 08:47:51] [TASK_6] [INFO] Timestamp: 2026-07-06T08:47:51.989790
[2026-07-06 08:47:51] [TASK_6] [INFO] ============================================================
[2026-07-06 08:47:52] [TASK_6] [INFO] Input: data/aggregated/master_dataset.csv (1428 rows)
[2026-07-06 08:47:52] [TASK_6] [INFO] ------------------------------------------------------------
[2026-07-06 08:47:52] [TASK_6] [INFO] END TASK_6 — completed in 0.0 seconds
[2026-07-06 08:47:52] [TASK_6] [INFO] ============================================================
[2026-07-06 08:47:55] [TASK_6] [INFO] ============================================================
[2026-07-06 08:47:55] [TASK_6] [INFO] START TASK_6: Label Building (binary classification labels)
[2026-07-06 08:47:55] [TASK_6] [INFO] Timestamp: 2026-07-06T08:47:55.818706
[2026-07-06 08:47:55] [TASK_6] [INFO] ============================================================
[2026-07-06 08:47:55] [TASK_6] [INFO] Input: data/aggregated/master_dataset.csv (1428 rows)
[2026-07-06 08:47:55] [TASK_6] [INFO] ------------------------------------------------------------
[2026-07-06 08:47:55] [TASK_6] [INFO] END TASK_6 — completed in 0.0 seconds
[2026-07-06 08:47:55] [TASK_6] [INFO] ============================================================
[2026-07-06 08:56:24] [TASK_6] [INFO] ============================================================
[2026-07-06 08:56:24] [TASK_6] [INFO] START TASK_6: Label Building (binary classification labels)
[2026-07-06 08:56:24] [TASK_6] [INFO] Timestamp: 2026-07-06T08:56:24.275134
[2026-07-06 08:56:24] [TASK_6] [INFO] ============================================================
[2026-07-06 08:56:24] [TASK_6] [INFO] Input: data/aggregated/master_dataset.csv (1428 rows)
[2026-07-06 08:56:24] [TASK_6] [INFO] ------------------------------------------------------------
[2026-07-06 08:56:24] [TASK_6] [INFO] END TASK_6 — completed in 0.0 seconds
[2026-07-06 08:56:24] [TASK_6] [INFO] ============================================================
[2026-07-06 08:56:28] [TASK_6] [INFO] ============================================================
[2026-07-06 08:56:28] [TASK_6] [INFO] START TASK_6: Label Building (binary classification labels)
[2026-07-06 08:56:28] [TASK_6] [INFO] Timestamp: 2026-07-06T08:56:28.115905
[2026-07-06 08:56:28] [TASK_6] [INFO] ============================================================
[2026-07-06 08:56:28] [TASK_6] [INFO] Input: data/aggregated/master_dataset.csv (1428 rows)
[2026-07-06 08:56:28] [TASK_6] [INFO] ------------------------------------------------------------
[2026-07-06 08:56:28] [TASK_6] [INFO] END TASK_6 — completed in 0.0 seconds
[2026-07-06 08:56:28] [TASK_6] [INFO] ============================================================
[2026-07-06 14:10:39] [TASK_6] [INFO] ============================================================
[2026-07-06 14:10:39] [TASK_6] [INFO] START TASK_6: Label Building (binary classification labels)
[2026-07-06 14:10:39] [TASK_6] [INFO] Timestamp: 2026-07-06T14:10:39.302839
[2026-07-06 14:10:39] [TASK_6] [INFO] ============================================================
[2026-07-06 14:10:39] [TASK_6] [INFO] Input: data/aggregated/master_dataset.csv (1428 rows)
[2026-07-06 14:10:39] [TASK_6] [INFO] ------------------------------------------------------------
[2026-07-06 14:10:39] [TASK_6] [INFO] END TASK_6 — completed in 0.0 seconds
[2026-07-06 14:10:39] [TASK_6] [INFO] ============================================================
[2026-07-06 14:10:42] [TASK_6] [INFO] ============================================================
[2026-07-06 14:10:42] [TASK_6] [INFO] START TASK_6: Label Building (binary classification labels)
[2026-07-06 14:10:42] [TASK_6] [INFO] Timestamp: 2026-07-06T14:10:42.226052
[2026-07-06 14:10:42] [TASK_6] [INFO] ============================================================
[2026-07-06 14:10:42] [TASK_6] [INFO] Input: data/aggregated/master_dataset.csv (1428 rows)
[2026-07-06 14:10:42] [TASK_6] [INFO] ------------------------------------------------------------
[2026-07-06 14:10:42] [TASK_6] [INFO] END TASK_6 — completed in 0.0 seconds
[2026-07-06 14:10:42] [TASK_6] [INFO] ============================================================
[2026-07-06 15:29:04] [TASK_6] [INFO] ============================================================
[2026-07-06 15:29:04] [TASK_6] [INFO] START TASK_6: Label Building (binary classification labels)
[2026-07-06 15:29:04] [TASK_6] [INFO] Timestamp: 2026-07-06T15:29:04.418369
[2026-07-06 15:29:04] [TASK_6] [INFO] ============================================================
[2026-07-06 15:29:04] [TASK_6] [INFO] Input: data/aggregated/master_dataset.csv (1428 rows)
[2026-07-06 15:29:04] [TASK_6] [INFO] ------------------------------------------------------------
[2026-07-06 15:29:04] [TASK_6] [INFO] END TASK_6 — completed in 0.0 seconds
[2026-07-06 15:29:04] [TASK_6] [INFO] ============================================================
[2026-07-06 15:29:07] [TASK_6] [INFO] ============================================================
[2026-07-06 15:29:07] [TASK_6] [INFO] START TASK_6: Label Building (binary classification labels)
[2026-07-06 15:29:07] [TASK_6] [INFO] Timestamp: 2026-07-06T15:29:07.890190
[2026-07-06 15:29:07] [TASK_6] [INFO] ============================================================
[2026-07-06 15:29:07] [TASK_6] [INFO] Input: data/aggregated/master_dataset.csv (1428 rows)
[2026-07-06 15:29:07] [TASK_6] [INFO] ------------------------------------------------------------
[2026-07-06 15:29:07] [TASK_6] [INFO] END TASK_6 — completed in 0.0 seconds
[2026-07-06 15:29:07] [TASK_6] [INFO] ============================================================
[2026-07-06 20:55:45] [TASK_6] [INFO] ============================================================
[2026-07-06 20:55:45] [TASK_6] [INFO] START TASK_6: Label Building (binary classification labels)
[2026-07-06 20:55:45] [TASK_6] [INFO] Timestamp: 2026-07-06T20:55:45.949938
[2026-07-06 20:55:45] [TASK_6] [INFO] ============================================================
[2026-07-06 20:55:45] [TASK_6] [INFO] Input: data/aggregated/master_dataset.csv (1428 rows)
[2026-07-06 20:55:45] [TASK_6] [INFO] ------------------------------------------------------------
[2026-07-06 20:55:45] [TASK_6] [INFO] END TASK_6 — completed in 0.0 seconds
[2026-07-06 20:55:45] [TASK_6] [INFO] ============================================================
[2026-07-06 20:55:49] [TASK_6] [INFO] ============================================================
[2026-07-06 20:55:49] [TASK_6] [INFO] START TASK_6: Label Building (binary classification labels)
[2026-07-06 20:55:49] [TASK_6] [INFO] Timestamp: 2026-07-06T20:55:49.674378
[2026-07-06 20:55:49] [TASK_6] [INFO] ============================================================
[2026-07-06 20:55:49] [TASK_6] [INFO] Input: data/aggregated/master_dataset.csv (1428 rows)
[2026-07-06 20:55:49] [TASK_6] [INFO] ------------------------------------------------------------
[2026-07-06 20:55:49] [TASK_6] [INFO] END TASK_6 — completed in 0.0 seconds
[2026-07-06 20:55:49] [TASK_6] [INFO] ============================================================
[2026-07-06 20:56:23] [TASK_6] [INFO] ============================================================
[2026-07-06 20:56:23] [TASK_6] [INFO] START TASK_6: Label Building (binary classification labels)
[2026-07-06 20:56:23] [TASK_6] [INFO] Timestamp: 2026-07-06T20:56:23.063398
[2026-07-06 20:56:23] [TASK_6] [INFO] ============================================================
[2026-07-06 20:56:23] [TASK_6] [INFO] Input: data/aggregated/master_dataset.csv (1428 rows)
[2026-07-06 20:56:23] [TASK_6] [INFO] ------------------------------------------------------------
[2026-07-06 20:56:23] [TASK_6] [INFO] END TASK_6 — completed in 0.0 seconds
[2026-07-06 20:56:23] [TASK_6] [INFO] ============================================================
[2026-07-06 20:56:26] [TASK_6] [INFO] ============================================================
[2026-07-06 20:56:26] [TASK_6] [INFO] START TASK_6: Label Building (binary classification labels)
[2026-07-06 20:56:26] [TASK_6] [INFO] Timestamp: 2026-07-06T20:56:26.739524
[2026-07-06 20:56:26] [TASK_6] [INFO] ============================================================
[2026-07-06 20:56:26] [TASK_6] [INFO] Input: data/aggregated/master_dataset.csv (1428 rows)
[2026-07-06 20:56:26] [TASK_6] [INFO] ------------------------------------------------------------
[2026-07-06 20:56:26] [TASK_6] [INFO] END TASK_6 — completed in 0.0 seconds
[2026-07-06 20:56:26] [TASK_6] [INFO] ============================================================
[2026-07-06 21:15:28] [TASK_6] [INFO] ============================================================
[2026-07-06 21:15:28] [TASK_6] [INFO] START TASK_6: Label Building (binary classification labels)
[2026-07-06 21:15:28] [TASK_6] [INFO] Timestamp: 2026-07-06T21:15:28.248884
[2026-07-06 21:15:28] [TASK_6] [INFO] ============================================================
[2026-07-06 21:15:29] [TASK_6] [INFO] Input: data/aggregated/master_dataset.csv (1428 rows)
[2026-07-06 21:15:29] [TASK_6] [INFO] Starting Label Builder (TASK 6)...
[2026-07-06 21:15:31] [TASK_6] [INFO] Loaded master dataset: 1428 rows from data/aggregated/master_dataset.csv
[2026-07-06 21:15:35] [TASK_6] [INFO] Saved master with labels: 1428 rows → data/aggregated/master_with_labels.csv
[2026-07-06 21:15:35] [TASK_6] [INFO] ============================================================
[2026-07-06 21:15:35] [TASK_6] [INFO] LABEL DISTRIBUTION ANALYSIS
[2026-07-06 21:15:35] [TASK_6] [INFO] ============================================================
[2026-07-06 21:15:35] [TASK_6] [INFO] Overall: label=1: 667 (49.5%), label=0: 681 (50.5%)
[2026-07-06 21:15:35] [TASK_6] [INFO] Distribution by year:
[2026-07-06 21:15:35] [TASK_6] [INFO]   2022: label=1: 87 (27.8%), label=0: 226 (72.2%)
[2026-07-06 21:15:35] [TASK_6] [INFO]   2023: label=1: 226 (70.8%), label=0: 93 (29.2%)
[2026-07-06 21:15:35] [TASK_6] [INFO]   2024: label=1: 164 (51.9%), label=0: 152 (48.1%)
[2026-07-06 21:15:35] [TASK_6] [INFO]   2025: label=1: 166 (51.9%), label=0: 154 (48.1%)
[2026-07-06 21:15:35] [TASK_6] [INFO]   2026: label=1: 24 (30.0%), label=0: 56 (70.0%)
[2026-07-06 21:15:35] [TASK_6] [INFO] Distribution by sector:
[2026-07-06 21:15:35] [TASK_6] [INFO]   Banking: label=1: 117 (52.9%), label=0: 104 (47.1%)
[2026-07-06 21:15:35] [TASK_6] [INFO]   Consumer/Food: label=1: 25 (49.0%), label=0: 26 (51.0%)
[2026-07-06 21:15:35] [TASK_6] [INFO]   Energy/Resources: label=1: 31 (45.6%), label=0: 37 (54.4%)
[2026-07-06 21:15:35] [TASK_6] [INFO]   Finance/Insurance: label=1: 19 (55.9%), label=0: 15 (44.1%)
[2026-07-06 21:15:35] [TASK_6] [INFO]   Industrial: label=1: 9 (52.9%), label=0: 8 (47.1%)
[2026-07-06 21:15:35] [TASK_6] [INFO]   Other: label=1: 423 (48.5%), label=0: 449 (51.5%)
[2026-07-06 21:15:35] [TASK_6] [INFO]   Real Estate: label=1: 32 (47.1%), label=0: 36 (52.9%)
[2026-07-06 21:15:35] [TASK_6] [INFO]   Tech/Telecom: label=1: 11 (64.7%), label=0: 6 (35.3%)
[2026-07-06 21:15:35] [TASK_6] [INFO] ============================================================
[2026-07-06 21:15:36] [TASK_6] [INFO] Label distribution chart saved to reports/label_distribution.png
[2026-07-06 21:15:36] [TASK_6] [INFO] TASK 6 complete.
[2026-07-06 21:15:36] [TASK_6] [INFO] ------------------------------------------------------------
[2026-07-06 21:15:36] [TASK_6] [INFO] END TASK_6 — completed in 6.7 seconds
[2026-07-06 21:15:38] [TASK_6] [INFO] Output: data/aggregated/master_with_labels.csv (1428 rows)
[2026-07-06 21:15:38] [TASK_6] [INFO] ============================================================
[2026-07-06 23:10:53] [TASK_6] [INFO] ============================================================
[2026-07-06 23:10:53] [TASK_6] [INFO] START TASK_6: Label Building (binary classification labels)
[2026-07-06 23:10:53] [TASK_6] [INFO] Timestamp: 2026-07-06T23:10:53.778171
[2026-07-06 23:10:53] [TASK_6] [INFO] ============================================================
[2026-07-06 23:10:55] [TASK_6] [INFO] Input: data/aggregated/master_dataset.csv (1428 rows)
[2026-07-06 23:10:55] [TASK_6] [INFO] ------------------------------------------------------------
[2026-07-06 23:10:55] [TASK_6] [INFO] END TASK_6 — completed in 0.0 seconds
[2026-07-06 23:10:55] [TASK_6] [INFO] ============================================================
[2026-07-06 23:11:12] [TASK_6] [INFO] ============================================================
[2026-07-06 23:11:12] [TASK_6] [INFO] START TASK_6: Label Building (binary classification labels)
[2026-07-06 23:11:12] [TASK_6] [INFO] Timestamp: 2026-07-06T23:11:12.539741
[2026-07-06 23:11:12] [TASK_6] [INFO] ============================================================
[2026-07-06 23:11:13] [TASK_6] [INFO] Input: data/aggregated/master_dataset.csv (1428 rows)
[2026-07-06 23:11:13] [TASK_6] [INFO] ------------------------------------------------------------
[2026-07-06 23:11:13] [TASK_6] [INFO] END TASK_6 — completed in 0.0 seconds
[2026-07-06 23:11:13] [TASK_6] [INFO] ============================================================
[2026-07-06 23:12:12] [TASK_6] [INFO] ============================================================
[2026-07-06 23:12:12] [TASK_6] [INFO] START TASK_6: Label Building (binary classification labels)
[2026-07-06 23:12:12] [TASK_6] [INFO] Timestamp: 2026-07-06T23:12:12.279755
[2026-07-06 23:12:12] [TASK_6] [INFO] ============================================================
[2026-07-06 23:12:13] [TASK_6] [INFO] Input: data/aggregated/master_dataset.csv (1428 rows)
[2026-07-06 23:12:13] [TASK_6] [INFO] ------------------------------------------------------------
[2026-07-06 23:12:13] [TASK_6] [INFO] END TASK_6 — completed in 0.0 seconds
[2026-07-06 23:12:13] [TASK_6] [INFO] ============================================================
[2026-07-06 23:12:30] [TASK_6] [INFO] ============================================================
[2026-07-06 23:12:30] [TASK_6] [INFO] START TASK_6: Label Building (binary classification labels)
[2026-07-06 23:12:30] [TASK_6] [INFO] Timestamp: 2026-07-06T23:12:30.405569
[2026-07-06 23:12:30] [TASK_6] [INFO] ============================================================
[2026-07-06 23:12:31] [TASK_6] [INFO] Input: data/aggregated/master_dataset.csv (1428 rows)
[2026-07-06 23:12:31] [TASK_6] [INFO] ------------------------------------------------------------
[2026-07-06 23:12:31] [TASK_6] [INFO] END TASK_6 — completed in 0.0 seconds
[2026-07-06 23:12:31] [TASK_6] [INFO] ============================================================
