[2026-07-07 06:28:29] [TASK_6] [INFO] ============================================================
[2026-07-07 06:28:29] [TASK_6] [INFO] START TASK_6: Label Building (binary classification labels)
[2026-07-07 06:28:29] [TASK_6] [INFO] Timestamp: 2026-07-07T06:28:29.781374
[2026-07-07 06:28:29] [TASK_6] [INFO] ============================================================
[2026-07-07 06:28:31] [TASK_6] [INFO] Input: data/aggregated/master_dataset.csv (1428 rows)
[2026-07-07 06:28:31] [TASK_6] [INFO] ------------------------------------------------------------
[2026-07-07 06:28:31] [TASK_6] [INFO] END TASK_6 — completed in 0.0 seconds
[2026-07-07 06:28:31] [TASK_6] [INFO] ============================================================
[2026-07-07 06:28:51] [TASK_6] [INFO] ============================================================
[2026-07-07 06:28:51] [TASK_6] [INFO] START TASK_6: Label Building (binary classification labels)
[2026-07-07 06:28:51] [TASK_6] [INFO] Timestamp: 2026-07-07T06:28:51.078929
[2026-07-07 06:28:51] [TASK_6] [INFO] ============================================================
[2026-07-07 06:28:52] [TASK_6] [INFO] Input: data/aggregated/master_dataset.csv (1428 rows)
[2026-07-07 06:28:52] [TASK_6] [INFO] ------------------------------------------------------------
[2026-07-07 06:28:52] [TASK_6] [INFO] END TASK_6 — completed in 0.0 seconds
[2026-07-07 06:28:52] [TASK_6] [INFO] ============================================================
[2026-07-07 06:35:48] [TASK_6] [INFO] ============================================================
[2026-07-07 06:35:48] [TASK_6] [INFO] START TASK_6: Label Building (binary classification labels)
[2026-07-07 06:35:48] [TASK_6] [INFO] Timestamp: 2026-07-07T06:35:48.959924
[2026-07-07 06:35:48] [TASK_6] [INFO] ============================================================
[2026-07-07 06:35:50] [TASK_6] [INFO] Input: data/aggregated/master_dataset.csv (1428 rows)
[2026-07-07 06:35:50] [TASK_6] [INFO] ------------------------------------------------------------
[2026-07-07 06:35:50] [TASK_6] [INFO] END TASK_6 — completed in 0.0 seconds
[2026-07-07 06:35:50] [TASK_6] [INFO] ============================================================
[2026-07-07 06:36:06] [TASK_6] [INFO] ============================================================
[2026-07-07 06:36:06] [TASK_6] [INFO] START TASK_6: Label Building (binary classification labels)
[2026-07-07 06:36:06] [TASK_6] [INFO] Timestamp: 2026-07-07T06:36:06.212968
[2026-07-07 06:36:06] [TASK_6] [INFO] ============================================================
[2026-07-07 06:36:07] [TASK_6] [INFO] Input: data/aggregated/master_dataset.csv (1428 rows)
[2026-07-07 06:36:07] [TASK_6] [INFO] ------------------------------------------------------------
[2026-07-07 06:36:07] [TASK_6] [INFO] END TASK_6 — completed in 0.0 seconds
[2026-07-07 06:36:07] [TASK_6] [INFO] ============================================================
