[2026-07-01 09:02:13] [TASK_7] [INFO] ============================================================
[2026-07-01 09:02:13] [TASK_7] [INFO] START TASK_7: Technical Feature Extraction (RSI, MACD, BB, SMA, EMA)
[2026-07-01 09:02:13] [TASK_7] [INFO] Timestamp: 2026-07-01T09:02:13.453916
[2026-07-01 09:02:13] [TASK_7] [INFO] ============================================================
[2026-07-01 09:02:13] [TASK_7] [INFO] Input: data/prices/all_vn30_prices.csv (93824 rows)
[2026-07-01 09:02:13] [TASK_7] [INFO] ------------------------------------------------------------
[2026-07-01 09:02:13] [TASK_7] [INFO] END TASK_7 — completed in 0.0 seconds
[2026-07-01 09:02:13] [TASK_7] [INFO] ============================================================
[2026-07-01 09:02:14] [TASK_7] [INFO] ============================================================
[2026-07-01 09:02:14] [TASK_7] [INFO] START TASK_7: Technical Feature Extraction (RSI, MACD, BB, SMA, EMA)
[2026-07-01 09:02:14] [TASK_7] [INFO] Timestamp: 2026-07-01T09:02:14.250930
[2026-07-01 09:02:14] [TASK_7] [INFO] ============================================================
[2026-07-01 09:02:14] [TASK_7] [INFO] Input: data/prices/all_vn30_prices.csv (93824 rows)
[2026-07-01 09:02:14] [TASK_7] [INFO] ------------------------------------------------------------
[2026-07-01 09:02:14] [TASK_7] [INFO] END TASK_7 — completed in 0.0 seconds
[2026-07-01 09:02:14] [TASK_7] [INFO] ============================================================
[2026-07-01 09:02:53] [TASK_7] [INFO] ============================================================
[2026-07-01 09:02:53] [TASK_7] [INFO] START TASK_7: Technical Feature Extraction (RSI, MACD, BB, SMA, EMA)
[2026-07-01 09:02:53] [TASK_7] [INFO] Timestamp: 2026-07-01T09:02:53.204695
[2026-07-01 09:02:53] [TASK_7] [INFO] ============================================================
[2026-07-01 09:02:53] [TASK_7] [INFO] Input: data/prices/all_vn30_prices.csv (93824 rows)
[2026-07-01 09:02:53] [TASK_7] [INFO] ------------------------------------------------------------
[2026-07-01 09:02:53] [TASK_7] [INFO] END TASK_7 — completed in 0.0 seconds
[2026-07-01 09:02:53] [TASK_7] [INFO] ============================================================
[2026-07-01 09:02:53] [TASK_7] [INFO] ============================================================
[2026-07-01 09:02:53] [TASK_7] [INFO] START TASK_7: Technical Feature Extraction (RSI, MACD, BB, SMA, EMA)
[2026-07-01 09:02:53] [TASK_7] [INFO] Timestamp: 2026-07-01T09:02:53.979055
[2026-07-01 09:02:53] [TASK_7] [INFO] ============================================================
[2026-07-01 09:02:53] [TASK_7] [INFO] Input: data/prices/all_vn30_prices.csv (93824 rows)
[2026-07-01 09:02:53] [TASK_7] [INFO] ------------------------------------------------------------
[2026-07-01 09:02:54] [TASK_7] [INFO] END TASK_7 — completed in 0.0 seconds
[2026-07-01 09:02:54] [TASK_7] [INFO] ============================================================
[2026-07-01 09:53:45] [TASK_7] [INFO] ============================================================
[2026-07-01 09:53:45] [TASK_7] [INFO] START TASK_7: Technical Feature Extraction (RSI, MACD, BB, SMA, EMA)
[2026-07-01 09:53:45] [TASK_7] [INFO] Timestamp: 2026-07-01T09:53:45.416673
[2026-07-01 09:53:45] [TASK_7] [INFO] ============================================================
[2026-07-01 09:53:45] [TASK_7] [INFO] Input: data/prices/all_vn30_prices.csv (93824 rows)
[2026-07-01 09:53:45] [TASK_7] [INFO] ------------------------------------------------------------
[2026-07-01 09:53:45] [TASK_7] [INFO] END TASK_7 — completed in 0.0 seconds
[2026-07-01 09:53:45] [TASK_7] [INFO] ============================================================
[2026-07-01 09:53:46] [TASK_7] [INFO] ============================================================
[2026-07-01 09:53:46] [TASK_7] [INFO] START TASK_7: Technical Feature Extraction (RSI, MACD, BB, SMA, EMA)
[2026-07-01 09:53:46] [TASK_7] [INFO] Timestamp: 2026-07-01T09:53:46.273365
[2026-07-01 09:53:46] [TASK_7] [INFO] ============================================================
[2026-07-01 09:53:46] [TASK_7] [INFO] Input: data/prices/all_vn30_prices.csv (93824 rows)
[2026-07-01 09:53:46] [TASK_7] [INFO] ------------------------------------------------------------
[2026-07-01 09:53:46] [TASK_7] [INFO] END TASK_7 — completed in 0.0 seconds
[2026-07-01 09:53:46] [TASK_7] [INFO] ============================================================
[2026-07-01 09:55:11] [TASK_7] [INFO] ============================================================
[2026-07-01 09:55:11] [TASK_7] [INFO] START TASK_7: Technical Feature Extraction (RSI, MACD, BB, SMA, EMA)
[2026-07-01 09:55:11] [TASK_7] [INFO] Timestamp: 2026-07-01T09:55:11.740712
[2026-07-01 09:55:11] [TASK_7] [INFO] ============================================================
[2026-07-01 09:55:11] [TASK_7] [INFO] Input: data/prices/all_vn30_prices.csv (93824 rows)
[2026-07-01 09:55:11] [TASK_7] [INFO] ------------------------------------------------------------
[2026-07-01 09:55:11] [TASK_7] [INFO] END TASK_7 — completed in 0.0 seconds
[2026-07-01 09:55:11] [TASK_7] [INFO] ============================================================
[2026-07-01 09:55:12] [TASK_7] [INFO] ============================================================
[2026-07-01 09:55:12] [TASK_7] [INFO] START TASK_7: Technical Feature Extraction (RSI, MACD, BB, SMA, EMA)
[2026-07-01 09:55:12] [TASK_7] [INFO] Timestamp: 2026-07-01T09:55:12.653248
[2026-07-01 09:55:12] [TASK_7] [INFO] ============================================================
[2026-07-01 09:55:12] [TASK_7] [INFO] Input: data/prices/all_vn30_prices.csv (93824 rows)
[2026-07-01 09:55:12] [TASK_7] [INFO] ------------------------------------------------------------
[2026-07-01 09:55:12] [TASK_7] [INFO] END TASK_7 — completed in 0.0 seconds
[2026-07-01 09:55:12] [TASK_7] [INFO] ============================================================
[2026-07-01 10:36:05] [TASK_7] [INFO] ============================================================
[2026-07-01 10:36:05] [TASK_7] [INFO] START TASK_7: Technical Feature Extraction (RSI, MACD, BB, SMA, EMA)
[2026-07-01 10:36:05] [TASK_7] [INFO] Timestamp: 2026-07-01T10:36:05.683019
[2026-07-01 10:36:05] [TASK_7] [INFO] ============================================================
[2026-07-01 10:36:05] [TASK_7] [INFO] Input: data/prices/all_vn30_prices.csv (93824 rows)
[2026-07-01 10:36:05] [TASK_7] [INFO] ------------------------------------------------------------
[2026-07-01 10:36:05] [TASK_7] [INFO] END TASK_7 — completed in 0.0 seconds
[2026-07-01 10:36:05] [TASK_7] [INFO] ============================================================
[2026-07-01 10:36:06] [TASK_7] [INFO] ============================================================
[2026-07-01 10:36:06] [TASK_7] [INFO] START TASK_7: Technical Feature Extraction (RSI, MACD, BB, SMA, EMA)
[2026-07-01 10:36:06] [TASK_7] [INFO] Timestamp: 2026-07-01T10:36:06.491552
[2026-07-01 10:36:06] [TASK_7] [INFO] ============================================================
[2026-07-01 10:36:06] [TASK_7] [INFO] Input: data/prices/all_vn30_prices.csv (93824 rows)
[2026-07-01 10:36:06] [TASK_7] [INFO] ------------------------------------------------------------
[2026-07-01 10:36:06] [TASK_7] [INFO] END TASK_7 — completed in 0.0 seconds
[2026-07-01 10:36:06] [TASK_7] [INFO] ============================================================
[2026-07-01 10:42:22] [TASK_7] [INFO] ============================================================
[2026-07-01 10:42:22] [TASK_7] [INFO] START TASK_7: Technical Feature Extraction (RSI, MACD, BB, SMA, EMA)
[2026-07-01 10:42:22] [TASK_7] [INFO] Timestamp: 2026-07-01T10:42:22.456022
[2026-07-01 10:42:22] [TASK_7] [INFO] ============================================================
[2026-07-01 10:42:22] [TASK_7] [INFO] Input: data/prices/all_vn30_prices.csv (93824 rows)
[2026-07-01 10:42:22] [TASK_7] [INFO] ------------------------------------------------------------
[2026-07-01 10:42:22] [TASK_7] [INFO] END TASK_7 — completed in 0.0 seconds
[2026-07-01 10:42:22] [TASK_7] [INFO] ============================================================
[2026-07-01 10:42:23] [TASK_7] [INFO] ============================================================
[2026-07-01 10:42:23] [TASK_7] [INFO] START TASK_7: Technical Feature Extraction (RSI, MACD, BB, SMA, EMA)
[2026-07-01 10:42:23] [TASK_7] [INFO] Timestamp: 2026-07-01T10:42:23.252769
[2026-07-01 10:42:23] [TASK_7] [INFO] ============================================================
[2026-07-01 10:42:23] [TASK_7] [INFO] Input: data/prices/all_vn30_prices.csv (93824 rows)
[2026-07-01 10:42:23] [TASK_7] [INFO] ------------------------------------------------------------
[2026-07-01 10:42:23] [TASK_7] [INFO] END TASK_7 — completed in 0.0 seconds
[2026-07-01 10:42:23] [TASK_7] [INFO] ============================================================
[2026-07-01 10:54:24] [TASK_7] [INFO] ============================================================
[2026-07-01 10:54:24] [TASK_7] [INFO] START TASK_7: Technical Feature Extraction (RSI, MACD, BB, SMA, EMA)
[2026-07-01 10:54:24] [TASK_7] [INFO] Timestamp: 2026-07-01T10:54:24.644491
[2026-07-01 10:54:24] [TASK_7] [INFO] ============================================================
[2026-07-01 10:54:24] [TASK_7] [INFO] Input: data/prices/all_vn30_prices.csv (93824 rows)
[2026-07-01 10:54:24] [TASK_7] [INFO] ------------------------------------------------------------
[2026-07-01 10:54:24] [TASK_7] [INFO] END TASK_7 — completed in 0.0 seconds
[2026-07-01 10:54:24] [TASK_7] [INFO] ============================================================
[2026-07-01 10:54:25] [TASK_7] [INFO] ============================================================
[2026-07-01 10:54:25] [TASK_7] [INFO] START TASK_7: Technical Feature Extraction (RSI, MACD, BB, SMA, EMA)
[2026-07-01 10:54:25] [TASK_7] [INFO] Timestamp: 2026-07-01T10:54:25.445474
[2026-07-01 10:54:25] [TASK_7] [INFO] ============================================================
[2026-07-01 10:54:25] [TASK_7] [INFO] Input: data/prices/all_vn30_prices.csv (93824 rows)
[2026-07-01 10:54:25] [TASK_7] [INFO] ------------------------------------------------------------
[2026-07-01 10:54:25] [TASK_7] [INFO] END TASK_7 — completed in 0.0 seconds
[2026-07-01 10:54:25] [TASK_7] [INFO] ============================================================
[2026-07-01 11:35:25] [TASK_7] [INFO] ============================================================
[2026-07-01 11:35:25] [TASK_7] [INFO] START TASK_7: Technical Feature Extraction (RSI, MACD, BB, SMA, EMA)
[2026-07-01 11:35:25] [TASK_7] [INFO] Timestamp: 2026-07-01T11:35:25.292294
[2026-07-01 11:35:25] [TASK_7] [INFO] ============================================================
[2026-07-01 11:35:25] [TASK_7] [INFO] Input: data/prices/all_vn30_prices.csv (93824 rows)
[2026-07-01 11:35:25] [TASK_7] [INFO] ------------------------------------------------------------
[2026-07-01 11:35:25] [TASK_7] [INFO] END TASK_7 — completed in 0.0 seconds
[2026-07-01 11:35:25] [TASK_7] [INFO] ============================================================
[2026-07-01 11:35:26] [TASK_7] [INFO] ============================================================
[2026-07-01 11:35:26] [TASK_7] [INFO] START TASK_7: Technical Feature Extraction (RSI, MACD, BB, SMA, EMA)
[2026-07-01 11:35:26] [TASK_7] [INFO] Timestamp: 2026-07-01T11:35:26.034277
[2026-07-01 11:35:26] [TASK_7] [INFO] ============================================================
[2026-07-01 11:35:26] [TASK_7] [INFO] Input: data/prices/all_vn30_prices.csv (93824 rows)
[2026-07-01 11:35:26] [TASK_7] [INFO] ------------------------------------------------------------
[2026-07-01 11:35:26] [TASK_7] [INFO] END TASK_7 — completed in 0.0 seconds
[2026-07-01 11:35:26] [TASK_7] [INFO] ============================================================
[2026-07-01 11:36:12] [TASK_7] [INFO] ============================================================
[2026-07-01 11:36:12] [TASK_7] [INFO] START TASK_7: Technical Feature Extraction (RSI, MACD, BB, SMA, EMA)
[2026-07-01 11:36:12] [TASK_7] [INFO] Timestamp: 2026-07-01T11:36:12.147880
[2026-07-01 11:36:12] [TASK_7] [INFO] ============================================================
[2026-07-01 11:36:12] [TASK_7] [INFO] Input: data/prices/all_vn30_prices.csv (93824 rows)
[2026-07-01 11:36:12] [TASK_7] [INFO] ------------------------------------------------------------
[2026-07-01 11:36:12] [TASK_7] [INFO] END TASK_7 — completed in 0.0 seconds
[2026-07-01 11:36:12] [TASK_7] [INFO] ============================================================
[2026-07-01 11:36:12] [TASK_7] [INFO] ============================================================
[2026-07-01 11:36:12] [TASK_7] [INFO] START TASK_7: Technical Feature Extraction (RSI, MACD, BB, SMA, EMA)
[2026-07-01 11:36:12] [TASK_7] [INFO] Timestamp: 2026-07-01T11:36:12.835032
[2026-07-01 11:36:12] [TASK_7] [INFO] ============================================================
[2026-07-01 11:36:12] [TASK_7] [INFO] Input: data/prices/all_vn30_prices.csv (93824 rows)
[2026-07-01 11:36:12] [TASK_7] [INFO] ------------------------------------------------------------
[2026-07-01 11:36:12] [TASK_7] [INFO] END TASK_7 — completed in 0.0 seconds
[2026-07-01 11:36:12] [TASK_7] [INFO] ============================================================
[2026-07-01 11:37:05] [TASK_7] [INFO] ============================================================
[2026-07-01 11:37:05] [TASK_7] [INFO] START TASK_7: Technical Feature Extraction (RSI, MACD, BB, SMA, EMA)
[2026-07-01 11:37:05] [TASK_7] [INFO] Timestamp: 2026-07-01T11:37:05.398055
[2026-07-01 11:37:05] [TASK_7] [INFO] ============================================================
[2026-07-01 11:37:05] [TASK_7] [INFO] Input: data/prices/all_vn30_prices.csv (93824 rows)
[2026-07-01 11:37:05] [TASK_7] [INFO] ------------------------------------------------------------
[2026-07-01 11:37:05] [TASK_7] [INFO] END TASK_7 — completed in 0.0 seconds
[2026-07-01 11:37:05] [TASK_7] [INFO] ============================================================
[2026-07-01 11:37:06] [TASK_7] [INFO] ============================================================
[2026-07-01 11:37:06] [TASK_7] [INFO] START TASK_7: Technical Feature Extraction (RSI, MACD, BB, SMA, EMA)
[2026-07-01 11:37:06] [TASK_7] [INFO] Timestamp: 2026-07-01T11:37:06.140851
[2026-07-01 11:37:06] [TASK_7] [INFO] ============================================================
[2026-07-01 11:37:06] [TASK_7] [INFO] Input: data/prices/all_vn30_prices.csv (93824 rows)
[2026-07-01 11:37:06] [TASK_7] [INFO] ------------------------------------------------------------
[2026-07-01 11:37:06] [TASK_7] [INFO] END TASK_7 — completed in 0.0 seconds
[2026-07-01 11:37:06] [TASK_7] [INFO] ============================================================
[2026-07-01 11:39:55] [TASK_7] [INFO] ============================================================
[2026-07-01 11:39:55] [TASK_7] [INFO] START TASK_7: Technical Feature Extraction (RSI, MACD, BB, SMA, EMA)
[2026-07-01 11:39:55] [TASK_7] [INFO] Timestamp: 2026-07-01T11:39:55.449373
[2026-07-01 11:39:55] [TASK_7] [INFO] ============================================================
[2026-07-01 11:39:55] [TASK_7] [INFO] Input: data/prices/all_vn30_prices.csv (93824 rows)
[2026-07-01 11:39:55] [TASK_7] [INFO] ------------------------------------------------------------
[2026-07-01 11:39:55] [TASK_7] [INFO] END TASK_7 — completed in 0.0 seconds
[2026-07-01 11:39:55] [TASK_7] [INFO] ============================================================
[2026-07-01 11:39:56] [TASK_7] [INFO] ============================================================
[2026-07-01 11:39:56] [TASK_7] [INFO] START TASK_7: Technical Feature Extraction (RSI, MACD, BB, SMA, EMA)
[2026-07-01 11:39:56] [TASK_7] [INFO] Timestamp: 2026-07-01T11:39:56.127353
[2026-07-01 11:39:56] [TASK_7] [INFO] ============================================================
[2026-07-01 11:39:56] [TASK_7] [INFO] Input: data/prices/all_vn30_prices.csv (93824 rows)
[2026-07-01 11:39:56] [TASK_7] [INFO] ------------------------------------------------------------
[2026-07-01 11:39:56] [TASK_7] [INFO] END TASK_7 — completed in 0.0 seconds
[2026-07-01 11:39:56] [TASK_7] [INFO] ============================================================
[2026-07-01 11:40:42] [TASK_7] [INFO] ============================================================
[2026-07-01 11:40:42] [TASK_7] [INFO] START TASK_7: Technical Feature Extraction (RSI, MACD, BB, SMA, EMA)
[2026-07-01 11:40:42] [TASK_7] [INFO] Timestamp: 2026-07-01T11:40:42.247596
[2026-07-01 11:40:42] [TASK_7] [INFO] ============================================================
[2026-07-01 11:40:42] [TASK_7] [INFO] Input: data/prices/all_vn30_prices.csv (93824 rows)
[2026-07-01 11:40:42] [TASK_7] [INFO] ------------------------------------------------------------
[2026-07-01 11:40:42] [TASK_7] [INFO] END TASK_7 — completed in 0.0 seconds
[2026-07-01 11:40:42] [TASK_7] [INFO] ============================================================
[2026-07-01 11:40:42] [TASK_7] [INFO] ============================================================
[2026-07-01 11:40:42] [TASK_7] [INFO] START TASK_7: Technical Feature Extraction (RSI, MACD, BB, SMA, EMA)
[2026-07-01 11:40:42] [TASK_7] [INFO] Timestamp: 2026-07-01T11:40:42.958139
[2026-07-01 11:40:42] [TASK_7] [INFO] ============================================================
[2026-07-01 11:40:42] [TASK_7] [INFO] Input: data/prices/all_vn30_prices.csv (93824 rows)
[2026-07-01 11:40:42] [TASK_7] [INFO] ------------------------------------------------------------
[2026-07-01 11:40:42] [TASK_7] [INFO] END TASK_7 — completed in 0.0 seconds
[2026-07-01 11:40:42] [TASK_7] [INFO] ============================================================
[2026-07-01 12:37:24] [TASK_7] [INFO] ============================================================
[2026-07-01 12:37:24] [TASK_7] [INFO] START TASK_7: Technical Feature Extraction (RSI, MACD, BB, SMA, EMA)
[2026-07-01 12:37:24] [TASK_7] [INFO] Timestamp: 2026-07-01T12:37:24.639518
[2026-07-01 12:37:24] [TASK_7] [INFO] ============================================================
[2026-07-01 12:37:24] [TASK_7] [INFO] Input: data/prices/all_vn30_prices.csv (93824 rows)
[2026-07-01 12:37:24] [TASK_7] [INFO] ------------------------------------------------------------
[2026-07-01 12:37:24] [TASK_7] [INFO] END TASK_7 — completed in 0.0 seconds
[2026-07-01 12:37:24] [TASK_7] [INFO] ============================================================
[2026-07-01 12:37:25] [TASK_7] [INFO] ============================================================
[2026-07-01 12:37:25] [TASK_7] [INFO] START TASK_7: Technical Feature Extraction (RSI, MACD, BB, SMA, EMA)
[2026-07-01 12:37:25] [TASK_7] [INFO] Timestamp: 2026-07-01T12:37:25.337345
[2026-07-01 12:37:25] [TASK_7] [INFO] ============================================================
[2026-07-01 12:37:25] [TASK_7] [INFO] Input: data/prices/all_vn30_prices.csv (93824 rows)
[2026-07-01 12:37:25] [TASK_7] [INFO] ------------------------------------------------------------
[2026-07-01 12:37:25] [TASK_7] [INFO] END TASK_7 — completed in 0.0 seconds
[2026-07-01 12:37:25] [TASK_7] [INFO] ============================================================
[2026-07-01 12:38:24] [TASK_7] [INFO] ============================================================
[2026-07-01 12:38:24] [TASK_7] [INFO] START TASK_7: Technical Feature Extraction (RSI, MACD, BB, SMA, EMA)
[2026-07-01 12:38:24] [TASK_7] [INFO] Timestamp: 2026-07-01T12:38:24.533956
[2026-07-01 12:38:24] [TASK_7] [INFO] ============================================================
[2026-07-01 12:38:24] [TASK_7] [INFO] Input: data/prices/all_vn30_prices.csv (93824 rows)
[2026-07-01 12:38:24] [TASK_7] [INFO] ------------------------------------------------------------
[2026-07-01 12:38:24] [TASK_7] [INFO] END TASK_7 — completed in 0.0 seconds
[2026-07-01 12:38:24] [TASK_7] [INFO] ============================================================
[2026-07-01 12:38:25] [TASK_7] [INFO] ============================================================
[2026-07-01 12:38:25] [TASK_7] [INFO] START TASK_7: Technical Feature Extraction (RSI, MACD, BB, SMA, EMA)
[2026-07-01 12:38:25] [TASK_7] [INFO] Timestamp: 2026-07-01T12:38:25.238952
[2026-07-01 12:38:25] [TASK_7] [INFO] ============================================================
[2026-07-01 12:38:25] [TASK_7] [INFO] Input: data/prices/all_vn30_prices.csv (93824 rows)
[2026-07-01 12:38:25] [TASK_7] [INFO] ------------------------------------------------------------
[2026-07-01 12:38:25] [TASK_7] [INFO] END TASK_7 — completed in 0.0 seconds
[2026-07-01 12:38:25] [TASK_7] [INFO] ============================================================
[2026-07-01 13:03:34] [TASK_7] [INFO] ============================================================
[2026-07-01 13:03:34] [TASK_7] [INFO] START TASK_7: Technical Feature Extraction (RSI, MACD, BB, SMA, EMA)
[2026-07-01 13:03:34] [TASK_7] [INFO] Timestamp: 2026-07-01T13:03:34.421339
[2026-07-01 13:03:34] [TASK_7] [INFO] ============================================================
[2026-07-01 13:03:34] [TASK_7] [INFO] Input: data/prices/all_vn30_prices.csv (93824 rows)
[2026-07-01 13:03:34] [TASK_7] [INFO] ------------------------------------------------------------
[2026-07-01 13:03:34] [TASK_7] [INFO] END TASK_7 — completed in 0.0 seconds
[2026-07-01 13:03:34] [TASK_7] [INFO] ============================================================
[2026-07-01 13:03:35] [TASK_7] [INFO] ============================================================
[2026-07-01 13:03:35] [TASK_7] [INFO] START TASK_7: Technical Feature Extraction (RSI, MACD, BB, SMA, EMA)
[2026-07-01 13:03:35] [TASK_7] [INFO] Timestamp: 2026-07-01T13:03:35.369248
[2026-07-01 13:03:35] [TASK_7] [INFO] ============================================================
[2026-07-01 13:03:35] [TASK_7] [INFO] Input: data/prices/all_vn30_prices.csv (93824 rows)
[2026-07-01 13:03:35] [TASK_7] [INFO] ------------------------------------------------------------
[2026-07-01 13:03:35] [TASK_7] [INFO] END TASK_7 — completed in 0.0 seconds
[2026-07-01 13:03:35] [TASK_7] [INFO] ============================================================
[2026-07-01 13:04:36] [TASK_7] [INFO] ============================================================
[2026-07-01 13:04:36] [TASK_7] [INFO] START TASK_7: Technical Feature Extraction (RSI, MACD, BB, SMA, EMA)
[2026-07-01 13:04:36] [TASK_7] [INFO] Timestamp: 2026-07-01T13:04:36.502524
[2026-07-01 13:04:36] [TASK_7] [INFO] ============================================================
[2026-07-01 13:04:36] [TASK_7] [INFO] Input: data/prices/all_vn30_prices.csv (93824 rows)
[2026-07-01 13:04:36] [TASK_7] [INFO] ------------------------------------------------------------
[2026-07-01 13:04:36] [TASK_7] [INFO] END TASK_7 — completed in 0.0 seconds
[2026-07-01 13:04:36] [TASK_7] [INFO] ============================================================
[2026-07-01 13:04:37] [TASK_7] [INFO] ============================================================
[2026-07-01 13:04:37] [TASK_7] [INFO] START TASK_7: Technical Feature Extraction (RSI, MACD, BB, SMA, EMA)
[2026-07-01 13:04:37] [TASK_7] [INFO] Timestamp: 2026-07-01T13:04:37.270625
[2026-07-01 13:04:37] [TASK_7] [INFO] ============================================================
[2026-07-01 13:04:37] [TASK_7] [INFO] Input: data/prices/all_vn30_prices.csv (93824 rows)
[2026-07-01 13:04:37] [TASK_7] [INFO] ------------------------------------------------------------
[2026-07-01 13:04:37] [TASK_7] [INFO] END TASK_7 — completed in 0.0 seconds
[2026-07-01 13:04:37] [TASK_7] [INFO] ============================================================
[2026-07-01 13:27:02] [TASK_7] [INFO] ============================================================
[2026-07-01 13:27:02] [TASK_7] [INFO] START TASK_7: Technical Feature Extraction (RSI, MACD, BB, SMA, EMA)
[2026-07-01 13:27:02] [TASK_7] [INFO] Timestamp: 2026-07-01T13:27:02.325534
[2026-07-01 13:27:02] [TASK_7] [INFO] ============================================================
[2026-07-01 13:27:02] [TASK_7] [INFO] Input: data/prices/all_vn30_prices.csv (93824 rows)
[2026-07-01 13:27:02] [TASK_7] [INFO] ------------------------------------------------------------
[2026-07-01 13:27:02] [TASK_7] [INFO] END TASK_7 — completed in 0.0 seconds
[2026-07-01 13:27:02] [TASK_7] [INFO] ============================================================
[2026-07-01 13:27:03] [TASK_7] [INFO] ============================================================
[2026-07-01 13:27:03] [TASK_7] [INFO] START TASK_7: Technical Feature Extraction (RSI, MACD, BB, SMA, EMA)
[2026-07-01 13:27:03] [TASK_7] [INFO] Timestamp: 2026-07-01T13:27:03.774739
[2026-07-01 13:27:03] [TASK_7] [INFO] ============================================================
[2026-07-01 13:27:03] [TASK_7] [INFO] Input: data/prices/all_vn30_prices.csv (93824 rows)
[2026-07-01 13:27:03] [TASK_7] [INFO] ------------------------------------------------------------
[2026-07-01 13:27:03] [TASK_7] [INFO] END TASK_7 — completed in 0.0 seconds
[2026-07-01 13:27:03] [TASK_7] [INFO] ============================================================
[2026-07-01 13:29:43] [TASK_7] [INFO] ============================================================
[2026-07-01 13:29:43] [TASK_7] [INFO] START TASK_7: Technical Feature Extraction (RSI, MACD, BB, SMA, EMA)
[2026-07-01 13:29:43] [TASK_7] [INFO] Timestamp: 2026-07-01T13:29:43.371353
[2026-07-01 13:29:43] [TASK_7] [INFO] ============================================================
[2026-07-01 13:29:43] [TASK_7] [INFO] Input: data/prices/all_vn30_prices.csv (93824 rows)
[2026-07-01 13:29:43] [TASK_7] [INFO] ------------------------------------------------------------
[2026-07-01 13:29:43] [TASK_7] [INFO] END TASK_7 — completed in 0.0 seconds
[2026-07-01 13:29:43] [TASK_7] [INFO] ============================================================
[2026-07-01 13:29:45] [TASK_7] [INFO] ============================================================
[2026-07-01 13:29:45] [TASK_7] [INFO] START TASK_7: Technical Feature Extraction (RSI, MACD, BB, SMA, EMA)
[2026-07-01 13:29:45] [TASK_7] [INFO] Timestamp: 2026-07-01T13:29:45.205451
[2026-07-01 13:29:45] [TASK_7] [INFO] ============================================================
[2026-07-01 13:29:45] [TASK_7] [INFO] Input: data/prices/all_vn30_prices.csv (93824 rows)
[2026-07-01 13:29:45] [TASK_7] [INFO] ------------------------------------------------------------
[2026-07-01 13:29:45] [TASK_7] [INFO] END TASK_7 — completed in 0.0 seconds
[2026-07-01 13:29:45] [TASK_7] [INFO] ============================================================
[2026-07-01 13:41:04] [TASK_7] [INFO] ============================================================
[2026-07-01 13:41:04] [TASK_7] [INFO] START TASK_7: Technical Feature Extraction (RSI, MACD, BB, SMA, EMA)
[2026-07-01 13:41:04] [TASK_7] [INFO] Timestamp: 2026-07-01T13:41:04.383018
[2026-07-01 13:41:04] [TASK_7] [INFO] ============================================================
[2026-07-01 13:41:04] [TASK_7] [INFO] Input: data/prices/all_vn30_prices.csv (93824 rows)
[2026-07-01 13:41:04] [TASK_7] [INFO] ------------------------------------------------------------
[2026-07-01 13:41:04] [TASK_7] [INFO] END TASK_7 — completed in 0.0 seconds
[2026-07-01 13:41:04] [TASK_7] [INFO] ============================================================
[2026-07-01 13:41:05] [TASK_7] [INFO] ============================================================
[2026-07-01 13:41:05] [TASK_7] [INFO] START TASK_7: Technical Feature Extraction (RSI, MACD, BB, SMA, EMA)
[2026-07-01 13:41:05] [TASK_7] [INFO] Timestamp: 2026-07-01T13:41:05.136896
[2026-07-01 13:41:05] [TASK_7] [INFO] ============================================================
[2026-07-01 13:41:05] [TASK_7] [INFO] Input: data/prices/all_vn30_prices.csv (93824 rows)
[2026-07-01 13:41:05] [TASK_7] [INFO] ------------------------------------------------------------
[2026-07-01 13:41:05] [TASK_7] [INFO] END TASK_7 — completed in 0.0 seconds
[2026-07-01 13:41:05] [TASK_7] [INFO] ============================================================
[2026-07-01 14:01:53] [TASK_7] [INFO] ============================================================
[2026-07-01 14:01:53] [TASK_7] [INFO] START TASK_7: Technical Feature Extraction (RSI, MACD, BB, SMA, EMA)
[2026-07-01 14:01:53] [TASK_7] [INFO] Timestamp: 2026-07-01T14:01:53.724431
[2026-07-01 14:01:53] [TASK_7] [INFO] ============================================================
[2026-07-01 14:01:53] [TASK_7] [INFO] Input: data/prices/all_vn30_prices.csv (93824 rows)
[2026-07-01 14:01:53] [TASK_7] [INFO] ------------------------------------------------------------
[2026-07-01 14:01:53] [TASK_7] [INFO] END TASK_7 — completed in 0.0 seconds
[2026-07-01 14:01:53] [TASK_7] [INFO] ============================================================
[2026-07-01 14:01:54] [TASK_7] [INFO] ============================================================
[2026-07-01 14:01:54] [TASK_7] [INFO] START TASK_7: Technical Feature Extraction (RSI, MACD, BB, SMA, EMA)
[2026-07-01 14:01:54] [TASK_7] [INFO] Timestamp: 2026-07-01T14:01:54.483043
[2026-07-01 14:01:54] [TASK_7] [INFO] ============================================================
[2026-07-01 14:01:54] [TASK_7] [INFO] Input: data/prices/all_vn30_prices.csv (93824 rows)
[2026-07-01 14:01:54] [TASK_7] [INFO] ------------------------------------------------------------
[2026-07-01 14:01:54] [TASK_7] [INFO] END TASK_7 — completed in 0.0 seconds
[2026-07-01 14:01:54] [TASK_7] [INFO] ============================================================
[2026-07-01 14:03:13] [TASK_7] [INFO] ============================================================
[2026-07-01 14:03:13] [TASK_7] [INFO] START TASK_7: Technical Feature Extraction (RSI, MACD, BB, SMA, EMA)
[2026-07-01 14:03:13] [TASK_7] [INFO] Timestamp: 2026-07-01T14:03:13.455654
[2026-07-01 14:03:13] [TASK_7] [INFO] ============================================================
[2026-07-01 14:03:13] [TASK_7] [INFO] Input: data/prices/all_vn30_prices.csv (93824 rows)
[2026-07-01 14:03:13] [TASK_7] [INFO] ------------------------------------------------------------
[2026-07-01 14:03:13] [TASK_7] [INFO] END TASK_7 — completed in 0.0 seconds
[2026-07-01 14:03:13] [TASK_7] [INFO] ============================================================
[2026-07-01 14:03:14] [TASK_7] [INFO] ============================================================
[2026-07-01 14:03:14] [TASK_7] [INFO] START TASK_7: Technical Feature Extraction (RSI, MACD, BB, SMA, EMA)
[2026-07-01 14:03:14] [TASK_7] [INFO] Timestamp: 2026-07-01T14:03:14.314028
[2026-07-01 14:03:14] [TASK_7] [INFO] ============================================================
[2026-07-01 14:03:14] [TASK_7] [INFO] Input: data/prices/all_vn30_prices.csv (93824 rows)
[2026-07-01 14:03:14] [TASK_7] [INFO] ------------------------------------------------------------
[2026-07-01 14:03:14] [TASK_7] [INFO] END TASK_7 — completed in 0.0 seconds
[2026-07-01 14:03:14] [TASK_7] [INFO] ============================================================
[2026-07-01 14:05:38] [TASK_7] [INFO] ============================================================
[2026-07-01 14:05:38] [TASK_7] [INFO] START TASK_7: Technical Feature Extraction (RSI, MACD, BB, SMA, EMA)
[2026-07-01 14:05:38] [TASK_7] [INFO] Timestamp: 2026-07-01T14:05:38.729823
[2026-07-01 14:05:38] [TASK_7] [INFO] ============================================================
[2026-07-01 14:05:38] [TASK_7] [INFO] Input: data/prices/all_vn30_prices.csv (93824 rows)
[2026-07-01 14:05:38] [TASK_7] [INFO] ------------------------------------------------------------
[2026-07-01 14:05:38] [TASK_7] [INFO] END TASK_7 — completed in 0.0 seconds
[2026-07-01 14:05:38] [TASK_7] [INFO] ============================================================
[2026-07-01 14:05:39] [TASK_7] [INFO] ============================================================
[2026-07-01 14:05:39] [TASK_7] [INFO] START TASK_7: Technical Feature Extraction (RSI, MACD, BB, SMA, EMA)
[2026-07-01 14:05:39] [TASK_7] [INFO] Timestamp: 2026-07-01T14:05:39.461359
[2026-07-01 14:05:39] [TASK_7] [INFO] ============================================================
[2026-07-01 14:05:39] [TASK_7] [INFO] Input: data/prices/all_vn30_prices.csv (93824 rows)
[2026-07-01 14:05:39] [TASK_7] [INFO] ------------------------------------------------------------
[2026-07-01 14:05:39] [TASK_7] [INFO] END TASK_7 — completed in 0.0 seconds
[2026-07-01 14:05:39] [TASK_7] [INFO] ============================================================
[2026-07-01 14:07:28] [TASK_7] [INFO] ============================================================
[2026-07-01 14:07:28] [TASK_7] [INFO] START TASK_7: Technical Feature Extraction (RSI, MACD, BB, SMA, EMA)
[2026-07-01 14:07:28] [TASK_7] [INFO] Timestamp: 2026-07-01T14:07:28.519272
[2026-07-01 14:07:28] [TASK_7] [INFO] ============================================================
[2026-07-01 14:07:28] [TASK_7] [INFO] Input: data/prices/all_vn30_prices.csv (93824 rows)
[2026-07-01 14:07:28] [TASK_7] [INFO] ------------------------------------------------------------
[2026-07-01 14:07:28] [TASK_7] [INFO] END TASK_7 — completed in 0.0 seconds
[2026-07-01 14:07:28] [TASK_7] [INFO] ============================================================
[2026-07-01 14:07:29] [TASK_7] [INFO] ============================================================
[2026-07-01 14:07:29] [TASK_7] [INFO] START TASK_7: Technical Feature Extraction (RSI, MACD, BB, SMA, EMA)
[2026-07-01 14:07:29] [TASK_7] [INFO] Timestamp: 2026-07-01T14:07:29.259212
[2026-07-01 14:07:29] [TASK_7] [INFO] ============================================================
[2026-07-01 14:07:29] [TASK_7] [INFO] Input: data/prices/all_vn30_prices.csv (93824 rows)
[2026-07-01 14:07:29] [TASK_7] [INFO] ------------------------------------------------------------
[2026-07-01 14:07:29] [TASK_7] [INFO] END TASK_7 — completed in 0.0 seconds
[2026-07-01 14:07:29] [TASK_7] [INFO] ============================================================
[2026-07-01 14:08:42] [TASK_7] [INFO] ============================================================
[2026-07-01 14:08:42] [TASK_7] [INFO] START TASK_7: Technical Feature Extraction (RSI, MACD, BB, SMA, EMA)
[2026-07-01 14:08:42] [TASK_7] [INFO] Timestamp: 2026-07-01T14:08:42.785375
[2026-07-01 14:08:42] [TASK_7] [INFO] ============================================================
[2026-07-01 14:08:42] [TASK_7] [INFO] Input: data/prices/all_vn30_prices.csv (93824 rows)
[2026-07-01 14:08:42] [TASK_7] [INFO] ------------------------------------------------------------
[2026-07-01 14:08:42] [TASK_7] [INFO] END TASK_7 — completed in 0.0 seconds
[2026-07-01 14:08:42] [TASK_7] [INFO] ============================================================
[2026-07-01 14:08:43] [TASK_7] [INFO] ============================================================
[2026-07-01 14:08:43] [TASK_7] [INFO] START TASK_7: Technical Feature Extraction (RSI, MACD, BB, SMA, EMA)
[2026-07-01 14:08:43] [TASK_7] [INFO] Timestamp: 2026-07-01T14:08:43.708183
[2026-07-01 14:08:43] [TASK_7] [INFO] ============================================================
[2026-07-01 14:08:43] [TASK_7] [INFO] Input: data/prices/all_vn30_prices.csv (93824 rows)
[2026-07-01 14:08:43] [TASK_7] [INFO] ------------------------------------------------------------
[2026-07-01 14:08:43] [TASK_7] [INFO] END TASK_7 — completed in 0.0 seconds
[2026-07-01 14:08:43] [TASK_7] [INFO] ============================================================
[2026-07-01 14:30:45] [TASK_7] [INFO] ============================================================
[2026-07-01 14:30:45] [TASK_7] [INFO] START TASK_7: Technical Feature Extraction (RSI, MACD, BB, SMA, EMA)
[2026-07-01 14:30:45] [TASK_7] [INFO] Timestamp: 2026-07-01T14:30:45.573817
[2026-07-01 14:30:45] [TASK_7] [INFO] ============================================================
[2026-07-01 14:30:45] [TASK_7] [INFO] Input: data/prices/all_vn30_prices.csv (93824 rows)
[2026-07-01 14:30:45] [TASK_7] [INFO] ------------------------------------------------------------
[2026-07-01 14:30:45] [TASK_7] [INFO] END TASK_7 — completed in 0.0 seconds
[2026-07-01 14:30:45] [TASK_7] [INFO] ============================================================
[2026-07-01 14:30:46] [TASK_7] [INFO] ============================================================
[2026-07-01 14:30:46] [TASK_7] [INFO] START TASK_7: Technical Feature Extraction (RSI, MACD, BB, SMA, EMA)
[2026-07-01 14:30:46] [TASK_7] [INFO] Timestamp: 2026-07-01T14:30:46.289938
[2026-07-01 14:30:46] [TASK_7] [INFO] ============================================================
[2026-07-01 14:30:46] [TASK_7] [INFO] Input: data/prices/all_vn30_prices.csv (93824 rows)
[2026-07-01 14:30:46] [TASK_7] [INFO] ------------------------------------------------------------
[2026-07-01 14:30:46] [TASK_7] [INFO] END TASK_7 — completed in 0.0 seconds
[2026-07-01 14:30:46] [TASK_7] [INFO] ============================================================
[2026-07-01 14:31:45] [TASK_7] [INFO] ============================================================
[2026-07-01 14:31:45] [TASK_7] [INFO] START TASK_7: Technical Feature Extraction (RSI, MACD, BB, SMA, EMA)
[2026-07-01 14:31:45] [TASK_7] [INFO] Timestamp: 2026-07-01T14:31:45.536436
[2026-07-01 14:31:45] [TASK_7] [INFO] ============================================================
[2026-07-01 14:31:45] [TASK_7] [INFO] Input: data/prices/all_vn30_prices.csv (93824 rows)
[2026-07-01 14:31:45] [TASK_7] [INFO] ------------------------------------------------------------
[2026-07-01 14:31:45] [TASK_7] [INFO] END TASK_7 — completed in 0.0 seconds
[2026-07-01 14:31:45] [TASK_7] [INFO] ============================================================
[2026-07-01 14:31:46] [TASK_7] [INFO] ============================================================
[2026-07-01 14:31:46] [TASK_7] [INFO] START TASK_7: Technical Feature Extraction (RSI, MACD, BB, SMA, EMA)
[2026-07-01 14:31:46] [TASK_7] [INFO] Timestamp: 2026-07-01T14:31:46.243109
[2026-07-01 14:31:46] [TASK_7] [INFO] ============================================================
[2026-07-01 14:31:46] [TASK_7] [INFO] Input: data/prices/all_vn30_prices.csv (93824 rows)
[2026-07-01 14:31:46] [TASK_7] [INFO] ------------------------------------------------------------
[2026-07-01 14:31:46] [TASK_7] [INFO] END TASK_7 — completed in 0.0 seconds
[2026-07-01 14:31:46] [TASK_7] [INFO] ============================================================
[2026-07-01 14:48:17] [TASK_7] [INFO] ============================================================
[2026-07-01 14:48:17] [TASK_7] [INFO] START TASK_7: Technical Feature Extraction (RSI, MACD, BB, SMA, EMA)
[2026-07-01 14:48:17] [TASK_7] [INFO] Timestamp: 2026-07-01T14:48:17.034908
[2026-07-01 14:48:17] [TASK_7] [INFO] ============================================================
[2026-07-01 14:48:17] [TASK_7] [INFO] Input: data/prices/all_vn30_prices.csv (93824 rows)
[2026-07-01 14:48:17] [TASK_7] [INFO] ------------------------------------------------------------
[2026-07-01 14:48:17] [TASK_7] [INFO] END TASK_7 — completed in 0.0 seconds
[2026-07-01 14:48:17] [TASK_7] [INFO] ============================================================
[2026-07-01 14:48:17] [TASK_7] [INFO] ============================================================
[2026-07-01 14:48:17] [TASK_7] [INFO] START TASK_7: Technical Feature Extraction (RSI, MACD, BB, SMA, EMA)
[2026-07-01 14:48:17] [TASK_7] [INFO] Timestamp: 2026-07-01T14:48:17.757404
[2026-07-01 14:48:17] [TASK_7] [INFO] ============================================================
[2026-07-01 14:48:17] [TASK_7] [INFO] Input: data/prices/all_vn30_prices.csv (93824 rows)
[2026-07-01 14:48:17] [TASK_7] [INFO] ------------------------------------------------------------
[2026-07-01 14:48:17] [TASK_7] [INFO] END TASK_7 — completed in 0.0 seconds
[2026-07-01 14:48:17] [TASK_7] [INFO] ============================================================
[2026-07-01 14:49:20] [TASK_7] [INFO] ============================================================
[2026-07-01 14:49:20] [TASK_7] [INFO] START TASK_7: Technical Feature Extraction (RSI, MACD, BB, SMA, EMA)
[2026-07-01 14:49:20] [TASK_7] [INFO] Timestamp: 2026-07-01T14:49:20.617704
[2026-07-01 14:49:20] [TASK_7] [INFO] ============================================================
[2026-07-01 14:49:20] [TASK_7] [INFO] Input: data/prices/all_vn30_prices.csv (93824 rows)
[2026-07-01 14:49:20] [TASK_7] [INFO] ------------------------------------------------------------
[2026-07-01 14:49:20] [TASK_7] [INFO] END TASK_7 — completed in 0.0 seconds
[2026-07-01 14:49:20] [TASK_7] [INFO] ============================================================
[2026-07-01 14:49:21] [TASK_7] [INFO] ============================================================
[2026-07-01 14:49:21] [TASK_7] [INFO] START TASK_7: Technical Feature Extraction (RSI, MACD, BB, SMA, EMA)
[2026-07-01 14:49:21] [TASK_7] [INFO] Timestamp: 2026-07-01T14:49:21.282150
[2026-07-01 14:49:21] [TASK_7] [INFO] ============================================================
[2026-07-01 14:49:21] [TASK_7] [INFO] Input: data/prices/all_vn30_prices.csv (93824 rows)
[2026-07-01 14:49:21] [TASK_7] [INFO] ------------------------------------------------------------
[2026-07-01 14:49:21] [TASK_7] [INFO] END TASK_7 — completed in 0.0 seconds
[2026-07-01 14:49:21] [TASK_7] [INFO] ============================================================
[2026-07-01 16:08:33] [TASK_7] [INFO] ============================================================
[2026-07-01 16:08:33] [TASK_7] [INFO] START TASK_7: Technical Feature Extraction (RSI, MACD, BB, SMA, EMA)
[2026-07-01 16:08:33] [TASK_7] [INFO] Timestamp: 2026-07-01T16:08:33.975234
[2026-07-01 16:08:33] [TASK_7] [INFO] ============================================================
[2026-07-01 16:08:34] [TASK_7] [INFO] Input: data/prices/all_vn30_prices.csv (93824 rows)
[2026-07-01 16:08:34] [TASK_7] [INFO] ------------------------------------------------------------
[2026-07-01 16:08:34] [TASK_7] [INFO] END TASK_7 — completed in 0.0 seconds
[2026-07-01 16:08:34] [TASK_7] [INFO] ============================================================
[2026-07-01 16:08:34] [TASK_7] [INFO] ============================================================
[2026-07-01 16:08:34] [TASK_7] [INFO] START TASK_7: Technical Feature Extraction (RSI, MACD, BB, SMA, EMA)
[2026-07-01 16:08:34] [TASK_7] [INFO] Timestamp: 2026-07-01T16:08:34.726691
[2026-07-01 16:08:34] [TASK_7] [INFO] ============================================================
[2026-07-01 16:08:34] [TASK_7] [INFO] Input: data/prices/all_vn30_prices.csv (93824 rows)
[2026-07-01 16:08:34] [TASK_7] [INFO] ------------------------------------------------------------
[2026-07-01 16:08:34] [TASK_7] [INFO] END TASK_7 — completed in 0.0 seconds
[2026-07-01 16:08:34] [TASK_7] [INFO] ============================================================
[2026-07-01 16:09:52] [TASK_7] [INFO] ============================================================
[2026-07-01 16:09:52] [TASK_7] [INFO] START TASK_7: Technical Feature Extraction (RSI, MACD, BB, SMA, EMA)
[2026-07-01 16:09:52] [TASK_7] [INFO] Timestamp: 2026-07-01T16:09:52.174353
[2026-07-01 16:09:52] [TASK_7] [INFO] ============================================================
[2026-07-01 16:09:52] [TASK_7] [INFO] Input: data/prices/all_vn30_prices.csv (93824 rows)
[2026-07-01 16:09:52] [TASK_7] [INFO] ------------------------------------------------------------
[2026-07-01 16:09:52] [TASK_7] [INFO] END TASK_7 — completed in 0.0 seconds
[2026-07-01 16:09:52] [TASK_7] [INFO] ============================================================
[2026-07-01 16:09:52] [TASK_7] [INFO] ============================================================
[2026-07-01 16:09:52] [TASK_7] [INFO] START TASK_7: Technical Feature Extraction (RSI, MACD, BB, SMA, EMA)
[2026-07-01 16:09:52] [TASK_7] [INFO] Timestamp: 2026-07-01T16:09:52.815243
[2026-07-01 16:09:52] [TASK_7] [INFO] ============================================================
[2026-07-01 16:09:52] [TASK_7] [INFO] Input: data/prices/all_vn30_prices.csv (93824 rows)
[2026-07-01 16:09:52] [TASK_7] [INFO] ------------------------------------------------------------
[2026-07-01 16:09:52] [TASK_7] [INFO] END TASK_7 — completed in 0.0 seconds
[2026-07-01 16:09:52] [TASK_7] [INFO] ============================================================
[2026-07-01 17:19:10] [TASK_7] [INFO] ============================================================
[2026-07-01 17:19:10] [TASK_7] [INFO] START TASK_7: Technical Feature Extraction (RSI, MACD, BB, SMA, EMA)
[2026-07-01 17:19:10] [TASK_7] [INFO] Timestamp: 2026-07-01T17:19:10.438591
[2026-07-01 17:19:10] [TASK_7] [INFO] ============================================================
[2026-07-01 17:19:10] [TASK_7] [INFO] Input: data/prices/all_vn30_prices.csv (93824 rows)
[2026-07-01 17:19:10] [TASK_7] [INFO] ------------------------------------------------------------
[2026-07-01 17:19:10] [TASK_7] [INFO] END TASK_7 — completed in 0.0 seconds
[2026-07-01 17:19:10] [TASK_7] [INFO] ============================================================
[2026-07-01 17:19:11] [TASK_7] [INFO] ============================================================
[2026-07-01 17:19:11] [TASK_7] [INFO] START TASK_7: Technical Feature Extraction (RSI, MACD, BB, SMA, EMA)
[2026-07-01 17:19:11] [TASK_7] [INFO] Timestamp: 2026-07-01T17:19:11.162177
[2026-07-01 17:19:11] [TASK_7] [INFO] ============================================================
[2026-07-01 17:19:11] [TASK_7] [INFO] Input: data/prices/all_vn30_prices.csv (93824 rows)
[2026-07-01 17:19:11] [TASK_7] [INFO] ------------------------------------------------------------
[2026-07-01 17:19:11] [TASK_7] [INFO] END TASK_7 — completed in 0.0 seconds
[2026-07-01 17:19:11] [TASK_7] [INFO] ============================================================
[2026-07-01 17:31:11] [TASK_7] [INFO] ============================================================
[2026-07-01 17:31:11] [TASK_7] [INFO] START TASK_7: Technical Feature Extraction (RSI, MACD, BB, SMA, EMA)
[2026-07-01 17:31:11] [TASK_7] [INFO] Timestamp: 2026-07-01T17:31:11.162580
[2026-07-01 17:31:11] [TASK_7] [INFO] ============================================================
[2026-07-01 17:31:11] [TASK_7] [INFO] Input: data/prices/all_vn30_prices.csv (93824 rows)
[2026-07-01 17:31:11] [TASK_7] [INFO] ------------------------------------------------------------
[2026-07-01 17:31:11] [TASK_7] [INFO] END TASK_7 — completed in 0.0 seconds
[2026-07-01 17:31:11] [TASK_7] [INFO] ============================================================
[2026-07-01 17:31:11] [TASK_7] [INFO] ============================================================
[2026-07-01 17:31:11] [TASK_7] [INFO] START TASK_7: Technical Feature Extraction (RSI, MACD, BB, SMA, EMA)
[2026-07-01 17:31:11] [TASK_7] [INFO] Timestamp: 2026-07-01T17:31:11.941468
[2026-07-01 17:31:11] [TASK_7] [INFO] ============================================================
[2026-07-01 17:31:11] [TASK_7] [INFO] Input: data/prices/all_vn30_prices.csv (93824 rows)
[2026-07-01 17:31:11] [TASK_7] [INFO] ------------------------------------------------------------
[2026-07-01 17:31:11] [TASK_7] [INFO] END TASK_7 — completed in 0.0 seconds
[2026-07-01 17:31:11] [TASK_7] [INFO] ============================================================
[2026-07-01 17:34:05] [TASK_7] [INFO] ============================================================
[2026-07-01 17:34:05] [TASK_7] [INFO] START TASK_7: Technical Feature Extraction (RSI, MACD, BB, SMA, EMA)
[2026-07-01 17:34:05] [TASK_7] [INFO] Timestamp: 2026-07-01T17:34:05.099526
[2026-07-01 17:34:05] [TASK_7] [INFO] ============================================================
[2026-07-01 17:34:05] [TASK_7] [INFO] Input: data/prices/all_vn30_prices.csv (93824 rows)
[2026-07-01 17:34:05] [TASK_7] [INFO] ------------------------------------------------------------
[2026-07-01 17:34:05] [TASK_7] [INFO] END TASK_7 — completed in 0.0 seconds
[2026-07-01 17:34:05] [TASK_7] [INFO] ============================================================
[2026-07-01 17:34:05] [TASK_7] [INFO] ============================================================
[2026-07-01 17:34:05] [TASK_7] [INFO] START TASK_7: Technical Feature Extraction (RSI, MACD, BB, SMA, EMA)
[2026-07-01 17:34:05] [TASK_7] [INFO] Timestamp: 2026-07-01T17:34:05.830707
[2026-07-01 17:34:05] [TASK_7] [INFO] ============================================================
[2026-07-01 17:34:05] [TASK_7] [INFO] Input: data/prices/all_vn30_prices.csv (93824 rows)
[2026-07-01 17:34:05] [TASK_7] [INFO] ------------------------------------------------------------
[2026-07-01 17:34:05] [TASK_7] [INFO] END TASK_7 — completed in 0.0 seconds
[2026-07-01 17:34:05] [TASK_7] [INFO] ============================================================
[2026-07-01 17:36:36] [TASK_7] [INFO] ============================================================
[2026-07-01 17:36:36] [TASK_7] [INFO] START TASK_7: Technical Feature Extraction (RSI, MACD, BB, SMA, EMA)
[2026-07-01 17:36:36] [TASK_7] [INFO] Timestamp: 2026-07-01T17:36:36.478027
[2026-07-01 17:36:36] [TASK_7] [INFO] ============================================================
[2026-07-01 17:36:36] [TASK_7] [INFO] Input: data/prices/all_vn30_prices.csv (93824 rows)
[2026-07-01 17:36:36] [TASK_7] [INFO] ------------------------------------------------------------
[2026-07-01 17:36:36] [TASK_7] [INFO] END TASK_7 — completed in 0.0 seconds
[2026-07-01 17:36:36] [TASK_7] [INFO] ============================================================
[2026-07-01 17:36:37] [TASK_7] [INFO] ============================================================
[2026-07-01 17:36:37] [TASK_7] [INFO] START TASK_7: Technical Feature Extraction (RSI, MACD, BB, SMA, EMA)
[2026-07-01 17:36:37] [TASK_7] [INFO] Timestamp: 2026-07-01T17:36:37.210685
[2026-07-01 17:36:37] [TASK_7] [INFO] ============================================================
[2026-07-01 17:36:37] [TASK_7] [INFO] Input: data/prices/all_vn30_prices.csv (93824 rows)
[2026-07-01 17:36:37] [TASK_7] [INFO] ------------------------------------------------------------
[2026-07-01 17:36:37] [TASK_7] [INFO] END TASK_7 — completed in 0.0 seconds
[2026-07-01 17:36:37] [TASK_7] [INFO] ============================================================
[2026-07-01 17:41:17] [TASK_7] [INFO] ============================================================
[2026-07-01 17:41:17] [TASK_7] [INFO] START TASK_7: Technical Feature Extraction (RSI, MACD, BB, SMA, EMA)
[2026-07-01 17:41:17] [TASK_7] [INFO] Timestamp: 2026-07-01T17:41:17.786998
[2026-07-01 17:41:17] [TASK_7] [INFO] ============================================================
[2026-07-01 17:41:17] [TASK_7] [INFO] Input: data/prices/all_vn30_prices.csv (93824 rows)
[2026-07-01 17:41:17] [TASK_7] [INFO] ------------------------------------------------------------
[2026-07-01 17:41:17] [TASK_7] [INFO] END TASK_7 — completed in 0.0 seconds
[2026-07-01 17:41:17] [TASK_7] [INFO] ============================================================
[2026-07-01 17:41:18] [TASK_7] [INFO] ============================================================
[2026-07-01 17:41:18] [TASK_7] [INFO] START TASK_7: Technical Feature Extraction (RSI, MACD, BB, SMA, EMA)
[2026-07-01 17:41:18] [TASK_7] [INFO] Timestamp: 2026-07-01T17:41:18.504660
[2026-07-01 17:41:18] [TASK_7] [INFO] ============================================================
[2026-07-01 17:41:18] [TASK_7] [INFO] Input: data/prices/all_vn30_prices.csv (93824 rows)
[2026-07-01 17:41:18] [TASK_7] [INFO] ------------------------------------------------------------
[2026-07-01 17:41:18] [TASK_7] [INFO] END TASK_7 — completed in 0.0 seconds
[2026-07-01 17:41:18] [TASK_7] [INFO] ============================================================
