[2026-07-04 21:25:50] [TASK_9] [INFO] ============================================================
[2026-07-04 21:25:50] [TASK_9] [INFO] START TASK_9: Keyword Feature Extraction (TF-IDF, sentiment scores)
[2026-07-04 21:25:50] [TASK_9] [INFO] Timestamp: 2026-07-04T21:25:50.129805
[2026-07-04 21:25:50] [TASK_9] [INFO] ============================================================
[2026-07-04 21:25:50] [TASK_9] [INFO] Input: data/aggregated/news_by_quarter.csv (1450 rows)
[2026-07-04 21:25:50] [TASK_9] [INFO] ------------------------------------------------------------
[2026-07-04 21:25:50] [TASK_9] [INFO] END TASK_9 — completed in 0.0 seconds
[2026-07-04 21:25:50] [TASK_9] [INFO] ============================================================
[2026-07-04 21:25:50] [TASK_9] [INFO] ============================================================
[2026-07-04 21:25:50] [TASK_9] [INFO] START TASK_9: Keyword Feature Extraction (TF-IDF, sentiment scores)
[2026-07-04 21:25:50] [TASK_9] [INFO] Timestamp: 2026-07-04T21:25:50.853021
[2026-07-04 21:25:50] [TASK_9] [INFO] ============================================================
[2026-07-04 21:25:50] [TASK_9] [INFO] Input: data/aggregated/news_by_quarter.csv (1450 rows)
[2026-07-04 21:25:50] [TASK_9] [INFO] ------------------------------------------------------------
[2026-07-04 21:25:50] [TASK_9] [INFO] END TASK_9 — completed in 0.0 seconds
[2026-07-04 21:25:50] [TASK_9] [INFO] ============================================================
[2026-07-04 22:25:28] [TASK_9] [INFO] ============================================================
[2026-07-04 22:25:28] [TASK_9] [INFO] START TASK_9: Keyword Feature Extraction (TF-IDF, sentiment scores)
[2026-07-04 22:25:28] [TASK_9] [INFO] Timestamp: 2026-07-04T22:25:28.384883
[2026-07-04 22:25:28] [TASK_9] [INFO] ============================================================
[2026-07-04 22:25:28] [TASK_9] [INFO] Input: data/aggregated/news_by_quarter.csv (1450 rows)
[2026-07-04 22:25:28] [TASK_9] [INFO] ------------------------------------------------------------
[2026-07-04 22:25:28] [TASK_9] [INFO] END TASK_9 — completed in 0.0 seconds
[2026-07-04 22:25:28] [TASK_9] [INFO] ============================================================
[2026-07-04 22:25:29] [TASK_9] [INFO] ============================================================
[2026-07-04 22:25:29] [TASK_9] [INFO] START TASK_9: Keyword Feature Extraction (TF-IDF, sentiment scores)
[2026-07-04 22:25:29] [TASK_9] [INFO] Timestamp: 2026-07-04T22:25:29.246961
[2026-07-04 22:25:29] [TASK_9] [INFO] ============================================================
[2026-07-04 22:25:29] [TASK_9] [INFO] Input: data/aggregated/news_by_quarter.csv (1450 rows)
[2026-07-04 22:25:29] [TASK_9] [INFO] ------------------------------------------------------------
[2026-07-04 22:25:29] [TASK_9] [INFO] END TASK_9 — completed in 0.0 seconds
[2026-07-04 22:25:29] [TASK_9] [INFO] ============================================================
