[2026-06-27 22:31:45] [TASK_7] [INFO] ============================================================
[2026-06-27 22:31:45] [TASK_7] [INFO] START TASK_7: Technical Feature Extraction (RSI, MACD, BB, SMA, EMA)
[2026-06-27 22:31:45] [TASK_7] [INFO] Timestamp: 2026-06-27T22:31:45.799434
[2026-06-27 22:31:45] [TASK_7] [INFO] ============================================================
[2026-06-27 22:31:45] [TASK_7] [INFO] ------------------------------------------------------------
[2026-06-27 22:31:45] [TASK_7] [INFO] END TASK_7 — completed in 0.0 seconds
[2026-06-27 22:31:45] [TASK_7] [INFO] ============================================================
[2026-06-27 22:31:45] [TASK_7] [INFO] ============================================================
[2026-06-27 22:31:45] [TASK_7] [INFO] START TASK_7: Technical Feature Extraction (RSI, MACD, BB, SMA, EMA)
[2026-06-27 22:31:45] [TASK_7] [INFO] Timestamp: 2026-06-27T22:31:45.824290
[2026-06-27 22:31:45] [TASK_7] [INFO] ============================================================
[2026-06-27 22:31:45] [TASK_7] [INFO] ------------------------------------------------------------
[2026-06-27 22:31:45] [TASK_7] [INFO] END TASK_7 — completed in 0.0 seconds
[2026-06-27 22:31:45] [TASK_7] [INFO] ============================================================
[2026-06-27 22:32:14] [TASK_7] [INFO] ============================================================
[2026-06-27 22:32:14] [TASK_7] [INFO] START TASK_7: Technical Feature Extraction (RSI, MACD, BB, SMA, EMA)
[2026-06-27 22:32:14] [TASK_7] [INFO] Timestamp: 2026-06-27T22:32:14.050907
[2026-06-27 22:32:14] [TASK_7] [INFO] ============================================================
[2026-06-27 22:32:14] [TASK_7] [INFO] ------------------------------------------------------------
[2026-06-27 22:32:14] [TASK_7] [INFO] END TASK_7 — completed in 0.0 seconds
[2026-06-27 22:32:14] [TASK_7] [INFO] ============================================================
[2026-06-27 22:32:14] [TASK_7] [INFO] ============================================================
[2026-06-27 22:32:14] [TASK_7] [INFO] START TASK_7: Technical Feature Extraction (RSI, MACD, BB, SMA, EMA)
[2026-06-27 22:32:14] [TASK_7] [INFO] Timestamp: 2026-06-27T22:32:14.077408
[2026-06-27 22:32:14] [TASK_7] [INFO] ============================================================
[2026-06-27 22:32:14] [TASK_7] [INFO] ------------------------------------------------------------
[2026-06-27 22:32:14] [TASK_7] [INFO] END TASK_7 — completed in 0.0 seconds
[2026-06-27 22:32:14] [TASK_7] [INFO] ============================================================
[2026-06-27 23:05:46] [TASK_7] [INFO] ============================================================
[2026-06-27 23:05:46] [TASK_7] [INFO] START TASK_7: Technical Feature Extraction (RSI, MACD, BB, SMA, EMA)
[2026-06-27 23:05:46] [TASK_7] [INFO] Timestamp: 2026-06-27T23:05:46.200093
[2026-06-27 23:05:46] [TASK_7] [INFO] ============================================================
[2026-06-27 23:05:46] [TASK_7] [INFO] ------------------------------------------------------------
[2026-06-27 23:05:46] [TASK_7] [INFO] END TASK_7 — completed in 0.0 seconds
[2026-06-27 23:05:46] [TASK_7] [INFO] ============================================================
[2026-06-27 23:05:46] [TASK_7] [INFO] ============================================================
[2026-06-27 23:05:46] [TASK_7] [INFO] START TASK_7: Technical Feature Extraction (RSI, MACD, BB, SMA, EMA)
[2026-06-27 23:05:46] [TASK_7] [INFO] Timestamp: 2026-06-27T23:05:46.233996
[2026-06-27 23:05:46] [TASK_7] [INFO] ============================================================
[2026-06-27 23:05:46] [TASK_7] [INFO] ------------------------------------------------------------
[2026-06-27 23:05:46] [TASK_7] [INFO] END TASK_7 — completed in 0.0 seconds
[2026-06-27 23:05:46] [TASK_7] [INFO] ============================================================
[2026-06-27 23:06:10] [TASK_7] [INFO] ============================================================
[2026-06-27 23:06:10] [TASK_7] [INFO] START TASK_7: Technical Feature Extraction (RSI, MACD, BB, SMA, EMA)
[2026-06-27 23:06:10] [TASK_7] [INFO] Timestamp: 2026-06-27T23:06:10.410626
[2026-06-27 23:06:10] [TASK_7] [INFO] ============================================================
[2026-06-27 23:06:10] [TASK_7] [INFO] ------------------------------------------------------------
[2026-06-27 23:06:10] [TASK_7] [INFO] END TASK_7 — completed in 0.0 seconds
[2026-06-27 23:06:10] [TASK_7] [INFO] ============================================================
[2026-06-27 23:06:10] [TASK_7] [INFO] ============================================================
[2026-06-27 23:06:10] [TASK_7] [INFO] START TASK_7: Technical Feature Extraction (RSI, MACD, BB, SMA, EMA)
[2026-06-27 23:06:10] [TASK_7] [INFO] Timestamp: 2026-06-27T23:06:10.436715
[2026-06-27 23:06:10] [TASK_7] [INFO] ============================================================
[2026-06-27 23:06:10] [TASK_7] [INFO] ------------------------------------------------------------
[2026-06-27 23:06:10] [TASK_7] [INFO] END TASK_7 — completed in 0.0 seconds
[2026-06-27 23:06:10] [TASK_7] [INFO] ============================================================
[2026-06-27 23:32:36] [TASK_7] [INFO] ============================================================
[2026-06-27 23:32:36] [TASK_7] [INFO] START TASK_7: Technical Feature Extraction (RSI, MACD, BB, SMA, EMA)
[2026-06-27 23:32:36] [TASK_7] [INFO] Timestamp: 2026-06-27T23:32:36.502003
[2026-06-27 23:32:36] [TASK_7] [INFO] ============================================================
[2026-06-27 23:32:36] [TASK_7] [INFO] Input: data/prices/all_vn30_prices.csv (783 rows)
[2026-06-27 23:32:37] [TASK_7] [INFO] Starting Technical Feature Extraction (TASK 7)...
[2026-06-27 23:32:37] [TASK_7] [INFO] Loaded 783 daily price rows.
[2026-06-27 23:32:37] [TASK_7] [INFO] Computed 15 quarterly feature rows for 3 tickers.
[2026-06-27 23:32:37] [TASK_7] [INFO] Saved 15 rows to data/features/technical_features.csv
[2026-06-27 23:32:37] [TASK_7] [INFO] Computing correlation matrix...
[2026-06-27 23:32:37] [TASK_7] [WARNING] High correlation (0.998) between 'sma20_end' and 'ema20_end'
[2026-06-27 23:32:37] [TASK_7] [WARNING] High correlation (0.957) between 'price_vs_sma20' and 'rsi_end_q'
[2026-06-27 23:32:37] [TASK_7] [INFO] TASK 7 complete.
[2026-06-27 23:32:37] [TASK_7] [INFO] ------------------------------------------------------------
[2026-06-27 23:32:37] [TASK_7] [INFO] END TASK_7 — completed in 1.1 seconds
[2026-06-27 23:32:37] [TASK_7] [INFO] Output: data/features/technical_features.csv (15 rows)
[2026-06-27 23:32:37] [TASK_7] [INFO] ============================================================
[2026-06-27 23:39:43] [TASK_7] [INFO] ============================================================
[2026-06-27 23:39:43] [TASK_7] [INFO] START TASK_7: Technical Feature Extraction (RSI, MACD, BB, SMA, EMA)
[2026-06-27 23:39:43] [TASK_7] [INFO] Timestamp: 2026-06-27T23:39:43.540348
[2026-06-27 23:39:43] [TASK_7] [INFO] ============================================================
[2026-06-27 23:39:43] [TASK_7] [INFO] Input: data/prices/all_vn30_prices.csv (783 rows)
[2026-06-27 23:39:43] [TASK_7] [INFO] Starting Technical Feature Extraction (TASK 7)...
[2026-06-27 23:39:43] [TASK_7] [INFO] Loaded 783 daily price rows.
[2026-06-27 23:39:44] [TASK_7] [INFO] Computed 15 quarterly feature rows for 3 tickers.
[2026-06-27 23:39:44] [TASK_7] [INFO] Saved 15 rows to data/features/technical_features.csv
[2026-06-27 23:39:44] [TASK_7] [INFO] Computing correlation matrix...
[2026-06-27 23:39:44] [TASK_7] [WARNING] High correlation (0.998) between 'sma20_end' and 'ema20_end'
[2026-06-27 23:39:44] [TASK_7] [WARNING] High correlation (0.957) between 'price_vs_sma20' and 'rsi_end_q'
[2026-06-27 23:39:44] [TASK_7] [INFO] TASK 7 complete.
[2026-06-27 23:39:44] [TASK_7] [INFO] ------------------------------------------------------------
[2026-06-27 23:39:44] [TASK_7] [INFO] END TASK_7 — completed in 0.8 seconds
[2026-06-27 23:39:44] [TASK_7] [INFO] Output: data/features/technical_features.csv (15 rows)
[2026-06-27 23:39:44] [TASK_7] [INFO] ============================================================
[2026-06-27 23:44:07] [TASK_7] [INFO] ============================================================
[2026-06-27 23:44:07] [TASK_7] [INFO] START TASK_7: Technical Feature Extraction (RSI, MACD, BB, SMA, EMA)
[2026-06-27 23:44:07] [TASK_7] [INFO] Timestamp: 2026-06-27T23:44:07.632415
[2026-06-27 23:44:07] [TASK_7] [INFO] ============================================================
[2026-06-27 23:44:07] [TASK_7] [INFO] Input: data/prices/all_vn30_prices.csv (783 rows)
[2026-06-27 23:44:07] [TASK_7] [INFO] ------------------------------------------------------------
[2026-06-27 23:44:07] [TASK_7] [INFO] END TASK_7 — completed in 0.0 seconds
[2026-06-27 23:44:07] [TASK_7] [INFO] ============================================================
[2026-06-27 23:44:07] [TASK_7] [INFO] ============================================================
[2026-06-27 23:44:07] [TASK_7] [INFO] START TASK_7: Technical Feature Extraction (RSI, MACD, BB, SMA, EMA)
[2026-06-27 23:44:07] [TASK_7] [INFO] Timestamp: 2026-06-27T23:44:07.673498
[2026-06-27 23:44:07] [TASK_7] [INFO] ============================================================
[2026-06-27 23:44:07] [TASK_7] [INFO] Input: data/prices/all_vn30_prices.csv (783 rows)
[2026-06-27 23:44:07] [TASK_7] [INFO] ------------------------------------------------------------
[2026-06-27 23:44:07] [TASK_7] [INFO] END TASK_7 — completed in 0.0 seconds
[2026-06-27 23:44:07] [TASK_7] [INFO] ============================================================
