[2026-07-03 13:37:09] [TASK_5] [INFO] ============================================================
[2026-07-03 13:37:09] [TASK_5] [INFO] START TASK_5: Data Aggregation (group by ticker × quarter)
[2026-07-03 13:37:09] [TASK_5] [INFO] Timestamp: 2026-07-03T13:37:09.079087
[2026-07-03 13:37:09] [TASK_5] [INFO] ============================================================
[2026-07-03 13:37:09] [TASK_5] [INFO] Input: data/prices/all_vn30_prices.csv (93824 rows)
[2026-07-03 13:37:09] [TASK_5] [INFO] Input: data/news/processed/all_news_processed.csv (34979 rows)
[2026-07-03 13:37:09] [TASK_5] [INFO] ------------------------------------------------------------
[2026-07-03 13:37:09] [TASK_5] [INFO] END TASK_5 — completed in 0.0 seconds
[2026-07-03 13:37:09] [TASK_5] [INFO] ============================================================
[2026-07-03 13:37:09] [TASK_5] [INFO] ============================================================
[2026-07-03 13:37:09] [TASK_5] [INFO] START TASK_5: Data Aggregation (group by ticker × quarter)
[2026-07-03 13:37:09] [TASK_5] [INFO] Timestamp: 2026-07-03T13:37:09.816487
[2026-07-03 13:37:09] [TASK_5] [INFO] ============================================================
[2026-07-03 13:37:09] [TASK_5] [INFO] Input: data/prices/all_vn30_prices.csv (93824 rows)
[2026-07-03 13:37:10] [TASK_5] [INFO] Input: data/news/processed/all_news_processed.csv (34979 rows)
[2026-07-03 13:37:10] [TASK_5] [INFO] ------------------------------------------------------------
[2026-07-03 13:37:10] [TASK_5] [INFO] END TASK_5 — completed in 0.0 seconds
[2026-07-03 13:37:10] [TASK_5] [INFO] ============================================================
[2026-07-03 13:38:46] [TASK_5] [INFO] ============================================================
[2026-07-03 13:38:46] [TASK_5] [INFO] START TASK_5: Data Aggregation (group by ticker × quarter)
[2026-07-03 13:38:46] [TASK_5] [INFO] Timestamp: 2026-07-03T13:38:46.615015
[2026-07-03 13:38:46] [TASK_5] [INFO] ============================================================
[2026-07-03 13:38:46] [TASK_5] [INFO] Input: data/prices/all_vn30_prices.csv (93824 rows)
[2026-07-03 13:38:46] [TASK_5] [INFO] Input: data/news/processed/all_news_processed.csv (34979 rows)
[2026-07-03 13:38:46] [TASK_5] [INFO] ------------------------------------------------------------
[2026-07-03 13:38:46] [TASK_5] [INFO] END TASK_5 — completed in 0.0 seconds
[2026-07-03 13:38:46] [TASK_5] [INFO] ============================================================
[2026-07-03 13:38:47] [TASK_5] [INFO] ============================================================
[2026-07-03 13:38:47] [TASK_5] [INFO] START TASK_5: Data Aggregation (group by ticker × quarter)
[2026-07-03 13:38:47] [TASK_5] [INFO] Timestamp: 2026-07-03T13:38:47.262434
[2026-07-03 13:38:47] [TASK_5] [INFO] ============================================================
[2026-07-03 13:38:47] [TASK_5] [INFO] Input: data/prices/all_vn30_prices.csv (93824 rows)
[2026-07-03 13:38:47] [TASK_5] [INFO] Input: data/news/processed/all_news_processed.csv (34979 rows)
[2026-07-03 13:38:47] [TASK_5] [INFO] ------------------------------------------------------------
[2026-07-03 13:38:47] [TASK_5] [INFO] END TASK_5 — completed in 0.0 seconds
[2026-07-03 13:38:47] [TASK_5] [INFO] ============================================================
[2026-07-03 14:23:47] [TASK_5] [INFO] ============================================================
[2026-07-03 14:23:47] [TASK_5] [INFO] START TASK_5: Data Aggregation (group by ticker × quarter)
[2026-07-03 14:23:47] [TASK_5] [INFO] Timestamp: 2026-07-03T14:23:47.976079
[2026-07-03 14:23:47] [TASK_5] [INFO] ============================================================
[2026-07-03 14:23:47] [TASK_5] [INFO] Input: data/prices/all_vn30_prices.csv (93824 rows)
[2026-07-03 14:23:48] [TASK_5] [INFO] Input: data/news/processed/all_news_processed.csv (34979 rows)
[2026-07-03 14:23:48] [TASK_5] [INFO] ------------------------------------------------------------
[2026-07-03 14:23:48] [TASK_5] [INFO] END TASK_5 — completed in 0.0 seconds
[2026-07-03 14:23:48] [TASK_5] [INFO] ============================================================
[2026-07-03 14:23:48] [TASK_5] [INFO] ============================================================
[2026-07-03 14:23:48] [TASK_5] [INFO] START TASK_5: Data Aggregation (group by ticker × quarter)
[2026-07-03 14:23:48] [TASK_5] [INFO] Timestamp: 2026-07-03T14:23:48.629736
[2026-07-03 14:23:48] [TASK_5] [INFO] ============================================================
[2026-07-03 14:23:48] [TASK_5] [INFO] Input: data/prices/all_vn30_prices.csv (93824 rows)
[2026-07-03 14:23:48] [TASK_5] [INFO] Input: data/news/processed/all_news_processed.csv (34979 rows)
[2026-07-03 14:23:48] [TASK_5] [INFO] ------------------------------------------------------------
[2026-07-03 14:23:48] [TASK_5] [INFO] END TASK_5 — completed in 0.0 seconds
[2026-07-03 14:23:48] [TASK_5] [INFO] ============================================================
