[2026-07-08 21:53:32] [TASK_6] [INFO] ============================================================
[2026-07-08 21:53:32] [TASK_6] [INFO] START TASK_6: Label Building (binary classification labels)
[2026-07-08 21:53:32] [TASK_6] [INFO] Timestamp: 2026-07-08T21:53:32.989457
[2026-07-08 21:53:32] [TASK_6] [INFO] ============================================================
[2026-07-08 21:53:34] [TASK_6] [INFO] Input: data/aggregated/master_dataset.csv (1428 rows)
[2026-07-08 21:53:34] [TASK_6] [INFO] ------------------------------------------------------------
[2026-07-08 21:53:34] [TASK_6] [INFO] END TASK_6 — completed in 0.0 seconds
[2026-07-08 21:53:34] [TASK_6] [INFO] ============================================================
[2026-07-08 21:53:50] [TASK_6] [INFO] ============================================================
[2026-07-08 21:53:50] [TASK_6] [INFO] START TASK_6: Label Building (binary classification labels)
[2026-07-08 21:53:50] [TASK_6] [INFO] Timestamp: 2026-07-08T21:53:50.586828
[2026-07-08 21:53:50] [TASK_6] [INFO] ============================================================
[2026-07-08 21:53:51] [TASK_6] [INFO] Input: data/aggregated/master_dataset.csv (1428 rows)
[2026-07-08 21:53:51] [TASK_6] [INFO] ------------------------------------------------------------
[2026-07-08 21:53:51] [TASK_6] [INFO] END TASK_6 — completed in 0.0 seconds
[2026-07-08 21:53:51] [TASK_6] [INFO] ============================================================
[2026-07-08 21:56:25] [TASK_6] [INFO] ============================================================
[2026-07-08 21:56:25] [TASK_6] [INFO] START TASK_6: Label Building (binary classification labels)
[2026-07-08 21:56:25] [TASK_6] [INFO] Timestamp: 2026-07-08T21:56:25.817618
[2026-07-08 21:56:25] [TASK_6] [INFO] ============================================================
[2026-07-08 21:56:27] [TASK_6] [INFO] Input: data/aggregated/master_dataset.csv (1428 rows)
[2026-07-08 21:56:27] [TASK_6] [INFO] ------------------------------------------------------------
[2026-07-08 21:56:27] [TASK_6] [INFO] END TASK_6 — completed in 0.0 seconds
[2026-07-08 21:56:27] [TASK_6] [INFO] ============================================================
[2026-07-08 21:56:43] [TASK_6] [INFO] ============================================================
[2026-07-08 21:56:43] [TASK_6] [INFO] START TASK_6: Label Building (binary classification labels)
[2026-07-08 21:56:43] [TASK_6] [INFO] Timestamp: 2026-07-08T21:56:43.045940
[2026-07-08 21:56:43] [TASK_6] [INFO] ============================================================
[2026-07-08 21:56:44] [TASK_6] [INFO] Input: data/aggregated/master_dataset.csv (1428 rows)
[2026-07-08 21:56:44] [TASK_6] [INFO] ------------------------------------------------------------
[2026-07-08 21:56:44] [TASK_6] [INFO] END TASK_6 — completed in 0.0 seconds
[2026-07-08 21:56:44] [TASK_6] [INFO] ============================================================
[2026-07-08 21:58:56] [TASK_6] [INFO] ============================================================
[2026-07-08 21:58:56] [TASK_6] [INFO] START TASK_6: Label Building (binary classification labels)
[2026-07-08 21:58:56] [TASK_6] [INFO] Timestamp: 2026-07-08T21:58:56.612400
[2026-07-08 21:58:56] [TASK_6] [INFO] ============================================================
[2026-07-08 21:58:57] [TASK_6] [INFO] Input: data/aggregated/master_dataset.csv (1428 rows)
[2026-07-08 21:58:57] [TASK_6] [INFO] ------------------------------------------------------------
[2026-07-08 21:58:57] [TASK_6] [INFO] END TASK_6 — completed in 0.0 seconds
[2026-07-08 21:58:57] [TASK_6] [INFO] ============================================================
[2026-07-08 21:59:16] [TASK_6] [INFO] ============================================================
[2026-07-08 21:59:16] [TASK_6] [INFO] START TASK_6: Label Building (binary classification labels)
[2026-07-08 21:59:16] [TASK_6] [INFO] Timestamp: 2026-07-08T21:59:16.422973
[2026-07-08 21:59:16] [TASK_6] [INFO] ============================================================
[2026-07-08 21:59:17] [TASK_6] [INFO] Input: data/aggregated/master_dataset.csv (1428 rows)
[2026-07-08 21:59:17] [TASK_6] [INFO] ------------------------------------------------------------
[2026-07-08 21:59:17] [TASK_6] [INFO] END TASK_6 — completed in 0.0 seconds
[2026-07-08 21:59:17] [TASK_6] [INFO] ============================================================
[2026-07-08 22:03:05] [TASK_6] [INFO] ============================================================
[2026-07-08 22:03:05] [TASK_6] [INFO] START TASK_6: Label Building (binary classification labels)
[2026-07-08 22:03:05] [TASK_6] [INFO] Timestamp: 2026-07-08T22:03:05.631717
[2026-07-08 22:03:05] [TASK_6] [INFO] ============================================================
[2026-07-08 22:03:06] [TASK_6] [INFO] Input: data/aggregated/master_dataset.csv (1428 rows)
[2026-07-08 22:03:06] [TASK_6] [INFO] ------------------------------------------------------------
[2026-07-08 22:03:06] [TASK_6] [INFO] END TASK_6 — completed in 0.0 seconds
[2026-07-08 22:03:06] [TASK_6] [INFO] ============================================================
[2026-07-08 22:03:23] [TASK_6] [INFO] ============================================================
[2026-07-08 22:03:23] [TASK_6] [INFO] START TASK_6: Label Building (binary classification labels)
[2026-07-08 22:03:23] [TASK_6] [INFO] Timestamp: 2026-07-08T22:03:23.940188
[2026-07-08 22:03:23] [TASK_6] [INFO] ============================================================
[2026-07-08 22:03:25] [TASK_6] [INFO] Input: data/aggregated/master_dataset.csv (1428 rows)
[2026-07-08 22:03:25] [TASK_6] [INFO] ------------------------------------------------------------
[2026-07-08 22:03:25] [TASK_6] [INFO] END TASK_6 — completed in 0.0 seconds
[2026-07-08 22:03:25] [TASK_6] [INFO] ============================================================
