[2026-06-30 16:34:40] [TASK_3] [INFO] Starting Entity Matching (TASK 3)...
[2026-06-30 16:34:40] [TASK_3] [INFO] Loaded aliases for 80 tickers.
[2026-06-30 16:34:41] [TASK_3] [INFO] Loaded 48291 total articles from all sources.
[2026-06-30 16:34:50] [TASK_3] [INFO] Logged 8272 unmatched article URLs to logs/unmatched_articles.log
[2026-06-30 16:34:51] [TASK_3] [INFO] Saved matched output to data/news/matched/all_news_matched.csv (52790 rows).
[2026-06-30 16:34:51] [TASK_3] [INFO] ============================================================
[2026-06-30 16:34:51] [TASK_3] [INFO] ENTITY MATCHING REPORT
[2026-06-30 16:34:51] [TASK_3] [INFO] ============================================================
[2026-06-30 16:34:51] [TASK_3] [INFO] Total articles before matching : 48291
[2026-06-30 16:34:51] [TASK_3] [INFO] Total rows after matching      : 52790
[2026-06-30 16:34:51] [TASK_3] [INFO] UNKNOWN articles               : 8272 (15.7%)
[2026-06-30 16:34:51] [TASK_3] [INFO] 
Articles per ticker per source:
[2026-06-30 16:34:51] [TASK_3] [INFO] 
source   cafef  kinhtechungkhoan  tnck  vietnambiz  vietstock  vnexpress
ticker                                                                  
ABB        236                 8     0           7        216          1
ACB        164               257    50          21        170          7
ANV        115                 9     1           1         53          2
BAB        257                 1     0           2        138          3
BCM        197                52    39          14        102          1
BID        689               418    18          25        271          7
BMP         93                 8     0           6         50          2
BSI        203                29     2           6         91          1
BVB        309                 6     0           6        122          0
BVH        151                26    31          15         83          1
CMG        194                10     0           2        110          2
CSV        149                 0     0           0         53          0
CTG        426               498    34          50        216          1
DCM        130                 7     0           5         66          4
DGW        216                 6     0           8        100          1
DIG        330               294     2          25        189          8
DPM        147                13     0           7         84          1
DXG        213               133     0           5        150          2
EIB        387                27     3          25        116          2
ELC        196                 5     0           0        103          1
EVF        202                 7     0           3         78          0
FPT        387               551    65          54        229         12
FRT        148                50     8           7         78          2
GAS        165               353    41          11        108          6
GEX        198               190     1          28        110         12
GMD        154                37     0          10         95          0
GVR        123                71    19           4         52          1
HAH        200                13     1          11        153          0
HCM        857                49    17          27        443         92
HDB        475               189    40          21        257          0
HDG        162                16     0           3         83          1
HPG        197               786    42          35        150         12
HSG        204                57     0          15         75          1
KDH        181                23     0           3        147          0
KLB        156                 1     0           1         95          0
LPB        765                77     2          20        186         12
MBB        401               120    19           2        235          2
MBS        179                19     7           5        234          1
MCH        161                21     3           6        173          4
MSB        390                16     0          14        216          6
MSN        498               402    41          28        155         16
MWG        265               381    45          40        124         23
NAB        284                 5     2           7        154          1
NKG        158                34     0           6         73          1
NLG        194                35     1           5        175          2
NT2         93                 6     0           6         40          0
NVL        556               541     2          15        227         17
OCB        413                 6     0          19        234          2
PDR        295                19     1           4        157          4
PGB        219                10     0          13         97          1
PHR        107                11     0           1         60          0
PLX        160               125    32          12         61          7
PNJ        269                21     0          13        165          5
POW        161               164    40          24         95          4
PPC        105                 1     0           1         40          0
PVT        102                 3     1           6         70          1
REE        209                25     3          15        161         14
SAB        162                76    40          10         54          0
SCR        161                 3     0           0         59          0
SHB        286               235    46          19        292          5
SSB        253                42    29          19        170          2
SSI        260               349    46          21        223         12
STB        264               411    55          48        209         11
TCB        569               371    39          52        283         13
TPB        273                46    29          29        256          3
UNKNOWN    443               601   396        2502       2998       1332
VBB        359                 0     0           1        147          0
VCB        296               437    41          33        136          8
VCG        148                11     2           9         85          4
VCI        278                16     1           0        237          0
VGC        135                 7     0           8         80          0
VHC        174                14     0          12         88          0
VHM        202               183     8          18         40         17
VIB        258               188    42          32        146          1
VIC        311               436    27          31         73         84
VJC        173               121    42          16        108         17
VND        516                73     0          57        152          4
VNM        124               308    34          26        130          8
VPB        436               400    39          56        223         17
VRE        113                29     4           6          8          3
VSC        214                17     0           2         91          0
[2026-06-30 16:34:51] [TASK_3] [WARNING] 
Tickers with <20 articles in a year:
[2026-06-30 16:34:51] [TASK_3] [WARNING]   KLB in 2023: 18 articles
[2026-06-30 16:34:51] [TASK_3] [WARNING]   MBS in 2029: 1 articles
[2026-06-30 16:34:51] [TASK_3] [WARNING]   MCH in 2022: 18 articles
[2026-06-30 16:34:51] [TASK_3] [WARNING]   MCH in 2023: 19 articles
[2026-06-30 16:34:51] [TASK_3] [WARNING]   PGB in 2022: 18 articles
[2026-06-30 16:34:51] [TASK_3] [WARNING]   PPC in 2022: 16 articles
[2026-06-30 16:34:51] [TASK_3] [WARNING]   PVT in 2022: 12 articles
[2026-06-30 16:34:51] [TASK_3] [WARNING]   PVT in 2023: 18 articles
[2026-06-30 16:34:51] [TASK_3] [WARNING]   SCR in 2023: 18 articles
[2026-06-30 16:34:51] [TASK_3] [INFO] ============================================================
