[2026-07-07 06:28:19] [TASK_2B] [INFO] ============================================================
[2026-07-07 06:28:19] [TASK_2B] [INFO] START TASK_2B: Article Full-Text Enrichment (detail pages → summaries/key facts)
[2026-07-07 06:28:19] [TASK_2B] [INFO] Timestamp: 2026-07-07T06:28:19.764570
[2026-07-07 06:28:19] [TASK_2B] [INFO] ============================================================
[2026-07-07 06:28:19] [TASK_2B] [INFO] Input: data/news/matched/all_news_matched.csv (52807 rows)
[2026-07-07 06:28:19] [TASK_2B] [INFO] ------------------------------------------------------------
[2026-07-07 06:28:19] [TASK_2B] [INFO] END TASK_2B — completed in 0.0 seconds
[2026-07-07 06:28:19] [TASK_2B] [INFO] ============================================================
[2026-07-07 06:28:41] [TASK_2B] [INFO] ============================================================
[2026-07-07 06:28:41] [TASK_2B] [INFO] START TASK_2B: Article Full-Text Enrichment (detail pages → summaries/key facts)
[2026-07-07 06:28:41] [TASK_2B] [INFO] Timestamp: 2026-07-07T06:28:41.061753
[2026-07-07 06:28:41] [TASK_2B] [INFO] ============================================================
[2026-07-07 06:28:41] [TASK_2B] [INFO] Input: data/news/matched/all_news_matched.csv (52807 rows)
[2026-07-07 06:28:41] [TASK_2B] [INFO] ------------------------------------------------------------
[2026-07-07 06:28:41] [TASK_2B] [INFO] END TASK_2B — completed in 0.0 seconds
[2026-07-07 06:28:41] [TASK_2B] [INFO] ============================================================
[2026-07-07 06:29:01] [TASK_2B] [INFO] ============================================================
[2026-07-07 06:29:01] [TASK_2B] [INFO] START TASK_2B: Article Full-Text Enrichment (detail pages → summaries/key facts)
[2026-07-07 06:29:01] [TASK_2B] [INFO] Timestamp: 2026-07-07T06:29:01.476034
[2026-07-07 06:29:01] [TASK_2B] [INFO] ============================================================
[2026-07-07 06:29:01] [TASK_2B] [INFO] Input: data/news/matched/all_news_matched.csv (52807 rows)
[2026-07-07 06:29:01] [TASK_2B] [INFO] ------------------------------------------------------------
[2026-07-07 06:29:01] [TASK_2B] [INFO] END TASK_2B — completed in 0.0 seconds
[2026-07-07 06:29:01] [TASK_2B] [INFO] ============================================================
[2026-07-07 06:35:41] [TASK_2B] [INFO] ============================================================
[2026-07-07 06:35:41] [TASK_2B] [INFO] START TASK_2B: Article Full-Text Enrichment (detail pages → summaries/key facts)
[2026-07-07 06:35:41] [TASK_2B] [INFO] Timestamp: 2026-07-07T06:35:41.025230
[2026-07-07 06:35:41] [TASK_2B] [INFO] ============================================================
[2026-07-07 06:35:41] [TASK_2B] [INFO] Input: data/news/matched/all_news_matched.csv (52807 rows)
[2026-07-07 06:35:41] [TASK_2B] [INFO] ------------------------------------------------------------
[2026-07-07 06:35:41] [TASK_2B] [INFO] END TASK_2B — completed in 0.0 seconds
[2026-07-07 06:35:41] [TASK_2B] [INFO] ============================================================
[2026-07-07 06:35:57] [TASK_2B] [INFO] ============================================================
[2026-07-07 06:35:57] [TASK_2B] [INFO] START TASK_2B: Article Full-Text Enrichment (detail pages → summaries/key facts)
[2026-07-07 06:35:57] [TASK_2B] [INFO] Timestamp: 2026-07-07T06:35:57.945492
[2026-07-07 06:35:57] [TASK_2B] [INFO] ============================================================
[2026-07-07 06:35:58] [TASK_2B] [INFO] Input: data/news/matched/all_news_matched.csv (52807 rows)
[2026-07-07 06:35:58] [TASK_2B] [INFO] ------------------------------------------------------------
[2026-07-07 06:35:58] [TASK_2B] [INFO] END TASK_2B — completed in 0.0 seconds
[2026-07-07 06:35:58] [TASK_2B] [INFO] ============================================================
[2026-07-07 06:36:15] [TASK_2B] [INFO] ============================================================
[2026-07-07 06:36:15] [TASK_2B] [INFO] START TASK_2B: Article Full-Text Enrichment (detail pages → summaries/key facts)
[2026-07-07 06:36:15] [TASK_2B] [INFO] Timestamp: 2026-07-07T06:36:15.358795
[2026-07-07 06:36:15] [TASK_2B] [INFO] ============================================================
[2026-07-07 06:36:15] [TASK_2B] [INFO] Input: data/news/matched/all_news_matched.csv (52807 rows)
[2026-07-07 06:36:15] [TASK_2B] [INFO] ------------------------------------------------------------
[2026-07-07 06:36:15] [TASK_2B] [INFO] END TASK_2B — completed in 0.0 seconds
[2026-07-07 06:36:15] [TASK_2B] [INFO] ============================================================
