[2026-05-03 22:50:27] [TASK_2] [WARNING] Request failed for https://cafef.vn/test (attempt 1/3): Connection refused
[2026-05-03 22:50:27] [TASK_2] [INFO] Retrying in 1s…
[2026-05-03 22:50:27] [TASK_2] [WARNING] Request failed for https://cafef.vn/test (attempt 2/3): Connection refused
[2026-05-03 22:50:27] [TASK_2] [INFO] Retrying in 2s…
[2026-05-03 22:50:27] [TASK_2] [WARNING] Request failed for https://cafef.vn/test (attempt 3/3): Connection refused
[2026-05-03 22:50:27] [TASK_2] [ERROR] All 3 attempts failed for https://cafef.vn/test. Skipping.
[2026-05-03 22:50:27] [TASK_2] [WARNING] Request failed for https://cafef.vn/test (attempt 1/3): timeout
[2026-05-03 22:50:27] [TASK_2] [INFO] Retrying in 1s…
[2026-05-03 22:50:27] [TASK_2] [WARNING] Request failed for https://cafef.vn/test (attempt 1/3): 503 Service Unavailable
[2026-05-03 22:50:27] [TASK_2] [INFO] Retrying in 1s…
[2026-05-03 22:50:27] [TASK_2] [WARNING] Request failed for https://cafef.vn/test (attempt 2/3): 503 Service Unavailable
[2026-05-03 22:50:27] [TASK_2] [INFO] Retrying in 2s…
[2026-05-03 22:50:27] [TASK_2] [WARNING] Request failed for https://cafef.vn/test (attempt 3/3): 503 Service Unavailable
[2026-05-03 22:50:27] [TASK_2] [ERROR] All 3 attempts failed for https://cafef.vn/test. Skipping.
[2026-05-03 22:50:27] [TASK_2] [WARNING] Missing required fields in article: https://cafef.vn/test.chn
[2026-05-03 22:50:27] [TASK_2] [WARNING] Missing required fields in article: ?
[2026-05-03 22:50:27] [TASK_2] [WARNING] Missing required fields in article: https://cafef.vn/test.chn
[2026-05-03 22:50:27] [TASK_2] [INFO] Saved 1 rows to C:\Users\User\AppData\Local\Temp\pytest-of-User\pytest-123\test_writes_csv_correctly0\output.csv
[2026-05-03 22:50:27] [TASK_2] [INFO] Saved 1 rows to C:\Users\User\AppData\Local\Temp\pytest-of-User\pytest-123\test_no_temp_file_left_behind0\output.csv
[2026-05-03 22:50:28] [TASK_2] [INFO] Saved 1 rows to C:\Users\User\AppData\Local\Temp\pytest-of-User\pytest-123\test_creates_parent_directorie0\sub\dir\output.csv
[2026-05-03 22:58:38] [TASK_2] [WARNING] Request failed for https://cafef.vn/test (attempt 1/3): Connection refused
[2026-05-03 22:58:38] [TASK_2] [INFO] Retrying in 1s…
[2026-05-03 22:58:38] [TASK_2] [WARNING] Request failed for https://cafef.vn/test (attempt 2/3): Connection refused
[2026-05-03 22:58:38] [TASK_2] [INFO] Retrying in 2s…
[2026-05-03 22:58:38] [TASK_2] [WARNING] Request failed for https://cafef.vn/test (attempt 3/3): Connection refused
[2026-05-03 22:58:38] [TASK_2] [ERROR] All 3 attempts failed for https://cafef.vn/test. Skipping.
[2026-05-03 22:58:39] [TASK_2] [WARNING] Request failed for https://cafef.vn/test (attempt 1/3): timeout
[2026-05-03 22:58:39] [TASK_2] [INFO] Retrying in 1s…
[2026-05-03 22:58:39] [TASK_2] [WARNING] Request failed for https://cafef.vn/test (attempt 1/3): 503 Service Unavailable
[2026-05-03 22:58:39] [TASK_2] [INFO] Retrying in 1s…
[2026-05-03 22:58:39] [TASK_2] [WARNING] Request failed for https://cafef.vn/test (attempt 2/3): 503 Service Unavailable
[2026-05-03 22:58:39] [TASK_2] [INFO] Retrying in 2s…
[2026-05-03 22:58:39] [TASK_2] [WARNING] Request failed for https://cafef.vn/test (attempt 3/3): 503 Service Unavailable
[2026-05-03 22:58:39] [TASK_2] [ERROR] All 3 attempts failed for https://cafef.vn/test. Skipping.
[2026-05-03 22:58:40] [TASK_2] [WARNING] Missing required fields in article: https://cafef.vn/test.chn
[2026-05-03 22:58:40] [TASK_2] [WARNING] Missing required fields in article: ?
[2026-05-03 22:58:41] [TASK_2] [WARNING] Missing required fields in article: https://cafef.vn/test.chn
[2026-05-03 22:58:41] [TASK_2] [INFO] Saved 1 rows to C:\Users\User\AppData\Local\Temp\pytest-of-User\pytest-124\test_writes_csv_correctly0\output.csv
[2026-05-03 22:58:41] [TASK_2] [INFO] Saved 1 rows to C:\Users\User\AppData\Local\Temp\pytest-of-User\pytest-124\test_no_temp_file_left_behind0\output.csv
[2026-05-03 22:58:41] [TASK_2] [INFO] Saved 1 rows to C:\Users\User\AppData\Local\Temp\pytest-of-User\pytest-124\test_creates_parent_directorie0\sub\dir\output.csv
[2026-05-03 22:58:44] [TASK_2] [WARNING] Could not parse CafeF date: not a date
[2026-05-03 22:58:47] [TASK_2] [INFO] CafeF: collected 2 articles for VNM
[2026-05-03 22:58:47] [TASK_2] [INFO] CafeF: collected 0 articles for VNM
[2026-05-03 22:58:48] [TASK_2] [WARNING] Failed to fetch CafeF page 1 for VNM. Stopping pagination.
[2026-05-03 22:58:48] [TASK_2] [INFO] CafeF: collected 0 articles for VNM
[2026-05-03 22:58:48] [TASK_2] [INFO] CafeF: collected 1 articles for VNM
[2026-05-03 22:58:48] [TASK_2] [INFO] CafeF: collected 2 articles for FPT
[2026-05-03 22:58:48] [TASK_2] [WARNING] Failed to fetch CafeF page 1 for VNM. Stopping pagination.
[2026-05-03 22:58:48] [TASK_2] [INFO] CafeF: collected 0 articles for VNM
[2026-05-03 22:58:49] [TASK_2] [INFO] Scraping cafef for ticker=VNM from 2022-01-01 (existing URLs: 0)
[2026-05-03 23:19:09] [TASK_2] [WARNING] Request failed for https://cafef.vn/test (attempt 1/3): Connection refused
[2026-05-03 23:19:09] [TASK_2] [INFO] Retrying in 1s…
[2026-05-03 23:19:09] [TASK_2] [WARNING] Request failed for https://cafef.vn/test (attempt 2/3): Connection refused
[2026-05-03 23:19:09] [TASK_2] [INFO] Retrying in 2s…
[2026-05-03 23:19:09] [TASK_2] [WARNING] Request failed for https://cafef.vn/test (attempt 3/3): Connection refused
[2026-05-03 23:19:09] [TASK_2] [ERROR] All 3 attempts failed for https://cafef.vn/test. Skipping.
[2026-05-03 23:19:09] [TASK_2] [WARNING] Request failed for https://cafef.vn/test (attempt 1/3): timeout
[2026-05-03 23:19:09] [TASK_2] [INFO] Retrying in 1s…
[2026-05-03 23:19:10] [TASK_2] [WARNING] Request failed for https://cafef.vn/test (attempt 1/3): 503 Service Unavailable
[2026-05-03 23:19:10] [TASK_2] [INFO] Retrying in 1s…
[2026-05-03 23:19:10] [TASK_2] [WARNING] Request failed for https://cafef.vn/test (attempt 2/3): 503 Service Unavailable
[2026-05-03 23:19:10] [TASK_2] [INFO] Retrying in 2s…
[2026-05-03 23:19:10] [TASK_2] [WARNING] Request failed for https://cafef.vn/test (attempt 3/3): 503 Service Unavailable
[2026-05-03 23:19:10] [TASK_2] [ERROR] All 3 attempts failed for https://cafef.vn/test. Skipping.
[2026-05-03 23:19:12] [TASK_2] [WARNING] Missing required fields in article: https://cafef.vn/test.chn
[2026-05-03 23:19:12] [TASK_2] [WARNING] Missing required fields in article: ?
[2026-05-03 23:19:12] [TASK_2] [WARNING] Missing required fields in article: https://cafef.vn/test.chn
[2026-05-03 23:19:12] [TASK_2] [INFO] Saved 1 rows to C:\Users\User\AppData\Local\Temp\pytest-of-User\pytest-125\test_writes_csv_correctly0\output.csv
[2026-05-03 23:19:13] [TASK_2] [INFO] Saved 1 rows to C:\Users\User\AppData\Local\Temp\pytest-of-User\pytest-125\test_no_temp_file_left_behind0\output.csv
[2026-05-03 23:19:13] [TASK_2] [INFO] Saved 1 rows to C:\Users\User\AppData\Local\Temp\pytest-of-User\pytest-125\test_creates_parent_directorie0\sub\dir\output.csv
[2026-05-03 23:19:16] [TASK_2] [WARNING] Could not parse CafeF date: not a date
[2026-05-03 23:19:19] [TASK_2] [INFO] CafeF: collected 2 articles for VNM
[2026-05-03 23:19:19] [TASK_2] [INFO] CafeF: collected 0 articles for VNM
[2026-05-03 23:19:20] [TASK_2] [WARNING] Failed to fetch CafeF page 1 for VNM. Stopping pagination.
[2026-05-03 23:19:20] [TASK_2] [INFO] CafeF: collected 0 articles for VNM
[2026-05-03 23:19:20] [TASK_2] [INFO] CafeF: collected 1 articles for VNM
[2026-05-03 23:19:20] [TASK_2] [INFO] CafeF: collected 2 articles for FPT
[2026-05-03 23:19:20] [TASK_2] [WARNING] Failed to fetch CafeF page 1 for VNM. Stopping pagination.
[2026-05-03 23:19:20] [TASK_2] [INFO] CafeF: collected 0 articles for VNM
[2026-05-03 23:19:21] [TASK_2] [INFO] Scraping cafef for ticker=VNM from 2022-01-01 (existing URLs: 0)
[2026-05-03 23:19:23] [TASK_2] [WARNING] Could not parse Vietstock date: 2 giờ trước
[2026-05-03 23:19:26] [TASK_2] [INFO] Vietstock: login wall detected — collecting only publicly visible title and summary (Req 2.3).
[2026-05-03 23:19:27] [TASK_2] [INFO] Vietstock: collected 2 articles for VNM
[2026-05-03 23:19:27] [TASK_2] [INFO] Vietstock tag page yielded no articles for VNM. Trying finance sub-domain fallback.
[2026-05-03 23:19:27] [TASK_2] [INFO] Vietstock: collected 0 articles for VNM
[2026-05-03 23:19:27] [TASK_2] [WARNING] Failed to fetch Vietstock tag page 1 for VNM. Stopping pagination.
[2026-05-03 23:19:27] [TASK_2] [INFO] Vietstock tag page yielded no articles for VNM. Trying finance sub-domain fallback.
[2026-05-03 23:19:27] [TASK_2] [INFO] Vietstock: collected 0 articles for VNM
[2026-05-03 23:19:27] [TASK_2] [INFO] Vietstock: collected 1 articles for VNM
[2026-05-03 23:19:29] [TASK_2] [WARNING] Failed to fetch Vietstock tag page 1 for VNM. Stopping pagination.
[2026-05-03 23:19:29] [TASK_2] [INFO] Vietstock tag page yielded no articles for VNM. Trying finance sub-domain fallback.
[2026-05-03 23:19:29] [TASK_2] [INFO] Vietstock: collected 0 articles for VNM
[2026-05-03 23:19:29] [TASK_2] [INFO] Vietstock: collected 2 articles for FPT
[2026-05-03 23:19:29] [TASK_2] [INFO] Scraping vietstock for ticker=VNM from 2022-01-01 (existing URLs: 0)
[2026-05-03 23:23:40] [TASK_2] [INFO] Vietstock tag page yielded no articles for FPT. Trying finance sub-domain fallback.
[2026-05-03 23:23:40] [TASK_2] [INFO] Vietstock: collected 1 articles for FPT
[2026-05-03 23:24:36] [TASK_2] [WARNING] Request failed for https://cafef.vn/test (attempt 1/3): Connection refused
[2026-05-03 23:24:36] [TASK_2] [INFO] Retrying in 1s…
[2026-05-03 23:24:36] [TASK_2] [WARNING] Request failed for https://cafef.vn/test (attempt 2/3): Connection refused
[2026-05-03 23:24:36] [TASK_2] [INFO] Retrying in 2s…
[2026-05-03 23:24:36] [TASK_2] [WARNING] Request failed for https://cafef.vn/test (attempt 3/3): Connection refused
[2026-05-03 23:24:36] [TASK_2] [ERROR] All 3 attempts failed for https://cafef.vn/test. Skipping.
[2026-05-03 23:24:36] [TASK_2] [WARNING] Request failed for https://cafef.vn/test (attempt 1/3): timeout
[2026-05-03 23:24:36] [TASK_2] [INFO] Retrying in 1s…
[2026-05-03 23:24:37] [TASK_2] [WARNING] Request failed for https://cafef.vn/test (attempt 1/3): 503 Service Unavailable
[2026-05-03 23:24:37] [TASK_2] [INFO] Retrying in 1s…
[2026-05-03 23:24:37] [TASK_2] [WARNING] Request failed for https://cafef.vn/test (attempt 2/3): 503 Service Unavailable
[2026-05-03 23:24:37] [TASK_2] [INFO] Retrying in 2s…
[2026-05-03 23:24:37] [TASK_2] [WARNING] Request failed for https://cafef.vn/test (attempt 3/3): 503 Service Unavailable
[2026-05-03 23:24:37] [TASK_2] [ERROR] All 3 attempts failed for https://cafef.vn/test. Skipping.
[2026-05-03 23:24:39] [TASK_2] [WARNING] Missing required fields in article: https://cafef.vn/test.chn
[2026-05-03 23:24:39] [TASK_2] [WARNING] Missing required fields in article: ?
[2026-05-03 23:24:39] [TASK_2] [WARNING] Missing required fields in article: https://cafef.vn/test.chn
[2026-05-03 23:24:40] [TASK_2] [INFO] Saved 1 rows to C:\Users\User\AppData\Local\Temp\pytest-of-User\pytest-126\test_writes_csv_correctly0\output.csv
[2026-05-03 23:24:40] [TASK_2] [INFO] Saved 1 rows to C:\Users\User\AppData\Local\Temp\pytest-of-User\pytest-126\test_no_temp_file_left_behind0\output.csv
[2026-05-03 23:24:40] [TASK_2] [INFO] Saved 1 rows to C:\Users\User\AppData\Local\Temp\pytest-of-User\pytest-126\test_creates_parent_directorie0\sub\dir\output.csv
[2026-05-03 23:24:43] [TASK_2] [WARNING] Could not parse CafeF date: not a date
[2026-05-03 23:24:46] [TASK_2] [INFO] CafeF: collected 2 articles for VNM
[2026-05-03 23:24:46] [TASK_2] [INFO] CafeF: collected 0 articles for VNM
[2026-05-03 23:24:46] [TASK_2] [WARNING] Failed to fetch CafeF page 1 for VNM. Stopping pagination.
[2026-05-03 23:24:46] [TASK_2] [INFO] CafeF: collected 0 articles for VNM
[2026-05-03 23:24:47] [TASK_2] [INFO] CafeF: collected 1 articles for VNM
[2026-05-03 23:24:47] [TASK_2] [INFO] CafeF: collected 2 articles for FPT
[2026-05-03 23:24:47] [TASK_2] [WARNING] Failed to fetch CafeF page 1 for VNM. Stopping pagination.
[2026-05-03 23:24:47] [TASK_2] [INFO] CafeF: collected 0 articles for VNM
[2026-05-03 23:24:47] [TASK_2] [INFO] Scraping cafef for ticker=VNM from 2022-01-01 (existing URLs: 0)
[2026-05-03 23:24:50] [TASK_2] [WARNING] Could not parse Vietstock date: 2 giờ trước
[2026-05-03 23:24:52] [TASK_2] [INFO] Vietstock: login wall detected — collecting only publicly visible title and summary (Req 2.3).
[2026-05-03 23:24:53] [TASK_2] [INFO] Vietstock: collected 2 articles for VNM
[2026-05-03 23:24:53] [TASK_2] [INFO] Vietstock tag page yielded no articles for VNM. Trying finance sub-domain fallback.
[2026-05-03 23:24:53] [TASK_2] [INFO] Vietstock: collected 0 articles for VNM
[2026-05-03 23:24:54] [TASK_2] [WARNING] Failed to fetch Vietstock tag page 1 for VNM. Stopping pagination.
[2026-05-03 23:24:54] [TASK_2] [INFO] Vietstock tag page yielded no articles for VNM. Trying finance sub-domain fallback.
[2026-05-03 23:24:54] [TASK_2] [INFO] Vietstock: collected 0 articles for VNM
[2026-05-03 23:24:54] [TASK_2] [INFO] Vietstock: collected 1 articles for VNM
[2026-05-03 23:24:54] [TASK_2] [INFO] Vietstock tag page yielded no articles for FPT. Trying finance sub-domain fallback.
[2026-05-03 23:24:54] [TASK_2] [INFO] Vietstock: collected 1 articles for FPT
[2026-05-03 23:24:54] [TASK_2] [WARNING] Failed to fetch Vietstock tag page 1 for VNM. Stopping pagination.
[2026-05-03 23:24:54] [TASK_2] [INFO] Vietstock tag page yielded no articles for VNM. Trying finance sub-domain fallback.
[2026-05-03 23:24:54] [TASK_2] [INFO] Vietstock: collected 0 articles for VNM
[2026-05-03 23:24:55] [TASK_2] [INFO] Vietstock: collected 2 articles for FPT
[2026-05-03 23:24:55] [TASK_2] [INFO] Scraping vietstock for ticker=VNM from 2022-01-01 (existing URLs: 0)
[2026-05-03 23:34:18] [TASK_2] [WARNING] Could not parse TNCK date: 2 giờ trước
[2026-05-03 23:34:18] [TASK_2] [INFO] TNCK: searching by VN30 ticker symbols…
[2026-05-03 23:34:18] [TASK_2] [INFO] TNCK search 'ACB': 1 new articles
[2026-05-03 23:36:52] [TASK_2] [WARNING] Could not parse TNCK date: 2 giờ trước
[2026-05-03 23:36:52] [TASK_2] [INFO] TNCK: searching by VN30 ticker symbols…
[2026-05-03 23:36:52] [TASK_2] [INFO] TNCK search 'ACB': 1 new articles
[2026-05-03 23:36:52] [TASK_2] [INFO] TNCK: scraping category pages…
[2026-05-03 23:36:52] [TASK_2] [INFO] TNCK: collected 1 total articles
[2026-05-03 23:36:52] [TASK_2] [INFO] ============================================================
[2026-05-03 23:36:52] [TASK_2] [INFO] TNCK MONTHLY ARTICLE COUNT REPORT
[2026-05-03 23:36:52] [TASK_2] [INFO] ============================================================
[2026-05-03 23:36:52] [TASK_2] [INFO]   2024-01: 1 articles
[2026-05-03 23:36:52] [TASK_2] [INFO] ------------------------------------------------------------
[2026-05-03 23:36:52] [TASK_2] [INFO] Total: 1 articles across 1 months
[2026-05-03 23:36:52] [TASK_2] [INFO] Average: 1.0 articles/month
[2026-05-03 23:36:52] [TASK_2] [INFO] ============================================================
[2026-05-03 23:36:52] [TASK_2] [INFO] TNCK: searching by VN30 ticker symbols…
[2026-05-03 23:36:52] [TASK_2] [WARNING] Failed to fetch TNCK search page 1 for query 'ACB'. Stopping pagination.
[2026-05-03 23:36:52] [TASK_2] [WARNING] Failed to fetch TNCK search page 1 for query 'BCM'. Stopping pagination.
[2026-05-03 23:36:52] [TASK_2] [WARNING] Failed to fetch TNCK search page 1 for query 'BID'. Stopping pagination.
[2026-05-03 23:36:52] [TASK_2] [WARNING] Failed to fetch TNCK search page 1 for query 'BVH'. Stopping pagination.
[2026-05-03 23:36:52] [TASK_2] [WARNING] Failed to fetch TNCK search page 1 for query 'CTG'. Stopping pagination.
[2026-05-03 23:36:52] [TASK_2] [WARNING] Failed to fetch TNCK search page 1 for query 'FPT'. Stopping pagination.
[2026-05-03 23:36:52] [TASK_2] [WARNING] Failed to fetch TNCK search page 1 for query 'GAS'. Stopping pagination.
[2026-05-03 23:36:52] [TASK_2] [WARNING] Failed to fetch TNCK search page 1 for query 'GVR'. Stopping pagination.
[2026-05-03 23:36:52] [TASK_2] [WARNING] Failed to fetch TNCK search page 1 for query 'HDB'. Stopping pagination.
[2026-05-03 23:36:52] [TASK_2] [WARNING] Failed to fetch TNCK search page 1 for query 'HPG'. Stopping pagination.
[2026-05-03 23:36:52] [TASK_2] [WARNING] Failed to fetch TNCK search page 1 for query 'MBB'. Stopping pagination.
[2026-05-03 23:36:52] [TASK_2] [WARNING] Failed to fetch TNCK search page 1 for query 'MSN'. Stopping pagination.
[2026-05-03 23:36:52] [TASK_2] [WARNING] Failed to fetch TNCK search page 1 for query 'MWG'. Stopping pagination.
[2026-05-03 23:36:52] [TASK_2] [WARNING] Failed to fetch TNCK search page 1 for query 'PLX'. Stopping pagination.
[2026-05-03 23:36:52] [TASK_2] [WARNING] Failed to fetch TNCK search page 1 for query 'POW'. Stopping pagination.
[2026-05-03 23:36:52] [TASK_2] [WARNING] Failed to fetch TNCK search page 1 for query 'SAB'. Stopping pagination.
[2026-05-03 23:36:52] [TASK_2] [WARNING] Failed to fetch TNCK search page 1 for query 'SHB'. Stopping pagination.
[2026-05-03 23:36:52] [TASK_2] [WARNING] Failed to fetch TNCK search page 1 for query 'SSB'. Stopping pagination.
[2026-05-03 23:36:52] [TASK_2] [WARNING] Failed to fetch TNCK search page 1 for query 'SSI'. Stopping pagination.
[2026-05-03 23:36:52] [TASK_2] [WARNING] Failed to fetch TNCK search page 1 for query 'STB'. Stopping pagination.
[2026-05-03 23:36:52] [TASK_2] [WARNING] Failed to fetch TNCK search page 1 for query 'TCB'. Stopping pagination.
[2026-05-03 23:36:52] [TASK_2] [WARNING] Failed to fetch TNCK search page 1 for query 'TPB'. Stopping pagination.
[2026-05-03 23:36:52] [TASK_2] [WARNING] Failed to fetch TNCK search page 1 for query 'VCB'. Stopping pagination.
[2026-05-03 23:36:52] [TASK_2] [WARNING] Failed to fetch TNCK search page 1 for query 'VHM'. Stopping pagination.
[2026-05-03 23:36:52] [TASK_2] [WARNING] Failed to fetch TNCK search page 1 for query 'VIB'. Stopping pagination.
[2026-05-03 23:36:52] [TASK_2] [WARNING] Failed to fetch TNCK search page 1 for query 'VIC'. Stopping pagination.
[2026-05-03 23:36:52] [TASK_2] [WARNING] Failed to fetch TNCK search page 1 for query 'VJC'. Stopping pagination.
[2026-05-03 23:36:52] [TASK_2] [WARNING] Failed to fetch TNCK search page 1 for query 'VNM'. Stopping pagination.
[2026-05-03 23:36:52] [TASK_2] [WARNING] Failed to fetch TNCK search page 1 for query 'VPB'. Stopping pagination.
[2026-05-03 23:36:52] [TASK_2] [WARNING] Failed to fetch TNCK search page 1 for query 'VRE'. Stopping pagination.
[2026-05-03 23:36:52] [TASK_2] [INFO] TNCK: scraping category pages…
[2026-05-03 23:36:52] [TASK_2] [WARNING] Failed to fetch TNCK category page 1: https://tinnhanhchungkhoan.vn/chung-khoan/. Stopping pagination.
[2026-05-03 23:36:52] [TASK_2] [WARNING] Failed to fetch TNCK category page 1: https://tinnhanhchungkhoan.vn/doanh-nghiep/. Stopping pagination.
[2026-05-03 23:36:52] [TASK_2] [WARNING] Failed to fetch TNCK category page 1: https://tinnhanhchungkhoan.vn/ngan-hang/. Stopping pagination.
[2026-05-03 23:36:52] [TASK_2] [WARNING] Failed to fetch TNCK category page 1: https://tinnhanhchungkhoan.vn/bat-dong-san/. Stopping pagination.
[2026-05-03 23:36:52] [TASK_2] [WARNING] Failed to fetch TNCK category page 1: https://tinnhanhchungkhoan.vn/tai-chinh/. Stopping pagination.
[2026-05-03 23:36:52] [TASK_2] [INFO] TNCK: collected 0 total articles
[2026-05-03 23:36:52] [TASK_2] [INFO] TNCK: searching by VN30 ticker symbols…
[2026-05-03 23:36:52] [TASK_2] [INFO] TNCK search 'ACB': 1 new articles
[2026-05-03 23:36:52] [TASK_2] [INFO] TNCK: scraping category pages…
[2026-05-03 23:36:52] [TASK_2] [INFO] TNCK: collected 1 total articles
[2026-05-03 23:36:52] [TASK_2] [INFO] ============================================================
[2026-05-03 23:36:52] [TASK_2] [INFO] TNCK MONTHLY ARTICLE COUNT REPORT
[2026-05-03 23:36:52] [TASK_2] [INFO] ============================================================
[2026-05-03 23:36:52] [TASK_2] [INFO]   2024-01: 1 articles
[2026-05-03 23:36:52] [TASK_2] [INFO] ------------------------------------------------------------
[2026-05-03 23:36:52] [TASK_2] [INFO] Total: 1 articles across 1 months
[2026-05-03 23:36:52] [TASK_2] [INFO] Average: 1.0 articles/month
[2026-05-03 23:36:52] [TASK_2] [INFO] ============================================================
[2026-05-03 23:36:52] [TASK_2] [INFO] TNCK: searching by VN30 ticker symbols…
[2026-05-03 23:36:52] [TASK_2] [INFO] TNCK search 'ACB': 1 new articles
[2026-05-03 23:36:52] [TASK_2] [INFO] TNCK: scraping category pages…
[2026-05-03 23:36:52] [TASK_2] [INFO] TNCK: collected 1 total articles
[2026-05-03 23:36:52] [TASK_2] [INFO] ============================================================
[2026-05-03 23:36:52] [TASK_2] [INFO] TNCK MONTHLY ARTICLE COUNT REPORT
[2026-05-03 23:36:52] [TASK_2] [INFO] ============================================================
[2026-05-03 23:36:52] [TASK_2] [INFO]   2024-01: 1 articles
[2026-05-03 23:36:52] [TASK_2] [INFO] ------------------------------------------------------------
[2026-05-03 23:36:52] [TASK_2] [INFO] Total: 1 articles across 1 months
[2026-05-03 23:36:52] [TASK_2] [INFO] Average: 1.0 articles/month
[2026-05-03 23:36:52] [TASK_2] [INFO] ============================================================
[2026-05-03 23:36:52] [TASK_2] [INFO] Scraping tnck for ticker=ALL from 2022-01-01 (existing URLs: 0)
[2026-05-03 23:37:36] [TASK_2] [WARNING] Request failed for https://cafef.vn/test (attempt 1/3): Connection refused
[2026-05-03 23:37:36] [TASK_2] [INFO] Retrying in 1s…
[2026-05-03 23:37:36] [TASK_2] [WARNING] Request failed for https://cafef.vn/test (attempt 2/3): Connection refused
[2026-05-03 23:37:36] [TASK_2] [INFO] Retrying in 2s…
[2026-05-03 23:37:36] [TASK_2] [WARNING] Request failed for https://cafef.vn/test (attempt 3/3): Connection refused
[2026-05-03 23:37:36] [TASK_2] [ERROR] All 3 attempts failed for https://cafef.vn/test. Skipping.
[2026-05-03 23:37:36] [TASK_2] [WARNING] Request failed for https://cafef.vn/test (attempt 1/3): timeout
[2026-05-03 23:37:36] [TASK_2] [INFO] Retrying in 1s…
[2026-05-03 23:37:36] [TASK_2] [WARNING] Request failed for https://cafef.vn/test (attempt 1/3): 503 Service Unavailable
[2026-05-03 23:37:36] [TASK_2] [INFO] Retrying in 1s…
[2026-05-03 23:37:36] [TASK_2] [WARNING] Request failed for https://cafef.vn/test (attempt 2/3): 503 Service Unavailable
[2026-05-03 23:37:36] [TASK_2] [INFO] Retrying in 2s…
[2026-05-03 23:37:36] [TASK_2] [WARNING] Request failed for https://cafef.vn/test (attempt 3/3): 503 Service Unavailable
[2026-05-03 23:37:36] [TASK_2] [ERROR] All 3 attempts failed for https://cafef.vn/test. Skipping.
[2026-05-03 23:37:36] [TASK_2] [WARNING] Missing required fields in article: https://cafef.vn/test.chn
[2026-05-03 23:37:36] [TASK_2] [WARNING] Missing required fields in article: ?
[2026-05-03 23:37:36] [TASK_2] [WARNING] Missing required fields in article: https://cafef.vn/test.chn
[2026-05-03 23:37:36] [TASK_2] [INFO] Saved 1 rows to C:\Users\User\AppData\Local\Temp\pytest-of-User\pytest-127\test_writes_csv_correctly0\output.csv
[2026-05-03 23:37:36] [TASK_2] [INFO] Saved 1 rows to C:\Users\User\AppData\Local\Temp\pytest-of-User\pytest-127\test_no_temp_file_left_behind0\output.csv
[2026-05-03 23:37:36] [TASK_2] [INFO] Saved 1 rows to C:\Users\User\AppData\Local\Temp\pytest-of-User\pytest-127\test_creates_parent_directorie0\sub\dir\output.csv
[2026-05-03 23:37:36] [TASK_2] [WARNING] Could not parse CafeF date: not a date
[2026-05-03 23:37:36] [TASK_2] [INFO] CafeF: collected 2 articles for VNM
[2026-05-03 23:37:36] [TASK_2] [INFO] CafeF: collected 0 articles for VNM
[2026-05-03 23:37:36] [TASK_2] [WARNING] Failed to fetch CafeF page 1 for VNM. Stopping pagination.
[2026-05-03 23:37:36] [TASK_2] [INFO] CafeF: collected 0 articles for VNM
[2026-05-03 23:37:36] [TASK_2] [INFO] CafeF: collected 1 articles for VNM
[2026-05-03 23:37:36] [TASK_2] [INFO] CafeF: collected 2 articles for FPT
[2026-05-03 23:37:36] [TASK_2] [WARNING] Failed to fetch CafeF page 1 for VNM. Stopping pagination.
[2026-05-03 23:37:36] [TASK_2] [INFO] CafeF: collected 0 articles for VNM
[2026-05-03 23:37:36] [TASK_2] [INFO] Scraping cafef for ticker=VNM from 2022-01-01 (existing URLs: 0)
[2026-05-03 23:37:36] [TASK_2] [WARNING] Could not parse Vietstock date: 2 giờ trước
[2026-05-03 23:37:36] [TASK_2] [INFO] Vietstock: login wall detected — collecting only publicly visible title and summary (Req 2.3).
[2026-05-03 23:37:36] [TASK_2] [INFO] Vietstock: collected 2 articles for VNM
[2026-05-03 23:37:36] [TASK_2] [INFO] Vietstock tag page yielded no articles for VNM. Trying finance sub-domain fallback.
[2026-05-03 23:37:36] [TASK_2] [INFO] Vietstock: collected 0 articles for VNM
[2026-05-03 23:37:36] [TASK_2] [WARNING] Failed to fetch Vietstock tag page 1 for VNM. Stopping pagination.
[2026-05-03 23:37:36] [TASK_2] [INFO] Vietstock tag page yielded no articles for VNM. Trying finance sub-domain fallback.
[2026-05-03 23:37:36] [TASK_2] [INFO] Vietstock: collected 0 articles for VNM
[2026-05-03 23:37:36] [TASK_2] [INFO] Vietstock: collected 1 articles for VNM
[2026-05-03 23:37:36] [TASK_2] [INFO] Vietstock tag page yielded no articles for FPT. Trying finance sub-domain fallback.
[2026-05-03 23:37:36] [TASK_2] [INFO] Vietstock: collected 1 articles for FPT
[2026-05-03 23:37:36] [TASK_2] [WARNING] Failed to fetch Vietstock tag page 1 for VNM. Stopping pagination.
[2026-05-03 23:37:36] [TASK_2] [INFO] Vietstock tag page yielded no articles for VNM. Trying finance sub-domain fallback.
[2026-05-03 23:37:36] [TASK_2] [INFO] Vietstock: collected 0 articles for VNM
[2026-05-03 23:37:36] [TASK_2] [INFO] Vietstock: collected 2 articles for FPT
[2026-05-03 23:37:36] [TASK_2] [INFO] Scraping vietstock for ticker=VNM from 2022-01-01 (existing URLs: 0)
[2026-05-03 23:37:37] [TASK_2] [WARNING] Could not parse TNCK date: 2 giờ trước
[2026-05-03 23:37:37] [TASK_2] [INFO] ============================================================
[2026-05-03 23:37:37] [TASK_2] [INFO] TNCK MONTHLY ARTICLE COUNT REPORT
[2026-05-03 23:37:37] [TASK_2] [INFO] ============================================================
[2026-05-03 23:37:37] [TASK_2] [INFO]   2024-01: 3 articles
[2026-05-03 23:37:37] [TASK_2] [INFO]   2024-02: 2 articles
[2026-05-03 23:37:37] [TASK_2] [INFO]   2024-03: 1 articles
[2026-05-03 23:37:37] [TASK_2] [INFO] ------------------------------------------------------------
[2026-05-03 23:37:37] [TASK_2] [INFO] Total: 6 articles across 3 months
[2026-05-03 23:37:37] [TASK_2] [INFO] Average: 2.0 articles/month
[2026-05-03 23:37:37] [TASK_2] [INFO] ============================================================
[2026-05-03 23:37:37] [TASK_2] [INFO] TNCK monthly report: no articles to report.
[2026-05-03 23:37:37] [TASK_2] [INFO] TNCK monthly report: no articles with valid dates.
[2026-05-03 23:37:37] [TASK_2] [INFO] TNCK: searching by VN30 ticker symbols…
[2026-05-03 23:37:37] [TASK_2] [INFO] TNCK search 'ACB': 1 new articles
[2026-05-03 23:37:37] [TASK_2] [INFO] TNCK: scraping category pages…
[2026-05-03 23:37:37] [TASK_2] [INFO] TNCK: collected 1 total articles
[2026-05-03 23:37:37] [TASK_2] [INFO] ============================================================
[2026-05-03 23:37:37] [TASK_2] [INFO] TNCK MONTHLY ARTICLE COUNT REPORT
[2026-05-03 23:37:37] [TASK_2] [INFO] ============================================================
[2026-05-03 23:37:37] [TASK_2] [INFO]   2024-01: 1 articles
[2026-05-03 23:37:37] [TASK_2] [INFO] ------------------------------------------------------------
[2026-05-03 23:37:37] [TASK_2] [INFO] Total: 1 articles across 1 months
[2026-05-03 23:37:37] [TASK_2] [INFO] Average: 1.0 articles/month
[2026-05-03 23:37:37] [TASK_2] [INFO] ============================================================
[2026-05-03 23:37:37] [TASK_2] [INFO] TNCK: searching by VN30 ticker symbols…
[2026-05-03 23:37:37] [TASK_2] [WARNING] Failed to fetch TNCK search page 1 for query 'ACB'. Stopping pagination.
[2026-05-03 23:37:37] [TASK_2] [WARNING] Failed to fetch TNCK search page 1 for query 'BCM'. Stopping pagination.
[2026-05-03 23:37:37] [TASK_2] [WARNING] Failed to fetch TNCK search page 1 for query 'BID'. Stopping pagination.
[2026-05-03 23:37:37] [TASK_2] [WARNING] Failed to fetch TNCK search page 1 for query 'BVH'. Stopping pagination.
[2026-05-03 23:37:37] [TASK_2] [WARNING] Failed to fetch TNCK search page 1 for query 'CTG'. Stopping pagination.
[2026-05-03 23:37:37] [TASK_2] [WARNING] Failed to fetch TNCK search page 1 for query 'FPT'. Stopping pagination.
[2026-05-03 23:37:37] [TASK_2] [WARNING] Failed to fetch TNCK search page 1 for query 'GAS'. Stopping pagination.
[2026-05-03 23:37:37] [TASK_2] [WARNING] Failed to fetch TNCK search page 1 for query 'GVR'. Stopping pagination.
[2026-05-03 23:37:37] [TASK_2] [WARNING] Failed to fetch TNCK search page 1 for query 'HDB'. Stopping pagination.
[2026-05-03 23:37:37] [TASK_2] [WARNING] Failed to fetch TNCK search page 1 for query 'HPG'. Stopping pagination.
[2026-05-03 23:37:37] [TASK_2] [WARNING] Failed to fetch TNCK search page 1 for query 'MBB'. Stopping pagination.
[2026-05-03 23:37:37] [TASK_2] [WARNING] Failed to fetch TNCK search page 1 for query 'MSN'. Stopping pagination.
[2026-05-03 23:37:37] [TASK_2] [WARNING] Failed to fetch TNCK search page 1 for query 'MWG'. Stopping pagination.
[2026-05-03 23:37:37] [TASK_2] [WARNING] Failed to fetch TNCK search page 1 for query 'PLX'. Stopping pagination.
[2026-05-03 23:37:37] [TASK_2] [WARNING] Failed to fetch TNCK search page 1 for query 'POW'. Stopping pagination.
[2026-05-03 23:37:37] [TASK_2] [WARNING] Failed to fetch TNCK search page 1 for query 'SAB'. Stopping pagination.
[2026-05-03 23:37:37] [TASK_2] [WARNING] Failed to fetch TNCK search page 1 for query 'SHB'. Stopping pagination.
[2026-05-03 23:37:37] [TASK_2] [WARNING] Failed to fetch TNCK search page 1 for query 'SSB'. Stopping pagination.
[2026-05-03 23:37:37] [TASK_2] [WARNING] Failed to fetch TNCK search page 1 for query 'SSI'. Stopping pagination.
[2026-05-03 23:37:37] [TASK_2] [WARNING] Failed to fetch TNCK search page 1 for query 'STB'. Stopping pagination.
[2026-05-03 23:37:37] [TASK_2] [WARNING] Failed to fetch TNCK search page 1 for query 'TCB'. Stopping pagination.
[2026-05-03 23:37:37] [TASK_2] [WARNING] Failed to fetch TNCK search page 1 for query 'TPB'. Stopping pagination.
[2026-05-03 23:37:37] [TASK_2] [WARNING] Failed to fetch TNCK search page 1 for query 'VCB'. Stopping pagination.
[2026-05-03 23:37:37] [TASK_2] [WARNING] Failed to fetch TNCK search page 1 for query 'VHM'. Stopping pagination.
[2026-05-03 23:37:37] [TASK_2] [WARNING] Failed to fetch TNCK search page 1 for query 'VIB'. Stopping pagination.
[2026-05-03 23:37:37] [TASK_2] [WARNING] Failed to fetch TNCK search page 1 for query 'VIC'. Stopping pagination.
[2026-05-03 23:37:37] [TASK_2] [WARNING] Failed to fetch TNCK search page 1 for query 'VJC'. Stopping pagination.
[2026-05-03 23:37:37] [TASK_2] [WARNING] Failed to fetch TNCK search page 1 for query 'VNM'. Stopping pagination.
[2026-05-03 23:37:37] [TASK_2] [WARNING] Failed to fetch TNCK search page 1 for query 'VPB'. Stopping pagination.
[2026-05-03 23:37:37] [TASK_2] [WARNING] Failed to fetch TNCK search page 1 for query 'VRE'. Stopping pagination.
[2026-05-03 23:37:37] [TASK_2] [INFO] TNCK: scraping category pages…
[2026-05-03 23:37:37] [TASK_2] [WARNING] Failed to fetch TNCK category page 1: https://tinnhanhchungkhoan.vn/chung-khoan/. Stopping pagination.
[2026-05-03 23:37:37] [TASK_2] [WARNING] Failed to fetch TNCK category page 1: https://tinnhanhchungkhoan.vn/doanh-nghiep/. Stopping pagination.
[2026-05-03 23:37:37] [TASK_2] [WARNING] Failed to fetch TNCK category page 1: https://tinnhanhchungkhoan.vn/ngan-hang/. Stopping pagination.
[2026-05-03 23:37:37] [TASK_2] [WARNING] Failed to fetch TNCK category page 1: https://tinnhanhchungkhoan.vn/bat-dong-san/. Stopping pagination.
[2026-05-03 23:37:37] [TASK_2] [WARNING] Failed to fetch TNCK category page 1: https://tinnhanhchungkhoan.vn/tai-chinh/. Stopping pagination.
[2026-05-03 23:37:37] [TASK_2] [INFO] TNCK: collected 0 total articles
[2026-05-03 23:37:37] [TASK_2] [INFO] TNCK: searching by VN30 ticker symbols…
[2026-05-03 23:37:37] [TASK_2] [INFO] TNCK search 'ACB': 1 new articles
[2026-05-03 23:37:37] [TASK_2] [INFO] TNCK: scraping category pages…
[2026-05-03 23:37:37] [TASK_2] [INFO] TNCK: collected 1 total articles
[2026-05-03 23:37:37] [TASK_2] [INFO] ============================================================
[2026-05-03 23:37:37] [TASK_2] [INFO] TNCK MONTHLY ARTICLE COUNT REPORT
[2026-05-03 23:37:37] [TASK_2] [INFO] ============================================================
[2026-05-03 23:37:37] [TASK_2] [INFO]   2024-01: 1 articles
[2026-05-03 23:37:37] [TASK_2] [INFO] ------------------------------------------------------------
[2026-05-03 23:37:37] [TASK_2] [INFO] Total: 1 articles across 1 months
[2026-05-03 23:37:37] [TASK_2] [INFO] Average: 1.0 articles/month
[2026-05-03 23:37:37] [TASK_2] [INFO] ============================================================
[2026-05-03 23:37:37] [TASK_2] [INFO] TNCK: searching by VN30 ticker symbols…
[2026-05-03 23:37:37] [TASK_2] [INFO] TNCK search 'ACB': 1 new articles
[2026-05-03 23:37:37] [TASK_2] [INFO] TNCK: scraping category pages…
[2026-05-03 23:37:37] [TASK_2] [INFO] TNCK: collected 1 total articles
[2026-05-03 23:37:37] [TASK_2] [INFO] ============================================================
[2026-05-03 23:37:37] [TASK_2] [INFO] TNCK MONTHLY ARTICLE COUNT REPORT
[2026-05-03 23:37:37] [TASK_2] [INFO] ============================================================
[2026-05-03 23:37:37] [TASK_2] [INFO]   2024-01: 1 articles
[2026-05-03 23:37:37] [TASK_2] [INFO] ------------------------------------------------------------
[2026-05-03 23:37:37] [TASK_2] [INFO] Total: 1 articles across 1 months
[2026-05-03 23:37:37] [TASK_2] [INFO] Average: 1.0 articles/month
[2026-05-03 23:37:37] [TASK_2] [INFO] ============================================================
[2026-05-03 23:37:37] [TASK_2] [INFO] Scraping tnck for ticker=ALL from 2022-01-01 (existing URLs: 0)
[2026-05-03 23:46:15] [TASK_2] [WARNING] Request failed for https://cafef.vn/test (attempt 1/3): Connection refused
[2026-05-03 23:46:15] [TASK_2] [INFO] Retrying in 1s…
[2026-05-03 23:46:15] [TASK_2] [WARNING] Request failed for https://cafef.vn/test (attempt 2/3): Connection refused
[2026-05-03 23:46:15] [TASK_2] [INFO] Retrying in 2s…
[2026-05-03 23:46:15] [TASK_2] [WARNING] Request failed for https://cafef.vn/test (attempt 3/3): Connection refused
[2026-05-03 23:46:15] [TASK_2] [ERROR] All 3 attempts failed for https://cafef.vn/test. Skipping.
[2026-05-03 23:46:15] [TASK_2] [WARNING] Request failed for https://cafef.vn/test (attempt 1/3): timeout
[2026-05-03 23:46:15] [TASK_2] [INFO] Retrying in 1s…
[2026-05-03 23:46:15] [TASK_2] [WARNING] Request failed for https://cafef.vn/test (attempt 1/3): 503 Service Unavailable
[2026-05-03 23:46:15] [TASK_2] [INFO] Retrying in 1s…
[2026-05-03 23:46:15] [TASK_2] [WARNING] Request failed for https://cafef.vn/test (attempt 2/3): 503 Service Unavailable
[2026-05-03 23:46:15] [TASK_2] [INFO] Retrying in 2s…
[2026-05-03 23:46:15] [TASK_2] [WARNING] Request failed for https://cafef.vn/test (attempt 3/3): 503 Service Unavailable
[2026-05-03 23:46:15] [TASK_2] [ERROR] All 3 attempts failed for https://cafef.vn/test. Skipping.
[2026-05-03 23:46:15] [TASK_2] [WARNING] Missing required fields in article: https://cafef.vn/test.chn
[2026-05-03 23:46:15] [TASK_2] [WARNING] Missing required fields in article: ?
[2026-05-03 23:46:15] [TASK_2] [WARNING] Missing required fields in article: https://cafef.vn/test.chn
[2026-05-03 23:46:15] [TASK_2] [INFO] Saved 1 rows to C:\Users\User\AppData\Local\Temp\pytest-of-User\pytest-128\test_writes_csv_correctly0\output.csv
[2026-05-03 23:46:15] [TASK_2] [INFO] Saved 1 rows to C:\Users\User\AppData\Local\Temp\pytest-of-User\pytest-128\test_no_temp_file_left_behind0\output.csv
[2026-05-03 23:46:15] [TASK_2] [INFO] Saved 1 rows to C:\Users\User\AppData\Local\Temp\pytest-of-User\pytest-128\test_creates_parent_directorie0\sub\dir\output.csv
[2026-05-03 23:46:15] [TASK_2] [WARNING] Could not parse CafeF date: not a date
[2026-05-03 23:46:15] [TASK_2] [INFO] CafeF: collected 2 articles for VNM
[2026-05-03 23:46:15] [TASK_2] [INFO] CafeF: collected 0 articles for VNM
[2026-05-03 23:46:15] [TASK_2] [WARNING] Failed to fetch CafeF page 1 for VNM. Stopping pagination.
[2026-05-03 23:46:15] [TASK_2] [INFO] CafeF: collected 0 articles for VNM
[2026-05-03 23:46:15] [TASK_2] [INFO] CafeF: collected 1 articles for VNM
[2026-05-03 23:46:15] [TASK_2] [INFO] CafeF: collected 2 articles for FPT
[2026-05-03 23:46:15] [TASK_2] [WARNING] Failed to fetch CafeF page 1 for VNM. Stopping pagination.
[2026-05-03 23:46:15] [TASK_2] [INFO] CafeF: collected 0 articles for VNM
[2026-05-03 23:46:15] [TASK_2] [INFO] Scraping cafef for ticker=VNM from 2022-01-01 (existing URLs: 0)
[2026-05-03 23:46:15] [TASK_2] [WARNING] Could not parse Vietstock date: 2 giờ trước
[2026-05-03 23:46:15] [TASK_2] [INFO] Vietstock: login wall detected — collecting only publicly visible title and summary (Req 2.3).
[2026-05-03 23:46:15] [TASK_2] [INFO] Vietstock: collected 2 articles for VNM
[2026-05-03 23:46:15] [TASK_2] [INFO] Vietstock tag page yielded no articles for VNM. Trying finance sub-domain fallback.
[2026-05-03 23:46:15] [TASK_2] [INFO] Vietstock: collected 0 articles for VNM
[2026-05-03 23:46:15] [TASK_2] [WARNING] Failed to fetch Vietstock tag page 1 for VNM. Stopping pagination.
[2026-05-03 23:46:15] [TASK_2] [INFO] Vietstock tag page yielded no articles for VNM. Trying finance sub-domain fallback.
[2026-05-03 23:46:15] [TASK_2] [INFO] Vietstock: collected 0 articles for VNM
[2026-05-03 23:46:15] [TASK_2] [INFO] Vietstock: collected 1 articles for VNM
[2026-05-03 23:46:15] [TASK_2] [INFO] Vietstock tag page yielded no articles for FPT. Trying finance sub-domain fallback.
[2026-05-03 23:46:15] [TASK_2] [INFO] Vietstock: collected 1 articles for FPT
[2026-05-03 23:46:15] [TASK_2] [WARNING] Failed to fetch Vietstock tag page 1 for VNM. Stopping pagination.
[2026-05-03 23:46:15] [TASK_2] [INFO] Vietstock tag page yielded no articles for VNM. Trying finance sub-domain fallback.
[2026-05-03 23:46:15] [TASK_2] [INFO] Vietstock: collected 0 articles for VNM
[2026-05-03 23:46:15] [TASK_2] [INFO] Vietstock: collected 2 articles for FPT
[2026-05-03 23:46:15] [TASK_2] [INFO] Scraping vietstock for ticker=VNM from 2022-01-01 (existing URLs: 0)
[2026-05-03 23:46:15] [TASK_2] [WARNING] Could not parse TNCK date: 2 giờ trước
[2026-05-03 23:46:15] [TASK_2] [INFO] ============================================================
[2026-05-03 23:46:15] [TASK_2] [INFO] TNCK MONTHLY ARTICLE COUNT REPORT
[2026-05-03 23:46:15] [TASK_2] [INFO] ============================================================
[2026-05-03 23:46:15] [TASK_2] [INFO]   2024-01: 3 articles
[2026-05-03 23:46:15] [TASK_2] [INFO]   2024-02: 2 articles
[2026-05-03 23:46:15] [TASK_2] [INFO]   2024-03: 1 articles
[2026-05-03 23:46:15] [TASK_2] [INFO] ------------------------------------------------------------
[2026-05-03 23:46:15] [TASK_2] [INFO] Total: 6 articles across 3 months
[2026-05-03 23:46:15] [TASK_2] [INFO] Average: 2.0 articles/month
[2026-05-03 23:46:15] [TASK_2] [INFO] ============================================================
[2026-05-03 23:46:15] [TASK_2] [INFO] TNCK monthly report: no articles to report.
[2026-05-03 23:46:15] [TASK_2] [INFO] TNCK monthly report: no articles with valid dates.
[2026-05-03 23:46:15] [TASK_2] [INFO] TNCK: searching by VN30 ticker symbols…
[2026-05-03 23:46:16] [TASK_2] [INFO] TNCK search 'ACB': 1 new articles
[2026-05-03 23:46:16] [TASK_2] [INFO] TNCK: scraping category pages…
[2026-05-03 23:46:16] [TASK_2] [INFO] TNCK: collected 1 total articles
[2026-05-03 23:46:16] [TASK_2] [INFO] ============================================================
[2026-05-03 23:46:16] [TASK_2] [INFO] TNCK MONTHLY ARTICLE COUNT REPORT
[2026-05-03 23:46:16] [TASK_2] [INFO] ============================================================
[2026-05-03 23:46:16] [TASK_2] [INFO]   2024-01: 1 articles
[2026-05-03 23:46:16] [TASK_2] [INFO] ------------------------------------------------------------
[2026-05-03 23:46:16] [TASK_2] [INFO] Total: 1 articles across 1 months
[2026-05-03 23:46:16] [TASK_2] [INFO] Average: 1.0 articles/month
[2026-05-03 23:46:16] [TASK_2] [INFO] ============================================================
[2026-05-03 23:46:16] [TASK_2] [INFO] TNCK: searching by VN30 ticker symbols…
[2026-05-03 23:46:16] [TASK_2] [WARNING] Failed to fetch TNCK search page 1 for query 'ACB'. Stopping pagination.
[2026-05-03 23:46:16] [TASK_2] [WARNING] Failed to fetch TNCK search page 1 for query 'BCM'. Stopping pagination.
[2026-05-03 23:46:16] [TASK_2] [WARNING] Failed to fetch TNCK search page 1 for query 'BID'. Stopping pagination.
[2026-05-03 23:46:16] [TASK_2] [WARNING] Failed to fetch TNCK search page 1 for query 'BVH'. Stopping pagination.
[2026-05-03 23:46:16] [TASK_2] [WARNING] Failed to fetch TNCK search page 1 for query 'CTG'. Stopping pagination.
[2026-05-03 23:46:16] [TASK_2] [WARNING] Failed to fetch TNCK search page 1 for query 'FPT'. Stopping pagination.
[2026-05-03 23:46:16] [TASK_2] [WARNING] Failed to fetch TNCK search page 1 for query 'GAS'. Stopping pagination.
[2026-05-03 23:46:16] [TASK_2] [WARNING] Failed to fetch TNCK search page 1 for query 'GVR'. Stopping pagination.
[2026-05-03 23:46:16] [TASK_2] [WARNING] Failed to fetch TNCK search page 1 for query 'HDB'. Stopping pagination.
[2026-05-03 23:46:16] [TASK_2] [WARNING] Failed to fetch TNCK search page 1 for query 'HPG'. Stopping pagination.
[2026-05-03 23:46:16] [TASK_2] [WARNING] Failed to fetch TNCK search page 1 for query 'MBB'. Stopping pagination.
[2026-05-03 23:46:16] [TASK_2] [WARNING] Failed to fetch TNCK search page 1 for query 'MSN'. Stopping pagination.
[2026-05-03 23:46:16] [TASK_2] [WARNING] Failed to fetch TNCK search page 1 for query 'MWG'. Stopping pagination.
[2026-05-03 23:46:16] [TASK_2] [WARNING] Failed to fetch TNCK search page 1 for query 'PLX'. Stopping pagination.
[2026-05-03 23:46:16] [TASK_2] [WARNING] Failed to fetch TNCK search page 1 for query 'POW'. Stopping pagination.
[2026-05-03 23:46:16] [TASK_2] [WARNING] Failed to fetch TNCK search page 1 for query 'SAB'. Stopping pagination.
[2026-05-03 23:46:16] [TASK_2] [WARNING] Failed to fetch TNCK search page 1 for query 'SHB'. Stopping pagination.
[2026-05-03 23:46:16] [TASK_2] [WARNING] Failed to fetch TNCK search page 1 for query 'SSB'. Stopping pagination.
[2026-05-03 23:46:16] [TASK_2] [WARNING] Failed to fetch TNCK search page 1 for query 'SSI'. Stopping pagination.
[2026-05-03 23:46:16] [TASK_2] [WARNING] Failed to fetch TNCK search page 1 for query 'STB'. Stopping pagination.
[2026-05-03 23:46:16] [TASK_2] [WARNING] Failed to fetch TNCK search page 1 for query 'TCB'. Stopping pagination.
[2026-05-03 23:46:16] [TASK_2] [WARNING] Failed to fetch TNCK search page 1 for query 'TPB'. Stopping pagination.
[2026-05-03 23:46:16] [TASK_2] [WARNING] Failed to fetch TNCK search page 1 for query 'VCB'. Stopping pagination.
[2026-05-03 23:46:16] [TASK_2] [WARNING] Failed to fetch TNCK search page 1 for query 'VHM'. Stopping pagination.
[2026-05-03 23:46:16] [TASK_2] [WARNING] Failed to fetch TNCK search page 1 for query 'VIB'. Stopping pagination.
[2026-05-03 23:46:16] [TASK_2] [WARNING] Failed to fetch TNCK search page 1 for query 'VIC'. Stopping pagination.
[2026-05-03 23:46:16] [TASK_2] [WARNING] Failed to fetch TNCK search page 1 for query 'VJC'. Stopping pagination.
[2026-05-03 23:46:16] [TASK_2] [WARNING] Failed to fetch TNCK search page 1 for query 'VNM'. Stopping pagination.
[2026-05-03 23:46:16] [TASK_2] [WARNING] Failed to fetch TNCK search page 1 for query 'VPB'. Stopping pagination.
[2026-05-03 23:46:16] [TASK_2] [WARNING] Failed to fetch TNCK search page 1 for query 'VRE'. Stopping pagination.
[2026-05-03 23:46:16] [TASK_2] [INFO] TNCK: scraping category pages…
[2026-05-03 23:46:16] [TASK_2] [WARNING] Failed to fetch TNCK category page 1: https://tinnhanhchungkhoan.vn/chung-khoan/. Stopping pagination.
[2026-05-03 23:46:16] [TASK_2] [WARNING] Failed to fetch TNCK category page 1: https://tinnhanhchungkhoan.vn/doanh-nghiep/. Stopping pagination.
[2026-05-03 23:46:16] [TASK_2] [WARNING] Failed to fetch TNCK category page 1: https://tinnhanhchungkhoan.vn/ngan-hang/. Stopping pagination.
[2026-05-03 23:46:16] [TASK_2] [WARNING] Failed to fetch TNCK category page 1: https://tinnhanhchungkhoan.vn/bat-dong-san/. Stopping pagination.
[2026-05-03 23:46:16] [TASK_2] [WARNING] Failed to fetch TNCK category page 1: https://tinnhanhchungkhoan.vn/tai-chinh/. Stopping pagination.
[2026-05-03 23:46:16] [TASK_2] [INFO] TNCK: collected 0 total articles
[2026-05-03 23:46:16] [TASK_2] [INFO] TNCK: searching by VN30 ticker symbols…
[2026-05-03 23:46:16] [TASK_2] [INFO] TNCK search 'ACB': 1 new articles
[2026-05-03 23:46:16] [TASK_2] [INFO] TNCK: scraping category pages…
[2026-05-03 23:46:16] [TASK_2] [INFO] TNCK: collected 1 total articles
[2026-05-03 23:46:16] [TASK_2] [INFO] ============================================================
[2026-05-03 23:46:16] [TASK_2] [INFO] TNCK MONTHLY ARTICLE COUNT REPORT
[2026-05-03 23:46:16] [TASK_2] [INFO] ============================================================
[2026-05-03 23:46:16] [TASK_2] [INFO]   2024-01: 1 articles
[2026-05-03 23:46:16] [TASK_2] [INFO] ------------------------------------------------------------
[2026-05-03 23:46:16] [TASK_2] [INFO] Total: 1 articles across 1 months
[2026-05-03 23:46:16] [TASK_2] [INFO] Average: 1.0 articles/month
[2026-05-03 23:46:16] [TASK_2] [INFO] ============================================================
[2026-05-03 23:46:16] [TASK_2] [INFO] TNCK: searching by VN30 ticker symbols…
[2026-05-03 23:46:16] [TASK_2] [INFO] TNCK search 'ACB': 1 new articles
[2026-05-03 23:46:16] [TASK_2] [INFO] TNCK: scraping category pages…
[2026-05-03 23:46:16] [TASK_2] [INFO] TNCK: collected 1 total articles
[2026-05-03 23:46:16] [TASK_2] [INFO] ============================================================
[2026-05-03 23:46:16] [TASK_2] [INFO] TNCK MONTHLY ARTICLE COUNT REPORT
[2026-05-03 23:46:16] [TASK_2] [INFO] ============================================================
[2026-05-03 23:46:16] [TASK_2] [INFO]   2024-01: 1 articles
[2026-05-03 23:46:16] [TASK_2] [INFO] ------------------------------------------------------------
[2026-05-03 23:46:16] [TASK_2] [INFO] Total: 1 articles across 1 months
[2026-05-03 23:46:16] [TASK_2] [INFO] Average: 1.0 articles/month
[2026-05-03 23:46:16] [TASK_2] [INFO] ============================================================
[2026-05-03 23:46:16] [TASK_2] [INFO] Scraping tnck for ticker=ALL from 2022-01-01 (existing URLs: 0)
[2026-05-03 23:52:43] [TASK_2] [WARNING] Failed to parse CafeF page 2 for VNM (URL: https://cafef.vn/thi-truong-chung-khoan/vnm-ctck/trang-2.chn): Simulated HTML parse failure. Skipping page. HTML selectors may need adjustment if page structure changed.
[2026-05-03 23:52:43] [TASK_2] [INFO] CafeF: collected 1 articles for VNM
[2026-05-03 23:52:43] [TASK_2] [INFO] CafeF: collected 2 articles for VNM
[2026-05-03 23:52:43] [TASK_2] [WARNING] Failed to parse Vietstock tag page 2 for VNM (URL: https://vietstock.vn/tag/VNM/page/2): Simulated HTML parse failure. Skipping page. HTML selectors may need adjustment if page structure changed.
[2026-05-03 23:52:43] [TASK_2] [INFO] Vietstock: collected 1 articles for VNM
[2026-05-03 23:52:44] [TASK_2] [INFO] TNCK: searching by VN30 ticker symbols…
[2026-05-03 23:52:44] [TASK_2] [WARNING] Failed to parse TNCK search page 1 for query 'ACB' (URL: https://tinnhanhchungkhoan.vn/tim-kiem/?q=ACB): Simulated HTML parse failure. Skipping page. HTML selectors may need adjustment if page structure changed.
[2026-05-03 23:52:44] [TASK_2] [INFO] TNCK: scraping category pages…
[2026-05-03 23:52:44] [TASK_2] [INFO] TNCK: collected 0 total articles
[2026-05-03 23:52:44] [TASK_2] [INFO] ============================================================
[2026-05-03 23:52:44] [TASK_2] [INFO] SCRAPING REPORT — CAFEF
[2026-05-03 23:52:44] [TASK_2] [INFO] ============================================================
[2026-05-03 23:52:44] [TASK_2] [INFO]   FPT   : 1 articles (2024-02-01 to 2024-02-01)
[2026-05-03 23:52:44] [TASK_2] [INFO]   VNM   : 2 articles (2024-01-10 to 2024-03-15)
[2026-05-03 23:52:44] [TASK_2] [INFO] ------------------------------------------------------------
[2026-05-03 23:52:44] [TASK_2] [INFO] Total articles from CAFEF: 3
[2026-05-03 23:52:44] [TASK_2] [INFO] ============================================================
[2026-05-03 23:52:44] [TASK_2] [INFO] ============================================================
[2026-05-03 23:52:44] [TASK_2] [INFO] SCRAPING REPORT — CAFEF
[2026-05-03 23:52:44] [TASK_2] [INFO] ============================================================
[2026-05-03 23:52:44] [TASK_2] [INFO]   VNM   : 0 articles
[2026-05-03 23:52:44] [TASK_2] [INFO] ------------------------------------------------------------
[2026-05-03 23:52:44] [TASK_2] [INFO] Total articles from CAFEF: 0
[2026-05-03 23:52:44] [TASK_2] [INFO] ============================================================
[2026-05-03 23:52:44] [TASK_2] [INFO] ============================================================
[2026-05-03 23:52:44] [TASK_2] [INFO] SCRAPING REPORT — CAFEF
[2026-05-03 23:52:44] [TASK_2] [INFO] ============================================================
[2026-05-03 23:52:44] [TASK_2] [INFO]   VNM   : 2 articles (no valid dates)
[2026-05-03 23:52:44] [TASK_2] [INFO] ------------------------------------------------------------
[2026-05-03 23:52:44] [TASK_2] [INFO] Total articles from CAFEF: 2
[2026-05-03 23:52:44] [TASK_2] [INFO] ============================================================
[2026-05-03 23:52:44] [TASK_2] [INFO] ============================================================
[2026-05-03 23:52:44] [TASK_2] [INFO] SCRAPING REPORT — CAFEF
[2026-05-03 23:52:44] [TASK_2] [INFO] ============================================================
[2026-05-03 23:52:44] [TASK_2] [INFO]   VNM   : 3 articles (2024-01-10 to 2024-03-15)
[2026-05-03 23:52:44] [TASK_2] [INFO] ------------------------------------------------------------
[2026-05-03 23:52:44] [TASK_2] [INFO] Total articles from CAFEF: 3
[2026-05-03 23:52:44] [TASK_2] [INFO] ============================================================
[2026-05-03 23:52:44] [TASK_2] [INFO] ============================================================
[2026-05-03 23:52:44] [TASK_2] [INFO] SCRAPING REPORT — CAFEF
[2026-05-03 23:52:44] [TASK_2] [INFO] ============================================================
[2026-05-03 23:52:44] [TASK_2] [INFO] ------------------------------------------------------------
[2026-05-03 23:52:44] [TASK_2] [INFO] Total articles from CAFEF: 0
[2026-05-03 23:52:44] [TASK_2] [INFO] ============================================================
[2026-05-03 23:52:45] [TASK_2] [INFO] ============================================================
[2026-05-03 23:52:45] [TASK_2] [INFO] SCRAPING REPORT — CAFEF
[2026-05-03 23:52:45] [TASK_2] [INFO] ============================================================
[2026-05-03 23:52:45] [TASK_2] [INFO]   ACB   : 1 articles (2024-02-01 to 2024-02-01)
[2026-05-03 23:52:45] [TASK_2] [INFO]   FPT   : 1 articles (2024-03-01 to 2024-03-01)
[2026-05-03 23:52:45] [TASK_2] [INFO]   VNM   : 1 articles (2024-01-10 to 2024-01-10)
[2026-05-03 23:52:45] [TASK_2] [INFO] ------------------------------------------------------------
[2026-05-03 23:52:45] [TASK_2] [INFO] Total articles from CAFEF: 3
[2026-05-03 23:52:45] [TASK_2] [INFO] ============================================================
