[2026-07-01 09:02:13] [TASK_6] [INFO] ============================================================
[2026-07-01 09:02:13] [TASK_6] [INFO] START TASK_6: Label Building (binary classification labels)
[2026-07-01 09:02:13] [TASK_6] [INFO] Timestamp: 2026-07-01T09:02:13.397367
[2026-07-01 09:02:13] [TASK_6] [INFO] ============================================================
[2026-07-01 09:02:13] [TASK_6] [INFO] Input: data/aggregated/master_dataset.csv (1428 rows)
[2026-07-01 09:02:13] [TASK_6] [INFO] ------------------------------------------------------------
[2026-07-01 09:02:13] [TASK_6] [INFO] END TASK_6 — completed in 0.0 seconds
[2026-07-01 09:02:13] [TASK_6] [INFO] ============================================================
[2026-07-01 09:02:14] [TASK_6] [INFO] ============================================================
[2026-07-01 09:02:14] [TASK_6] [INFO] START TASK_6: Label Building (binary classification labels)
[2026-07-01 09:02:14] [TASK_6] [INFO] Timestamp: 2026-07-01T09:02:14.213236
[2026-07-01 09:02:14] [TASK_6] [INFO] ============================================================
[2026-07-01 09:02:14] [TASK_6] [INFO] Input: data/aggregated/master_dataset.csv (1428 rows)
[2026-07-01 09:02:14] [TASK_6] [INFO] ------------------------------------------------------------
[2026-07-01 09:02:14] [TASK_6] [INFO] END TASK_6 — completed in 0.0 seconds
[2026-07-01 09:02:14] [TASK_6] [INFO] ============================================================
[2026-07-01 09:02:53] [TASK_6] [INFO] ============================================================
[2026-07-01 09:02:53] [TASK_6] [INFO] START TASK_6: Label Building (binary classification labels)
[2026-07-01 09:02:53] [TASK_6] [INFO] Timestamp: 2026-07-01T09:02:53.157525
[2026-07-01 09:02:53] [TASK_6] [INFO] ============================================================
[2026-07-01 09:02:53] [TASK_6] [INFO] Input: data/aggregated/master_dataset.csv (1428 rows)
[2026-07-01 09:02:53] [TASK_6] [INFO] ------------------------------------------------------------
[2026-07-01 09:02:53] [TASK_6] [INFO] END TASK_6 — completed in 0.0 seconds
[2026-07-01 09:02:53] [TASK_6] [INFO] ============================================================
[2026-07-01 09:02:53] [TASK_6] [INFO] ============================================================
[2026-07-01 09:02:53] [TASK_6] [INFO] START TASK_6: Label Building (binary classification labels)
[2026-07-01 09:02:53] [TASK_6] [INFO] Timestamp: 2026-07-01T09:02:53.939743
[2026-07-01 09:02:53] [TASK_6] [INFO] ============================================================
[2026-07-01 09:02:53] [TASK_6] [INFO] Input: data/aggregated/master_dataset.csv (1428 rows)
[2026-07-01 09:02:53] [TASK_6] [INFO] ------------------------------------------------------------
[2026-07-01 09:02:53] [TASK_6] [INFO] END TASK_6 — completed in 0.0 seconds
[2026-07-01 09:02:53] [TASK_6] [INFO] ============================================================
[2026-07-01 09:53:45] [TASK_6] [INFO] ============================================================
[2026-07-01 09:53:45] [TASK_6] [INFO] START TASK_6: Label Building (binary classification labels)
[2026-07-01 09:53:45] [TASK_6] [INFO] Timestamp: 2026-07-01T09:53:45.356118
[2026-07-01 09:53:45] [TASK_6] [INFO] ============================================================
[2026-07-01 09:53:45] [TASK_6] [INFO] Input: data/aggregated/master_dataset.csv (1428 rows)
[2026-07-01 09:53:45] [TASK_6] [INFO] ------------------------------------------------------------
[2026-07-01 09:53:45] [TASK_6] [INFO] END TASK_6 — completed in 0.0 seconds
[2026-07-01 09:53:45] [TASK_6] [INFO] ============================================================
[2026-07-01 09:53:46] [TASK_6] [INFO] ============================================================
[2026-07-01 09:53:46] [TASK_6] [INFO] START TASK_6: Label Building (binary classification labels)
[2026-07-01 09:53:46] [TASK_6] [INFO] Timestamp: 2026-07-01T09:53:46.230366
[2026-07-01 09:53:46] [TASK_6] [INFO] ============================================================
[2026-07-01 09:53:46] [TASK_6] [INFO] Input: data/aggregated/master_dataset.csv (1428 rows)
[2026-07-01 09:53:46] [TASK_6] [INFO] ------------------------------------------------------------
[2026-07-01 09:53:46] [TASK_6] [INFO] END TASK_6 — completed in 0.0 seconds
[2026-07-01 09:53:46] [TASK_6] [INFO] ============================================================
[2026-07-01 09:55:11] [TASK_6] [INFO] ============================================================
[2026-07-01 09:55:11] [TASK_6] [INFO] START TASK_6: Label Building (binary classification labels)
[2026-07-01 09:55:11] [TASK_6] [INFO] Timestamp: 2026-07-01T09:55:11.695233
[2026-07-01 09:55:11] [TASK_6] [INFO] ============================================================
[2026-07-01 09:55:11] [TASK_6] [INFO] Input: data/aggregated/master_dataset.csv (1428 rows)
[2026-07-01 09:55:11] [TASK_6] [INFO] ------------------------------------------------------------
[2026-07-01 09:55:11] [TASK_6] [INFO] END TASK_6 — completed in 0.0 seconds
[2026-07-01 09:55:11] [TASK_6] [INFO] ============================================================
[2026-07-01 09:55:12] [TASK_6] [INFO] ============================================================
[2026-07-01 09:55:12] [TASK_6] [INFO] START TASK_6: Label Building (binary classification labels)
[2026-07-01 09:55:12] [TASK_6] [INFO] Timestamp: 2026-07-01T09:55:12.614992
[2026-07-01 09:55:12] [TASK_6] [INFO] ============================================================
[2026-07-01 09:55:12] [TASK_6] [INFO] Input: data/aggregated/master_dataset.csv (1428 rows)
[2026-07-01 09:55:12] [TASK_6] [INFO] ------------------------------------------------------------
[2026-07-01 09:55:12] [TASK_6] [INFO] END TASK_6 — completed in 0.0 seconds
[2026-07-01 09:55:12] [TASK_6] [INFO] ============================================================
[2026-07-01 10:36:05] [TASK_6] [INFO] ============================================================
[2026-07-01 10:36:05] [TASK_6] [INFO] START TASK_6: Label Building (binary classification labels)
[2026-07-01 10:36:05] [TASK_6] [INFO] Timestamp: 2026-07-01T10:36:05.623180
[2026-07-01 10:36:05] [TASK_6] [INFO] ============================================================
[2026-07-01 10:36:05] [TASK_6] [INFO] Input: data/aggregated/master_dataset.csv (1428 rows)
[2026-07-01 10:36:05] [TASK_6] [INFO] ------------------------------------------------------------
[2026-07-01 10:36:05] [TASK_6] [INFO] END TASK_6 — completed in 0.0 seconds
[2026-07-01 10:36:05] [TASK_6] [INFO] ============================================================
[2026-07-01 10:36:06] [TASK_6] [INFO] ============================================================
[2026-07-01 10:36:06] [TASK_6] [INFO] START TASK_6: Label Building (binary classification labels)
[2026-07-01 10:36:06] [TASK_6] [INFO] Timestamp: 2026-07-01T10:36:06.449971
[2026-07-01 10:36:06] [TASK_6] [INFO] ============================================================
[2026-07-01 10:36:06] [TASK_6] [INFO] Input: data/aggregated/master_dataset.csv (1428 rows)
[2026-07-01 10:36:06] [TASK_6] [INFO] ------------------------------------------------------------
[2026-07-01 10:36:06] [TASK_6] [INFO] END TASK_6 — completed in 0.0 seconds
[2026-07-01 10:36:06] [TASK_6] [INFO] ============================================================
[2026-07-01 10:42:22] [TASK_6] [INFO] ============================================================
[2026-07-01 10:42:22] [TASK_6] [INFO] START TASK_6: Label Building (binary classification labels)
[2026-07-01 10:42:22] [TASK_6] [INFO] Timestamp: 2026-07-01T10:42:22.415200
[2026-07-01 10:42:22] [TASK_6] [INFO] ============================================================
[2026-07-01 10:42:22] [TASK_6] [INFO] Input: data/aggregated/master_dataset.csv (1428 rows)
[2026-07-01 10:42:22] [TASK_6] [INFO] ------------------------------------------------------------
[2026-07-01 10:42:22] [TASK_6] [INFO] END TASK_6 — completed in 0.0 seconds
[2026-07-01 10:42:22] [TASK_6] [INFO] ============================================================
[2026-07-01 10:42:23] [TASK_6] [INFO] ============================================================
[2026-07-01 10:42:23] [TASK_6] [INFO] START TASK_6: Label Building (binary classification labels)
[2026-07-01 10:42:23] [TASK_6] [INFO] Timestamp: 2026-07-01T10:42:23.215803
[2026-07-01 10:42:23] [TASK_6] [INFO] ============================================================
[2026-07-01 10:42:23] [TASK_6] [INFO] Input: data/aggregated/master_dataset.csv (1428 rows)
[2026-07-01 10:42:23] [TASK_6] [INFO] ------------------------------------------------------------
[2026-07-01 10:42:23] [TASK_6] [INFO] END TASK_6 — completed in 0.0 seconds
[2026-07-01 10:42:23] [TASK_6] [INFO] ============================================================
[2026-07-01 10:54:24] [TASK_6] [INFO] ============================================================
[2026-07-01 10:54:24] [TASK_6] [INFO] START TASK_6: Label Building (binary classification labels)
[2026-07-01 10:54:24] [TASK_6] [INFO] Timestamp: 2026-07-01T10:54:24.599630
[2026-07-01 10:54:24] [TASK_6] [INFO] ============================================================
[2026-07-01 10:54:24] [TASK_6] [INFO] Input: data/aggregated/master_dataset.csv (1428 rows)
[2026-07-01 10:54:24] [TASK_6] [INFO] ------------------------------------------------------------
[2026-07-01 10:54:24] [TASK_6] [INFO] END TASK_6 — completed in 0.0 seconds
[2026-07-01 10:54:24] [TASK_6] [INFO] ============================================================
[2026-07-01 10:54:25] [TASK_6] [INFO] ============================================================
[2026-07-01 10:54:25] [TASK_6] [INFO] START TASK_6: Label Building (binary classification labels)
[2026-07-01 10:54:25] [TASK_6] [INFO] Timestamp: 2026-07-01T10:54:25.380637
[2026-07-01 10:54:25] [TASK_6] [INFO] ============================================================
[2026-07-01 10:54:25] [TASK_6] [INFO] Input: data/aggregated/master_dataset.csv (1428 rows)
[2026-07-01 10:54:25] [TASK_6] [INFO] ------------------------------------------------------------
[2026-07-01 10:54:25] [TASK_6] [INFO] END TASK_6 — completed in 0.0 seconds
[2026-07-01 10:54:25] [TASK_6] [INFO] ============================================================
[2026-07-01 11:35:25] [TASK_6] [INFO] ============================================================
[2026-07-01 11:35:25] [TASK_6] [INFO] START TASK_6: Label Building (binary classification labels)
[2026-07-01 11:35:25] [TASK_6] [INFO] Timestamp: 2026-07-01T11:35:25.237640
[2026-07-01 11:35:25] [TASK_6] [INFO] ============================================================
[2026-07-01 11:35:25] [TASK_6] [INFO] Input: data/aggregated/master_dataset.csv (1428 rows)
[2026-07-01 11:35:25] [TASK_6] [INFO] ------------------------------------------------------------
[2026-07-01 11:35:25] [TASK_6] [INFO] END TASK_6 — completed in 0.0 seconds
[2026-07-01 11:35:25] [TASK_6] [INFO] ============================================================
[2026-07-01 11:35:25] [TASK_6] [INFO] ============================================================
[2026-07-01 11:35:25] [TASK_6] [INFO] START TASK_6: Label Building (binary classification labels)
[2026-07-01 11:35:25] [TASK_6] [INFO] Timestamp: 2026-07-01T11:35:25.969117
[2026-07-01 11:35:25] [TASK_6] [INFO] ============================================================
[2026-07-01 11:35:26] [TASK_6] [INFO] Input: data/aggregated/master_dataset.csv (1428 rows)
[2026-07-01 11:35:26] [TASK_6] [INFO] ------------------------------------------------------------
[2026-07-01 11:35:26] [TASK_6] [INFO] END TASK_6 — completed in 0.0 seconds
[2026-07-01 11:35:26] [TASK_6] [INFO] ============================================================
[2026-07-01 11:36:12] [TASK_6] [INFO] ============================================================
[2026-07-01 11:36:12] [TASK_6] [INFO] START TASK_6: Label Building (binary classification labels)
[2026-07-01 11:36:12] [TASK_6] [INFO] Timestamp: 2026-07-01T11:36:12.110484
[2026-07-01 11:36:12] [TASK_6] [INFO] ============================================================
[2026-07-01 11:36:12] [TASK_6] [INFO] Input: data/aggregated/master_dataset.csv (1428 rows)
[2026-07-01 11:36:12] [TASK_6] [INFO] ------------------------------------------------------------
[2026-07-01 11:36:12] [TASK_6] [INFO] END TASK_6 — completed in 0.0 seconds
[2026-07-01 11:36:12] [TASK_6] [INFO] ============================================================
[2026-07-01 11:36:12] [TASK_6] [INFO] ============================================================
[2026-07-01 11:36:12] [TASK_6] [INFO] START TASK_6: Label Building (binary classification labels)
[2026-07-01 11:36:12] [TASK_6] [INFO] Timestamp: 2026-07-01T11:36:12.796915
[2026-07-01 11:36:12] [TASK_6] [INFO] ============================================================
[2026-07-01 11:36:12] [TASK_6] [INFO] Input: data/aggregated/master_dataset.csv (1428 rows)
[2026-07-01 11:36:12] [TASK_6] [INFO] ------------------------------------------------------------
[2026-07-01 11:36:12] [TASK_6] [INFO] END TASK_6 — completed in 0.0 seconds
[2026-07-01 11:36:12] [TASK_6] [INFO] ============================================================
[2026-07-01 11:37:05] [TASK_6] [INFO] ============================================================
[2026-07-01 11:37:05] [TASK_6] [INFO] START TASK_6: Label Building (binary classification labels)
[2026-07-01 11:37:05] [TASK_6] [INFO] Timestamp: 2026-07-01T11:37:05.342562
[2026-07-01 11:37:05] [TASK_6] [INFO] ============================================================
[2026-07-01 11:37:05] [TASK_6] [INFO] Input: data/aggregated/master_dataset.csv (1428 rows)
[2026-07-01 11:37:05] [TASK_6] [INFO] ------------------------------------------------------------
[2026-07-01 11:37:05] [TASK_6] [INFO] END TASK_6 — completed in 0.0 seconds
[2026-07-01 11:37:05] [TASK_6] [INFO] ============================================================
[2026-07-01 11:37:06] [TASK_6] [INFO] ============================================================
[2026-07-01 11:37:06] [TASK_6] [INFO] START TASK_6: Label Building (binary classification labels)
[2026-07-01 11:37:06] [TASK_6] [INFO] Timestamp: 2026-07-01T11:37:06.098300
[2026-07-01 11:37:06] [TASK_6] [INFO] ============================================================
[2026-07-01 11:37:06] [TASK_6] [INFO] Input: data/aggregated/master_dataset.csv (1428 rows)
[2026-07-01 11:37:06] [TASK_6] [INFO] ------------------------------------------------------------
[2026-07-01 11:37:06] [TASK_6] [INFO] END TASK_6 — completed in 0.0 seconds
[2026-07-01 11:37:06] [TASK_6] [INFO] ============================================================
[2026-07-01 11:39:55] [TASK_6] [INFO] ============================================================
[2026-07-01 11:39:55] [TASK_6] [INFO] START TASK_6: Label Building (binary classification labels)
[2026-07-01 11:39:55] [TASK_6] [INFO] Timestamp: 2026-07-01T11:39:55.401366
[2026-07-01 11:39:55] [TASK_6] [INFO] ============================================================
[2026-07-01 11:39:55] [TASK_6] [INFO] Input: data/aggregated/master_dataset.csv (1428 rows)
[2026-07-01 11:39:55] [TASK_6] [INFO] ------------------------------------------------------------
[2026-07-01 11:39:55] [TASK_6] [INFO] END TASK_6 — completed in 0.0 seconds
[2026-07-01 11:39:55] [TASK_6] [INFO] ============================================================
[2026-07-01 11:39:56] [TASK_6] [INFO] ============================================================
[2026-07-01 11:39:56] [TASK_6] [INFO] START TASK_6: Label Building (binary classification labels)
[2026-07-01 11:39:56] [TASK_6] [INFO] Timestamp: 2026-07-01T11:39:56.098138
[2026-07-01 11:39:56] [TASK_6] [INFO] ============================================================
[2026-07-01 11:39:56] [TASK_6] [INFO] Input: data/aggregated/master_dataset.csv (1428 rows)
[2026-07-01 11:39:56] [TASK_6] [INFO] ------------------------------------------------------------
[2026-07-01 11:39:56] [TASK_6] [INFO] END TASK_6 — completed in 0.0 seconds
[2026-07-01 11:39:56] [TASK_6] [INFO] ============================================================
[2026-07-01 11:40:42] [TASK_6] [INFO] ============================================================
[2026-07-01 11:40:42] [TASK_6] [INFO] START TASK_6: Label Building (binary classification labels)
[2026-07-01 11:40:42] [TASK_6] [INFO] Timestamp: 2026-07-01T11:40:42.205598
[2026-07-01 11:40:42] [TASK_6] [INFO] ============================================================
[2026-07-01 11:40:42] [TASK_6] [INFO] Input: data/aggregated/master_dataset.csv (1428 rows)
[2026-07-01 11:40:42] [TASK_6] [INFO] ------------------------------------------------------------
[2026-07-01 11:40:42] [TASK_6] [INFO] END TASK_6 — completed in 0.0 seconds
[2026-07-01 11:40:42] [TASK_6] [INFO] ============================================================
[2026-07-01 11:40:42] [TASK_6] [INFO] ============================================================
[2026-07-01 11:40:42] [TASK_6] [INFO] START TASK_6: Label Building (binary classification labels)
[2026-07-01 11:40:42] [TASK_6] [INFO] Timestamp: 2026-07-01T11:40:42.916833
[2026-07-01 11:40:42] [TASK_6] [INFO] ============================================================
[2026-07-01 11:40:42] [TASK_6] [INFO] Input: data/aggregated/master_dataset.csv (1428 rows)
[2026-07-01 11:40:42] [TASK_6] [INFO] ------------------------------------------------------------
[2026-07-01 11:40:42] [TASK_6] [INFO] END TASK_6 — completed in 0.0 seconds
[2026-07-01 11:40:42] [TASK_6] [INFO] ============================================================
[2026-07-01 12:37:24] [TASK_6] [INFO] ============================================================
[2026-07-01 12:37:24] [TASK_6] [INFO] START TASK_6: Label Building (binary classification labels)
[2026-07-01 12:37:24] [TASK_6] [INFO] Timestamp: 2026-07-01T12:37:24.587363
[2026-07-01 12:37:24] [TASK_6] [INFO] ============================================================
[2026-07-01 12:37:24] [TASK_6] [INFO] Input: data/aggregated/master_dataset.csv (1428 rows)
[2026-07-01 12:37:24] [TASK_6] [INFO] ------------------------------------------------------------
[2026-07-01 12:37:24] [TASK_6] [INFO] END TASK_6 — completed in 0.0 seconds
[2026-07-01 12:37:24] [TASK_6] [INFO] ============================================================
[2026-07-01 12:37:25] [TASK_6] [INFO] ============================================================
[2026-07-01 12:37:25] [TASK_6] [INFO] START TASK_6: Label Building (binary classification labels)
[2026-07-01 12:37:25] [TASK_6] [INFO] Timestamp: 2026-07-01T12:37:25.304878
[2026-07-01 12:37:25] [TASK_6] [INFO] ============================================================
[2026-07-01 12:37:25] [TASK_6] [INFO] Input: data/aggregated/master_dataset.csv (1428 rows)
[2026-07-01 12:37:25] [TASK_6] [INFO] ------------------------------------------------------------
[2026-07-01 12:37:25] [TASK_6] [INFO] END TASK_6 — completed in 0.0 seconds
[2026-07-01 12:37:25] [TASK_6] [INFO] ============================================================
[2026-07-01 12:38:24] [TASK_6] [INFO] ============================================================
[2026-07-01 12:38:24] [TASK_6] [INFO] START TASK_6: Label Building (binary classification labels)
[2026-07-01 12:38:24] [TASK_6] [INFO] Timestamp: 2026-07-01T12:38:24.489648
[2026-07-01 12:38:24] [TASK_6] [INFO] ============================================================
[2026-07-01 12:38:24] [TASK_6] [INFO] Input: data/aggregated/master_dataset.csv (1428 rows)
[2026-07-01 12:38:24] [TASK_6] [INFO] ------------------------------------------------------------
[2026-07-01 12:38:24] [TASK_6] [INFO] END TASK_6 — completed in 0.0 seconds
[2026-07-01 12:38:24] [TASK_6] [INFO] ============================================================
[2026-07-01 12:38:25] [TASK_6] [INFO] ============================================================
[2026-07-01 12:38:25] [TASK_6] [INFO] START TASK_6: Label Building (binary classification labels)
[2026-07-01 12:38:25] [TASK_6] [INFO] Timestamp: 2026-07-01T12:38:25.195383
[2026-07-01 12:38:25] [TASK_6] [INFO] ============================================================
[2026-07-01 12:38:25] [TASK_6] [INFO] Input: data/aggregated/master_dataset.csv (1428 rows)
[2026-07-01 12:38:25] [TASK_6] [INFO] ------------------------------------------------------------
[2026-07-01 12:38:25] [TASK_6] [INFO] END TASK_6 — completed in 0.0 seconds
[2026-07-01 12:38:25] [TASK_6] [INFO] ============================================================
[2026-07-01 13:03:34] [TASK_6] [INFO] ============================================================
[2026-07-01 13:03:34] [TASK_6] [INFO] START TASK_6: Label Building (binary classification labels)
[2026-07-01 13:03:34] [TASK_6] [INFO] Timestamp: 2026-07-01T13:03:34.384954
[2026-07-01 13:03:34] [TASK_6] [INFO] ============================================================
[2026-07-01 13:03:34] [TASK_6] [INFO] Input: data/aggregated/master_dataset.csv (1428 rows)
[2026-07-01 13:03:34] [TASK_6] [INFO] ------------------------------------------------------------
[2026-07-01 13:03:34] [TASK_6] [INFO] END TASK_6 — completed in 0.0 seconds
[2026-07-01 13:03:34] [TASK_6] [INFO] ============================================================
[2026-07-01 13:03:35] [TASK_6] [INFO] ============================================================
[2026-07-01 13:03:35] [TASK_6] [INFO] START TASK_6: Label Building (binary classification labels)
[2026-07-01 13:03:35] [TASK_6] [INFO] Timestamp: 2026-07-01T13:03:35.304864
[2026-07-01 13:03:35] [TASK_6] [INFO] ============================================================
[2026-07-01 13:03:35] [TASK_6] [INFO] Input: data/aggregated/master_dataset.csv (1428 rows)
[2026-07-01 13:03:35] [TASK_6] [INFO] ------------------------------------------------------------
[2026-07-01 13:03:35] [TASK_6] [INFO] END TASK_6 — completed in 0.0 seconds
[2026-07-01 13:03:35] [TASK_6] [INFO] ============================================================
[2026-07-01 13:04:36] [TASK_6] [INFO] ============================================================
[2026-07-01 13:04:36] [TASK_6] [INFO] START TASK_6: Label Building (binary classification labels)
[2026-07-01 13:04:36] [TASK_6] [INFO] Timestamp: 2026-07-01T13:04:36.454057
[2026-07-01 13:04:36] [TASK_6] [INFO] ============================================================
[2026-07-01 13:04:36] [TASK_6] [INFO] Input: data/aggregated/master_dataset.csv (1428 rows)
[2026-07-01 13:04:36] [TASK_6] [INFO] ------------------------------------------------------------
[2026-07-01 13:04:36] [TASK_6] [INFO] END TASK_6 — completed in 0.0 seconds
[2026-07-01 13:04:36] [TASK_6] [INFO] ============================================================
[2026-07-01 13:04:37] [TASK_6] [INFO] ============================================================
[2026-07-01 13:04:37] [TASK_6] [INFO] START TASK_6: Label Building (binary classification labels)
[2026-07-01 13:04:37] [TASK_6] [INFO] Timestamp: 2026-07-01T13:04:37.240951
[2026-07-01 13:04:37] [TASK_6] [INFO] ============================================================
[2026-07-01 13:04:37] [TASK_6] [INFO] Input: data/aggregated/master_dataset.csv (1428 rows)
[2026-07-01 13:04:37] [TASK_6] [INFO] ------------------------------------------------------------
[2026-07-01 13:04:37] [TASK_6] [INFO] END TASK_6 — completed in 0.0 seconds
[2026-07-01 13:04:37] [TASK_6] [INFO] ============================================================
[2026-07-01 13:27:02] [TASK_6] [INFO] ============================================================
[2026-07-01 13:27:02] [TASK_6] [INFO] START TASK_6: Label Building (binary classification labels)
[2026-07-01 13:27:02] [TASK_6] [INFO] Timestamp: 2026-07-01T13:27:02.225564
[2026-07-01 13:27:02] [TASK_6] [INFO] ============================================================
[2026-07-01 13:27:02] [TASK_6] [INFO] Input: data/aggregated/master_dataset.csv (1428 rows)
[2026-07-01 13:27:02] [TASK_6] [INFO] ------------------------------------------------------------
[2026-07-01 13:27:02] [TASK_6] [INFO] END TASK_6 — completed in 0.0 seconds
[2026-07-01 13:27:02] [TASK_6] [INFO] ============================================================
[2026-07-01 13:27:03] [TASK_6] [INFO] ============================================================
[2026-07-01 13:27:03] [TASK_6] [INFO] START TASK_6: Label Building (binary classification labels)
[2026-07-01 13:27:03] [TASK_6] [INFO] Timestamp: 2026-07-01T13:27:03.700708
[2026-07-01 13:27:03] [TASK_6] [INFO] ============================================================
[2026-07-01 13:27:03] [TASK_6] [INFO] Input: data/aggregated/master_dataset.csv (1428 rows)
[2026-07-01 13:27:03] [TASK_6] [INFO] ------------------------------------------------------------
[2026-07-01 13:27:03] [TASK_6] [INFO] END TASK_6 — completed in 0.0 seconds
[2026-07-01 13:27:03] [TASK_6] [INFO] ============================================================
[2026-07-01 13:29:43] [TASK_6] [INFO] ============================================================
[2026-07-01 13:29:43] [TASK_6] [INFO] START TASK_6: Label Building (binary classification labels)
[2026-07-01 13:29:43] [TASK_6] [INFO] Timestamp: 2026-07-01T13:29:43.250674
[2026-07-01 13:29:43] [TASK_6] [INFO] ============================================================
[2026-07-01 13:29:43] [TASK_6] [INFO] Input: data/aggregated/master_dataset.csv (1428 rows)
[2026-07-01 13:29:43] [TASK_6] [INFO] ------------------------------------------------------------
[2026-07-01 13:29:43] [TASK_6] [INFO] END TASK_6 — completed in 0.0 seconds
[2026-07-01 13:29:43] [TASK_6] [INFO] ============================================================
[2026-07-01 13:29:45] [TASK_6] [INFO] ============================================================
[2026-07-01 13:29:45] [TASK_6] [INFO] START TASK_6: Label Building (binary classification labels)
[2026-07-01 13:29:45] [TASK_6] [INFO] Timestamp: 2026-07-01T13:29:45.111577
[2026-07-01 13:29:45] [TASK_6] [INFO] ============================================================
[2026-07-01 13:29:45] [TASK_6] [INFO] Input: data/aggregated/master_dataset.csv (1428 rows)
[2026-07-01 13:29:45] [TASK_6] [INFO] ------------------------------------------------------------
[2026-07-01 13:29:45] [TASK_6] [INFO] END TASK_6 — completed in 0.0 seconds
[2026-07-01 13:29:45] [TASK_6] [INFO] ============================================================
[2026-07-01 13:41:04] [TASK_6] [INFO] ============================================================
[2026-07-01 13:41:04] [TASK_6] [INFO] START TASK_6: Label Building (binary classification labels)
[2026-07-01 13:41:04] [TASK_6] [INFO] Timestamp: 2026-07-01T13:41:04.350473
[2026-07-01 13:41:04] [TASK_6] [INFO] ============================================================
[2026-07-01 13:41:04] [TASK_6] [INFO] Input: data/aggregated/master_dataset.csv (1428 rows)
[2026-07-01 13:41:04] [TASK_6] [INFO] ------------------------------------------------------------
[2026-07-01 13:41:04] [TASK_6] [INFO] END TASK_6 — completed in 0.0 seconds
[2026-07-01 13:41:04] [TASK_6] [INFO] ============================================================
[2026-07-01 13:41:05] [TASK_6] [INFO] ============================================================
[2026-07-01 13:41:05] [TASK_6] [INFO] START TASK_6: Label Building (binary classification labels)
[2026-07-01 13:41:05] [TASK_6] [INFO] Timestamp: 2026-07-01T13:41:05.093124
[2026-07-01 13:41:05] [TASK_6] [INFO] ============================================================
[2026-07-01 13:41:05] [TASK_6] [INFO] Input: data/aggregated/master_dataset.csv (1428 rows)
[2026-07-01 13:41:05] [TASK_6] [INFO] ------------------------------------------------------------
[2026-07-01 13:41:05] [TASK_6] [INFO] END TASK_6 — completed in 0.0 seconds
[2026-07-01 13:41:05] [TASK_6] [INFO] ============================================================
[2026-07-01 14:01:53] [TASK_6] [INFO] ============================================================
[2026-07-01 14:01:53] [TASK_6] [INFO] START TASK_6: Label Building (binary classification labels)
[2026-07-01 14:01:53] [TASK_6] [INFO] Timestamp: 2026-07-01T14:01:53.662918
[2026-07-01 14:01:53] [TASK_6] [INFO] ============================================================
[2026-07-01 14:01:53] [TASK_6] [INFO] Input: data/aggregated/master_dataset.csv (1428 rows)
[2026-07-01 14:01:53] [TASK_6] [INFO] ------------------------------------------------------------
[2026-07-01 14:01:53] [TASK_6] [INFO] END TASK_6 — completed in 0.0 seconds
[2026-07-01 14:01:53] [TASK_6] [INFO] ============================================================
[2026-07-01 14:01:54] [TASK_6] [INFO] ============================================================
[2026-07-01 14:01:54] [TASK_6] [INFO] START TASK_6: Label Building (binary classification labels)
[2026-07-01 14:01:54] [TASK_6] [INFO] Timestamp: 2026-07-01T14:01:54.439991
[2026-07-01 14:01:54] [TASK_6] [INFO] ============================================================
[2026-07-01 14:01:54] [TASK_6] [INFO] Input: data/aggregated/master_dataset.csv (1428 rows)
[2026-07-01 14:01:54] [TASK_6] [INFO] ------------------------------------------------------------
[2026-07-01 14:01:54] [TASK_6] [INFO] END TASK_6 — completed in 0.0 seconds
[2026-07-01 14:01:54] [TASK_6] [INFO] ============================================================
[2026-07-01 14:03:13] [TASK_6] [INFO] ============================================================
[2026-07-01 14:03:13] [TASK_6] [INFO] START TASK_6: Label Building (binary classification labels)
[2026-07-01 14:03:13] [TASK_6] [INFO] Timestamp: 2026-07-01T14:03:13.409482
[2026-07-01 14:03:13] [TASK_6] [INFO] ============================================================
[2026-07-01 14:03:13] [TASK_6] [INFO] Input: data/aggregated/master_dataset.csv (1428 rows)
[2026-07-01 14:03:13] [TASK_6] [INFO] ------------------------------------------------------------
[2026-07-01 14:03:13] [TASK_6] [INFO] END TASK_6 — completed in 0.0 seconds
[2026-07-01 14:03:13] [TASK_6] [INFO] ============================================================
[2026-07-01 14:03:14] [TASK_6] [INFO] ============================================================
[2026-07-01 14:03:14] [TASK_6] [INFO] START TASK_6: Label Building (binary classification labels)
[2026-07-01 14:03:14] [TASK_6] [INFO] Timestamp: 2026-07-01T14:03:14.255329
[2026-07-01 14:03:14] [TASK_6] [INFO] ============================================================
[2026-07-01 14:03:14] [TASK_6] [INFO] Input: data/aggregated/master_dataset.csv (1428 rows)
[2026-07-01 14:03:14] [TASK_6] [INFO] ------------------------------------------------------------
[2026-07-01 14:03:14] [TASK_6] [INFO] END TASK_6 — completed in 0.0 seconds
[2026-07-01 14:03:14] [TASK_6] [INFO] ============================================================
[2026-07-01 14:05:38] [TASK_6] [INFO] ============================================================
[2026-07-01 14:05:38] [TASK_6] [INFO] START TASK_6: Label Building (binary classification labels)
[2026-07-01 14:05:38] [TASK_6] [INFO] Timestamp: 2026-07-01T14:05:38.691205
[2026-07-01 14:05:38] [TASK_6] [INFO] ============================================================
[2026-07-01 14:05:38] [TASK_6] [INFO] Input: data/aggregated/master_dataset.csv (1428 rows)
[2026-07-01 14:05:38] [TASK_6] [INFO] ------------------------------------------------------------
[2026-07-01 14:05:38] [TASK_6] [INFO] END TASK_6 — completed in 0.0 seconds
[2026-07-01 14:05:38] [TASK_6] [INFO] ============================================================
[2026-07-01 14:05:39] [TASK_6] [INFO] ============================================================
[2026-07-01 14:05:39] [TASK_6] [INFO] START TASK_6: Label Building (binary classification labels)
[2026-07-01 14:05:39] [TASK_6] [INFO] Timestamp: 2026-07-01T14:05:39.421629
[2026-07-01 14:05:39] [TASK_6] [INFO] ============================================================
[2026-07-01 14:05:39] [TASK_6] [INFO] Input: data/aggregated/master_dataset.csv (1428 rows)
[2026-07-01 14:05:39] [TASK_6] [INFO] ------------------------------------------------------------
[2026-07-01 14:05:39] [TASK_6] [INFO] END TASK_6 — completed in 0.0 seconds
[2026-07-01 14:05:39] [TASK_6] [INFO] ============================================================
[2026-07-01 14:07:28] [TASK_6] [INFO] ============================================================
[2026-07-01 14:07:28] [TASK_6] [INFO] START TASK_6: Label Building (binary classification labels)
[2026-07-01 14:07:28] [TASK_6] [INFO] Timestamp: 2026-07-01T14:07:28.474042
[2026-07-01 14:07:28] [TASK_6] [INFO] ============================================================
[2026-07-01 14:07:28] [TASK_6] [INFO] Input: data/aggregated/master_dataset.csv (1428 rows)
[2026-07-01 14:07:28] [TASK_6] [INFO] ------------------------------------------------------------
[2026-07-01 14:07:28] [TASK_6] [INFO] END TASK_6 — completed in 0.0 seconds
[2026-07-01 14:07:28] [TASK_6] [INFO] ============================================================
[2026-07-01 14:07:29] [TASK_6] [INFO] ============================================================
[2026-07-01 14:07:29] [TASK_6] [INFO] START TASK_6: Label Building (binary classification labels)
[2026-07-01 14:07:29] [TASK_6] [INFO] Timestamp: 2026-07-01T14:07:29.217722
[2026-07-01 14:07:29] [TASK_6] [INFO] ============================================================
[2026-07-01 14:07:29] [TASK_6] [INFO] Input: data/aggregated/master_dataset.csv (1428 rows)
[2026-07-01 14:07:29] [TASK_6] [INFO] ------------------------------------------------------------
[2026-07-01 14:07:29] [TASK_6] [INFO] END TASK_6 — completed in 0.0 seconds
[2026-07-01 14:07:29] [TASK_6] [INFO] ============================================================
[2026-07-01 14:08:42] [TASK_6] [INFO] ============================================================
[2026-07-01 14:08:42] [TASK_6] [INFO] START TASK_6: Label Building (binary classification labels)
[2026-07-01 14:08:42] [TASK_6] [INFO] Timestamp: 2026-07-01T14:08:42.738071
[2026-07-01 14:08:42] [TASK_6] [INFO] ============================================================
[2026-07-01 14:08:42] [TASK_6] [INFO] Input: data/aggregated/master_dataset.csv (1428 rows)
[2026-07-01 14:08:42] [TASK_6] [INFO] ------------------------------------------------------------
[2026-07-01 14:08:42] [TASK_6] [INFO] END TASK_6 — completed in 0.0 seconds
[2026-07-01 14:08:42] [TASK_6] [INFO] ============================================================
[2026-07-01 14:08:43] [TASK_6] [INFO] ============================================================
[2026-07-01 14:08:43] [TASK_6] [INFO] START TASK_6: Label Building (binary classification labels)
[2026-07-01 14:08:43] [TASK_6] [INFO] Timestamp: 2026-07-01T14:08:43.639606
[2026-07-01 14:08:43] [TASK_6] [INFO] ============================================================
[2026-07-01 14:08:43] [TASK_6] [INFO] Input: data/aggregated/master_dataset.csv (1428 rows)
[2026-07-01 14:08:43] [TASK_6] [INFO] ------------------------------------------------------------
[2026-07-01 14:08:43] [TASK_6] [INFO] END TASK_6 — completed in 0.0 seconds
[2026-07-01 14:08:43] [TASK_6] [INFO] ============================================================
[2026-07-01 14:30:45] [TASK_6] [INFO] ============================================================
[2026-07-01 14:30:45] [TASK_6] [INFO] START TASK_6: Label Building (binary classification labels)
[2026-07-01 14:30:45] [TASK_6] [INFO] Timestamp: 2026-07-01T14:30:45.537413
[2026-07-01 14:30:45] [TASK_6] [INFO] ============================================================
[2026-07-01 14:30:45] [TASK_6] [INFO] Input: data/aggregated/master_dataset.csv (1428 rows)
[2026-07-01 14:30:45] [TASK_6] [INFO] ------------------------------------------------------------
[2026-07-01 14:30:45] [TASK_6] [INFO] END TASK_6 — completed in 0.0 seconds
[2026-07-01 14:30:45] [TASK_6] [INFO] ============================================================
[2026-07-01 14:30:46] [TASK_6] [INFO] ============================================================
[2026-07-01 14:30:46] [TASK_6] [INFO] START TASK_6: Label Building (binary classification labels)
[2026-07-01 14:30:46] [TASK_6] [INFO] Timestamp: 2026-07-01T14:30:46.240965
[2026-07-01 14:30:46] [TASK_6] [INFO] ============================================================
[2026-07-01 14:30:46] [TASK_6] [INFO] Input: data/aggregated/master_dataset.csv (1428 rows)
[2026-07-01 14:30:46] [TASK_6] [INFO] ------------------------------------------------------------
[2026-07-01 14:30:46] [TASK_6] [INFO] END TASK_6 — completed in 0.0 seconds
[2026-07-01 14:30:46] [TASK_6] [INFO] ============================================================
[2026-07-01 14:31:45] [TASK_6] [INFO] ============================================================
[2026-07-01 14:31:45] [TASK_6] [INFO] START TASK_6: Label Building (binary classification labels)
[2026-07-01 14:31:45] [TASK_6] [INFO] Timestamp: 2026-07-01T14:31:45.493274
[2026-07-01 14:31:45] [TASK_6] [INFO] ============================================================
[2026-07-01 14:31:45] [TASK_6] [INFO] Input: data/aggregated/master_dataset.csv (1428 rows)
[2026-07-01 14:31:45] [TASK_6] [INFO] ------------------------------------------------------------
[2026-07-01 14:31:45] [TASK_6] [INFO] END TASK_6 — completed in 0.0 seconds
[2026-07-01 14:31:45] [TASK_6] [INFO] ============================================================
[2026-07-01 14:31:46] [TASK_6] [INFO] ============================================================
[2026-07-01 14:31:46] [TASK_6] [INFO] START TASK_6: Label Building (binary classification labels)
[2026-07-01 14:31:46] [TASK_6] [INFO] Timestamp: 2026-07-01T14:31:46.204497
[2026-07-01 14:31:46] [TASK_6] [INFO] ============================================================
[2026-07-01 14:31:46] [TASK_6] [INFO] Input: data/aggregated/master_dataset.csv (1428 rows)
[2026-07-01 14:31:46] [TASK_6] [INFO] ------------------------------------------------------------
[2026-07-01 14:31:46] [TASK_6] [INFO] END TASK_6 — completed in 0.0 seconds
[2026-07-01 14:31:46] [TASK_6] [INFO] ============================================================
[2026-07-01 14:48:17] [TASK_6] [INFO] ============================================================
[2026-07-01 14:48:17] [TASK_6] [INFO] START TASK_6: Label Building (binary classification labels)
[2026-07-01 14:48:17] [TASK_6] [INFO] Timestamp: 2026-07-01T14:48:17.001496
[2026-07-01 14:48:17] [TASK_6] [INFO] ============================================================
[2026-07-01 14:48:17] [TASK_6] [INFO] Input: data/aggregated/master_dataset.csv (1428 rows)
[2026-07-01 14:48:17] [TASK_6] [INFO] ------------------------------------------------------------
[2026-07-01 14:48:17] [TASK_6] [INFO] END TASK_6 — completed in 0.0 seconds
[2026-07-01 14:48:17] [TASK_6] [INFO] ============================================================
[2026-07-01 14:48:17] [TASK_6] [INFO] ============================================================
[2026-07-01 14:48:17] [TASK_6] [INFO] START TASK_6: Label Building (binary classification labels)
[2026-07-01 14:48:17] [TASK_6] [INFO] Timestamp: 2026-07-01T14:48:17.704514
[2026-07-01 14:48:17] [TASK_6] [INFO] ============================================================
[2026-07-01 14:48:17] [TASK_6] [INFO] Input: data/aggregated/master_dataset.csv (1428 rows)
[2026-07-01 14:48:17] [TASK_6] [INFO] ------------------------------------------------------------
[2026-07-01 14:48:17] [TASK_6] [INFO] END TASK_6 — completed in 0.0 seconds
[2026-07-01 14:48:17] [TASK_6] [INFO] ============================================================
[2026-07-01 14:49:20] [TASK_6] [INFO] ============================================================
[2026-07-01 14:49:20] [TASK_6] [INFO] START TASK_6: Label Building (binary classification labels)
[2026-07-01 14:49:20] [TASK_6] [INFO] Timestamp: 2026-07-01T14:49:20.573242
[2026-07-01 14:49:20] [TASK_6] [INFO] ============================================================
[2026-07-01 14:49:20] [TASK_6] [INFO] Input: data/aggregated/master_dataset.csv (1428 rows)
[2026-07-01 14:49:20] [TASK_6] [INFO] ------------------------------------------------------------
[2026-07-01 14:49:20] [TASK_6] [INFO] END TASK_6 — completed in 0.0 seconds
[2026-07-01 14:49:20] [TASK_6] [INFO] ============================================================
[2026-07-01 14:49:21] [TASK_6] [INFO] ============================================================
[2026-07-01 14:49:21] [TASK_6] [INFO] START TASK_6: Label Building (binary classification labels)
[2026-07-01 14:49:21] [TASK_6] [INFO] Timestamp: 2026-07-01T14:49:21.250779
[2026-07-01 14:49:21] [TASK_6] [INFO] ============================================================
[2026-07-01 14:49:21] [TASK_6] [INFO] Input: data/aggregated/master_dataset.csv (1428 rows)
[2026-07-01 14:49:21] [TASK_6] [INFO] ------------------------------------------------------------
[2026-07-01 14:49:21] [TASK_6] [INFO] END TASK_6 — completed in 0.0 seconds
[2026-07-01 14:49:21] [TASK_6] [INFO] ============================================================
[2026-07-01 16:08:33] [TASK_6] [INFO] ============================================================
[2026-07-01 16:08:33] [TASK_6] [INFO] START TASK_6: Label Building (binary classification labels)
[2026-07-01 16:08:33] [TASK_6] [INFO] Timestamp: 2026-07-01T16:08:33.924615
[2026-07-01 16:08:33] [TASK_6] [INFO] ============================================================
[2026-07-01 16:08:33] [TASK_6] [INFO] Input: data/aggregated/master_dataset.csv (1428 rows)
[2026-07-01 16:08:33] [TASK_6] [INFO] ------------------------------------------------------------
[2026-07-01 16:08:33] [TASK_6] [INFO] END TASK_6 — completed in 0.0 seconds
[2026-07-01 16:08:33] [TASK_6] [INFO] ============================================================
[2026-07-01 16:08:34] [TASK_6] [INFO] ============================================================
[2026-07-01 16:08:34] [TASK_6] [INFO] START TASK_6: Label Building (binary classification labels)
[2026-07-01 16:08:34] [TASK_6] [INFO] Timestamp: 2026-07-01T16:08:34.681644
[2026-07-01 16:08:34] [TASK_6] [INFO] ============================================================
[2026-07-01 16:08:34] [TASK_6] [INFO] Input: data/aggregated/master_dataset.csv (1428 rows)
[2026-07-01 16:08:34] [TASK_6] [INFO] ------------------------------------------------------------
[2026-07-01 16:08:34] [TASK_6] [INFO] END TASK_6 — completed in 0.0 seconds
[2026-07-01 16:08:34] [TASK_6] [INFO] ============================================================
[2026-07-01 16:09:52] [TASK_6] [INFO] ============================================================
[2026-07-01 16:09:52] [TASK_6] [INFO] START TASK_6: Label Building (binary classification labels)
[2026-07-01 16:09:52] [TASK_6] [INFO] Timestamp: 2026-07-01T16:09:52.136107
[2026-07-01 16:09:52] [TASK_6] [INFO] ============================================================
[2026-07-01 16:09:52] [TASK_6] [INFO] Input: data/aggregated/master_dataset.csv (1428 rows)
[2026-07-01 16:09:52] [TASK_6] [INFO] ------------------------------------------------------------
[2026-07-01 16:09:52] [TASK_6] [INFO] END TASK_6 — completed in 0.0 seconds
[2026-07-01 16:09:52] [TASK_6] [INFO] ============================================================
[2026-07-01 16:09:52] [TASK_6] [INFO] ============================================================
[2026-07-01 16:09:52] [TASK_6] [INFO] START TASK_6: Label Building (binary classification labels)
[2026-07-01 16:09:52] [TASK_6] [INFO] Timestamp: 2026-07-01T16:09:52.778612
[2026-07-01 16:09:52] [TASK_6] [INFO] ============================================================
[2026-07-01 16:09:52] [TASK_6] [INFO] Input: data/aggregated/master_dataset.csv (1428 rows)
[2026-07-01 16:09:52] [TASK_6] [INFO] ------------------------------------------------------------
[2026-07-01 16:09:52] [TASK_6] [INFO] END TASK_6 — completed in 0.0 seconds
[2026-07-01 16:09:52] [TASK_6] [INFO] ============================================================
[2026-07-01 17:19:10] [TASK_6] [INFO] ============================================================
[2026-07-01 17:19:10] [TASK_6] [INFO] START TASK_6: Label Building (binary classification labels)
[2026-07-01 17:19:10] [TASK_6] [INFO] Timestamp: 2026-07-01T17:19:10.403496
[2026-07-01 17:19:10] [TASK_6] [INFO] ============================================================
[2026-07-01 17:19:10] [TASK_6] [INFO] Input: data/aggregated/master_dataset.csv (1428 rows)
[2026-07-01 17:19:10] [TASK_6] [INFO] ------------------------------------------------------------
[2026-07-01 17:19:10] [TASK_6] [INFO] END TASK_6 — completed in 0.0 seconds
[2026-07-01 17:19:10] [TASK_6] [INFO] ============================================================
[2026-07-01 17:19:11] [TASK_6] [INFO] ============================================================
[2026-07-01 17:19:11] [TASK_6] [INFO] START TASK_6: Label Building (binary classification labels)
[2026-07-01 17:19:11] [TASK_6] [INFO] Timestamp: 2026-07-01T17:19:11.115603
[2026-07-01 17:19:11] [TASK_6] [INFO] ============================================================
[2026-07-01 17:19:11] [TASK_6] [INFO] Input: data/aggregated/master_dataset.csv (1428 rows)
[2026-07-01 17:19:11] [TASK_6] [INFO] ------------------------------------------------------------
[2026-07-01 17:19:11] [TASK_6] [INFO] END TASK_6 — completed in 0.0 seconds
[2026-07-01 17:19:11] [TASK_6] [INFO] ============================================================
[2026-07-01 17:31:11] [TASK_6] [INFO] ============================================================
[2026-07-01 17:31:11] [TASK_6] [INFO] START TASK_6: Label Building (binary classification labels)
[2026-07-01 17:31:11] [TASK_6] [INFO] Timestamp: 2026-07-01T17:31:11.102176
[2026-07-01 17:31:11] [TASK_6] [INFO] ============================================================
[2026-07-01 17:31:11] [TASK_6] [INFO] Input: data/aggregated/master_dataset.csv (1428 rows)
[2026-07-01 17:31:11] [TASK_6] [INFO] ------------------------------------------------------------
[2026-07-01 17:31:11] [TASK_6] [INFO] END TASK_6 — completed in 0.0 seconds
[2026-07-01 17:31:11] [TASK_6] [INFO] ============================================================
[2026-07-01 17:31:11] [TASK_6] [INFO] ============================================================
[2026-07-01 17:31:11] [TASK_6] [INFO] START TASK_6: Label Building (binary classification labels)
[2026-07-01 17:31:11] [TASK_6] [INFO] Timestamp: 2026-07-01T17:31:11.907005
[2026-07-01 17:31:11] [TASK_6] [INFO] ============================================================
[2026-07-01 17:31:11] [TASK_6] [INFO] Input: data/aggregated/master_dataset.csv (1428 rows)
[2026-07-01 17:31:11] [TASK_6] [INFO] ------------------------------------------------------------
[2026-07-01 17:31:11] [TASK_6] [INFO] END TASK_6 — completed in 0.0 seconds
[2026-07-01 17:31:11] [TASK_6] [INFO] ============================================================
[2026-07-01 17:34:05] [TASK_6] [INFO] ============================================================
[2026-07-01 17:34:05] [TASK_6] [INFO] START TASK_6: Label Building (binary classification labels)
[2026-07-01 17:34:05] [TASK_6] [INFO] Timestamp: 2026-07-01T17:34:05.049542
[2026-07-01 17:34:05] [TASK_6] [INFO] ============================================================
[2026-07-01 17:34:05] [TASK_6] [INFO] Input: data/aggregated/master_dataset.csv (1428 rows)
[2026-07-01 17:34:05] [TASK_6] [INFO] ------------------------------------------------------------
[2026-07-01 17:34:05] [TASK_6] [INFO] END TASK_6 — completed in 0.0 seconds
[2026-07-01 17:34:05] [TASK_6] [INFO] ============================================================
[2026-07-01 17:34:05] [TASK_6] [INFO] ============================================================
[2026-07-01 17:34:05] [TASK_6] [INFO] START TASK_6: Label Building (binary classification labels)
[2026-07-01 17:34:05] [TASK_6] [INFO] Timestamp: 2026-07-01T17:34:05.787221
[2026-07-01 17:34:05] [TASK_6] [INFO] ============================================================
[2026-07-01 17:34:05] [TASK_6] [INFO] Input: data/aggregated/master_dataset.csv (1428 rows)
[2026-07-01 17:34:05] [TASK_6] [INFO] ------------------------------------------------------------
[2026-07-01 17:34:05] [TASK_6] [INFO] END TASK_6 — completed in 0.0 seconds
[2026-07-01 17:34:05] [TASK_6] [INFO] ============================================================
[2026-07-01 17:36:36] [TASK_6] [INFO] ============================================================
[2026-07-01 17:36:36] [TASK_6] [INFO] START TASK_6: Label Building (binary classification labels)
[2026-07-01 17:36:36] [TASK_6] [INFO] Timestamp: 2026-07-01T17:36:36.435361
[2026-07-01 17:36:36] [TASK_6] [INFO] ============================================================
[2026-07-01 17:36:36] [TASK_6] [INFO] Input: data/aggregated/master_dataset.csv (1428 rows)
[2026-07-01 17:36:36] [TASK_6] [INFO] ------------------------------------------------------------
[2026-07-01 17:36:36] [TASK_6] [INFO] END TASK_6 — completed in 0.0 seconds
[2026-07-01 17:36:36] [TASK_6] [INFO] ============================================================
[2026-07-01 17:36:37] [TASK_6] [INFO] ============================================================
[2026-07-01 17:36:37] [TASK_6] [INFO] START TASK_6: Label Building (binary classification labels)
[2026-07-01 17:36:37] [TASK_6] [INFO] Timestamp: 2026-07-01T17:36:37.166959
[2026-07-01 17:36:37] [TASK_6] [INFO] ============================================================
[2026-07-01 17:36:37] [TASK_6] [INFO] Input: data/aggregated/master_dataset.csv (1428 rows)
[2026-07-01 17:36:37] [TASK_6] [INFO] ------------------------------------------------------------
[2026-07-01 17:36:37] [TASK_6] [INFO] END TASK_6 — completed in 0.0 seconds
[2026-07-01 17:36:37] [TASK_6] [INFO] ============================================================
[2026-07-01 17:41:17] [TASK_6] [INFO] ============================================================
[2026-07-01 17:41:17] [TASK_6] [INFO] START TASK_6: Label Building (binary classification labels)
[2026-07-01 17:41:17] [TASK_6] [INFO] Timestamp: 2026-07-01T17:41:17.730561
[2026-07-01 17:41:17] [TASK_6] [INFO] ============================================================
[2026-07-01 17:41:17] [TASK_6] [INFO] Input: data/aggregated/master_dataset.csv (1428 rows)
[2026-07-01 17:41:17] [TASK_6] [INFO] ------------------------------------------------------------
[2026-07-01 17:41:17] [TASK_6] [INFO] END TASK_6 — completed in 0.0 seconds
[2026-07-01 17:41:17] [TASK_6] [INFO] ============================================================
[2026-07-01 17:41:18] [TASK_6] [INFO] ============================================================
[2026-07-01 17:41:18] [TASK_6] [INFO] START TASK_6: Label Building (binary classification labels)
[2026-07-01 17:41:18] [TASK_6] [INFO] Timestamp: 2026-07-01T17:41:18.462955
[2026-07-01 17:41:18] [TASK_6] [INFO] ============================================================
[2026-07-01 17:41:18] [TASK_6] [INFO] Input: data/aggregated/master_dataset.csv (1428 rows)
[2026-07-01 17:41:18] [TASK_6] [INFO] ------------------------------------------------------------
[2026-07-01 17:41:18] [TASK_6] [INFO] END TASK_6 — completed in 0.0 seconds
[2026-07-01 17:41:18] [TASK_6] [INFO] ============================================================
