[2026-06-27 22:31:45] [TASK_6] [INFO] ============================================================
[2026-06-27 22:31:45] [TASK_6] [INFO] START TASK_6: Label Building (binary classification labels)
[2026-06-27 22:31:45] [TASK_6] [INFO] Timestamp: 2026-06-27T22:31:45.796718
[2026-06-27 22:31:45] [TASK_6] [INFO] ============================================================
[2026-06-27 22:31:45] [TASK_6] [INFO] ------------------------------------------------------------
[2026-06-27 22:31:45] [TASK_6] [INFO] END TASK_6 — completed in 0.0 seconds
[2026-06-27 22:31:45] [TASK_6] [INFO] ============================================================
[2026-06-27 22:31:45] [TASK_6] [INFO] ============================================================
[2026-06-27 22:31:45] [TASK_6] [INFO] START TASK_6: Label Building (binary classification labels)
[2026-06-27 22:31:45] [TASK_6] [INFO] Timestamp: 2026-06-27T22:31:45.824290
[2026-06-27 22:31:45] [TASK_6] [INFO] ============================================================
[2026-06-27 22:31:45] [TASK_6] [INFO] ------------------------------------------------------------
[2026-06-27 22:31:45] [TASK_6] [INFO] END TASK_6 — completed in 0.0 seconds
[2026-06-27 22:31:45] [TASK_6] [INFO] ============================================================
[2026-06-27 22:32:14] [TASK_6] [INFO] ============================================================
[2026-06-27 22:32:14] [TASK_6] [INFO] START TASK_6: Label Building (binary classification labels)
[2026-06-27 22:32:14] [TASK_6] [INFO] Timestamp: 2026-06-27T22:32:14.048828
[2026-06-27 22:32:14] [TASK_6] [INFO] ============================================================
[2026-06-27 22:32:14] [TASK_6] [INFO] ------------------------------------------------------------
[2026-06-27 22:32:14] [TASK_6] [INFO] END TASK_6 — completed in 0.0 seconds
[2026-06-27 22:32:14] [TASK_6] [INFO] ============================================================
[2026-06-27 22:32:14] [TASK_6] [INFO] ============================================================
[2026-06-27 22:32:14] [TASK_6] [INFO] START TASK_6: Label Building (binary classification labels)
[2026-06-27 22:32:14] [TASK_6] [INFO] Timestamp: 2026-06-27T22:32:14.076411
[2026-06-27 22:32:14] [TASK_6] [INFO] ============================================================
[2026-06-27 22:32:14] [TASK_6] [INFO] ------------------------------------------------------------
[2026-06-27 22:32:14] [TASK_6] [INFO] END TASK_6 — completed in 0.0 seconds
[2026-06-27 22:32:14] [TASK_6] [INFO] ============================================================
[2026-06-27 23:05:46] [TASK_6] [INFO] ============================================================
[2026-06-27 23:05:46] [TASK_6] [INFO] START TASK_6: Label Building (binary classification labels)
[2026-06-27 23:05:46] [TASK_6] [INFO] Timestamp: 2026-06-27T23:05:46.198093
[2026-06-27 23:05:46] [TASK_6] [INFO] ============================================================
[2026-06-27 23:05:46] [TASK_6] [INFO] ------------------------------------------------------------
[2026-06-27 23:05:46] [TASK_6] [INFO] END TASK_6 — completed in 0.0 seconds
[2026-06-27 23:05:46] [TASK_6] [INFO] ============================================================
[2026-06-27 23:05:46] [TASK_6] [INFO] ============================================================
[2026-06-27 23:05:46] [TASK_6] [INFO] START TASK_6: Label Building (binary classification labels)
[2026-06-27 23:05:46] [TASK_6] [INFO] Timestamp: 2026-06-27T23:05:46.231004
[2026-06-27 23:05:46] [TASK_6] [INFO] ============================================================
[2026-06-27 23:05:46] [TASK_6] [INFO] ------------------------------------------------------------
[2026-06-27 23:05:46] [TASK_6] [INFO] END TASK_6 — completed in 0.0 seconds
[2026-06-27 23:05:46] [TASK_6] [INFO] ============================================================
[2026-06-27 23:06:10] [TASK_6] [INFO] ============================================================
[2026-06-27 23:06:10] [TASK_6] [INFO] START TASK_6: Label Building (binary classification labels)
[2026-06-27 23:06:10] [TASK_6] [INFO] Timestamp: 2026-06-27T23:06:10.408612
[2026-06-27 23:06:10] [TASK_6] [INFO] ============================================================
[2026-06-27 23:06:10] [TASK_6] [INFO] ------------------------------------------------------------
[2026-06-27 23:06:10] [TASK_6] [INFO] END TASK_6 — completed in 0.0 seconds
[2026-06-27 23:06:10] [TASK_6] [INFO] ============================================================
[2026-06-27 23:06:10] [TASK_6] [INFO] ============================================================
[2026-06-27 23:06:10] [TASK_6] [INFO] START TASK_6: Label Building (binary classification labels)
[2026-06-27 23:06:10] [TASK_6] [INFO] Timestamp: 2026-06-27T23:06:10.435717
[2026-06-27 23:06:10] [TASK_6] [INFO] ============================================================
[2026-06-27 23:06:10] [TASK_6] [INFO] ------------------------------------------------------------
[2026-06-27 23:06:10] [TASK_6] [INFO] END TASK_6 — completed in 0.0 seconds
[2026-06-27 23:06:10] [TASK_6] [INFO] ============================================================
[2026-06-27 23:26:29] [TASK_6] [INFO] ============================================================
[2026-06-27 23:26:29] [TASK_6] [INFO] START TASK_6: Label Building (binary classification labels)
[2026-06-27 23:26:29] [TASK_6] [INFO] Timestamp: 2026-06-27T23:26:29.935134
[2026-06-27 23:26:29] [TASK_6] [INFO] ============================================================
[2026-06-27 23:26:29] [TASK_6] [INFO] Input: data/aggregated/master_dataset.csv (0 rows)
[2026-06-27 23:26:29] [TASK_6] [INFO] Starting Label Builder (TASK 6)...
[2026-06-27 23:26:29] [TASK_6] [INFO] Loaded master dataset: 0 rows from data/aggregated/master_dataset.csv
[2026-06-27 23:26:29] [TASK_6] [INFO] Saved master with labels: 0 rows → data/aggregated/master_with_labels.csv
[2026-06-27 23:26:29] [TASK_6] [INFO] ============================================================
[2026-06-27 23:26:29] [TASK_6] [INFO] LABEL DISTRIBUTION ANALYSIS
[2026-06-27 23:26:29] [TASK_6] [INFO] ============================================================
[2026-06-27 23:26:29] [TASK_6] [WARNING] No valid labels found for analysis.
[2026-06-27 23:26:29] [TASK_6] [WARNING] No valid labels to plot.
[2026-06-27 23:26:29] [TASK_6] [INFO] TASK 6 complete.
[2026-06-27 23:26:29] [TASK_6] [INFO] ------------------------------------------------------------
[2026-06-27 23:26:29] [TASK_6] [INFO] END TASK_6 — completed in 0.0 seconds
[2026-06-27 23:26:29] [TASK_6] [INFO] Output: data/aggregated/master_with_labels.csv (0 rows)
[2026-06-27 23:26:29] [TASK_6] [INFO] ============================================================
[2026-06-27 23:32:36] [TASK_6] [INFO] ============================================================
[2026-06-27 23:32:36] [TASK_6] [INFO] START TASK_6: Label Building (binary classification labels)
[2026-06-27 23:32:36] [TASK_6] [INFO] Timestamp: 2026-06-27T23:32:36.485719
[2026-06-27 23:32:36] [TASK_6] [INFO] ============================================================
[2026-06-27 23:32:36] [TASK_6] [INFO] Input: data/aggregated/master_dataset.csv (0 rows)
[2026-06-27 23:32:36] [TASK_6] [INFO] Starting Label Builder (TASK 6)...
[2026-06-27 23:32:36] [TASK_6] [INFO] Loaded master dataset: 0 rows from data/aggregated/master_dataset.csv
[2026-06-27 23:32:36] [TASK_6] [INFO] Saved master with labels: 0 rows → data/aggregated/master_with_labels.csv
[2026-06-27 23:32:36] [TASK_6] [INFO] ============================================================
[2026-06-27 23:32:36] [TASK_6] [INFO] LABEL DISTRIBUTION ANALYSIS
[2026-06-27 23:32:36] [TASK_6] [INFO] ============================================================
[2026-06-27 23:32:36] [TASK_6] [WARNING] No valid labels found for analysis.
[2026-06-27 23:32:36] [TASK_6] [WARNING] No valid labels to plot.
[2026-06-27 23:32:36] [TASK_6] [INFO] TASK 6 complete.
[2026-06-27 23:32:36] [TASK_6] [INFO] ------------------------------------------------------------
[2026-06-27 23:32:36] [TASK_6] [INFO] END TASK_6 — completed in 0.0 seconds
[2026-06-27 23:32:36] [TASK_6] [INFO] Output: data/aggregated/master_with_labels.csv (0 rows)
[2026-06-27 23:32:36] [TASK_6] [INFO] ============================================================
[2026-06-27 23:39:43] [TASK_6] [INFO] ============================================================
[2026-06-27 23:39:43] [TASK_6] [INFO] START TASK_6: Label Building (binary classification labels)
[2026-06-27 23:39:43] [TASK_6] [INFO] Timestamp: 2026-06-27T23:39:43.524728
[2026-06-27 23:39:43] [TASK_6] [INFO] ============================================================
[2026-06-27 23:39:43] [TASK_6] [INFO] Input: data/aggregated/master_dataset.csv (0 rows)
[2026-06-27 23:39:43] [TASK_6] [INFO] Starting Label Builder (TASK 6)...
[2026-06-27 23:39:43] [TASK_6] [INFO] Loaded master dataset: 0 rows from data/aggregated/master_dataset.csv
[2026-06-27 23:39:43] [TASK_6] [INFO] Saved master with labels: 0 rows → data/aggregated/master_with_labels.csv
[2026-06-27 23:39:43] [TASK_6] [INFO] ============================================================
[2026-06-27 23:39:43] [TASK_6] [INFO] LABEL DISTRIBUTION ANALYSIS
[2026-06-27 23:39:43] [TASK_6] [INFO] ============================================================
[2026-06-27 23:39:43] [TASK_6] [WARNING] No valid labels found for analysis.
[2026-06-27 23:39:43] [TASK_6] [WARNING] No valid labels to plot.
[2026-06-27 23:39:43] [TASK_6] [INFO] TASK 6 complete.
[2026-06-27 23:39:43] [TASK_6] [INFO] ------------------------------------------------------------
[2026-06-27 23:39:43] [TASK_6] [INFO] END TASK_6 — completed in 0.0 seconds
[2026-06-27 23:39:43] [TASK_6] [INFO] Output: data/aggregated/master_with_labels.csv (0 rows)
[2026-06-27 23:39:43] [TASK_6] [INFO] ============================================================
[2026-06-27 23:44:07] [TASK_6] [INFO] ============================================================
[2026-06-27 23:44:07] [TASK_6] [INFO] START TASK_6: Label Building (binary classification labels)
[2026-06-27 23:44:07] [TASK_6] [INFO] Timestamp: 2026-06-27T23:44:07.630389
[2026-06-27 23:44:07] [TASK_6] [INFO] ============================================================
[2026-06-27 23:44:07] [TASK_6] [INFO] Input: data/aggregated/master_dataset.csv (0 rows)
[2026-06-27 23:44:07] [TASK_6] [INFO] ------------------------------------------------------------
[2026-06-27 23:44:07] [TASK_6] [INFO] END TASK_6 — completed in 0.0 seconds
[2026-06-27 23:44:07] [TASK_6] [INFO] ============================================================
[2026-06-27 23:44:07] [TASK_6] [INFO] ============================================================
[2026-06-27 23:44:07] [TASK_6] [INFO] START TASK_6: Label Building (binary classification labels)
[2026-06-27 23:44:07] [TASK_6] [INFO] Timestamp: 2026-06-27T23:44:07.671511
[2026-06-27 23:44:07] [TASK_6] [INFO] ============================================================
[2026-06-27 23:44:07] [TASK_6] [INFO] Input: data/aggregated/master_dataset.csv (0 rows)
[2026-06-27 23:44:07] [TASK_6] [INFO] ------------------------------------------------------------
[2026-06-27 23:44:07] [TASK_6] [INFO] END TASK_6 — completed in 0.0 seconds
[2026-06-27 23:44:07] [TASK_6] [INFO] ============================================================
