[2026-07-05 07:07:36] [TASK_11] [INFO] ============================================================
[2026-07-05 07:07:36] [TASK_11] [INFO] START TASK_11: SHAP Analysis (feature importance)
[2026-07-05 07:07:36] [TASK_11] [INFO] Timestamp: 2026-07-05T07:07:36.662009
[2026-07-05 07:07:36] [TASK_11] [INFO] ============================================================
[2026-07-05 07:07:36] [TASK_11] [INFO] ------------------------------------------------------------
[2026-07-05 07:07:36] [TASK_11] [INFO] END TASK_11 — completed in 0.0 seconds
[2026-07-05 07:07:36] [TASK_11] [INFO] ============================================================
[2026-07-05 07:07:37] [TASK_11] [INFO] ============================================================
[2026-07-05 07:07:37] [TASK_11] [INFO] START TASK_11: SHAP Analysis (feature importance)
[2026-07-05 07:07:37] [TASK_11] [INFO] Timestamp: 2026-07-05T07:07:37.758501
[2026-07-05 07:07:37] [TASK_11] [INFO] ============================================================
[2026-07-05 07:07:37] [TASK_11] [INFO] ------------------------------------------------------------
[2026-07-05 07:07:37] [TASK_11] [INFO] END TASK_11 — completed in 0.0 seconds
[2026-07-05 07:07:37] [TASK_11] [INFO] ============================================================
[2026-07-05 15:16:52] [TASK_11] [INFO] ============================================================
[2026-07-05 15:16:52] [TASK_11] [INFO] START TASK_11: SHAP Analysis (feature importance)
[2026-07-05 15:16:52] [TASK_11] [INFO] Timestamp: 2026-07-05T15:16:52.631206
[2026-07-05 15:16:52] [TASK_11] [INFO] ============================================================
[2026-07-05 15:16:52] [TASK_11] [INFO] ------------------------------------------------------------
[2026-07-05 15:16:52] [TASK_11] [INFO] END TASK_11 — completed in 0.0 seconds
[2026-07-05 15:16:52] [TASK_11] [INFO] ============================================================
[2026-07-05 15:16:54] [TASK_11] [INFO] ============================================================
[2026-07-05 15:16:54] [TASK_11] [INFO] START TASK_11: SHAP Analysis (feature importance)
[2026-07-05 15:16:54] [TASK_11] [INFO] Timestamp: 2026-07-05T15:16:54.566512
[2026-07-05 15:16:54] [TASK_11] [INFO] ============================================================
[2026-07-05 15:16:54] [TASK_11] [INFO] ------------------------------------------------------------
[2026-07-05 15:16:54] [TASK_11] [INFO] END TASK_11 — completed in 0.0 seconds
[2026-07-05 15:16:54] [TASK_11] [INFO] ============================================================
