[2026-07-08 21:53:39] [TASK_9] [INFO] ============================================================
[2026-07-08 21:53:39] [TASK_9] [INFO] START TASK_9: Keyword Feature Extraction (TF-IDF, sentiment scores)
[2026-07-08 21:53:39] [TASK_9] [INFO] Timestamp: 2026-07-08T21:53:39.316155
[2026-07-08 21:53:39] [TASK_9] [INFO] ============================================================
[2026-07-08 21:53:40] [TASK_9] [INFO] Input: data/aggregated/news_by_quarter.csv (1450 rows)
[2026-07-08 21:53:40] [TASK_9] [INFO] ------------------------------------------------------------
[2026-07-08 21:53:40] [TASK_9] [INFO] END TASK_9 — completed in 0.0 seconds
[2026-07-08 21:53:40] [TASK_9] [INFO] ============================================================
[2026-07-08 21:53:56] [TASK_9] [INFO] ============================================================
[2026-07-08 21:53:56] [TASK_9] [INFO] START TASK_9: Keyword Feature Extraction (TF-IDF, sentiment scores)
[2026-07-08 21:53:56] [TASK_9] [INFO] Timestamp: 2026-07-08T21:53:56.837961
[2026-07-08 21:53:56] [TASK_9] [INFO] ============================================================
[2026-07-08 21:53:58] [TASK_9] [INFO] Input: data/aggregated/news_by_quarter.csv (1450 rows)
[2026-07-08 21:53:58] [TASK_9] [INFO] ------------------------------------------------------------
[2026-07-08 21:53:58] [TASK_9] [INFO] END TASK_9 — completed in 0.0 seconds
[2026-07-08 21:53:58] [TASK_9] [INFO] ============================================================
[2026-07-08 21:56:32] [TASK_9] [INFO] ============================================================
[2026-07-08 21:56:32] [TASK_9] [INFO] START TASK_9: Keyword Feature Extraction (TF-IDF, sentiment scores)
[2026-07-08 21:56:32] [TASK_9] [INFO] Timestamp: 2026-07-08T21:56:32.016827
[2026-07-08 21:56:32] [TASK_9] [INFO] ============================================================
[2026-07-08 21:56:33] [TASK_9] [INFO] Input: data/aggregated/news_by_quarter.csv (1450 rows)
[2026-07-08 21:56:33] [TASK_9] [INFO] ------------------------------------------------------------
[2026-07-08 21:56:33] [TASK_9] [INFO] END TASK_9 — completed in 0.0 seconds
[2026-07-08 21:56:33] [TASK_9] [INFO] ============================================================
[2026-07-08 21:56:49] [TASK_9] [INFO] ============================================================
[2026-07-08 21:56:49] [TASK_9] [INFO] START TASK_9: Keyword Feature Extraction (TF-IDF, sentiment scores)
[2026-07-08 21:56:49] [TASK_9] [INFO] Timestamp: 2026-07-08T21:56:49.192559
[2026-07-08 21:56:49] [TASK_9] [INFO] ============================================================
[2026-07-08 21:56:51] [TASK_9] [INFO] Input: data/aggregated/news_by_quarter.csv (1450 rows)
[2026-07-08 21:56:51] [TASK_9] [INFO] ------------------------------------------------------------
[2026-07-08 21:56:51] [TASK_9] [INFO] END TASK_9 — completed in 0.0 seconds
[2026-07-08 21:56:51] [TASK_9] [INFO] ============================================================
[2026-07-08 21:59:04] [TASK_9] [INFO] ============================================================
[2026-07-08 21:59:04] [TASK_9] [INFO] START TASK_9: Keyword Feature Extraction (TF-IDF, sentiment scores)
[2026-07-08 21:59:04] [TASK_9] [INFO] Timestamp: 2026-07-08T21:59:04.097570
[2026-07-08 21:59:04] [TASK_9] [INFO] ============================================================
[2026-07-08 21:59:05] [TASK_9] [INFO] Input: data/aggregated/news_by_quarter.csv (1450 rows)
[2026-07-08 21:59:05] [TASK_9] [INFO] ------------------------------------------------------------
[2026-07-08 21:59:05] [TASK_9] [INFO] END TASK_9 — completed in 0.0 seconds
[2026-07-08 21:59:05] [TASK_9] [INFO] ============================================================
[2026-07-08 21:59:23] [TASK_9] [INFO] ============================================================
[2026-07-08 21:59:23] [TASK_9] [INFO] START TASK_9: Keyword Feature Extraction (TF-IDF, sentiment scores)
[2026-07-08 21:59:23] [TASK_9] [INFO] Timestamp: 2026-07-08T21:59:23.036463
[2026-07-08 21:59:23] [TASK_9] [INFO] ============================================================
[2026-07-08 21:59:24] [TASK_9] [INFO] Input: data/aggregated/news_by_quarter.csv (1450 rows)
[2026-07-08 21:59:24] [TASK_9] [INFO] ------------------------------------------------------------
[2026-07-08 21:59:24] [TASK_9] [INFO] END TASK_9 — completed in 0.0 seconds
[2026-07-08 21:59:24] [TASK_9] [INFO] ============================================================
[2026-07-08 22:03:12] [TASK_9] [INFO] ============================================================
[2026-07-08 22:03:12] [TASK_9] [INFO] START TASK_9: Keyword Feature Extraction (TF-IDF, sentiment scores)
[2026-07-08 22:03:12] [TASK_9] [INFO] Timestamp: 2026-07-08T22:03:12.181492
[2026-07-08 22:03:12] [TASK_9] [INFO] ============================================================
[2026-07-08 22:03:13] [TASK_9] [INFO] Input: data/aggregated/news_by_quarter.csv (1450 rows)
[2026-07-08 22:03:13] [TASK_9] [INFO] ------------------------------------------------------------
[2026-07-08 22:03:13] [TASK_9] [INFO] END TASK_9 — completed in 0.0 seconds
[2026-07-08 22:03:13] [TASK_9] [INFO] ============================================================
[2026-07-08 22:03:30] [TASK_9] [INFO] ============================================================
[2026-07-08 22:03:30] [TASK_9] [INFO] START TASK_9: Keyword Feature Extraction (TF-IDF, sentiment scores)
[2026-07-08 22:03:30] [TASK_9] [INFO] Timestamp: 2026-07-08T22:03:30.517770
[2026-07-08 22:03:30] [TASK_9] [INFO] ============================================================
[2026-07-08 22:03:32] [TASK_9] [INFO] Input: data/aggregated/news_by_quarter.csv (1450 rows)
[2026-07-08 22:03:32] [TASK_9] [INFO] ------------------------------------------------------------
[2026-07-08 22:03:32] [TASK_9] [INFO] END TASK_9 — completed in 0.0 seconds
[2026-07-08 22:03:32] [TASK_9] [INFO] ============================================================
