[2026-06-28 08:06:14] [TASK_5] [INFO] ============================================================
[2026-06-28 08:06:14] [TASK_5] [INFO] START TASK_5: Data Aggregation (group by ticker × quarter)
[2026-06-28 08:06:14] [TASK_5] [INFO] Timestamp: 2026-06-28T08:06:14.188688
[2026-06-28 08:06:14] [TASK_5] [INFO] ============================================================
[2026-06-28 08:06:14] [TASK_5] [INFO] Input: data/prices/all_vn30_prices.csv (783 rows)
[2026-06-28 08:06:14] [TASK_5] [INFO] Input: data/news/processed/all_news_processed.csv (0 rows)
[2026-06-28 08:06:14] [TASK_5] [INFO] ------------------------------------------------------------
[2026-06-28 08:06:14] [TASK_5] [INFO] END TASK_5 — completed in 0.0 seconds
[2026-06-28 08:06:14] [TASK_5] [INFO] ============================================================
[2026-06-28 08:06:14] [TASK_5] [INFO] ============================================================
[2026-06-28 08:06:14] [TASK_5] [INFO] START TASK_5: Data Aggregation (group by ticker × quarter)
[2026-06-28 08:06:14] [TASK_5] [INFO] Timestamp: 2026-06-28T08:06:14.232129
[2026-06-28 08:06:14] [TASK_5] [INFO] ============================================================
[2026-06-28 08:06:14] [TASK_5] [INFO] Input: data/prices/all_vn30_prices.csv (783 rows)
[2026-06-28 08:06:14] [TASK_5] [INFO] Input: data/news/processed/all_news_processed.csv (0 rows)
[2026-06-28 08:06:14] [TASK_5] [INFO] ------------------------------------------------------------
[2026-06-28 08:06:14] [TASK_5] [INFO] END TASK_5 — completed in 0.0 seconds
[2026-06-28 08:06:14] [TASK_5] [INFO] ============================================================
[2026-06-28 08:32:41] [TASK_5] [INFO] ============================================================
[2026-06-28 08:32:41] [TASK_5] [INFO] START TASK_5: Data Aggregation (group by ticker × quarter)
[2026-06-28 08:32:41] [TASK_5] [INFO] Timestamp: 2026-06-28T08:32:41.723753
[2026-06-28 08:32:41] [TASK_5] [INFO] ============================================================
[2026-06-28 08:32:41] [TASK_5] [INFO] Input: data/prices/all_vn30_prices.csv (783 rows)
[2026-06-28 08:32:41] [TASK_5] [INFO] Input: data/news/processed/all_news_processed.csv (0 rows)
[2026-06-28 08:32:41] [TASK_5] [INFO] ------------------------------------------------------------
[2026-06-28 08:32:41] [TASK_5] [INFO] END TASK_5 — completed in 0.0 seconds
[2026-06-28 08:32:41] [TASK_5] [INFO] ============================================================
[2026-06-28 08:32:41] [TASK_5] [INFO] ============================================================
[2026-06-28 08:32:41] [TASK_5] [INFO] START TASK_5: Data Aggregation (group by ticker × quarter)
[2026-06-28 08:32:41] [TASK_5] [INFO] Timestamp: 2026-06-28T08:32:41.758074
[2026-06-28 08:32:41] [TASK_5] [INFO] ============================================================
[2026-06-28 08:32:41] [TASK_5] [INFO] Input: data/prices/all_vn30_prices.csv (783 rows)
[2026-06-28 08:32:41] [TASK_5] [INFO] Input: data/news/processed/all_news_processed.csv (0 rows)
[2026-06-28 08:32:41] [TASK_5] [INFO] ------------------------------------------------------------
[2026-06-28 08:32:41] [TASK_5] [INFO] END TASK_5 — completed in 0.0 seconds
[2026-06-28 08:32:41] [TASK_5] [INFO] ============================================================
[2026-06-28 08:33:51] [TASK_5] [INFO] ============================================================
[2026-06-28 08:33:51] [TASK_5] [INFO] START TASK_5: Data Aggregation (group by ticker × quarter)
[2026-06-28 08:33:51] [TASK_5] [INFO] Timestamp: 2026-06-28T08:33:51.402253
[2026-06-28 08:33:51] [TASK_5] [INFO] ============================================================
[2026-06-28 08:33:51] [TASK_5] [INFO] Input: data/prices/all_vn30_prices.csv (783 rows)
[2026-06-28 08:33:51] [TASK_5] [INFO] Input: data/news/processed/all_news_processed.csv (0 rows)
[2026-06-28 08:33:51] [TASK_5] [INFO] ------------------------------------------------------------
[2026-06-28 08:33:51] [TASK_5] [INFO] END TASK_5 — completed in 0.0 seconds
[2026-06-28 08:33:51] [TASK_5] [INFO] ============================================================
[2026-06-28 08:33:51] [TASK_5] [INFO] ============================================================
[2026-06-28 08:33:51] [TASK_5] [INFO] START TASK_5: Data Aggregation (group by ticker × quarter)
[2026-06-28 08:33:51] [TASK_5] [INFO] Timestamp: 2026-06-28T08:33:51.434169
[2026-06-28 08:33:51] [TASK_5] [INFO] ============================================================
[2026-06-28 08:33:51] [TASK_5] [INFO] Input: data/prices/all_vn30_prices.csv (783 rows)
[2026-06-28 08:33:51] [TASK_5] [INFO] Input: data/news/processed/all_news_processed.csv (0 rows)
[2026-06-28 08:33:51] [TASK_5] [INFO] ------------------------------------------------------------
[2026-06-28 08:33:51] [TASK_5] [INFO] END TASK_5 — completed in 0.0 seconds
[2026-06-28 08:33:51] [TASK_5] [INFO] ============================================================
[2026-06-28 08:52:31] [TASK_5] [INFO] ============================================================
[2026-06-28 08:52:31] [TASK_5] [INFO] START TASK_5: Data Aggregation (group by ticker × quarter)
[2026-06-28 08:52:31] [TASK_5] [INFO] Timestamp: 2026-06-28T08:52:31.080633
[2026-06-28 08:52:31] [TASK_5] [INFO] ============================================================
[2026-06-28 08:52:31] [TASK_5] [INFO] Input: data/prices/all_vn30_prices.csv (783 rows)
[2026-06-28 08:52:31] [TASK_5] [INFO] Input: data/news/processed/all_news_processed.csv (0 rows)
[2026-06-28 08:52:31] [TASK_5] [INFO] ------------------------------------------------------------
[2026-06-28 08:52:31] [TASK_5] [INFO] END TASK_5 — completed in 0.0 seconds
[2026-06-28 08:52:31] [TASK_5] [INFO] ============================================================
[2026-06-28 08:52:31] [TASK_5] [INFO] ============================================================
[2026-06-28 08:52:31] [TASK_5] [INFO] START TASK_5: Data Aggregation (group by ticker × quarter)
[2026-06-28 08:52:31] [TASK_5] [INFO] Timestamp: 2026-06-28T08:52:31.112556
[2026-06-28 08:52:31] [TASK_5] [INFO] ============================================================
[2026-06-28 08:52:31] [TASK_5] [INFO] Input: data/prices/all_vn30_prices.csv (783 rows)
[2026-06-28 08:52:31] [TASK_5] [INFO] Input: data/news/processed/all_news_processed.csv (0 rows)
[2026-06-28 08:52:31] [TASK_5] [INFO] ------------------------------------------------------------
[2026-06-28 08:52:31] [TASK_5] [INFO] END TASK_5 — completed in 0.0 seconds
[2026-06-28 08:52:31] [TASK_5] [INFO] ============================================================
[2026-06-28 08:53:02] [TASK_5] [INFO] ============================================================
[2026-06-28 08:53:02] [TASK_5] [INFO] START TASK_5: Data Aggregation (group by ticker × quarter)
[2026-06-28 08:53:02] [TASK_5] [INFO] Timestamp: 2026-06-28T08:53:02.381022
[2026-06-28 08:53:02] [TASK_5] [INFO] ============================================================
[2026-06-28 08:53:02] [TASK_5] [INFO] Input: data/prices/all_vn30_prices.csv (783 rows)
[2026-06-28 08:53:02] [TASK_5] [INFO] Input: data/news/processed/all_news_processed.csv (0 rows)
[2026-06-28 08:53:02] [TASK_5] [INFO] ------------------------------------------------------------
[2026-06-28 08:53:02] [TASK_5] [INFO] END TASK_5 — completed in 0.0 seconds
[2026-06-28 08:53:02] [TASK_5] [INFO] ============================================================
[2026-06-28 08:53:02] [TASK_5] [INFO] ============================================================
[2026-06-28 08:53:02] [TASK_5] [INFO] START TASK_5: Data Aggregation (group by ticker × quarter)
[2026-06-28 08:53:02] [TASK_5] [INFO] Timestamp: 2026-06-28T08:53:02.423421
[2026-06-28 08:53:02] [TASK_5] [INFO] ============================================================
[2026-06-28 08:53:02] [TASK_5] [INFO] Input: data/prices/all_vn30_prices.csv (783 rows)
[2026-06-28 08:53:02] [TASK_5] [INFO] Input: data/news/processed/all_news_processed.csv (0 rows)
[2026-06-28 08:53:02] [TASK_5] [INFO] ------------------------------------------------------------
[2026-06-28 08:53:02] [TASK_5] [INFO] END TASK_5 — completed in 0.0 seconds
[2026-06-28 08:53:02] [TASK_5] [INFO] ============================================================
[2026-06-28 09:19:48] [TASK_5] [INFO] ============================================================
[2026-06-28 09:19:48] [TASK_5] [INFO] START TASK_5: Data Aggregation (group by ticker × quarter)
[2026-06-28 09:19:48] [TASK_5] [INFO] Timestamp: 2026-06-28T09:19:48.765243
[2026-06-28 09:19:48] [TASK_5] [INFO] ============================================================
[2026-06-28 09:19:48] [TASK_5] [INFO] Input: data/prices/all_vn30_prices.csv (783 rows)
[2026-06-28 09:19:48] [TASK_5] [INFO] Input: data/news/processed/all_news_processed.csv (7492 rows)
[2026-06-28 09:19:50] [TASK_5] [INFO] Starting Data Aggregation (TASK 5)...
[2026-06-28 09:19:50] [TASK_5] [INFO] Loaded 783 price rows and 7488 news articles.
[2026-06-28 09:19:50] [TASK_5] [INFO] News aggregation: 554 (ticker, quarter) pairs → data/aggregated/news_by_quarter.csv
[2026-06-28 09:19:50] [TASK_5] [INFO] Price aggregation: 15 (ticker, quarter) pairs → data/aggregated/prices_by_quarter.csv
[2026-06-28 09:19:50] [TASK_5] [INFO] Master dataset: 12 rows → data/aggregated/master_dataset.csv
[2026-06-28 09:19:50] [TASK_5] [INFO] ============================================================
[2026-06-28 09:19:50] [TASK_5] [INFO] AGGREGATION REPORT
[2026-06-28 09:19:50] [TASK_5] [INFO] ============================================================
[2026-06-28 09:19:50] [TASK_5] [INFO] Total (ticker, quarter) pairs: 12
[2026-06-28 09:19:50] [TASK_5] [INFO]   Year 2022: 12 pairs
[2026-06-28 09:19:50] [TASK_5] [WARNING] 4 (ticker, quarter) pairs have news_count < 5:
[2026-06-28 09:19:50] [TASK_5] [WARNING]   FPT 2022Q1 — news_count=3
[2026-06-28 09:19:50] [TASK_5] [WARNING]   VCB 2022Q1 — news_count=4
[2026-06-28 09:19:50] [TASK_5] [WARNING]   VNM 2022Q1 — news_count=1
[2026-06-28 09:19:50] [TASK_5] [WARNING]   VNM 2022Q3 — news_count=2
[2026-06-28 09:19:50] [TASK_5] [WARNING] Total samples (12) is below the recommended minimum of 300.
[2026-06-28 09:19:50] [TASK_5] [INFO] ============================================================
[2026-06-28 09:19:51] [TASK_5] [INFO] Coverage heatmap saved to reports/coverage_heatmap.png
[2026-06-28 09:19:51] [TASK_5] [INFO] TASK 5 complete.
[2026-06-28 09:19:51] [TASK_5] [INFO] ------------------------------------------------------------
[2026-06-28 09:19:51] [TASK_5] [INFO] END TASK_5 — completed in 2.2 seconds
[2026-06-28 09:19:51] [TASK_5] [INFO] Output: data/aggregated/news_by_quarter.csv (554 rows)
[2026-06-28 09:19:51] [TASK_5] [INFO] Output: data/aggregated/prices_by_quarter.csv (15 rows)
[2026-06-28 09:19:51] [TASK_5] [INFO] Output: data/aggregated/master_dataset.csv (12 rows)
[2026-06-28 09:19:51] [TASK_5] [INFO] ============================================================
[2026-06-28 09:29:58] [TASK_5] [INFO] ============================================================
[2026-06-28 09:29:58] [TASK_5] [INFO] START TASK_5: Data Aggregation (group by ticker × quarter)
[2026-06-28 09:29:58] [TASK_5] [INFO] Timestamp: 2026-06-28T09:29:58.287431
[2026-06-28 09:29:58] [TASK_5] [INFO] ============================================================
[2026-06-28 09:29:58] [TASK_5] [INFO] Input: data/prices/all_vn30_prices.csv (783 rows)
[2026-06-28 09:29:58] [TASK_5] [INFO] Input: data/news/processed/all_news_processed.csv (7492 rows)
[2026-06-28 09:29:58] [TASK_5] [INFO] ------------------------------------------------------------
[2026-06-28 09:29:58] [TASK_5] [INFO] END TASK_5 — completed in 0.0 seconds
[2026-06-28 09:29:58] [TASK_5] [INFO] ============================================================
[2026-06-28 09:29:58] [TASK_5] [INFO] ============================================================
[2026-06-28 09:29:58] [TASK_5] [INFO] START TASK_5: Data Aggregation (group by ticker × quarter)
[2026-06-28 09:29:58] [TASK_5] [INFO] Timestamp: 2026-06-28T09:29:58.475531
[2026-06-28 09:29:58] [TASK_5] [INFO] ============================================================
[2026-06-28 09:29:58] [TASK_5] [INFO] Input: data/prices/all_vn30_prices.csv (783 rows)
[2026-06-28 09:29:58] [TASK_5] [INFO] Input: data/news/processed/all_news_processed.csv (7492 rows)
[2026-06-28 09:29:58] [TASK_5] [INFO] ------------------------------------------------------------
[2026-06-28 09:29:58] [TASK_5] [INFO] END TASK_5 — completed in 0.0 seconds
[2026-06-28 09:29:58] [TASK_5] [INFO] ============================================================
[2026-06-28 10:35:10] [TASK_5] [INFO] ============================================================
[2026-06-28 10:35:10] [TASK_5] [INFO] START TASK_5: Data Aggregation (group by ticker × quarter)
[2026-06-28 10:35:10] [TASK_5] [INFO] Timestamp: 2026-06-28T10:35:10.508419
[2026-06-28 10:35:10] [TASK_5] [INFO] ============================================================
[2026-06-28 10:35:10] [TASK_5] [INFO] Input: data/prices/all_vn30_prices.csv (35160 rows)
[2026-06-28 10:35:10] [TASK_5] [INFO] Input: data/news/processed/all_news_processed.csv (7492 rows)
[2026-06-28 10:35:12] [TASK_5] [INFO] Starting Data Aggregation (TASK 5)...
[2026-06-28 10:35:12] [TASK_5] [INFO] Loaded 35160 price rows and 7488 news articles.
[2026-06-28 10:35:12] [TASK_5] [INFO] News aggregation: 554 (ticker, quarter) pairs → data/aggregated/news_by_quarter.csv
[2026-06-28 10:35:12] [TASK_5] [INFO] Price aggregation: 570 (ticker, quarter) pairs → data/aggregated/prices_by_quarter.csv
[2026-06-28 10:35:12] [TASK_5] [INFO] Master dataset: 536 rows → data/aggregated/master_dataset.csv
[2026-06-28 10:35:12] [TASK_5] [INFO] ============================================================
[2026-06-28 10:35:12] [TASK_5] [INFO] AGGREGATION REPORT
[2026-06-28 10:35:12] [TASK_5] [INFO] ============================================================
[2026-06-28 10:35:12] [TASK_5] [INFO] Total (ticker, quarter) pairs: 536
[2026-06-28 10:35:12] [TASK_5] [INFO]   Year 2022: 118 pairs
[2026-06-28 10:35:12] [TASK_5] [INFO]   Year 2023: 119 pairs
[2026-06-28 10:35:12] [TASK_5] [INFO]   Year 2024: 119 pairs
[2026-06-28 10:35:12] [TASK_5] [INFO]   Year 2025: 120 pairs
[2026-06-28 10:35:12] [TASK_5] [INFO]   Year 2026: 60 pairs
[2026-06-28 10:35:12] [TASK_5] [WARNING] 90 (ticker, quarter) pairs have news_count < 5:
[2026-06-28 10:35:12] [TASK_5] [WARNING]   ACB 2022Q1 — news_count=1
[2026-06-28 10:35:12] [TASK_5] [WARNING]   ACB 2023Q1 — news_count=4
[2026-06-28 10:35:12] [TASK_5] [WARNING]   ACB 2023Q3 — news_count=3
[2026-06-28 10:35:12] [TASK_5] [WARNING]   ACB 2023Q4 — news_count=4
[2026-06-28 10:35:12] [TASK_5] [WARNING]   ACB 2024Q4 — news_count=1
[2026-06-28 10:35:12] [TASK_5] [WARNING]   ACB 2025Q1 — news_count=4
[2026-06-28 10:35:12] [TASK_5] [WARNING]   BCM 2022Q1 — news_count=4
[2026-06-28 10:35:12] [TASK_5] [WARNING]   BCM 2022Q4 — news_count=2
[2026-06-28 10:35:12] [TASK_5] [WARNING]   BCM 2023Q1 — news_count=4
[2026-06-28 10:35:12] [TASK_5] [WARNING]   BVH 2022Q1 — news_count=2
[2026-06-28 10:35:12] [TASK_5] [WARNING]   BVH 2022Q2 — news_count=2
[2026-06-28 10:35:12] [TASK_5] [WARNING]   BVH 2022Q4 — news_count=4
[2026-06-28 10:35:12] [TASK_5] [WARNING]   BVH 2023Q2 — news_count=3
[2026-06-28 10:35:12] [TASK_5] [WARNING]   BVH 2023Q3 — news_count=2
[2026-06-28 10:35:12] [TASK_5] [WARNING]   BVH 2024Q1 — news_count=3
[2026-06-28 10:35:12] [TASK_5] [WARNING]   FPT 2022Q1 — news_count=3
[2026-06-28 10:35:12] [TASK_5] [WARNING]   GAS 2022Q1 — news_count=1
[2026-06-28 10:35:12] [TASK_5] [WARNING]   GAS 2022Q4 — news_count=3
[2026-06-28 10:35:12] [TASK_5] [WARNING]   GAS 2023Q2 — news_count=3
[2026-06-28 10:35:12] [TASK_5] [WARNING]   GAS 2023Q4 — news_count=3
[2026-06-28 10:35:12] [TASK_5] [WARNING]   GAS 2024Q2 — news_count=3
[2026-06-28 10:35:12] [TASK_5] [WARNING]   GVR 2022Q3 — news_count=4
[2026-06-28 10:35:12] [TASK_5] [WARNING]   GVR 2023Q1 — news_count=3
[2026-06-28 10:35:12] [TASK_5] [WARNING]   GVR 2023Q2 — news_count=4
[2026-06-28 10:35:12] [TASK_5] [WARNING]   GVR 2023Q3 — news_count=3
[2026-06-28 10:35:12] [TASK_5] [WARNING]   GVR 2024Q2 — news_count=4
[2026-06-28 10:35:12] [TASK_5] [WARNING]   GVR 2024Q3 — news_count=4
[2026-06-28 10:35:12] [TASK_5] [WARNING]   GVR 2025Q1 — news_count=3
[2026-06-28 10:35:12] [TASK_5] [WARNING]   GVR 2026Q1 — news_count=4
[2026-06-28 10:35:12] [TASK_5] [WARNING]   HDB 2022Q1 — news_count=4
[2026-06-28 10:35:12] [TASK_5] [WARNING]   HPG 2022Q1 — news_count=1
[2026-06-28 10:35:12] [TASK_5] [WARNING]   HPG 2023Q3 — news_count=4
[2026-06-28 10:35:12] [TASK_5] [WARNING]   HPG 2023Q4 — news_count=4
[2026-06-28 10:35:12] [TASK_5] [WARNING]   HPG 2024Q3 — news_count=4
[2026-06-28 10:35:12] [TASK_5] [WARNING]   HPG 2024Q4 — news_count=3
[2026-06-28 10:35:12] [TASK_5] [WARNING]   MWG 2022Q1 — news_count=2
[2026-06-28 10:35:12] [TASK_5] [WARNING]   MWG 2024Q3 — news_count=2
[2026-06-28 10:35:12] [TASK_5] [WARNING]   PLX 2022Q1 — news_count=2
[2026-06-28 10:35:12] [TASK_5] [WARNING]   PLX 2022Q2 — news_count=4
[2026-06-28 10:35:12] [TASK_5] [WARNING]   PLX 2022Q3 — news_count=1
[2026-06-28 10:35:12] [TASK_5] [WARNING]   PLX 2024Q1 — news_count=2
[2026-06-28 10:35:12] [TASK_5] [WARNING]   PLX 2024Q3 — news_count=3
[2026-06-28 10:35:12] [TASK_5] [WARNING]   PLX 2024Q4 — news_count=2
[2026-06-28 10:35:12] [TASK_5] [WARNING]   PLX 2025Q3 — news_count=2
[2026-06-28 10:35:12] [TASK_5] [WARNING]   PLX 2026Q1 — news_count=3
[2026-06-28 10:35:12] [TASK_5] [WARNING]   POW 2022Q1 — news_count=2
[2026-06-28 10:35:12] [TASK_5] [WARNING]   POW 2022Q2 — news_count=4
[2026-06-28 10:35:12] [TASK_5] [WARNING]   POW 2022Q4 — news_count=3
[2026-06-28 10:35:12] [TASK_5] [WARNING]   POW 2023Q2 — news_count=4
[2026-06-28 10:35:12] [TASK_5] [WARNING]   POW 2023Q4 — news_count=4
[2026-06-28 10:35:12] [TASK_5] [WARNING]   SAB 2022Q1 — news_count=4
[2026-06-28 10:35:12] [TASK_5] [WARNING]   SAB 2022Q2 — news_count=4
[2026-06-28 10:35:12] [TASK_5] [WARNING]   SAB 2025Q1 — news_count=3
[2026-06-28 10:35:12] [TASK_5] [WARNING]   SAB 2026Q1 — news_count=4
[2026-06-28 10:35:12] [TASK_5] [WARNING]   SHB 2022Q1 — news_count=3
[2026-06-28 10:35:12] [TASK_5] [WARNING]   SHB 2022Q2 — news_count=1
[2026-06-28 10:35:12] [TASK_5] [WARNING]   STB 2022Q1 — news_count=4
[2026-06-28 10:35:12] [TASK_5] [WARNING]   TPB 2022Q1 — news_count=2
[2026-06-28 10:35:12] [TASK_5] [WARNING]   TPB 2022Q2 — news_count=4
[2026-06-28 10:35:12] [TASK_5] [WARNING]   TPB 2022Q4 — news_count=4
[2026-06-28 10:35:12] [TASK_5] [WARNING]   TPB 2023Q3 — news_count=2
[2026-06-28 10:35:12] [TASK_5] [WARNING]   VCB 2022Q1 — news_count=4
[2026-06-28 10:35:12] [TASK_5] [WARNING]   VHM 2022Q1 — news_count=1
[2026-06-28 10:35:12] [TASK_5] [WARNING]   VHM 2022Q2 — news_count=4
[2026-06-28 10:35:12] [TASK_5] [WARNING]   VHM 2024Q1 — news_count=2
[2026-06-28 10:35:12] [TASK_5] [WARNING]   VHM 2024Q2 — news_count=4
[2026-06-28 10:35:12] [TASK_5] [WARNING]   VHM 2025Q1 — news_count=3
[2026-06-28 10:35:12] [TASK_5] [WARNING]   VHM 2025Q3 — news_count=3
[2026-06-28 10:35:12] [TASK_5] [WARNING]   VIB 2022Q1 — news_count=4
[2026-06-28 10:35:12] [TASK_5] [WARNING]   VJC 2022Q1 — news_count=4
[2026-06-28 10:35:12] [TASK_5] [WARNING]   VJC 2022Q4 — news_count=3
[2026-06-28 10:35:12] [TASK_5] [WARNING]   VJC 2023Q1 — news_count=2
[2026-06-28 10:35:12] [TASK_5] [WARNING]   VJC 2024Q1 — news_count=3
[2026-06-28 10:35:12] [TASK_5] [WARNING]   VJC 2024Q2 — news_count=2
[2026-06-28 10:35:12] [TASK_5] [WARNING]   VJC 2026Q1 — news_count=3
[2026-06-28 10:35:12] [TASK_5] [WARNING]   VNM 2022Q1 — news_count=1
[2026-06-28 10:35:12] [TASK_5] [WARNING]   VNM 2022Q3 — news_count=2
[2026-06-28 10:35:12] [TASK_5] [WARNING]   VNM 2023Q1 — news_count=2
[2026-06-28 10:35:12] [TASK_5] [WARNING]   VNM 2023Q3 — news_count=3
[2026-06-28 10:35:12] [TASK_5] [WARNING]   VNM 2025Q3 — news_count=3
[2026-06-28 10:35:12] [TASK_5] [WARNING]   VRE 2022Q1 — news_count=1
[2026-06-28 10:35:12] [TASK_5] [WARNING]   VRE 2022Q2 — news_count=4
[2026-06-28 10:35:12] [TASK_5] [WARNING]   VRE 2022Q4 — news_count=1
[2026-06-28 10:35:12] [TASK_5] [WARNING]   VRE 2023Q3 — news_count=4
[2026-06-28 10:35:12] [TASK_5] [WARNING]   VRE 2023Q4 — news_count=2
[2026-06-28 10:35:12] [TASK_5] [WARNING]   VRE 2024Q1 — news_count=4
[2026-06-28 10:35:12] [TASK_5] [WARNING]   VRE 2024Q3 — news_count=3
[2026-06-28 10:35:12] [TASK_5] [WARNING]   VRE 2025Q1 — news_count=3
[2026-06-28 10:35:12] [TASK_5] [WARNING]   VRE 2025Q4 — news_count=4
[2026-06-28 10:35:12] [TASK_5] [WARNING]   VRE 2026Q1 — news_count=4
[2026-06-28 10:35:12] [TASK_5] [INFO] ============================================================
[2026-06-28 10:35:14] [TASK_5] [INFO] Coverage heatmap saved to reports/coverage_heatmap.png
[2026-06-28 10:35:14] [TASK_5] [INFO] TASK 5 complete.
[2026-06-28 10:35:14] [TASK_5] [INFO] ------------------------------------------------------------
[2026-06-28 10:35:14] [TASK_5] [INFO] END TASK_5 — completed in 4.0 seconds
[2026-06-28 10:35:14] [TASK_5] [INFO] Output: data/aggregated/news_by_quarter.csv (554 rows)
[2026-06-28 10:35:14] [TASK_5] [INFO] Output: data/aggregated/prices_by_quarter.csv (570 rows)
[2026-06-28 10:35:14] [TASK_5] [INFO] Output: data/aggregated/master_dataset.csv (536 rows)
[2026-06-28 10:35:14] [TASK_5] [INFO] ============================================================
[2026-06-28 10:40:15] [TASK_5] [INFO] ============================================================
[2026-06-28 10:40:15] [TASK_5] [INFO] START TASK_5: Data Aggregation (group by ticker × quarter)
[2026-06-28 10:40:15] [TASK_5] [INFO] Timestamp: 2026-06-28T10:40:15.444885
[2026-06-28 10:40:15] [TASK_5] [INFO] ============================================================
[2026-06-28 10:40:15] [TASK_5] [INFO] Input: data/prices/all_vn30_prices.csv (35160 rows)
[2026-06-28 10:40:15] [TASK_5] [INFO] Input: data/news/processed/all_news_processed.csv (7492 rows)
[2026-06-28 10:40:15] [TASK_5] [INFO] ------------------------------------------------------------
[2026-06-28 10:40:15] [TASK_5] [INFO] END TASK_5 — completed in 0.0 seconds
[2026-06-28 10:40:15] [TASK_5] [INFO] ============================================================
[2026-06-28 10:40:15] [TASK_5] [INFO] ============================================================
[2026-06-28 10:40:15] [TASK_5] [INFO] START TASK_5: Data Aggregation (group by ticker × quarter)
[2026-06-28 10:40:15] [TASK_5] [INFO] Timestamp: 2026-06-28T10:40:15.705228
[2026-06-28 10:40:15] [TASK_5] [INFO] ============================================================
[2026-06-28 10:40:15] [TASK_5] [INFO] Input: data/prices/all_vn30_prices.csv (35160 rows)
[2026-06-28 10:40:15] [TASK_5] [INFO] Input: data/news/processed/all_news_processed.csv (7492 rows)
[2026-06-28 10:40:15] [TASK_5] [INFO] ------------------------------------------------------------
[2026-06-28 10:40:15] [TASK_5] [INFO] END TASK_5 — completed in 0.0 seconds
[2026-06-28 10:40:15] [TASK_5] [INFO] ============================================================
[2026-06-28 11:15:33] [TASK_5] [INFO] ============================================================
[2026-06-28 11:15:33] [TASK_5] [INFO] START TASK_5: Data Aggregation (group by ticker × quarter)
[2026-06-28 11:15:33] [TASK_5] [INFO] Timestamp: 2026-06-28T11:15:33.733223
[2026-06-28 11:15:33] [TASK_5] [INFO] ============================================================
[2026-06-28 11:15:33] [TASK_5] [INFO] Input: data/prices/all_vn30_prices.csv (35160 rows)
[2026-06-28 11:15:33] [TASK_5] [INFO] Input: data/news/processed/all_news_processed.csv (7492 rows)
[2026-06-28 11:15:35] [TASK_5] [INFO] Starting Data Aggregation (TASK 5)...
[2026-06-28 11:15:35] [TASK_5] [INFO] Loaded 35160 price rows and 7488 news articles.
[2026-06-28 11:15:35] [TASK_5] [INFO] News aggregation: 554 (ticker, quarter) pairs → data/aggregated/news_by_quarter.csv
[2026-06-28 11:15:36] [TASK_5] [INFO] Price aggregation: 570 (ticker, quarter) pairs → data/aggregated/prices_by_quarter.csv
[2026-06-28 11:15:36] [TASK_5] [INFO] Master dataset: 536 rows → data/aggregated/master_dataset.csv
[2026-06-28 11:15:36] [TASK_5] [INFO] ============================================================
[2026-06-28 11:15:36] [TASK_5] [INFO] AGGREGATION REPORT
[2026-06-28 11:15:36] [TASK_5] [INFO] ============================================================
[2026-06-28 11:15:36] [TASK_5] [INFO] Total (ticker, quarter) pairs: 536
[2026-06-28 11:15:36] [TASK_5] [INFO]   Year 2022: 118 pairs
[2026-06-28 11:15:36] [TASK_5] [INFO]   Year 2023: 119 pairs
[2026-06-28 11:15:36] [TASK_5] [INFO]   Year 2024: 119 pairs
[2026-06-28 11:15:36] [TASK_5] [INFO]   Year 2025: 120 pairs
[2026-06-28 11:15:36] [TASK_5] [INFO]   Year 2026: 60 pairs
[2026-06-28 11:15:36] [TASK_5] [WARNING] 90 (ticker, quarter) pairs have news_count < 5:
[2026-06-28 11:15:36] [TASK_5] [WARNING]   ACB 2022Q1 — news_count=1
[2026-06-28 11:15:36] [TASK_5] [WARNING]   ACB 2023Q1 — news_count=4
[2026-06-28 11:15:36] [TASK_5] [WARNING]   ACB 2023Q3 — news_count=3
[2026-06-28 11:15:36] [TASK_5] [WARNING]   ACB 2023Q4 — news_count=4
[2026-06-28 11:15:36] [TASK_5] [WARNING]   ACB 2024Q4 — news_count=1
[2026-06-28 11:15:36] [TASK_5] [WARNING]   ACB 2025Q1 — news_count=4
[2026-06-28 11:15:36] [TASK_5] [WARNING]   BCM 2022Q1 — news_count=4
[2026-06-28 11:15:36] [TASK_5] [WARNING]   BCM 2022Q4 — news_count=2
[2026-06-28 11:15:36] [TASK_5] [WARNING]   BCM 2023Q1 — news_count=4
[2026-06-28 11:15:36] [TASK_5] [WARNING]   BVH 2022Q1 — news_count=2
[2026-06-28 11:15:36] [TASK_5] [WARNING]   BVH 2022Q2 — news_count=2
[2026-06-28 11:15:36] [TASK_5] [WARNING]   BVH 2022Q4 — news_count=4
[2026-06-28 11:15:36] [TASK_5] [WARNING]   BVH 2023Q2 — news_count=3
[2026-06-28 11:15:36] [TASK_5] [WARNING]   BVH 2023Q3 — news_count=2
[2026-06-28 11:15:36] [TASK_5] [WARNING]   BVH 2024Q1 — news_count=3
[2026-06-28 11:15:36] [TASK_5] [WARNING]   FPT 2022Q1 — news_count=3
[2026-06-28 11:15:36] [TASK_5] [WARNING]   GAS 2022Q1 — news_count=1
[2026-06-28 11:15:36] [TASK_5] [WARNING]   GAS 2022Q4 — news_count=3
[2026-06-28 11:15:36] [TASK_5] [WARNING]   GAS 2023Q2 — news_count=3
[2026-06-28 11:15:36] [TASK_5] [WARNING]   GAS 2023Q4 — news_count=3
[2026-06-28 11:15:36] [TASK_5] [WARNING]   GAS 2024Q2 — news_count=3
[2026-06-28 11:15:36] [TASK_5] [WARNING]   GVR 2022Q3 — news_count=4
[2026-06-28 11:15:36] [TASK_5] [WARNING]   GVR 2023Q1 — news_count=3
[2026-06-28 11:15:36] [TASK_5] [WARNING]   GVR 2023Q2 — news_count=4
[2026-06-28 11:15:36] [TASK_5] [WARNING]   GVR 2023Q3 — news_count=3
[2026-06-28 11:15:36] [TASK_5] [WARNING]   GVR 2024Q2 — news_count=4
[2026-06-28 11:15:36] [TASK_5] [WARNING]   GVR 2024Q3 — news_count=4
[2026-06-28 11:15:36] [TASK_5] [WARNING]   GVR 2025Q1 — news_count=3
[2026-06-28 11:15:36] [TASK_5] [WARNING]   GVR 2026Q1 — news_count=4
[2026-06-28 11:15:36] [TASK_5] [WARNING]   HDB 2022Q1 — news_count=4
[2026-06-28 11:15:36] [TASK_5] [WARNING]   HPG 2022Q1 — news_count=1
[2026-06-28 11:15:36] [TASK_5] [WARNING]   HPG 2023Q3 — news_count=4
[2026-06-28 11:15:36] [TASK_5] [WARNING]   HPG 2023Q4 — news_count=4
[2026-06-28 11:15:36] [TASK_5] [WARNING]   HPG 2024Q3 — news_count=4
[2026-06-28 11:15:36] [TASK_5] [WARNING]   HPG 2024Q4 — news_count=3
[2026-06-28 11:15:36] [TASK_5] [WARNING]   MWG 2022Q1 — news_count=2
[2026-06-28 11:15:36] [TASK_5] [WARNING]   MWG 2024Q3 — news_count=2
[2026-06-28 11:15:36] [TASK_5] [WARNING]   PLX 2022Q1 — news_count=2
[2026-06-28 11:15:36] [TASK_5] [WARNING]   PLX 2022Q2 — news_count=4
[2026-06-28 11:15:36] [TASK_5] [WARNING]   PLX 2022Q3 — news_count=1
[2026-06-28 11:15:36] [TASK_5] [WARNING]   PLX 2024Q1 — news_count=2
[2026-06-28 11:15:36] [TASK_5] [WARNING]   PLX 2024Q3 — news_count=3
[2026-06-28 11:15:36] [TASK_5] [WARNING]   PLX 2024Q4 — news_count=2
[2026-06-28 11:15:36] [TASK_5] [WARNING]   PLX 2025Q3 — news_count=2
[2026-06-28 11:15:36] [TASK_5] [WARNING]   PLX 2026Q1 — news_count=3
[2026-06-28 11:15:36] [TASK_5] [WARNING]   POW 2022Q1 — news_count=2
[2026-06-28 11:15:36] [TASK_5] [WARNING]   POW 2022Q2 — news_count=4
[2026-06-28 11:15:36] [TASK_5] [WARNING]   POW 2022Q4 — news_count=3
[2026-06-28 11:15:36] [TASK_5] [WARNING]   POW 2023Q2 — news_count=4
[2026-06-28 11:15:36] [TASK_5] [WARNING]   POW 2023Q4 — news_count=4
[2026-06-28 11:15:36] [TASK_5] [WARNING]   SAB 2022Q1 — news_count=4
[2026-06-28 11:15:36] [TASK_5] [WARNING]   SAB 2022Q2 — news_count=4
[2026-06-28 11:15:36] [TASK_5] [WARNING]   SAB 2025Q1 — news_count=3
[2026-06-28 11:15:36] [TASK_5] [WARNING]   SAB 2026Q1 — news_count=4
[2026-06-28 11:15:36] [TASK_5] [WARNING]   SHB 2022Q1 — news_count=3
[2026-06-28 11:15:36] [TASK_5] [WARNING]   SHB 2022Q2 — news_count=1
[2026-06-28 11:15:36] [TASK_5] [WARNING]   STB 2022Q1 — news_count=4
[2026-06-28 11:15:36] [TASK_5] [WARNING]   TPB 2022Q1 — news_count=2
[2026-06-28 11:15:36] [TASK_5] [WARNING]   TPB 2022Q2 — news_count=4
[2026-06-28 11:15:36] [TASK_5] [WARNING]   TPB 2022Q4 — news_count=4
[2026-06-28 11:15:36] [TASK_5] [WARNING]   TPB 2023Q3 — news_count=2
[2026-06-28 11:15:36] [TASK_5] [WARNING]   VCB 2022Q1 — news_count=4
[2026-06-28 11:15:36] [TASK_5] [WARNING]   VHM 2022Q1 — news_count=1
[2026-06-28 11:15:36] [TASK_5] [WARNING]   VHM 2022Q2 — news_count=4
[2026-06-28 11:15:36] [TASK_5] [WARNING]   VHM 2024Q1 — news_count=2
[2026-06-28 11:15:36] [TASK_5] [WARNING]   VHM 2024Q2 — news_count=4
[2026-06-28 11:15:36] [TASK_5] [WARNING]   VHM 2025Q1 — news_count=3
[2026-06-28 11:15:36] [TASK_5] [WARNING]   VHM 2025Q3 — news_count=3
[2026-06-28 11:15:36] [TASK_5] [WARNING]   VIB 2022Q1 — news_count=4
[2026-06-28 11:15:36] [TASK_5] [WARNING]   VJC 2022Q1 — news_count=4
[2026-06-28 11:15:36] [TASK_5] [WARNING]   VJC 2022Q4 — news_count=3
[2026-06-28 11:15:36] [TASK_5] [WARNING]   VJC 2023Q1 — news_count=2
[2026-06-28 11:15:36] [TASK_5] [WARNING]   VJC 2024Q1 — news_count=3
[2026-06-28 11:15:36] [TASK_5] [WARNING]   VJC 2024Q2 — news_count=2
[2026-06-28 11:15:36] [TASK_5] [WARNING]   VJC 2026Q1 — news_count=3
[2026-06-28 11:15:36] [TASK_5] [WARNING]   VNM 2022Q1 — news_count=1
[2026-06-28 11:15:36] [TASK_5] [WARNING]   VNM 2022Q3 — news_count=2
[2026-06-28 11:15:36] [TASK_5] [WARNING]   VNM 2023Q1 — news_count=2
[2026-06-28 11:15:36] [TASK_5] [WARNING]   VNM 2023Q3 — news_count=3
[2026-06-28 11:15:36] [TASK_5] [WARNING]   VNM 2025Q3 — news_count=3
[2026-06-28 11:15:36] [TASK_5] [WARNING]   VRE 2022Q1 — news_count=1
[2026-06-28 11:15:36] [TASK_5] [WARNING]   VRE 2022Q2 — news_count=4
[2026-06-28 11:15:36] [TASK_5] [WARNING]   VRE 2022Q4 — news_count=1
[2026-06-28 11:15:36] [TASK_5] [WARNING]   VRE 2023Q3 — news_count=4
[2026-06-28 11:15:36] [TASK_5] [WARNING]   VRE 2023Q4 — news_count=2
[2026-06-28 11:15:36] [TASK_5] [WARNING]   VRE 2024Q1 — news_count=4
[2026-06-28 11:15:36] [TASK_5] [WARNING]   VRE 2024Q3 — news_count=3
[2026-06-28 11:15:36] [TASK_5] [WARNING]   VRE 2025Q1 — news_count=3
[2026-06-28 11:15:36] [TASK_5] [WARNING]   VRE 2025Q4 — news_count=4
[2026-06-28 11:15:36] [TASK_5] [WARNING]   VRE 2026Q1 — news_count=4
[2026-06-28 11:15:36] [TASK_5] [INFO] ============================================================
[2026-06-28 11:15:37] [TASK_5] [INFO] Coverage heatmap saved to reports/coverage_heatmap.png
[2026-06-28 11:15:37] [TASK_5] [INFO] TASK 5 complete.
[2026-06-28 11:15:37] [TASK_5] [INFO] ------------------------------------------------------------
[2026-06-28 11:15:37] [TASK_5] [INFO] END TASK_5 — completed in 3.9 seconds
[2026-06-28 11:15:37] [TASK_5] [INFO] Output: data/aggregated/news_by_quarter.csv (554 rows)
[2026-06-28 11:15:37] [TASK_5] [INFO] Output: data/aggregated/prices_by_quarter.csv (570 rows)
[2026-06-28 11:15:37] [TASK_5] [INFO] Output: data/aggregated/master_dataset.csv (536 rows)
[2026-06-28 11:15:37] [TASK_5] [INFO] ============================================================
[2026-06-28 13:54:51] [TASK_5] [INFO] ============================================================
[2026-06-28 13:54:51] [TASK_5] [INFO] START TASK_5: Data Aggregation (group by ticker × quarter)
[2026-06-28 13:54:51] [TASK_5] [INFO] Timestamp: 2026-06-28T13:54:51.839305
[2026-06-28 13:54:51] [TASK_5] [INFO] ============================================================
[2026-06-28 13:54:51] [TASK_5] [INFO] Input: data/prices/all_vn30_prices.csv (35160 rows)
[2026-06-28 13:54:51] [TASK_5] [INFO] Input: data/news/processed/all_news_processed.csv (11091 rows)
[2026-06-28 13:54:53] [TASK_5] [INFO] Starting Data Aggregation (TASK 5)...
[2026-06-28 13:54:53] [TASK_5] [INFO] Loaded 35160 price rows and 11087 news articles.
[2026-06-28 13:54:53] [TASK_5] [INFO] News aggregation: 555 (ticker, quarter) pairs → data/aggregated/news_by_quarter.csv
[2026-06-28 13:54:54] [TASK_5] [INFO] Price aggregation: 570 (ticker, quarter) pairs → data/aggregated/prices_by_quarter.csv
[2026-06-28 13:54:54] [TASK_5] [INFO] Master dataset: 537 rows → data/aggregated/master_dataset.csv
[2026-06-28 13:54:54] [TASK_5] [INFO] ============================================================
[2026-06-28 13:54:54] [TASK_5] [INFO] AGGREGATION REPORT
[2026-06-28 13:54:54] [TASK_5] [INFO] ============================================================
[2026-06-28 13:54:54] [TASK_5] [INFO] Total (ticker, quarter) pairs: 537
[2026-06-28 13:54:54] [TASK_5] [INFO]   Year 2022: 118 pairs
[2026-06-28 13:54:54] [TASK_5] [INFO]   Year 2023: 119 pairs
[2026-06-28 13:54:54] [TASK_5] [INFO]   Year 2024: 120 pairs
[2026-06-28 13:54:54] [TASK_5] [INFO]   Year 2025: 120 pairs
[2026-06-28 13:54:54] [TASK_5] [INFO]   Year 2026: 60 pairs
[2026-06-28 13:54:54] [TASK_5] [WARNING] 84 (ticker, quarter) pairs have news_count < 5:
[2026-06-28 13:54:54] [TASK_5] [WARNING]   ACB 2022Q1 — news_count=1
[2026-06-28 13:54:54] [TASK_5] [WARNING]   ACB 2023Q1 — news_count=4
[2026-06-28 13:54:54] [TASK_5] [WARNING]   ACB 2023Q3 — news_count=3
[2026-06-28 13:54:54] [TASK_5] [WARNING]   ACB 2023Q4 — news_count=4
[2026-06-28 13:54:54] [TASK_5] [WARNING]   ACB 2024Q4 — news_count=1
[2026-06-28 13:54:54] [TASK_5] [WARNING]   BCM 2022Q1 — news_count=4
[2026-06-28 13:54:54] [TASK_5] [WARNING]   BCM 2022Q4 — news_count=2
[2026-06-28 13:54:54] [TASK_5] [WARNING]   BCM 2023Q1 — news_count=4
[2026-06-28 13:54:54] [TASK_5] [WARNING]   BVH 2022Q1 — news_count=2
[2026-06-28 13:54:54] [TASK_5] [WARNING]   BVH 2022Q2 — news_count=2
[2026-06-28 13:54:54] [TASK_5] [WARNING]   BVH 2022Q4 — news_count=4
[2026-06-28 13:54:54] [TASK_5] [WARNING]   BVH 2023Q2 — news_count=3
[2026-06-28 13:54:54] [TASK_5] [WARNING]   BVH 2023Q3 — news_count=2
[2026-06-28 13:54:54] [TASK_5] [WARNING]   BVH 2024Q1 — news_count=3
[2026-06-28 13:54:54] [TASK_5] [WARNING]   FPT 2022Q1 — news_count=3
[2026-06-28 13:54:54] [TASK_5] [WARNING]   GAS 2022Q1 — news_count=1
[2026-06-28 13:54:54] [TASK_5] [WARNING]   GAS 2022Q3 — news_count=4
[2026-06-28 13:54:54] [TASK_5] [WARNING]   GAS 2022Q4 — news_count=3
[2026-06-28 13:54:54] [TASK_5] [WARNING]   GAS 2023Q2 — news_count=3
[2026-06-28 13:54:54] [TASK_5] [WARNING]   GAS 2023Q4 — news_count=3
[2026-06-28 13:54:54] [TASK_5] [WARNING]   GAS 2024Q2 — news_count=4
[2026-06-28 13:54:54] [TASK_5] [WARNING]   GVR 2022Q3 — news_count=4
[2026-06-28 13:54:54] [TASK_5] [WARNING]   GVR 2023Q1 — news_count=3
[2026-06-28 13:54:54] [TASK_5] [WARNING]   GVR 2023Q2 — news_count=4
[2026-06-28 13:54:54] [TASK_5] [WARNING]   GVR 2023Q3 — news_count=3
[2026-06-28 13:54:54] [TASK_5] [WARNING]   GVR 2024Q2 — news_count=4
[2026-06-28 13:54:54] [TASK_5] [WARNING]   GVR 2024Q3 — news_count=4
[2026-06-28 13:54:54] [TASK_5] [WARNING]   GVR 2025Q1 — news_count=3
[2026-06-28 13:54:54] [TASK_5] [WARNING]   GVR 2026Q1 — news_count=4
[2026-06-28 13:54:54] [TASK_5] [WARNING]   HDB 2022Q1 — news_count=4
[2026-06-28 13:54:54] [TASK_5] [WARNING]   HPG 2022Q1 — news_count=1
[2026-06-28 13:54:54] [TASK_5] [WARNING]   HPG 2023Q3 — news_count=4
[2026-06-28 13:54:54] [TASK_5] [WARNING]   HPG 2023Q4 — news_count=4
[2026-06-28 13:54:54] [TASK_5] [WARNING]   HPG 2024Q3 — news_count=3
[2026-06-28 13:54:54] [TASK_5] [WARNING]   MWG 2022Q1 — news_count=2
[2026-06-28 13:54:54] [TASK_5] [WARNING]   PLX 2022Q1 — news_count=2
[2026-06-28 13:54:54] [TASK_5] [WARNING]   PLX 2022Q2 — news_count=4
[2026-06-28 13:54:54] [TASK_5] [WARNING]   PLX 2022Q3 — news_count=1
[2026-06-28 13:54:54] [TASK_5] [WARNING]   PLX 2024Q1 — news_count=2
[2026-06-28 13:54:54] [TASK_5] [WARNING]   PLX 2024Q3 — news_count=3
[2026-06-28 13:54:54] [TASK_5] [WARNING]   PLX 2024Q4 — news_count=2
[2026-06-28 13:54:54] [TASK_5] [WARNING]   PLX 2026Q1 — news_count=3
[2026-06-28 13:54:54] [TASK_5] [WARNING]   POW 2022Q1 — news_count=2
[2026-06-28 13:54:54] [TASK_5] [WARNING]   POW 2022Q2 — news_count=4
[2026-06-28 13:54:54] [TASK_5] [WARNING]   POW 2022Q4 — news_count=3
[2026-06-28 13:54:54] [TASK_5] [WARNING]   POW 2023Q2 — news_count=4
[2026-06-28 13:54:54] [TASK_5] [WARNING]   POW 2023Q4 — news_count=4
[2026-06-28 13:54:54] [TASK_5] [WARNING]   SAB 2022Q1 — news_count=4
[2026-06-28 13:54:54] [TASK_5] [WARNING]   SAB 2022Q2 — news_count=4
[2026-06-28 13:54:54] [TASK_5] [WARNING]   SAB 2026Q1 — news_count=4
[2026-06-28 13:54:54] [TASK_5] [WARNING]   SHB 2022Q1 — news_count=3
[2026-06-28 13:54:54] [TASK_5] [WARNING]   SHB 2022Q2 — news_count=1
[2026-06-28 13:54:54] [TASK_5] [WARNING]   STB 2022Q1 — news_count=4
[2026-06-28 13:54:54] [TASK_5] [WARNING]   TPB 2022Q1 — news_count=2
[2026-06-28 13:54:54] [TASK_5] [WARNING]   TPB 2022Q2 — news_count=4
[2026-06-28 13:54:54] [TASK_5] [WARNING]   TPB 2022Q4 — news_count=4
[2026-06-28 13:54:54] [TASK_5] [WARNING]   TPB 2023Q3 — news_count=2
[2026-06-28 13:54:54] [TASK_5] [WARNING]   VCB 2022Q1 — news_count=4
[2026-06-28 13:54:54] [TASK_5] [WARNING]   VHM 2022Q1 — news_count=1
[2026-06-28 13:54:54] [TASK_5] [WARNING]   VHM 2022Q2 — news_count=4
[2026-06-28 13:54:54] [TASK_5] [WARNING]   VHM 2024Q1 — news_count=2
[2026-06-28 13:54:54] [TASK_5] [WARNING]   VHM 2024Q2 — news_count=4
[2026-06-28 13:54:54] [TASK_5] [WARNING]   VHM 2025Q3 — news_count=4
[2026-06-28 13:54:54] [TASK_5] [WARNING]   VIB 2022Q1 — news_count=4
[2026-06-28 13:54:54] [TASK_5] [WARNING]   VJC 2022Q1 — news_count=4
[2026-06-28 13:54:54] [TASK_5] [WARNING]   VJC 2022Q4 — news_count=3
[2026-06-28 13:54:54] [TASK_5] [WARNING]   VJC 2023Q1 — news_count=2
[2026-06-28 13:54:54] [TASK_5] [WARNING]   VJC 2024Q1 — news_count=3
[2026-06-28 13:54:54] [TASK_5] [WARNING]   VJC 2024Q2 — news_count=2
[2026-06-28 13:54:54] [TASK_5] [WARNING]   VJC 2026Q1 — news_count=3
[2026-06-28 13:54:54] [TASK_5] [WARNING]   VNM 2022Q1 — news_count=1
[2026-06-28 13:54:54] [TASK_5] [WARNING]   VNM 2022Q3 — news_count=2
[2026-06-28 13:54:54] [TASK_5] [WARNING]   VNM 2023Q1 — news_count=2
[2026-06-28 13:54:54] [TASK_5] [WARNING]   VNM 2023Q3 — news_count=3
[2026-06-28 13:54:54] [TASK_5] [WARNING]   VRE 2022Q1 — news_count=1
[2026-06-28 13:54:54] [TASK_5] [WARNING]   VRE 2022Q2 — news_count=4
[2026-06-28 13:54:54] [TASK_5] [WARNING]   VRE 2022Q4 — news_count=2
[2026-06-28 13:54:54] [TASK_5] [WARNING]   VRE 2023Q3 — news_count=4
[2026-06-28 13:54:54] [TASK_5] [WARNING]   VRE 2023Q4 — news_count=2
[2026-06-28 13:54:54] [TASK_5] [WARNING]   VRE 2024Q1 — news_count=4
[2026-06-28 13:54:54] [TASK_5] [WARNING]   VRE 2024Q3 — news_count=3
[2026-06-28 13:54:54] [TASK_5] [WARNING]   VRE 2024Q4 — news_count=2
[2026-06-28 13:54:54] [TASK_5] [WARNING]   VRE 2025Q1 — news_count=4
[2026-06-28 13:54:54] [TASK_5] [WARNING]   VRE 2026Q1 — news_count=4
[2026-06-28 13:54:54] [TASK_5] [INFO] ============================================================
[2026-06-28 13:54:55] [TASK_5] [INFO] Coverage heatmap saved to reports/coverage_heatmap.png
[2026-06-28 13:54:55] [TASK_5] [INFO] TASK 5 complete.
[2026-06-28 13:54:55] [TASK_5] [INFO] ------------------------------------------------------------
[2026-06-28 13:54:55] [TASK_5] [INFO] END TASK_5 — completed in 3.6 seconds
[2026-06-28 13:54:55] [TASK_5] [INFO] Output: data/aggregated/news_by_quarter.csv (555 rows)
[2026-06-28 13:54:55] [TASK_5] [INFO] Output: data/aggregated/prices_by_quarter.csv (570 rows)
[2026-06-28 13:54:55] [TASK_5] [INFO] Output: data/aggregated/master_dataset.csv (537 rows)
[2026-06-28 13:54:55] [TASK_5] [INFO] ============================================================
[2026-06-28 13:55:23] [TASK_5] [INFO] ============================================================
[2026-06-28 13:55:23] [TASK_5] [INFO] START TASK_5: Data Aggregation (group by ticker × quarter)
[2026-06-28 13:55:23] [TASK_5] [INFO] Timestamp: 2026-06-28T13:55:23.786173
[2026-06-28 13:55:23] [TASK_5] [INFO] ============================================================
[2026-06-28 13:55:23] [TASK_5] [INFO] Input: data/prices/all_vn30_prices.csv (35160 rows)
[2026-06-28 13:55:23] [TASK_5] [INFO] Input: data/news/processed/all_news_processed.csv (11091 rows)
[2026-06-28 13:55:25] [TASK_5] [INFO] Starting Data Aggregation (TASK 5)...
[2026-06-28 13:55:25] [TASK_5] [INFO] Loaded 35160 price rows and 11087 news articles.
[2026-06-28 13:55:25] [TASK_5] [INFO] News aggregation: 555 (ticker, quarter) pairs → data/aggregated/news_by_quarter.csv
[2026-06-28 13:55:26] [TASK_5] [INFO] Price aggregation: 570 (ticker, quarter) pairs → data/aggregated/prices_by_quarter.csv
[2026-06-28 13:55:26] [TASK_5] [INFO] Master dataset: 537 rows → data/aggregated/master_dataset.csv
[2026-06-28 13:55:26] [TASK_5] [INFO] ============================================================
[2026-06-28 13:55:26] [TASK_5] [INFO] AGGREGATION REPORT
[2026-06-28 13:55:26] [TASK_5] [INFO] ============================================================
[2026-06-28 13:55:26] [TASK_5] [INFO] Total (ticker, quarter) pairs: 537
[2026-06-28 13:55:26] [TASK_5] [INFO]   Year 2022: 118 pairs
[2026-06-28 13:55:26] [TASK_5] [INFO]   Year 2023: 119 pairs
[2026-06-28 13:55:26] [TASK_5] [INFO]   Year 2024: 120 pairs
[2026-06-28 13:55:26] [TASK_5] [INFO]   Year 2025: 120 pairs
[2026-06-28 13:55:26] [TASK_5] [INFO]   Year 2026: 60 pairs
[2026-06-28 13:55:26] [TASK_5] [WARNING] 84 (ticker, quarter) pairs have news_count < 5:
[2026-06-28 13:55:26] [TASK_5] [WARNING]   ACB 2022Q1 — news_count=1
[2026-06-28 13:55:26] [TASK_5] [WARNING]   ACB 2023Q1 — news_count=4
[2026-06-28 13:55:26] [TASK_5] [WARNING]   ACB 2023Q3 — news_count=3
[2026-06-28 13:55:26] [TASK_5] [WARNING]   ACB 2023Q4 — news_count=4
[2026-06-28 13:55:26] [TASK_5] [WARNING]   ACB 2024Q4 — news_count=1
[2026-06-28 13:55:26] [TASK_5] [WARNING]   BCM 2022Q1 — news_count=4
[2026-06-28 13:55:26] [TASK_5] [WARNING]   BCM 2022Q4 — news_count=2
[2026-06-28 13:55:26] [TASK_5] [WARNING]   BCM 2023Q1 — news_count=4
[2026-06-28 13:55:26] [TASK_5] [WARNING]   BVH 2022Q1 — news_count=2
[2026-06-28 13:55:26] [TASK_5] [WARNING]   BVH 2022Q2 — news_count=2
[2026-06-28 13:55:26] [TASK_5] [WARNING]   BVH 2022Q4 — news_count=4
[2026-06-28 13:55:26] [TASK_5] [WARNING]   BVH 2023Q2 — news_count=3
[2026-06-28 13:55:26] [TASK_5] [WARNING]   BVH 2023Q3 — news_count=2
[2026-06-28 13:55:26] [TASK_5] [WARNING]   BVH 2024Q1 — news_count=3
[2026-06-28 13:55:26] [TASK_5] [WARNING]   FPT 2022Q1 — news_count=3
[2026-06-28 13:55:26] [TASK_5] [WARNING]   GAS 2022Q1 — news_count=1
[2026-06-28 13:55:26] [TASK_5] [WARNING]   GAS 2022Q3 — news_count=4
[2026-06-28 13:55:26] [TASK_5] [WARNING]   GAS 2022Q4 — news_count=3
[2026-06-28 13:55:26] [TASK_5] [WARNING]   GAS 2023Q2 — news_count=3
[2026-06-28 13:55:26] [TASK_5] [WARNING]   GAS 2023Q4 — news_count=3
[2026-06-28 13:55:26] [TASK_5] [WARNING]   GAS 2024Q2 — news_count=4
[2026-06-28 13:55:26] [TASK_5] [WARNING]   GVR 2022Q3 — news_count=4
[2026-06-28 13:55:26] [TASK_5] [WARNING]   GVR 2023Q1 — news_count=3
[2026-06-28 13:55:26] [TASK_5] [WARNING]   GVR 2023Q2 — news_count=4
[2026-06-28 13:55:26] [TASK_5] [WARNING]   GVR 2023Q3 — news_count=3
[2026-06-28 13:55:26] [TASK_5] [WARNING]   GVR 2024Q2 — news_count=4
[2026-06-28 13:55:26] [TASK_5] [WARNING]   GVR 2024Q3 — news_count=4
[2026-06-28 13:55:26] [TASK_5] [WARNING]   GVR 2025Q1 — news_count=3
[2026-06-28 13:55:26] [TASK_5] [WARNING]   GVR 2026Q1 — news_count=4
[2026-06-28 13:55:26] [TASK_5] [WARNING]   HDB 2022Q1 — news_count=4
[2026-06-28 13:55:26] [TASK_5] [WARNING]   HPG 2022Q1 — news_count=1
[2026-06-28 13:55:26] [TASK_5] [WARNING]   HPG 2023Q3 — news_count=4
[2026-06-28 13:55:26] [TASK_5] [WARNING]   HPG 2023Q4 — news_count=4
[2026-06-28 13:55:26] [TASK_5] [WARNING]   HPG 2024Q3 — news_count=3
[2026-06-28 13:55:26] [TASK_5] [WARNING]   MWG 2022Q1 — news_count=2
[2026-06-28 13:55:26] [TASK_5] [WARNING]   PLX 2022Q1 — news_count=2
[2026-06-28 13:55:26] [TASK_5] [WARNING]   PLX 2022Q2 — news_count=4
[2026-06-28 13:55:26] [TASK_5] [WARNING]   PLX 2022Q3 — news_count=1
[2026-06-28 13:55:26] [TASK_5] [WARNING]   PLX 2024Q1 — news_count=2
[2026-06-28 13:55:26] [TASK_5] [WARNING]   PLX 2024Q3 — news_count=3
[2026-06-28 13:55:26] [TASK_5] [WARNING]   PLX 2024Q4 — news_count=2
[2026-06-28 13:55:26] [TASK_5] [WARNING]   PLX 2026Q1 — news_count=3
[2026-06-28 13:55:26] [TASK_5] [WARNING]   POW 2022Q1 — news_count=2
[2026-06-28 13:55:26] [TASK_5] [WARNING]   POW 2022Q2 — news_count=4
[2026-06-28 13:55:26] [TASK_5] [WARNING]   POW 2022Q4 — news_count=3
[2026-06-28 13:55:26] [TASK_5] [WARNING]   POW 2023Q2 — news_count=4
[2026-06-28 13:55:26] [TASK_5] [WARNING]   POW 2023Q4 — news_count=4
[2026-06-28 13:55:26] [TASK_5] [WARNING]   SAB 2022Q1 — news_count=4
[2026-06-28 13:55:26] [TASK_5] [WARNING]   SAB 2022Q2 — news_count=4
[2026-06-28 13:55:26] [TASK_5] [WARNING]   SAB 2026Q1 — news_count=4
[2026-06-28 13:55:26] [TASK_5] [WARNING]   SHB 2022Q1 — news_count=3
[2026-06-28 13:55:26] [TASK_5] [WARNING]   SHB 2022Q2 — news_count=1
[2026-06-28 13:55:26] [TASK_5] [WARNING]   STB 2022Q1 — news_count=4
[2026-06-28 13:55:26] [TASK_5] [WARNING]   TPB 2022Q1 — news_count=2
[2026-06-28 13:55:26] [TASK_5] [WARNING]   TPB 2022Q2 — news_count=4
[2026-06-28 13:55:26] [TASK_5] [WARNING]   TPB 2022Q4 — news_count=4
[2026-06-28 13:55:26] [TASK_5] [WARNING]   TPB 2023Q3 — news_count=2
[2026-06-28 13:55:26] [TASK_5] [WARNING]   VCB 2022Q1 — news_count=4
[2026-06-28 13:55:26] [TASK_5] [WARNING]   VHM 2022Q1 — news_count=1
[2026-06-28 13:55:26] [TASK_5] [WARNING]   VHM 2022Q2 — news_count=4
[2026-06-28 13:55:26] [TASK_5] [WARNING]   VHM 2024Q1 — news_count=2
[2026-06-28 13:55:26] [TASK_5] [WARNING]   VHM 2024Q2 — news_count=4
[2026-06-28 13:55:26] [TASK_5] [WARNING]   VHM 2025Q3 — news_count=4
[2026-06-28 13:55:26] [TASK_5] [WARNING]   VIB 2022Q1 — news_count=4
[2026-06-28 13:55:26] [TASK_5] [WARNING]   VJC 2022Q1 — news_count=4
[2026-06-28 13:55:26] [TASK_5] [WARNING]   VJC 2022Q4 — news_count=3
[2026-06-28 13:55:26] [TASK_5] [WARNING]   VJC 2023Q1 — news_count=2
[2026-06-28 13:55:26] [TASK_5] [WARNING]   VJC 2024Q1 — news_count=3
[2026-06-28 13:55:26] [TASK_5] [WARNING]   VJC 2024Q2 — news_count=2
[2026-06-28 13:55:26] [TASK_5] [WARNING]   VJC 2026Q1 — news_count=3
[2026-06-28 13:55:26] [TASK_5] [WARNING]   VNM 2022Q1 — news_count=1
[2026-06-28 13:55:26] [TASK_5] [WARNING]   VNM 2022Q3 — news_count=2
[2026-06-28 13:55:26] [TASK_5] [WARNING]   VNM 2023Q1 — news_count=2
[2026-06-28 13:55:26] [TASK_5] [WARNING]   VNM 2023Q3 — news_count=3
[2026-06-28 13:55:26] [TASK_5] [WARNING]   VRE 2022Q1 — news_count=1
[2026-06-28 13:55:26] [TASK_5] [WARNING]   VRE 2022Q2 — news_count=4
[2026-06-28 13:55:26] [TASK_5] [WARNING]   VRE 2022Q4 — news_count=2
[2026-06-28 13:55:26] [TASK_5] [WARNING]   VRE 2023Q3 — news_count=4
[2026-06-28 13:55:26] [TASK_5] [WARNING]   VRE 2023Q4 — news_count=2
[2026-06-28 13:55:26] [TASK_5] [WARNING]   VRE 2024Q1 — news_count=4
[2026-06-28 13:55:26] [TASK_5] [WARNING]   VRE 2024Q3 — news_count=3
[2026-06-28 13:55:26] [TASK_5] [WARNING]   VRE 2024Q4 — news_count=2
[2026-06-28 13:55:26] [TASK_5] [WARNING]   VRE 2025Q1 — news_count=4
[2026-06-28 13:55:26] [TASK_5] [WARNING]   VRE 2026Q1 — news_count=4
[2026-06-28 13:55:26] [TASK_5] [INFO] ============================================================
[2026-06-28 13:55:28] [TASK_5] [INFO] Coverage heatmap saved to reports/coverage_heatmap.png
[2026-06-28 13:55:28] [TASK_5] [INFO] TASK 5 complete.
[2026-06-28 13:55:28] [TASK_5] [INFO] ------------------------------------------------------------
[2026-06-28 13:55:28] [TASK_5] [INFO] END TASK_5 — completed in 4.2 seconds
[2026-06-28 13:55:28] [TASK_5] [INFO] Output: data/aggregated/news_by_quarter.csv (555 rows)
[2026-06-28 13:55:28] [TASK_5] [INFO] Output: data/aggregated/prices_by_quarter.csv (570 rows)
[2026-06-28 13:55:28] [TASK_5] [INFO] Output: data/aggregated/master_dataset.csv (537 rows)
[2026-06-28 13:55:28] [TASK_5] [INFO] ============================================================
[2026-06-28 14:04:24] [TASK_5] [INFO] ============================================================
[2026-06-28 14:04:24] [TASK_5] [INFO] START TASK_5: Data Aggregation (group by ticker × quarter)
[2026-06-28 14:04:24] [TASK_5] [INFO] Timestamp: 2026-06-28T14:04:24.058915
[2026-06-28 14:04:24] [TASK_5] [INFO] ============================================================
[2026-06-28 14:04:24] [TASK_5] [INFO] Input: data/prices/all_vn30_prices.csv (35160 rows)
[2026-06-28 14:04:24] [TASK_5] [INFO] Input: data/news/processed/all_news_processed.csv (11091 rows)
[2026-06-28 14:04:24] [TASK_5] [INFO] ------------------------------------------------------------
[2026-06-28 14:04:24] [TASK_5] [INFO] END TASK_5 — completed in 0.0 seconds
[2026-06-28 14:04:24] [TASK_5] [INFO] ============================================================
[2026-06-28 14:04:24] [TASK_5] [INFO] ============================================================
[2026-06-28 14:04:24] [TASK_5] [INFO] START TASK_5: Data Aggregation (group by ticker × quarter)
[2026-06-28 14:04:24] [TASK_5] [INFO] Timestamp: 2026-06-28T14:04:24.316225
[2026-06-28 14:04:24] [TASK_5] [INFO] ============================================================
[2026-06-28 14:04:24] [TASK_5] [INFO] Input: data/prices/all_vn30_prices.csv (35160 rows)
[2026-06-28 14:04:24] [TASK_5] [INFO] Input: data/news/processed/all_news_processed.csv (11091 rows)
[2026-06-28 14:04:24] [TASK_5] [INFO] ------------------------------------------------------------
[2026-06-28 14:04:24] [TASK_5] [INFO] END TASK_5 — completed in 0.0 seconds
[2026-06-28 14:04:24] [TASK_5] [INFO] ============================================================
