[2026-07-07 06:28:37] [TASK_9] [INFO] ============================================================
[2026-07-07 06:28:37] [TASK_9] [INFO] START TASK_9: Keyword Feature Extraction (TF-IDF, sentiment scores)
[2026-07-07 06:28:37] [TASK_9] [INFO] Timestamp: 2026-07-07T06:28:37.484559
[2026-07-07 06:28:37] [TASK_9] [INFO] ============================================================
[2026-07-07 06:28:39] [TASK_9] [INFO] Input: data/aggregated/news_by_quarter.csv (1450 rows)
[2026-07-07 06:28:39] [TASK_9] [INFO] ------------------------------------------------------------
[2026-07-07 06:28:39] [TASK_9] [INFO] END TASK_9 — completed in 0.0 seconds
[2026-07-07 06:28:39] [TASK_9] [INFO] ============================================================
[2026-07-07 06:28:58] [TASK_9] [INFO] ============================================================
[2026-07-07 06:28:58] [TASK_9] [INFO] START TASK_9: Keyword Feature Extraction (TF-IDF, sentiment scores)
[2026-07-07 06:28:58] [TASK_9] [INFO] Timestamp: 2026-07-07T06:28:58.210355
[2026-07-07 06:28:58] [TASK_9] [INFO] ============================================================
[2026-07-07 06:28:59] [TASK_9] [INFO] Input: data/aggregated/news_by_quarter.csv (1450 rows)
[2026-07-07 06:28:59] [TASK_9] [INFO] ------------------------------------------------------------
[2026-07-07 06:28:59] [TASK_9] [INFO] END TASK_9 — completed in 0.0 seconds
[2026-07-07 06:28:59] [TASK_9] [INFO] ============================================================
[2026-07-07 06:35:55] [TASK_9] [INFO] ============================================================
[2026-07-07 06:35:55] [TASK_9] [INFO] START TASK_9: Keyword Feature Extraction (TF-IDF, sentiment scores)
[2026-07-07 06:35:55] [TASK_9] [INFO] Timestamp: 2026-07-07T06:35:55.087870
[2026-07-07 06:35:55] [TASK_9] [INFO] ============================================================
[2026-07-07 06:35:56] [TASK_9] [INFO] Input: data/aggregated/news_by_quarter.csv (1450 rows)
[2026-07-07 06:35:56] [TASK_9] [INFO] ------------------------------------------------------------
[2026-07-07 06:35:56] [TASK_9] [INFO] END TASK_9 — completed in 0.0 seconds
[2026-07-07 06:35:56] [TASK_9] [INFO] ============================================================
[2026-07-07 06:36:12] [TASK_9] [INFO] ============================================================
[2026-07-07 06:36:12] [TASK_9] [INFO] START TASK_9: Keyword Feature Extraction (TF-IDF, sentiment scores)
[2026-07-07 06:36:12] [TASK_9] [INFO] Timestamp: 2026-07-07T06:36:12.515059
[2026-07-07 06:36:12] [TASK_9] [INFO] ============================================================
[2026-07-07 06:36:14] [TASK_9] [INFO] Input: data/aggregated/news_by_quarter.csv (1450 rows)
[2026-07-07 06:36:14] [TASK_9] [INFO] ------------------------------------------------------------
[2026-07-07 06:36:14] [TASK_9] [INFO] END TASK_9 — completed in 0.0 seconds
[2026-07-07 06:36:14] [TASK_9] [INFO] ============================================================
