[2026-07-03 13:37:09] [TASK_6] [INFO] ============================================================
[2026-07-03 13:37:09] [TASK_6] [INFO] START TASK_6: Label Building (binary classification labels)
[2026-07-03 13:37:09] [TASK_6] [INFO] Timestamp: 2026-07-03T13:37:09.296474
[2026-07-03 13:37:09] [TASK_6] [INFO] ============================================================
[2026-07-03 13:37:09] [TASK_6] [INFO] Input: data/aggregated/master_dataset.csv (1428 rows)
[2026-07-03 13:37:09] [TASK_6] [INFO] ------------------------------------------------------------
[2026-07-03 13:37:09] [TASK_6] [INFO] END TASK_6 — completed in 0.0 seconds
[2026-07-03 13:37:09] [TASK_6] [INFO] ============================================================
[2026-07-03 13:37:10] [TASK_6] [INFO] ============================================================
[2026-07-03 13:37:10] [TASK_6] [INFO] START TASK_6: Label Building (binary classification labels)
[2026-07-03 13:37:10] [TASK_6] [INFO] Timestamp: 2026-07-03T13:37:10.019358
[2026-07-03 13:37:10] [TASK_6] [INFO] ============================================================
[2026-07-03 13:37:10] [TASK_6] [INFO] Input: data/aggregated/master_dataset.csv (1428 rows)
[2026-07-03 13:37:10] [TASK_6] [INFO] ------------------------------------------------------------
[2026-07-03 13:37:10] [TASK_6] [INFO] END TASK_6 — completed in 0.0 seconds
[2026-07-03 13:37:10] [TASK_6] [INFO] ============================================================
[2026-07-03 13:38:46] [TASK_6] [INFO] ============================================================
[2026-07-03 13:38:46] [TASK_6] [INFO] START TASK_6: Label Building (binary classification labels)
[2026-07-03 13:38:46] [TASK_6] [INFO] Timestamp: 2026-07-03T13:38:46.807686
[2026-07-03 13:38:46] [TASK_6] [INFO] ============================================================
[2026-07-03 13:38:46] [TASK_6] [INFO] Input: data/aggregated/master_dataset.csv (1428 rows)
[2026-07-03 13:38:46] [TASK_6] [INFO] ------------------------------------------------------------
[2026-07-03 13:38:46] [TASK_6] [INFO] END TASK_6 — completed in 0.0 seconds
[2026-07-03 13:38:46] [TASK_6] [INFO] ============================================================
[2026-07-03 13:38:47] [TASK_6] [INFO] ============================================================
[2026-07-03 13:38:47] [TASK_6] [INFO] START TASK_6: Label Building (binary classification labels)
[2026-07-03 13:38:47] [TASK_6] [INFO] Timestamp: 2026-07-03T13:38:47.450022
[2026-07-03 13:38:47] [TASK_6] [INFO] ============================================================
[2026-07-03 13:38:47] [TASK_6] [INFO] Input: data/aggregated/master_dataset.csv (1428 rows)
[2026-07-03 13:38:47] [TASK_6] [INFO] ------------------------------------------------------------
[2026-07-03 13:38:47] [TASK_6] [INFO] END TASK_6 — completed in 0.0 seconds
[2026-07-03 13:38:47] [TASK_6] [INFO] ============================================================
[2026-07-03 14:23:48] [TASK_6] [INFO] ============================================================
[2026-07-03 14:23:48] [TASK_6] [INFO] START TASK_6: Label Building (binary classification labels)
[2026-07-03 14:23:48] [TASK_6] [INFO] Timestamp: 2026-07-03T14:23:48.163988
[2026-07-03 14:23:48] [TASK_6] [INFO] ============================================================
[2026-07-03 14:23:48] [TASK_6] [INFO] Input: data/aggregated/master_dataset.csv (1428 rows)
[2026-07-03 14:23:48] [TASK_6] [INFO] ------------------------------------------------------------
[2026-07-03 14:23:48] [TASK_6] [INFO] END TASK_6 — completed in 0.0 seconds
[2026-07-03 14:23:48] [TASK_6] [INFO] ============================================================
[2026-07-03 14:23:48] [TASK_6] [INFO] ============================================================
[2026-07-03 14:23:48] [TASK_6] [INFO] START TASK_6: Label Building (binary classification labels)
[2026-07-03 14:23:48] [TASK_6] [INFO] Timestamp: 2026-07-03T14:23:48.840431
[2026-07-03 14:23:48] [TASK_6] [INFO] ============================================================
[2026-07-03 14:23:48] [TASK_6] [INFO] Input: data/aggregated/master_dataset.csv (1428 rows)
[2026-07-03 14:23:48] [TASK_6] [INFO] ------------------------------------------------------------
[2026-07-03 14:23:48] [TASK_6] [INFO] END TASK_6 — completed in 0.0 seconds
[2026-07-03 14:23:48] [TASK_6] [INFO] ============================================================
