[2026-07-08 21:53:34] [TASK_7] [INFO] ============================================================
[2026-07-08 21:53:34] [TASK_7] [INFO] START TASK_7: Technical Feature Extraction (RSI, MACD, BB, SMA, EMA)
[2026-07-08 21:53:34] [TASK_7] [INFO] Timestamp: 2026-07-08T21:53:34.216077
[2026-07-08 21:53:34] [TASK_7] [INFO] ============================================================
[2026-07-08 21:53:34] [TASK_7] [INFO] Input: data/prices/all_vn30_prices.csv (93824 rows)
[2026-07-08 21:53:34] [TASK_7] [INFO] ------------------------------------------------------------
[2026-07-08 21:53:34] [TASK_7] [INFO] END TASK_7 — completed in 0.0 seconds
[2026-07-08 21:53:34] [TASK_7] [INFO] ============================================================
[2026-07-08 21:53:51] [TASK_7] [INFO] ============================================================
[2026-07-08 21:53:51] [TASK_7] [INFO] START TASK_7: Technical Feature Extraction (RSI, MACD, BB, SMA, EMA)
[2026-07-08 21:53:51] [TASK_7] [INFO] Timestamp: 2026-07-08T21:53:51.825359
[2026-07-08 21:53:51] [TASK_7] [INFO] ============================================================
[2026-07-08 21:53:51] [TASK_7] [INFO] Input: data/prices/all_vn30_prices.csv (93824 rows)
[2026-07-08 21:53:51] [TASK_7] [INFO] ------------------------------------------------------------
[2026-07-08 21:53:51] [TASK_7] [INFO] END TASK_7 — completed in 0.0 seconds
[2026-07-08 21:53:51] [TASK_7] [INFO] ============================================================
[2026-07-08 21:56:27] [TASK_7] [INFO] ============================================================
[2026-07-08 21:56:27] [TASK_7] [INFO] START TASK_7: Technical Feature Extraction (RSI, MACD, BB, SMA, EMA)
[2026-07-08 21:56:27] [TASK_7] [INFO] Timestamp: 2026-07-08T21:56:27.038918
[2026-07-08 21:56:27] [TASK_7] [INFO] ============================================================
[2026-07-08 21:56:27] [TASK_7] [INFO] Input: data/prices/all_vn30_prices.csv (93824 rows)
[2026-07-08 21:56:27] [TASK_7] [INFO] ------------------------------------------------------------
[2026-07-08 21:56:27] [TASK_7] [INFO] END TASK_7 — completed in 0.0 seconds
[2026-07-08 21:56:27] [TASK_7] [INFO] ============================================================
[2026-07-08 21:56:44] [TASK_7] [INFO] ============================================================
[2026-07-08 21:56:44] [TASK_7] [INFO] START TASK_7: Technical Feature Extraction (RSI, MACD, BB, SMA, EMA)
[2026-07-08 21:56:44] [TASK_7] [INFO] Timestamp: 2026-07-08T21:56:44.247108
[2026-07-08 21:56:44] [TASK_7] [INFO] ============================================================
[2026-07-08 21:56:44] [TASK_7] [INFO] Input: data/prices/all_vn30_prices.csv (93824 rows)
[2026-07-08 21:56:44] [TASK_7] [INFO] ------------------------------------------------------------
[2026-07-08 21:56:44] [TASK_7] [INFO] END TASK_7 — completed in 0.0 seconds
[2026-07-08 21:56:44] [TASK_7] [INFO] ============================================================
[2026-07-08 21:58:57] [TASK_7] [INFO] ============================================================
[2026-07-08 21:58:57] [TASK_7] [INFO] START TASK_7: Technical Feature Extraction (RSI, MACD, BB, SMA, EMA)
[2026-07-08 21:58:57] [TASK_7] [INFO] Timestamp: 2026-07-08T21:58:57.994504
[2026-07-08 21:58:57] [TASK_7] [INFO] ============================================================
[2026-07-08 21:58:58] [TASK_7] [INFO] Input: data/prices/all_vn30_prices.csv (93824 rows)
[2026-07-08 21:58:58] [TASK_7] [INFO] ------------------------------------------------------------
[2026-07-08 21:58:58] [TASK_7] [INFO] END TASK_7 — completed in 0.0 seconds
[2026-07-08 21:58:58] [TASK_7] [INFO] ============================================================
[2026-07-08 21:59:17] [TASK_7] [INFO] ============================================================
[2026-07-08 21:59:17] [TASK_7] [INFO] START TASK_7: Technical Feature Extraction (RSI, MACD, BB, SMA, EMA)
[2026-07-08 21:59:17] [TASK_7] [INFO] Timestamp: 2026-07-08T21:59:17.723066
[2026-07-08 21:59:17] [TASK_7] [INFO] ============================================================
[2026-07-08 21:59:17] [TASK_7] [INFO] Input: data/prices/all_vn30_prices.csv (93824 rows)
[2026-07-08 21:59:17] [TASK_7] [INFO] ------------------------------------------------------------
[2026-07-08 21:59:17] [TASK_7] [INFO] END TASK_7 — completed in 0.0 seconds
[2026-07-08 21:59:17] [TASK_7] [INFO] ============================================================
[2026-07-08 22:03:06] [TASK_7] [INFO] ============================================================
[2026-07-08 22:03:06] [TASK_7] [INFO] START TASK_7: Technical Feature Extraction (RSI, MACD, BB, SMA, EMA)
[2026-07-08 22:03:06] [TASK_7] [INFO] Timestamp: 2026-07-08T22:03:06.932849
[2026-07-08 22:03:06] [TASK_7] [INFO] ============================================================
[2026-07-08 22:03:06] [TASK_7] [INFO] Input: data/prices/all_vn30_prices.csv (93824 rows)
[2026-07-08 22:03:06] [TASK_7] [INFO] ------------------------------------------------------------
[2026-07-08 22:03:06] [TASK_7] [INFO] END TASK_7 — completed in 0.0 seconds
[2026-07-08 22:03:06] [TASK_7] [INFO] ============================================================
[2026-07-08 22:03:25] [TASK_7] [INFO] ============================================================
[2026-07-08 22:03:25] [TASK_7] [INFO] START TASK_7: Technical Feature Extraction (RSI, MACD, BB, SMA, EMA)
[2026-07-08 22:03:25] [TASK_7] [INFO] Timestamp: 2026-07-08T22:03:25.258414
[2026-07-08 22:03:25] [TASK_7] [INFO] ============================================================
[2026-07-08 22:03:25] [TASK_7] [INFO] Input: data/prices/all_vn30_prices.csv (93824 rows)
[2026-07-08 22:03:25] [TASK_7] [INFO] ------------------------------------------------------------
[2026-07-08 22:03:25] [TASK_7] [INFO] END TASK_7 — completed in 0.0 seconds
[2026-07-08 22:03:25] [TASK_7] [INFO] ============================================================
