[2026-07-04 21:25:49] [TASK_5] [INFO] ============================================================
[2026-07-04 21:25:49] [TASK_5] [INFO] START TASK_5: Data Aggregation (group by ticker × quarter)
[2026-07-04 21:25:49] [TASK_5] [INFO] Timestamp: 2026-07-04T21:25:49.706103
[2026-07-04 21:25:49] [TASK_5] [INFO] ============================================================
[2026-07-04 21:25:49] [TASK_5] [INFO] Input: data/prices/all_vn30_prices.csv (93824 rows)
[2026-07-04 21:25:49] [TASK_5] [INFO] Input: data/news/processed/all_news_processed.csv (34979 rows)
[2026-07-04 21:25:49] [TASK_5] [INFO] ------------------------------------------------------------
[2026-07-04 21:25:49] [TASK_5] [INFO] END TASK_5 — completed in 0.0 seconds
[2026-07-04 21:25:49] [TASK_5] [INFO] ============================================================
[2026-07-04 21:25:50] [TASK_5] [INFO] ============================================================
[2026-07-04 21:25:50] [TASK_5] [INFO] START TASK_5: Data Aggregation (group by ticker × quarter)
[2026-07-04 21:25:50] [TASK_5] [INFO] Timestamp: 2026-07-04T21:25:50.473807
[2026-07-04 21:25:50] [TASK_5] [INFO] ============================================================
[2026-07-04 21:25:50] [TASK_5] [INFO] Input: data/prices/all_vn30_prices.csv (93824 rows)
[2026-07-04 21:25:50] [TASK_5] [INFO] Input: data/news/processed/all_news_processed.csv (34979 rows)
[2026-07-04 21:25:50] [TASK_5] [INFO] ------------------------------------------------------------
[2026-07-04 21:25:50] [TASK_5] [INFO] END TASK_5 — completed in 0.0 seconds
[2026-07-04 21:25:50] [TASK_5] [INFO] ============================================================
[2026-07-04 22:25:27] [TASK_5] [INFO] ============================================================
[2026-07-04 22:25:27] [TASK_5] [INFO] START TASK_5: Data Aggregation (group by ticker × quarter)
[2026-07-04 22:25:27] [TASK_5] [INFO] Timestamp: 2026-07-04T22:25:27.984899
[2026-07-04 22:25:27] [TASK_5] [INFO] ============================================================
[2026-07-04 22:25:28] [TASK_5] [INFO] Input: data/prices/all_vn30_prices.csv (93824 rows)
[2026-07-04 22:25:28] [TASK_5] [INFO] Input: data/news/processed/all_news_processed.csv (34979 rows)
[2026-07-04 22:25:28] [TASK_5] [INFO] ------------------------------------------------------------
[2026-07-04 22:25:28] [TASK_5] [INFO] END TASK_5 — completed in 0.0 seconds
[2026-07-04 22:25:28] [TASK_5] [INFO] ============================================================
[2026-07-04 22:25:28] [TASK_5] [INFO] ============================================================
[2026-07-04 22:25:28] [TASK_5] [INFO] START TASK_5: Data Aggregation (group by ticker × quarter)
[2026-07-04 22:25:28] [TASK_5] [INFO] Timestamp: 2026-07-04T22:25:28.831048
[2026-07-04 22:25:28] [TASK_5] [INFO] ============================================================
[2026-07-04 22:25:28] [TASK_5] [INFO] Input: data/prices/all_vn30_prices.csv (93824 rows)
[2026-07-04 22:25:29] [TASK_5] [INFO] Input: data/news/processed/all_news_processed.csv (34979 rows)
[2026-07-04 22:25:29] [TASK_5] [INFO] ------------------------------------------------------------
[2026-07-04 22:25:29] [TASK_5] [INFO] END TASK_5 — completed in 0.0 seconds
[2026-07-04 22:25:29] [TASK_5] [INFO] ============================================================
