[2026-06-27 22:31:45] [TASK_4] [INFO] ============================================================
[2026-06-27 22:31:45] [TASK_4] [INFO] START TASK_4: Text Preprocessing (clean, tokenize, deduplicate)
[2026-06-27 22:31:45] [TASK_4] [INFO] Timestamp: 2026-06-27T22:31:45.791138
[2026-06-27 22:31:45] [TASK_4] [INFO] ============================================================
[2026-06-27 22:31:45] [TASK_4] [INFO] ------------------------------------------------------------
[2026-06-27 22:31:45] [TASK_4] [INFO] END TASK_4 — completed in 0.0 seconds
[2026-06-27 22:31:45] [TASK_4] [INFO] ============================================================
[2026-06-27 22:31:45] [TASK_4] [INFO] ============================================================
[2026-06-27 22:31:45] [TASK_4] [INFO] START TASK_4: Text Preprocessing (clean, tokenize, deduplicate)
[2026-06-27 22:31:45] [TASK_4] [INFO] Timestamp: 2026-06-27T22:31:45.822242
[2026-06-27 22:31:45] [TASK_4] [INFO] ============================================================
[2026-06-27 22:31:45] [TASK_4] [INFO] ------------------------------------------------------------
[2026-06-27 22:31:45] [TASK_4] [INFO] END TASK_4 — completed in 0.0 seconds
[2026-06-27 22:31:45] [TASK_4] [INFO] ============================================================
[2026-06-27 22:32:14] [TASK_4] [INFO] ============================================================
[2026-06-27 22:32:14] [TASK_4] [INFO] START TASK_4: Text Preprocessing (clean, tokenize, deduplicate)
[2026-06-27 22:32:14] [TASK_4] [INFO] Timestamp: 2026-06-27T22:32:14.046833
[2026-06-27 22:32:14] [TASK_4] [INFO] ============================================================
[2026-06-27 22:32:14] [TASK_4] [INFO] ------------------------------------------------------------
[2026-06-27 22:32:14] [TASK_4] [INFO] END TASK_4 — completed in 0.0 seconds
[2026-06-27 22:32:14] [TASK_4] [INFO] ============================================================
[2026-06-27 22:32:14] [TASK_4] [INFO] ============================================================
[2026-06-27 22:32:14] [TASK_4] [INFO] START TASK_4: Text Preprocessing (clean, tokenize, deduplicate)
[2026-06-27 22:32:14] [TASK_4] [INFO] Timestamp: 2026-06-27T22:32:14.074416
[2026-06-27 22:32:14] [TASK_4] [INFO] ============================================================
[2026-06-27 22:32:14] [TASK_4] [INFO] ------------------------------------------------------------
[2026-06-27 22:32:14] [TASK_4] [INFO] END TASK_4 — completed in 0.0 seconds
[2026-06-27 22:32:14] [TASK_4] [INFO] ============================================================
[2026-06-27 23:05:46] [TASK_4] [INFO] ============================================================
[2026-06-27 23:05:46] [TASK_4] [INFO] START TASK_4: Text Preprocessing (clean, tokenize, deduplicate)
[2026-06-27 23:05:46] [TASK_4] [INFO] Timestamp: 2026-06-27T23:05:46.193105
[2026-06-27 23:05:46] [TASK_4] [INFO] ============================================================
[2026-06-27 23:05:46] [TASK_4] [INFO] ------------------------------------------------------------
[2026-06-27 23:05:46] [TASK_4] [INFO] END TASK_4 — completed in 0.0 seconds
[2026-06-27 23:05:46] [TASK_4] [INFO] ============================================================
[2026-06-27 23:05:46] [TASK_4] [INFO] ============================================================
[2026-06-27 23:05:46] [TASK_4] [INFO] START TASK_4: Text Preprocessing (clean, tokenize, deduplicate)
[2026-06-27 23:05:46] [TASK_4] [INFO] Timestamp: 2026-06-27T23:05:46.228011
[2026-06-27 23:05:46] [TASK_4] [INFO] ============================================================
[2026-06-27 23:05:46] [TASK_4] [INFO] ------------------------------------------------------------
[2026-06-27 23:05:46] [TASK_4] [INFO] END TASK_4 — completed in 0.0 seconds
[2026-06-27 23:05:46] [TASK_4] [INFO] ============================================================
[2026-06-27 23:06:10] [TASK_4] [INFO] ============================================================
[2026-06-27 23:06:10] [TASK_4] [INFO] START TASK_4: Text Preprocessing (clean, tokenize, deduplicate)
[2026-06-27 23:06:10] [TASK_4] [INFO] Timestamp: 2026-06-27T23:06:10.405619
[2026-06-27 23:06:10] [TASK_4] [INFO] ============================================================
[2026-06-27 23:06:10] [TASK_4] [INFO] ------------------------------------------------------------
[2026-06-27 23:06:10] [TASK_4] [INFO] END TASK_4 — completed in 0.0 seconds
[2026-06-27 23:06:10] [TASK_4] [INFO] ============================================================
[2026-06-27 23:06:10] [TASK_4] [INFO] ============================================================
[2026-06-27 23:06:10] [TASK_4] [INFO] START TASK_4: Text Preprocessing (clean, tokenize, deduplicate)
[2026-06-27 23:06:10] [TASK_4] [INFO] Timestamp: 2026-06-27T23:06:10.433723
[2026-06-27 23:06:10] [TASK_4] [INFO] ============================================================
[2026-06-27 23:06:10] [TASK_4] [INFO] ------------------------------------------------------------
[2026-06-27 23:06:10] [TASK_4] [INFO] END TASK_4 — completed in 0.0 seconds
[2026-06-27 23:06:10] [TASK_4] [INFO] ============================================================
[2026-06-27 23:14:00] [TASK_4] [INFO] ============================================================
[2026-06-27 23:14:00] [TASK_4] [INFO] START TASK_4: Text Preprocessing (clean, tokenize, deduplicate)
[2026-06-27 23:14:00] [TASK_4] [INFO] Timestamp: 2026-06-27T23:14:00.333056
[2026-06-27 23:14:00] [TASK_4] [INFO] ============================================================
[2026-06-27 23:14:00] [TASK_4] [INFO] Input: data/news/matched/all_news_matched.csv (0 rows)
[2026-06-27 23:14:00] [TASK_4] [INFO] Starting Text Preprocessing (TASK 4)...
[2026-06-27 23:14:00] [TASK_4] [INFO] Loaded 0 articles from data/news/matched/all_news_matched.csv.
[2026-06-27 23:14:00] [TASK_4] [WARNING] No articles to preprocess. Saving empty output.
[2026-06-27 23:14:00] [TASK_4] [INFO] ------------------------------------------------------------
[2026-06-27 23:14:00] [TASK_4] [INFO] END TASK_4 — completed in 0.0 seconds
[2026-06-27 23:14:00] [TASK_4] [INFO] Output: data/news/processed/all_news_processed.csv (0 rows)
[2026-06-27 23:14:00] [TASK_4] [INFO] ============================================================
[2026-06-27 23:26:27] [TASK_4] [INFO] ============================================================
[2026-06-27 23:26:27] [TASK_4] [INFO] START TASK_4: Text Preprocessing (clean, tokenize, deduplicate)
[2026-06-27 23:26:27] [TASK_4] [INFO] Timestamp: 2026-06-27T23:26:27.596043
[2026-06-27 23:26:27] [TASK_4] [INFO] ============================================================
[2026-06-27 23:26:27] [TASK_4] [INFO] Input: data/news/matched/all_news_matched.csv (0 rows)
[2026-06-27 23:26:28] [TASK_4] [INFO] Starting Text Preprocessing (TASK 4)...
[2026-06-27 23:26:28] [TASK_4] [INFO] Loaded 0 articles from data/news/matched/all_news_matched.csv.
[2026-06-27 23:26:28] [TASK_4] [WARNING] No articles to preprocess. Saving empty output with full schema.
[2026-06-27 23:26:28] [TASK_4] [INFO] ------------------------------------------------------------
[2026-06-27 23:26:28] [TASK_4] [INFO] END TASK_4 — completed in 0.9 seconds
[2026-06-27 23:26:28] [TASK_4] [INFO] Output: data/news/processed/all_news_processed.csv (0 rows)
[2026-06-27 23:26:28] [TASK_4] [INFO] ============================================================
[2026-06-27 23:32:36] [TASK_4] [INFO] ============================================================
[2026-06-27 23:32:36] [TASK_4] [INFO] START TASK_4: Text Preprocessing (clean, tokenize, deduplicate)
[2026-06-27 23:32:36] [TASK_4] [INFO] Timestamp: 2026-06-27T23:32:36.411232
[2026-06-27 23:32:36] [TASK_4] [INFO] ============================================================
[2026-06-27 23:32:36] [TASK_4] [INFO] Input: data/news/matched/all_news_matched.csv (0 rows)
[2026-06-27 23:32:36] [TASK_4] [INFO] Starting Text Preprocessing (TASK 4)...
[2026-06-27 23:32:36] [TASK_4] [INFO] Loaded 0 articles from data/news/matched/all_news_matched.csv.
[2026-06-27 23:32:36] [TASK_4] [WARNING] No articles to preprocess. Saving empty output with full schema.
[2026-06-27 23:32:36] [TASK_4] [INFO] ------------------------------------------------------------
[2026-06-27 23:32:36] [TASK_4] [INFO] END TASK_4 — completed in 0.0 seconds
[2026-06-27 23:32:36] [TASK_4] [INFO] Output: data/news/processed/all_news_processed.csv (0 rows)
[2026-06-27 23:32:36] [TASK_4] [INFO] ============================================================
[2026-06-27 23:39:41] [TASK_4] [INFO] ============================================================
[2026-06-27 23:39:41] [TASK_4] [INFO] START TASK_4: Text Preprocessing (clean, tokenize, deduplicate)
[2026-06-27 23:39:41] [TASK_4] [INFO] Timestamp: 2026-06-27T23:39:41.517293
[2026-06-27 23:39:41] [TASK_4] [INFO] ============================================================
[2026-06-27 23:39:41] [TASK_4] [INFO] Input: data/news/matched/all_news_matched.csv (0 rows)
[2026-06-27 23:39:42] [TASK_4] [INFO] Starting Text Preprocessing (TASK 4)...
[2026-06-27 23:39:42] [TASK_4] [INFO] Loaded 0 articles from data/news/matched/all_news_matched.csv.
[2026-06-27 23:39:42] [TASK_4] [WARNING] No articles to preprocess. Saving empty output with full schema.
[2026-06-27 23:39:42] [TASK_4] [INFO] ------------------------------------------------------------
[2026-06-27 23:39:42] [TASK_4] [INFO] END TASK_4 — completed in 0.7 seconds
[2026-06-27 23:39:42] [TASK_4] [INFO] Output: data/news/processed/all_news_processed.csv (0 rows)
[2026-06-27 23:39:42] [TASK_4] [INFO] ============================================================
[2026-06-27 23:44:07] [TASK_4] [INFO] ============================================================
[2026-06-27 23:44:07] [TASK_4] [INFO] START TASK_4: Text Preprocessing (clean, tokenize, deduplicate)
[2026-06-27 23:44:07] [TASK_4] [INFO] Timestamp: 2026-06-27T23:44:07.623979
[2026-06-27 23:44:07] [TASK_4] [INFO] ============================================================
[2026-06-27 23:44:07] [TASK_4] [INFO] Input: data/news/matched/all_news_matched.csv (0 rows)
[2026-06-27 23:44:07] [TASK_4] [INFO] ------------------------------------------------------------
[2026-06-27 23:44:07] [TASK_4] [INFO] END TASK_4 — completed in 0.0 seconds
[2026-06-27 23:44:07] [TASK_4] [INFO] ============================================================
[2026-06-27 23:44:07] [TASK_4] [INFO] ============================================================
[2026-06-27 23:44:07] [TASK_4] [INFO] START TASK_4: Text Preprocessing (clean, tokenize, deduplicate)
[2026-06-27 23:44:07] [TASK_4] [INFO] Timestamp: 2026-06-27T23:44:07.667135
[2026-06-27 23:44:07] [TASK_4] [INFO] ============================================================
[2026-06-27 23:44:07] [TASK_4] [INFO] Input: data/news/matched/all_news_matched.csv (0 rows)
[2026-06-27 23:44:07] [TASK_4] [INFO] ------------------------------------------------------------
[2026-06-27 23:44:07] [TASK_4] [INFO] END TASK_4 — completed in 0.0 seconds
[2026-06-27 23:44:07] [TASK_4] [INFO] ============================================================
