[2026-07-02 10:06:32] [TASK_4] [INFO] ============================================================
[2026-07-02 10:06:32] [TASK_4] [INFO] START TASK_4: Text Preprocessing (clean, tokenize, deduplicate)
[2026-07-02 10:06:32] [TASK_4] [INFO] Timestamp: 2026-07-02T10:06:32.015311
[2026-07-02 10:06:32] [TASK_4] [INFO] ============================================================
[2026-07-02 10:06:32] [TASK_4] [INFO] Input: data/news/matched/all_news_matched.csv (52807 rows)
[2026-07-02 10:06:32] [TASK_4] [INFO] ------------------------------------------------------------
[2026-07-02 10:06:32] [TASK_4] [INFO] END TASK_4 — completed in 0.0 seconds
[2026-07-02 10:06:32] [TASK_4] [INFO] ============================================================
[2026-07-02 10:06:32] [TASK_4] [INFO] ============================================================
[2026-07-02 10:06:32] [TASK_4] [INFO] START TASK_4: Text Preprocessing (clean, tokenize, deduplicate)
[2026-07-02 10:06:32] [TASK_4] [INFO] Timestamp: 2026-07-02T10:06:32.757832
[2026-07-02 10:06:32] [TASK_4] [INFO] ============================================================
[2026-07-02 10:06:32] [TASK_4] [INFO] Input: data/news/matched/all_news_matched.csv (52807 rows)
[2026-07-02 10:06:32] [TASK_4] [INFO] ------------------------------------------------------------
[2026-07-02 10:06:32] [TASK_4] [INFO] END TASK_4 — completed in 0.0 seconds
[2026-07-02 10:06:32] [TASK_4] [INFO] ============================================================
[2026-07-02 10:07:49] [TASK_4] [INFO] ============================================================
[2026-07-02 10:07:49] [TASK_4] [INFO] START TASK_4: Text Preprocessing (clean, tokenize, deduplicate)
[2026-07-02 10:07:49] [TASK_4] [INFO] Timestamp: 2026-07-02T10:07:49.091724
[2026-07-02 10:07:49] [TASK_4] [INFO] ============================================================
[2026-07-02 10:07:49] [TASK_4] [INFO] Input: data/news/matched/all_news_matched.csv (52807 rows)
[2026-07-02 10:07:49] [TASK_4] [INFO] ------------------------------------------------------------
[2026-07-02 10:07:49] [TASK_4] [INFO] END TASK_4 — completed in 0.0 seconds
[2026-07-02 10:07:49] [TASK_4] [INFO] ============================================================
[2026-07-02 10:07:49] [TASK_4] [INFO] ============================================================
[2026-07-02 10:07:49] [TASK_4] [INFO] START TASK_4: Text Preprocessing (clean, tokenize, deduplicate)
[2026-07-02 10:07:49] [TASK_4] [INFO] Timestamp: 2026-07-02T10:07:49.758512
[2026-07-02 10:07:49] [TASK_4] [INFO] ============================================================
[2026-07-02 10:07:49] [TASK_4] [INFO] Input: data/news/matched/all_news_matched.csv (52807 rows)
[2026-07-02 10:07:49] [TASK_4] [INFO] ------------------------------------------------------------
[2026-07-02 10:07:49] [TASK_4] [INFO] END TASK_4 — completed in 0.0 seconds
[2026-07-02 10:07:49] [TASK_4] [INFO] ============================================================
[2026-07-02 17:47:37] [TASK_4] [INFO] ============================================================
[2026-07-02 17:47:37] [TASK_4] [INFO] START TASK_4: Text Preprocessing (clean, tokenize, deduplicate)
[2026-07-02 17:47:37] [TASK_4] [INFO] Timestamp: 2026-07-02T17:47:37.265250
[2026-07-02 17:47:37] [TASK_4] [INFO] ============================================================
[2026-07-02 17:47:37] [TASK_4] [INFO] Input: data/news/matched/all_news_matched.csv (52807 rows)
[2026-07-02 17:47:37] [TASK_4] [INFO] ------------------------------------------------------------
[2026-07-02 17:47:37] [TASK_4] [INFO] END TASK_4 — completed in 0.0 seconds
[2026-07-02 17:47:37] [TASK_4] [INFO] ============================================================
[2026-07-02 17:47:37] [TASK_4] [INFO] ============================================================
[2026-07-02 17:47:37] [TASK_4] [INFO] START TASK_4: Text Preprocessing (clean, tokenize, deduplicate)
[2026-07-02 17:47:37] [TASK_4] [INFO] Timestamp: 2026-07-02T17:47:37.946321
[2026-07-02 17:47:37] [TASK_4] [INFO] ============================================================
[2026-07-02 17:47:38] [TASK_4] [INFO] Input: data/news/matched/all_news_matched.csv (52807 rows)
[2026-07-02 17:47:38] [TASK_4] [INFO] ------------------------------------------------------------
[2026-07-02 17:47:38] [TASK_4] [INFO] END TASK_4 — completed in 0.0 seconds
[2026-07-02 17:47:38] [TASK_4] [INFO] ============================================================
[2026-07-02 17:50:25] [TASK_4] [INFO] ============================================================
[2026-07-02 17:50:25] [TASK_4] [INFO] START TASK_4: Text Preprocessing (clean, tokenize, deduplicate)
[2026-07-02 17:50:25] [TASK_4] [INFO] Timestamp: 2026-07-02T17:50:25.164184
[2026-07-02 17:50:25] [TASK_4] [INFO] ============================================================
[2026-07-02 17:50:25] [TASK_4] [INFO] Input: data/news/matched/all_news_matched.csv (52807 rows)
[2026-07-02 17:50:25] [TASK_4] [INFO] ------------------------------------------------------------
[2026-07-02 17:50:25] [TASK_4] [INFO] END TASK_4 — completed in 0.0 seconds
[2026-07-02 17:50:25] [TASK_4] [INFO] ============================================================
[2026-07-02 17:50:25] [TASK_4] [INFO] ============================================================
[2026-07-02 17:50:25] [TASK_4] [INFO] START TASK_4: Text Preprocessing (clean, tokenize, deduplicate)
[2026-07-02 17:50:25] [TASK_4] [INFO] Timestamp: 2026-07-02T17:50:25.832877
[2026-07-02 17:50:25] [TASK_4] [INFO] ============================================================
[2026-07-02 17:50:25] [TASK_4] [INFO] Input: data/news/matched/all_news_matched.csv (52807 rows)
[2026-07-02 17:50:25] [TASK_4] [INFO] ------------------------------------------------------------
[2026-07-02 17:50:25] [TASK_4] [INFO] END TASK_4 — completed in 0.0 seconds
[2026-07-02 17:50:25] [TASK_4] [INFO] ============================================================
