[2026-07-07 06:28:19] [TASK_4] [INFO] ============================================================
[2026-07-07 06:28:19] [TASK_4] [INFO] START TASK_4: Text Preprocessing (clean, tokenize, deduplicate)
[2026-07-07 06:28:19] [TASK_4] [INFO] Timestamp: 2026-07-07T06:28:19.889243
[2026-07-07 06:28:19] [TASK_4] [INFO] ============================================================
[2026-07-07 06:28:23] [TASK_4] [INFO] Input: data/news/enriched/all_news_enriched.csv (52812 rows)
[2026-07-07 06:28:23] [TASK_4] [INFO] Input: data/news/matched/all_news_matched.csv (52807 rows)
[2026-07-07 06:28:23] [TASK_4] [INFO] ------------------------------------------------------------
[2026-07-07 06:28:23] [TASK_4] [INFO] END TASK_4 — completed in 0.0 seconds
[2026-07-07 06:28:23] [TASK_4] [INFO] ============================================================
[2026-07-07 06:28:41] [TASK_4] [INFO] ============================================================
[2026-07-07 06:28:41] [TASK_4] [INFO] START TASK_4: Text Preprocessing (clean, tokenize, deduplicate)
[2026-07-07 06:28:41] [TASK_4] [INFO] Timestamp: 2026-07-07T06:28:41.207995
[2026-07-07 06:28:41] [TASK_4] [INFO] ============================================================
[2026-07-07 06:28:44] [TASK_4] [INFO] Input: data/news/enriched/all_news_enriched.csv (52812 rows)
[2026-07-07 06:28:44] [TASK_4] [INFO] Input: data/news/matched/all_news_matched.csv (52807 rows)
[2026-07-07 06:28:44] [TASK_4] [INFO] ------------------------------------------------------------
[2026-07-07 06:28:44] [TASK_4] [INFO] END TASK_4 — completed in 0.0 seconds
[2026-07-07 06:28:44] [TASK_4] [INFO] ============================================================
[2026-07-07 06:35:41] [TASK_4] [INFO] ============================================================
[2026-07-07 06:35:41] [TASK_4] [INFO] START TASK_4: Text Preprocessing (clean, tokenize, deduplicate)
[2026-07-07 06:35:41] [TASK_4] [INFO] Timestamp: 2026-07-07T06:35:41.144998
[2026-07-07 06:35:41] [TASK_4] [INFO] ============================================================
[2026-07-07 06:35:44] [TASK_4] [INFO] Input: data/news/enriched/all_news_enriched.csv (52812 rows)
[2026-07-07 06:35:44] [TASK_4] [INFO] Input: data/news/matched/all_news_matched.csv (52807 rows)
[2026-07-07 06:35:44] [TASK_4] [INFO] ------------------------------------------------------------
[2026-07-07 06:35:44] [TASK_4] [INFO] END TASK_4 — completed in 0.0 seconds
[2026-07-07 06:35:44] [TASK_4] [INFO] ============================================================
[2026-07-07 06:35:58] [TASK_4] [INFO] ============================================================
[2026-07-07 06:35:58] [TASK_4] [INFO] START TASK_4: Text Preprocessing (clean, tokenize, deduplicate)
[2026-07-07 06:35:58] [TASK_4] [INFO] Timestamp: 2026-07-07T06:35:58.058285
[2026-07-07 06:35:58] [TASK_4] [INFO] ============================================================
[2026-07-07 06:36:01] [TASK_4] [INFO] Input: data/news/enriched/all_news_enriched.csv (52812 rows)
[2026-07-07 06:36:01] [TASK_4] [INFO] Input: data/news/matched/all_news_matched.csv (52807 rows)
[2026-07-07 06:36:01] [TASK_4] [INFO] ------------------------------------------------------------
[2026-07-07 06:36:01] [TASK_4] [INFO] END TASK_4 — completed in 0.0 seconds
[2026-07-07 06:36:01] [TASK_4] [INFO] ============================================================
