[2026-07-08 21:53:24] [TASK_2B] [INFO] ============================================================
[2026-07-08 21:53:24] [TASK_2B] [INFO] START TASK_2B: Article Full-Text Enrichment (detail pages → summaries/key facts)
[2026-07-08 21:53:24] [TASK_2B] [INFO] Timestamp: 2026-07-08T21:53:24.321290
[2026-07-08 21:53:24] [TASK_2B] [INFO] ============================================================
[2026-07-08 21:53:24] [TASK_2B] [INFO] Input: data/news/matched/all_news_matched.csv (52807 rows)
[2026-07-08 21:53:24] [TASK_2B] [INFO] ------------------------------------------------------------
[2026-07-08 21:53:24] [TASK_2B] [INFO] END TASK_2B — completed in 0.0 seconds
[2026-07-08 21:53:24] [TASK_2B] [INFO] ============================================================
[2026-07-08 21:53:42] [TASK_2B] [INFO] ============================================================
[2026-07-08 21:53:42] [TASK_2B] [INFO] START TASK_2B: Article Full-Text Enrichment (detail pages → summaries/key facts)
[2026-07-08 21:53:42] [TASK_2B] [INFO] Timestamp: 2026-07-08T21:53:42.396410
[2026-07-08 21:53:42] [TASK_2B] [INFO] ============================================================
[2026-07-08 21:53:42] [TASK_2B] [INFO] Input: data/news/matched/all_news_matched.csv (52807 rows)
[2026-07-08 21:53:42] [TASK_2B] [INFO] ------------------------------------------------------------
[2026-07-08 21:53:42] [TASK_2B] [INFO] END TASK_2B — completed in 0.0 seconds
[2026-07-08 21:53:42] [TASK_2B] [INFO] ============================================================
[2026-07-08 21:53:59] [TASK_2B] [INFO] ============================================================
[2026-07-08 21:53:59] [TASK_2B] [INFO] START TASK_2B: Article Full-Text Enrichment (detail pages → summaries/key facts)
[2026-07-08 21:53:59] [TASK_2B] [INFO] Timestamp: 2026-07-08T21:53:59.682108
[2026-07-08 21:53:59] [TASK_2B] [INFO] ============================================================
[2026-07-08 21:53:59] [TASK_2B] [INFO] Input: data/news/matched/all_news_matched.csv (52807 rows)
[2026-07-08 21:53:59] [TASK_2B] [INFO] ------------------------------------------------------------
[2026-07-08 21:53:59] [TASK_2B] [INFO] END TASK_2B — completed in 0.0 seconds
[2026-07-08 21:53:59] [TASK_2B] [INFO] ============================================================
[2026-07-08 21:56:17] [TASK_2B] [INFO] ============================================================
[2026-07-08 21:56:17] [TASK_2B] [INFO] START TASK_2B: Article Full-Text Enrichment (detail pages → summaries/key facts)
[2026-07-08 21:56:17] [TASK_2B] [INFO] Timestamp: 2026-07-08T21:56:17.676978
[2026-07-08 21:56:17] [TASK_2B] [INFO] ============================================================
[2026-07-08 21:56:17] [TASK_2B] [INFO] Input: data/news/matched/all_news_matched.csv (52807 rows)
[2026-07-08 21:56:17] [TASK_2B] [INFO] ------------------------------------------------------------
[2026-07-08 21:56:17] [TASK_2B] [INFO] END TASK_2B — completed in 0.0 seconds
[2026-07-08 21:56:17] [TASK_2B] [INFO] ============================================================
[2026-07-08 21:56:34] [TASK_2B] [INFO] ============================================================
[2026-07-08 21:56:34] [TASK_2B] [INFO] START TASK_2B: Article Full-Text Enrichment (detail pages → summaries/key facts)
[2026-07-08 21:56:34] [TASK_2B] [INFO] Timestamp: 2026-07-08T21:56:34.941908
[2026-07-08 21:56:34] [TASK_2B] [INFO] ============================================================
[2026-07-08 21:56:35] [TASK_2B] [INFO] Input: data/news/matched/all_news_matched.csv (52807 rows)
[2026-07-08 21:56:35] [TASK_2B] [INFO] ------------------------------------------------------------
[2026-07-08 21:56:35] [TASK_2B] [INFO] END TASK_2B — completed in 0.0 seconds
[2026-07-08 21:56:35] [TASK_2B] [INFO] ============================================================
[2026-07-08 21:56:52] [TASK_2B] [INFO] ============================================================
[2026-07-08 21:56:52] [TASK_2B] [INFO] START TASK_2B: Article Full-Text Enrichment (detail pages → summaries/key facts)
[2026-07-08 21:56:52] [TASK_2B] [INFO] Timestamp: 2026-07-08T21:56:52.600803
[2026-07-08 21:56:52] [TASK_2B] [INFO] ============================================================
[2026-07-08 21:56:52] [TASK_2B] [INFO] Input: data/news/matched/all_news_matched.csv (52807 rows)
[2026-07-08 21:56:52] [TASK_2B] [INFO] ------------------------------------------------------------
[2026-07-08 21:56:52] [TASK_2B] [INFO] END TASK_2B — completed in 0.0 seconds
[2026-07-08 21:56:52] [TASK_2B] [INFO] ============================================================
[2026-07-08 21:58:46] [TASK_2B] [INFO] ============================================================
[2026-07-08 21:58:46] [TASK_2B] [INFO] START TASK_2B: Article Full-Text Enrichment (detail pages → summaries/key facts)
[2026-07-08 21:58:46] [TASK_2B] [INFO] Timestamp: 2026-07-08T21:58:46.839567
[2026-07-08 21:58:46] [TASK_2B] [INFO] ============================================================
[2026-07-08 21:58:46] [TASK_2B] [INFO] Input: data/news/matched/all_news_matched.csv (52807 rows)
[2026-07-08 21:58:46] [TASK_2B] [INFO] ------------------------------------------------------------
[2026-07-08 21:58:46] [TASK_2B] [INFO] END TASK_2B — completed in 0.0 seconds
[2026-07-08 21:58:46] [TASK_2B] [INFO] ============================================================
[2026-07-08 21:59:07] [TASK_2B] [INFO] ============================================================
[2026-07-08 21:59:07] [TASK_2B] [INFO] START TASK_2B: Article Full-Text Enrichment (detail pages → summaries/key facts)
[2026-07-08 21:59:07] [TASK_2B] [INFO] Timestamp: 2026-07-08T21:59:07.282610
[2026-07-08 21:59:07] [TASK_2B] [INFO] ============================================================
[2026-07-08 21:59:07] [TASK_2B] [INFO] Input: data/news/matched/all_news_matched.csv (52807 rows)
[2026-07-08 21:59:07] [TASK_2B] [INFO] ------------------------------------------------------------
[2026-07-08 21:59:07] [TASK_2B] [INFO] END TASK_2B — completed in 0.0 seconds
[2026-07-08 21:59:07] [TASK_2B] [INFO] ============================================================
[2026-07-08 21:59:26] [TASK_2B] [INFO] ============================================================
[2026-07-08 21:59:26] [TASK_2B] [INFO] START TASK_2B: Article Full-Text Enrichment (detail pages → summaries/key facts)
[2026-07-08 21:59:26] [TASK_2B] [INFO] Timestamp: 2026-07-08T21:59:26.246294
[2026-07-08 21:59:26] [TASK_2B] [INFO] ============================================================
[2026-07-08 21:59:26] [TASK_2B] [INFO] Input: data/news/matched/all_news_matched.csv (52807 rows)
[2026-07-08 21:59:26] [TASK_2B] [INFO] ------------------------------------------------------------
[2026-07-08 21:59:26] [TASK_2B] [INFO] END TASK_2B — completed in 0.0 seconds
[2026-07-08 21:59:26] [TASK_2B] [INFO] ============================================================
[2026-07-08 22:02:56] [TASK_2B] [INFO] ============================================================
[2026-07-08 22:02:56] [TASK_2B] [INFO] START TASK_2B: Article Full-Text Enrichment (detail pages → summaries/key facts)
[2026-07-08 22:02:56] [TASK_2B] [INFO] Timestamp: 2026-07-08T22:02:56.810412
[2026-07-08 22:02:56] [TASK_2B] [INFO] ============================================================
[2026-07-08 22:02:56] [TASK_2B] [INFO] Input: data/news/matched/all_news_matched.csv (52807 rows)
[2026-07-08 22:02:56] [TASK_2B] [INFO] ------------------------------------------------------------
[2026-07-08 22:02:56] [TASK_2B] [INFO] END TASK_2B — completed in 0.0 seconds
[2026-07-08 22:02:56] [TASK_2B] [INFO] ============================================================
[2026-07-08 22:03:15] [TASK_2B] [INFO] ============================================================
[2026-07-08 22:03:15] [TASK_2B] [INFO] START TASK_2B: Article Full-Text Enrichment (detail pages → summaries/key facts)
[2026-07-08 22:03:15] [TASK_2B] [INFO] Timestamp: 2026-07-08T22:03:15.272056
[2026-07-08 22:03:15] [TASK_2B] [INFO] ============================================================
[2026-07-08 22:03:15] [TASK_2B] [INFO] Input: data/news/matched/all_news_matched.csv (52807 rows)
[2026-07-08 22:03:15] [TASK_2B] [INFO] ------------------------------------------------------------
[2026-07-08 22:03:15] [TASK_2B] [INFO] END TASK_2B — completed in 0.0 seconds
[2026-07-08 22:03:15] [TASK_2B] [INFO] ============================================================
[2026-07-08 22:03:33] [TASK_2B] [INFO] ============================================================
[2026-07-08 22:03:33] [TASK_2B] [INFO] START TASK_2B: Article Full-Text Enrichment (detail pages → summaries/key facts)
[2026-07-08 22:03:33] [TASK_2B] [INFO] Timestamp: 2026-07-08T22:03:33.608867
[2026-07-08 22:03:33] [TASK_2B] [INFO] ============================================================
[2026-07-08 22:03:33] [TASK_2B] [INFO] Input: data/news/matched/all_news_matched.csv (52807 rows)
[2026-07-08 22:03:33] [TASK_2B] [INFO] ------------------------------------------------------------
[2026-07-08 22:03:33] [TASK_2B] [INFO] END TASK_2B — completed in 0.0 seconds
[2026-07-08 22:03:33] [TASK_2B] [INFO] ============================================================
